
======================================================================
  KAN ablation, LAMBDA_REG = 0, seed base 45
  -> models_part1_kan_noreg_seed45
======================================================================
  device: NVIDIA GeForce RTX 4090

  building dataset ...
  corpus: D:\Bs8414_05052026\Part1\_completed
  184 usable, 2 rejected
    - BS8414_DCLG_Test1_adv_debug: excluded: debug case; Core_MATERIAL HEAT_OF_REACTION=1500 vs 2300 in every other DCLG_Test1_adv deck, so it is a different system under the same name
    - BS8414_DCLG_Test7: excluded: declares insulation system PF like 33 other decks, but its Phenolic_Foam MATL is inert - HEAT_OF_REACTION absent (0 kJ/kg) with REFERENCE_TEMPERATURE=429 degC - where every other PF deck decomposes at HEAT_OF_REACTION=400 with no explicit reference temperature (cp 1.2 vs 1.5, k 0.020 vs 0.022, rho 32 vs 39). Same defect class as the debug case above: a different system under the same name. Found 2026-08-19 by explain_part1.check_group_determinism, which verifies that an insulation id fixes its material block; this was the only violation in 185 cases
  params (184, 16)  tc (184, 181, 16)  hrr (184, 181, 5)
  partial: BS8414_HPL_WC_noair_nogap (180/181 steps, padded+masked)

  split mode: hash
    train  141 sims  40 systems  8/8 geometries
    valid   20 sims  16 systems  8/8 geometries
    test    23 sims  20 systems  8/8 geometries

  target: 16 thermocouples (External_LV1 x8 + External_LV2 x8)
          5 HRR channels (HRR, Q_RADI, Q_CONV, Q_COND, Q_TOTAL)
  model:  KAN-Attention-LSTM (Part1)
  loss:   tc + 0.3 * hrr  (no weight penalty)
  physics constraints: off

  === member 1/3 (seed 45) ===
    [sentinel] weights moved after epoch 0: |dW| = 3.3241e+00
    epoch    0  train 1.90782 (tc 1.48026 hrr 1.42521)  valid 1.57220 (tc 1.26107 hrr 1.03711)  lr 1.00e-03  *
    epoch    1  train 1.35088 (tc 1.11899 hrr 0.77296)  valid 1.40890 (tc 1.19888 hrr 0.70005)  lr 1.00e-03  *
    epoch    2  train 1.20672 (tc 1.02927 hrr 0.59150)  valid 1.31511 (tc 1.12460 hrr 0.63503)  lr 1.00e-03  *
    epoch    3  train 1.13430 (tc 0.97059 hrr 0.54571)  valid 1.26269 (tc 1.07736 hrr 0.61776)  lr 1.00e-03  *
    epoch    4  train 1.09031 (tc 0.93358 hrr 0.52246)  valid 1.23373 (tc 1.05251 hrr 0.60408)  lr 1.00e-03  *
    epoch    6  train 1.04640 (tc 0.89465 hrr 0.50582)  valid 1.19932 (tc 1.02191 hrr 0.59137)  lr 1.00e-03  *
    epoch    7  train 1.01885 (tc 0.87116 hrr 0.49230)  valid 1.19496 (tc 1.01881 hrr 0.58717)  lr 1.00e-03  *
    epoch    8  train 0.99786 (tc 0.85303 hrr 0.48276)  valid 1.15434 (tc 0.98210 hrr 0.57413)  lr 1.00e-03  *
    epoch    9  train 0.97252 (tc 0.83007 hrr 0.47483)  valid 1.12951 (tc 0.96006 hrr 0.56481)  lr 1.00e-03  *
    epoch   10  train 0.94872 (tc 0.80889 hrr 0.46612)  valid 1.10056 (tc 0.93433 hrr 0.55409)  lr 1.00e-03  *
    epoch   12  train 0.90681 (tc 0.76886 hrr 0.45982)  valid 1.07378 (tc 0.90833 hrr 0.55153)  lr 1.00e-03  *
    epoch   13  train 0.88852 (tc 0.75267 hrr 0.45281)  valid 1.04465 (tc 0.88287 hrr 0.53927)  lr 1.00e-03  *
    epoch   14  train 0.87381 (tc 0.73899 hrr 0.44942)  valid 1.03696 (tc 0.87562 hrr 0.53777)  lr 1.00e-03  *
    epoch   16  train 0.85818 (tc 0.72364 hrr 0.44847)  valid 1.02595 (tc 0.86503 hrr 0.53639)  lr 1.00e-03  *
    epoch   18  train 0.82841 (tc 0.69804 hrr 0.43455)  valid 1.00499 (tc 0.84839 hrr 0.52201)  lr 1.00e-03  *
    epoch   19  train 0.81391 (tc 0.68601 hrr 0.42636)  valid 0.99284 (tc 0.83787 hrr 0.51657)  lr 1.00e-03  *
    epoch   20  train 0.80591 (tc 0.67983 hrr 0.42026)  valid 0.98177 (tc 0.83011 hrr 0.50554)  lr 1.00e-03  *
    epoch   21  train 0.79464 (tc 0.67012 hrr 0.41508)  valid 0.97972 (tc 0.82776 hrr 0.50655)  lr 1.00e-03  *
    epoch   22  train 0.78621 (tc 0.66254 hrr 0.41221)  valid 0.97503 (tc 0.82326 hrr 0.50588)  lr 1.00e-03  *
    epoch   23  train 0.78392 (tc 0.66072 hrr 0.41066)  valid 0.97250 (tc 0.82258 hrr 0.49973)  lr 1.00e-03  *
    epoch   24  train 0.77721 (tc 0.65540 hrr 0.40606)  valid 0.96471 (tc 0.81668 hrr 0.49343)  lr 1.00e-03  *
    epoch   25  train 0.76853 (tc 0.64797 hrr 0.40188)  valid 0.95231 (tc 0.80420 hrr 0.49371)  lr 1.00e-03  *
    epoch   27  train 0.76539 (tc 0.64459 hrr 0.40269)  valid 0.94929 (tc 0.80149 hrr 0.49269)  lr 1.00e-03  *
    epoch   28  train 0.75111 (tc 0.63229 hrr 0.39605)  valid 0.94206 (tc 0.79700 hrr 0.48356)  lr 1.00e-03  *
    epoch   29  train 0.74135 (tc 0.62455 hrr 0.38934)  valid 0.92912 (tc 0.78618 hrr 0.47645)  lr 1.00e-03  *
    epoch   30  train 0.73314 (tc 0.61731 hrr 0.38610)  valid 0.92330 (tc 0.78084 hrr 0.47486)  lr 1.00e-03  *
    epoch   32  train 0.71968 (tc 0.60556 hrr 0.38039)  valid 0.90520 (tc 0.76639 hrr 0.46269)  lr 1.00e-03  *
    epoch   33  train 0.70962 (tc 0.59712 hrr 0.37501)  valid 0.90151 (tc 0.76265 hrr 0.46289)  lr 1.00e-03  *
    epoch   35  train 0.69934 (tc 0.58878 hrr 0.36852)  valid 0.88629 (tc 0.74921 hrr 0.45693)  lr 1.00e-03  *
    epoch   36  train 0.69137 (tc 0.58125 hrr 0.36705)  valid 0.87405 (tc 0.73913 hrr 0.44973)  lr 1.00e-03  *
    epoch   37  train 0.68251 (tc 0.57330 hrr 0.36401)  valid 0.86375 (tc 0.72998 hrr 0.44589)  lr 1.00e-03  *
    epoch   38  train 0.67409 (tc 0.56613 hrr 0.35988)  valid 0.85856 (tc 0.72447 hrr 0.44695)  lr 1.00e-03  *
    epoch   39  train 0.66834 (tc 0.56060 hrr 0.35913)  valid 0.85626 (tc 0.72332 hrr 0.44313)  lr 1.00e-03  *
    epoch   40  train 0.66200 (tc 0.55509 hrr 0.35638)  valid 0.84938 (tc 0.71647 hrr 0.44305)  lr 1.00e-03  *
    epoch   41  train 0.65532 (tc 0.54851 hrr 0.35603)  valid 0.84247 (tc 0.70967 hrr 0.44264)  lr 1.00e-03  *
    epoch   43  train 0.64260 (tc 0.53670 hrr 0.35300)  valid 0.83232 (tc 0.69990 hrr 0.44140)  lr 1.00e-03  *
    epoch   45  train 0.62671 (tc 0.52232 hrr 0.34798)  valid 0.81369 (tc 0.68312 hrr 0.43522)  lr 1.00e-03  *
    epoch   47  train 0.61642 (tc 0.51199 hrr 0.34807)  valid 0.79578 (tc 0.66642 hrr 0.43120)  lr 1.00e-03  *
    epoch   49  train 0.60103 (tc 0.49838 hrr 0.34216)  valid 0.79058 (tc 0.66035 hrr 0.43412)  lr 1.00e-03  *
    epoch   50  train 0.59598 (tc 0.49327 hrr 0.34237)  valid 0.80388 (tc 0.67114 hrr 0.44246)  lr 1.00e-03
    epoch   51  train 0.59716 (tc 0.49405 hrr 0.34370)  valid 0.78294 (tc 0.65365 hrr 0.43099)  lr 1.00e-03  *
    epoch   52  train 0.58993 (tc 0.48780 hrr 0.34045)  valid 0.76701 (tc 0.64071 hrr 0.42099)  lr 1.00e-03  *
    epoch   53  train 0.58444 (tc 0.48243 hrr 0.34004)  valid 0.76279 (tc 0.63544 hrr 0.42451)  lr 1.00e-03  *
    epoch   55  train 0.57184 (tc 0.47110 hrr 0.33579)  valid 0.75677 (tc 0.63023 hrr 0.42181)  lr 1.00e-03  *
    epoch   56  train 0.56409 (tc 0.46401 hrr 0.33360)  valid 0.75133 (tc 0.62485 hrr 0.42161)  lr 1.00e-03  *
    epoch   57  train 0.55995 (tc 0.46045 hrr 0.33169)  valid 0.73324 (tc 0.60842 hrr 0.41608)  lr 1.00e-03  *
    epoch   59  train 0.54693 (tc 0.44823 hrr 0.32900)  valid 0.72561 (tc 0.60124 hrr 0.41456)  lr 1.00e-03  *
    epoch   60  train 0.53736 (tc 0.43928 hrr 0.32695)  valid 0.71720 (tc 0.59265 hrr 0.41516)  lr 1.00e-03  *
    epoch   61  train 0.52995 (tc 0.43259 hrr 0.32452)  valid 0.71038 (tc 0.58663 hrr 0.41250)  lr 1.00e-03  *
    epoch   62  train 0.52334 (tc 0.42641 hrr 0.32311)  valid 0.69881 (tc 0.57615 hrr 0.40887)  lr 1.00e-03  *
    epoch   63  train 0.51621 (tc 0.41979 hrr 0.32140)  valid 0.69490 (tc 0.57326 hrr 0.40547)  lr 1.00e-03  *
    epoch   64  train 0.51014 (tc 0.41410 hrr 0.32013)  valid 0.68984 (tc 0.56856 hrr 0.40429)  lr 1.00e-03  *
    epoch   65  train 0.50450 (tc 0.40840 hrr 0.32032)  valid 0.67665 (tc 0.55657 hrr 0.40028)  lr 1.00e-03  *
    epoch   66  train 0.49762 (tc 0.40186 hrr 0.31919)  valid 0.66676 (tc 0.54707 hrr 0.39895)  lr 1.00e-03  *
    epoch   68  train 0.48629 (tc 0.39100 hrr 0.31765)  valid 0.66147 (tc 0.54229 hrr 0.39727)  lr 1.00e-03  *
    epoch   69  train 0.47914 (tc 0.38466 hrr 0.31493)  valid 0.65481 (tc 0.53504 hrr 0.39925)  lr 1.00e-03  *
    epoch   70  train 0.47547 (tc 0.38112 hrr 0.31448)  valid 0.65081 (tc 0.53145 hrr 0.39785)  lr 1.00e-03  *
    epoch   72  train 0.47088 (tc 0.37649 hrr 0.31464)  valid 0.64435 (tc 0.52398 hrr 0.40122)  lr 1.00e-03  *
    epoch   73  train 0.46386 (tc 0.37023 hrr 0.31207)  valid 0.64299 (tc 0.52240 hrr 0.40197)  lr 1.00e-03  *
    epoch   74  train 0.45988 (tc 0.36648 hrr 0.31133)  valid 0.63186 (tc 0.51380 hrr 0.39352)  lr 1.00e-03  *
    epoch   75  train 0.45891 (tc 0.36528 hrr 0.31211)  valid 0.62403 (tc 0.50448 hrr 0.39849)  lr 1.00e-03  *
    epoch   77  train 0.45708 (tc 0.36335 hrr 0.31244)  valid 0.62252 (tc 0.50434 hrr 0.39394)  lr 1.00e-03  *
    epoch   80  train 0.44356 (tc 0.35118 hrr 0.30791)  valid 0.61755 (tc 0.49924 hrr 0.39436)  lr 1.00e-03  *
    epoch   81  train 0.43801 (tc 0.34614 hrr 0.30622)  valid 0.60810 (tc 0.49159 hrr 0.38837)  lr 1.00e-03  *
    epoch   84  train 0.43484 (tc 0.34336 hrr 0.30493)  valid 0.59277 (tc 0.47908 hrr 0.37894)  lr 1.00e-03  *
    epoch   88  train 0.42168 (tc 0.33146 hrr 0.30072)  valid 0.58640 (tc 0.47404 hrr 0.37453)  lr 1.00e-03  *
    epoch   89  train 0.41773 (tc 0.32827 hrr 0.29818)  valid 0.58373 (tc 0.47097 hrr 0.37587)  lr 1.00e-03  *
    epoch   90  train 0.41573 (tc 0.32632 hrr 0.29803)  valid 0.58160 (tc 0.46977 hrr 0.37277)  lr 1.00e-03  *
    epoch   93  train 0.40932 (tc 0.32056 hrr 0.29586)  valid 0.57761 (tc 0.46466 hrr 0.37649)  lr 1.00e-03  *
    epoch   94  train 0.40681 (tc 0.31850 hrr 0.29437)  valid 0.57669 (tc 0.46434 hrr 0.37451)  lr 1.00e-03  *
    epoch   96  train 0.40961 (tc 0.32062 hrr 0.29662)  valid 0.57206 (tc 0.45968 hrr 0.37459)  lr 1.00e-03  *
    epoch   99  train 0.40662 (tc 0.31811 hrr 0.29503)  valid 0.56062 (tc 0.45035 hrr 0.36755)  lr 1.00e-03  *
    epoch  100  train 0.40085 (tc 0.31290 hrr 0.29314)  valid 0.56574 (tc 0.45277 hrr 0.37654)  lr 1.00e-03
    epoch  102  train 0.39176 (tc 0.30505 hrr 0.28903)  valid 0.54973 (tc 0.44035 hrr 0.36459)  lr 1.00e-03  *
    epoch  107  train 0.38152 (tc 0.29620 hrr 0.28439)  valid 0.54131 (tc 0.43374 hrr 0.35857)  lr 1.00e-03  *
    epoch  110  train 0.37705 (tc 0.29253 hrr 0.28172)  valid 0.54101 (tc 0.43321 hrr 0.35935)  lr 1.00e-03  *
    epoch  114  train 0.37120 (tc 0.28766 hrr 0.27845)  valid 0.53555 (tc 0.42880 hrr 0.35584)  lr 1.00e-03  *
    epoch  115  train 0.36895 (tc 0.28568 hrr 0.27758)  valid 0.53438 (tc 0.42735 hrr 0.35675)  lr 1.00e-03  *
    epoch  117  train 0.36625 (tc 0.28339 hrr 0.27619)  valid 0.53183 (tc 0.42532 hrr 0.35502)  lr 1.00e-03  *
    epoch  120  train 0.36321 (tc 0.28098 hrr 0.27409)  valid 0.53031 (tc 0.42400 hrr 0.35436)  lr 1.00e-03  *
    epoch  124  train 0.36086 (tc 0.27923 hrr 0.27210)  valid 0.52654 (tc 0.42218 hrr 0.34789)  lr 1.00e-03  *
    epoch  130  train 0.35793 (tc 0.27668 hrr 0.27083)  valid 0.52323 (tc 0.41816 hrr 0.35020)  lr 1.00e-03  *
    epoch  132  train 0.35507 (tc 0.27448 hrr 0.26865)  valid 0.51253 (tc 0.40963 hrr 0.34302)  lr 1.00e-03  *
    epoch  134  train 0.35249 (tc 0.27231 hrr 0.26726)  valid 0.51178 (tc 0.40813 hrr 0.34549)  lr 1.00e-03  *
    epoch  137  train 0.34835 (tc 0.26878 hrr 0.26523)  valid 0.50912 (tc 0.40581 hrr 0.34437)  lr 1.00e-03  *
    epoch  140  train 0.34518 (tc 0.26624 hrr 0.26314)  valid 0.51086 (tc 0.40774 hrr 0.34375)  lr 1.00e-03
    epoch  141  train 0.34496 (tc 0.26606 hrr 0.26300)  valid 0.50390 (tc 0.40133 hrr 0.34191)  lr 1.00e-03  *
    epoch  144  train 0.34068 (tc 0.26253 hrr 0.26049)  valid 0.49741 (tc 0.39573 hrr 0.33894)  lr 1.00e-03  *
    epoch  150  train 0.33841 (tc 0.26106 hrr 0.25784)  valid 0.50918 (tc 0.40519 hrr 0.34664)  lr 1.00e-03
    epoch  154  train 0.33708 (tc 0.25977 hrr 0.25770)  valid 0.49687 (tc 0.39519 hrr 0.33895)  lr 1.00e-03  *
    epoch  155  train 0.33629 (tc 0.25921 hrr 0.25695)  valid 0.48929 (tc 0.38817 hrr 0.33706)  lr 1.00e-03  *
    epoch  156  train 0.33622 (tc 0.25892 hrr 0.25766)  valid 0.48906 (tc 0.38812 hrr 0.33645)  lr 1.00e-03  *
    epoch  159  train 0.33314 (tc 0.25649 hrr 0.25547)  valid 0.48202 (tc 0.38395 hrr 0.32691)  lr 1.00e-03  *
    epoch  160  train 0.33360 (tc 0.25714 hrr 0.25487)  valid 0.49233 (tc 0.39201 hrr 0.33440)  lr 1.00e-03
    epoch  162  train 0.33068 (tc 0.25457 hrr 0.25370)  valid 0.47992 (tc 0.38130 hrr 0.32874)  lr 1.00e-03  *
    epoch  163  train 0.33053 (tc 0.25432 hrr 0.25405)  valid 0.47846 (tc 0.38086 hrr 0.32536)  lr 1.00e-03  *
    epoch  170  train 0.34261 (tc 0.26417 hrr 0.26149)  valid 0.50403 (tc 0.40142 hrr 0.34202)  lr 1.00e-03
    epoch  173  train 0.33175 (tc 0.25532 hrr 0.25479)  valid 0.47830 (tc 0.38014 hrr 0.32722)  lr 1.00e-03  *
    epoch  180  train 0.33183 (tc 0.25568 hrr 0.25383)  valid 0.47784 (tc 0.38040 hrr 0.32480)  lr 1.00e-03  *
    epoch  184  train 0.32243 (tc 0.24772 hrr 0.24902)  valid 0.46962 (tc 0.37270 hrr 0.32305)  lr 1.00e-03  *
    epoch  190  train 0.32281 (tc 0.24797 hrr 0.24949)  valid 0.47897 (tc 0.38050 hrr 0.32826)  lr 1.00e-03
    epoch  193  train 0.31831 (tc 0.24434 hrr 0.24655)  valid 0.46727 (tc 0.37096 hrr 0.32103)  lr 1.00e-03  *
    epoch  194  train 0.31601 (tc 0.24230 hrr 0.24570)  valid 0.46388 (tc 0.36833 hrr 0.31850)  lr 1.00e-03  *
    epoch  200  train 0.31023 (tc 0.23744 hrr 0.24263)  valid 0.46719 (tc 0.37155 hrr 0.31880)  lr 1.00e-03
    epoch  210  train 0.32591 (tc 0.24998 hrr 0.25310)  valid 0.49172 (tc 0.39059 hrr 0.33712)  lr 5.00e-04
    epoch  218  train 0.30618 (tc 0.23395 hrr 0.24078)  valid 0.45758 (tc 0.36313 hrr 0.31482)  lr 5.00e-04  *
    epoch  220  train 0.30513 (tc 0.23310 hrr 0.24011)  valid 0.46605 (tc 0.37062 hrr 0.31811)  lr 5.00e-04
    epoch  230  train 0.30005 (tc 0.22871 hrr 0.23780)  valid 0.46933 (tc 0.37278 hrr 0.32183)  lr 5.00e-04
    epoch  239  train 0.29914 (tc 0.22808 hrr 0.23686)  valid 0.45745 (tc 0.36331 hrr 0.31381)  lr 2.50e-04  *
    epoch  240  train 0.29884 (tc 0.22781 hrr 0.23676)  valid 0.46135 (tc 0.36639 hrr 0.31653)  lr 2.50e-04
    epoch  250  train 0.29654 (tc 0.22579 hrr 0.23583)  valid 0.45981 (tc 0.36486 hrr 0.31649)  lr 2.50e-04
    epoch  260  train 0.29589 (tc 0.22524 hrr 0.23552)  valid 0.46394 (tc 0.36844 hrr 0.31832)  lr 1.25e-04
    epoch  270  train 0.29562 (tc 0.22504 hrr 0.23529)  valid 0.46608 (tc 0.37006 hrr 0.32005)  lr 1.25e-04
    epoch  280  train 0.29472 (tc 0.22429 hrr 0.23476)  valid 0.46582 (tc 0.37001 hrr 0.31937)  lr 6.25e-05
    epoch  290  train 0.29414 (tc 0.22372 hrr 0.23474)  valid 0.46158 (tc 0.36651 hrr 0.31690)  lr 3.13e-05
    early stop at epoch 299 (best 0.45745 @ 239)
    saved models_part1_kan_noreg_seed45\part1_member0.pt  (2.7 min)

  === member 2/3 (seed 46) ===
    [sentinel] weights moved after epoch 0: |dW| = 3.2925e+00
    epoch    0  train 1.85212 (tc 1.41382 hrr 1.46098)  valid 1.40360 (tc 1.19758 hrr 0.68672)  lr 1.00e-03  *
    epoch    1  train 1.22493 (tc 1.04682 hrr 0.59370)  valid 1.32140 (tc 1.13652 hrr 0.61628)  lr 1.00e-03  *
    epoch    2  train 1.14652 (tc 0.98374 hrr 0.54259)  valid 1.25876 (tc 1.07789 hrr 0.60287)  lr 1.00e-03  *
    epoch    3  train 1.07485 (tc 0.91629 hrr 0.52853)  valid 1.18876 (tc 1.00876 hrr 0.59999)  lr 1.00e-03  *
    epoch    4  train 1.03156 (tc 0.87718 hrr 0.51461)  valid 1.16575 (tc 0.98887 hrr 0.58960)  lr 1.00e-03  *
    epoch    5  train 0.98968 (tc 0.83989 hrr 0.49930)  valid 1.13244 (tc 0.95707 hrr 0.58459)  lr 1.00e-03  *
    epoch    6  train 0.95430 (tc 0.80610 hrr 0.49401)  valid 1.12218 (tc 0.94734 hrr 0.58279)  lr 1.00e-03  *
    epoch    7  train 0.93974 (tc 0.79252 hrr 0.49073)  valid 1.09136 (tc 0.91846 hrr 0.57634)  lr 1.00e-03  *
    epoch    8  train 0.91410 (tc 0.76968 hrr 0.48137)  valid 1.07334 (tc 0.90378 hrr 0.56518)  lr 1.00e-03  *
    epoch    9  train 0.89638 (tc 0.75618 hrr 0.46735)  valid 1.05538 (tc 0.88815 hrr 0.55744)  lr 1.00e-03  *
    epoch   10  train 0.88021 (tc 0.74217 hrr 0.46014)  valid 1.04964 (tc 0.88275 hrr 0.55630)  lr 1.00e-03  *
    epoch   11  train 0.87427 (tc 0.73763 hrr 0.45547)  valid 1.04490 (tc 0.88142 hrr 0.54491)  lr 1.00e-03  *
    epoch   12  train 0.86059 (tc 0.72523 hrr 0.45120)  valid 1.03223 (tc 0.86743 hrr 0.54934)  lr 1.00e-03  *
    epoch   13  train 0.84842 (tc 0.71489 hrr 0.44511)  valid 1.01770 (tc 0.85677 hrr 0.53643)  lr 1.00e-03  *
    epoch   14  train 0.83438 (tc 0.70337 hrr 0.43669)  valid 1.00531 (tc 0.84540 hrr 0.53305)  lr 1.00e-03  *
    epoch   16  train 0.81907 (tc 0.69112 hrr 0.42647)  valid 1.00454 (tc 0.84533 hrr 0.53070)  lr 1.00e-03  *
    epoch   18  train 0.81410 (tc 0.68773 hrr 0.42123)  valid 0.99372 (tc 0.83636 hrr 0.52452)  lr 1.00e-03  *
    epoch   19  train 0.80361 (tc 0.67844 hrr 0.41725)  valid 0.98827 (tc 0.83464 hrr 0.51210)  lr 1.00e-03  *
    epoch   20  train 0.79225 (tc 0.66906 hrr 0.41062)  valid 0.98223 (tc 0.83217 hrr 0.50018)  lr 1.00e-03  *
    epoch   21  train 0.78777 (tc 0.66552 hrr 0.40748)  valid 0.97326 (tc 0.82521 hrr 0.49350)  lr 1.00e-03  *
    epoch   22  train 0.77607 (tc 0.65570 hrr 0.40124)  valid 0.95948 (tc 0.81178 hrr 0.49233)  lr 1.00e-03  *
    epoch   25  train 0.76359 (tc 0.64437 hrr 0.39741)  valid 0.95298 (tc 0.80569 hrr 0.49096)  lr 1.00e-03  *
    epoch   26  train 0.75392 (tc 0.63564 hrr 0.39428)  valid 0.93248 (tc 0.78861 hrr 0.47956)  lr 1.00e-03  *
    epoch   28  train 0.73764 (tc 0.62307 hrr 0.38190)  valid 0.92244 (tc 0.78050 hrr 0.47313)  lr 1.00e-03  *
    epoch   29  train 0.73096 (tc 0.61639 hrr 0.38189)  valid 0.91384 (tc 0.77281 hrr 0.47008)  lr 1.00e-03  *
    epoch   30  train 0.72374 (tc 0.61058 hrr 0.37720)  valid 0.93124 (tc 0.78866 hrr 0.47526)  lr 1.00e-03
    epoch   31  train 0.71830 (tc 0.60586 hrr 0.37479)  valid 0.90940 (tc 0.76983 hrr 0.46522)  lr 1.00e-03  *
    epoch   32  train 0.71029 (tc 0.59860 hrr 0.37231)  valid 0.89760 (tc 0.75938 hrr 0.46070)  lr 1.00e-03  *
    epoch   33  train 0.70583 (tc 0.59500 hrr 0.36943)  valid 0.88798 (tc 0.75100 hrr 0.45661)  lr 1.00e-03  *
    epoch   34  train 0.69666 (tc 0.58674 hrr 0.36640)  valid 0.88364 (tc 0.74707 hrr 0.45521)  lr 1.00e-03  *
    epoch   35  train 0.69118 (tc 0.58218 hrr 0.36336)  valid 0.88289 (tc 0.74698 hrr 0.45305)  lr 1.00e-03  *
    epoch   36  train 0.68570 (tc 0.57691 hrr 0.36262)  valid 0.86317 (tc 0.73033 hrr 0.44281)  lr 1.00e-03  *
    epoch   37  train 0.67834 (tc 0.57101 hrr 0.35775)  valid 0.86139 (tc 0.72837 hrr 0.44342)  lr 1.00e-03  *
    epoch   38  train 0.67439 (tc 0.56719 hrr 0.35731)  valid 0.85043 (tc 0.71969 hrr 0.43579)  lr 1.00e-03  *
    epoch   40  train 0.66472 (tc 0.55801 hrr 0.35568)  valid 0.83808 (tc 0.70771 hrr 0.43456)  lr 1.00e-03  *
    epoch   42  train 0.65499 (tc 0.54902 hrr 0.35323)  valid 0.83035 (tc 0.70085 hrr 0.43168)  lr 1.00e-03  *
    epoch   44  train 0.64364 (tc 0.53917 hrr 0.34823)  valid 0.82859 (tc 0.69930 hrr 0.43095)  lr 1.00e-03  *
    epoch   45  train 0.63806 (tc 0.53373 hrr 0.34775)  valid 0.81312 (tc 0.68594 hrr 0.42391)  lr 1.00e-03  *
    epoch   47  train 0.62801 (tc 0.52411 hrr 0.34635)  valid 0.79588 (tc 0.66845 hrr 0.42477)  lr 1.00e-03  *
    epoch   48  train 0.61905 (tc 0.51639 hrr 0.34221)  valid 0.79458 (tc 0.66965 hrr 0.41643)  lr 1.00e-03  *
    epoch   49  train 0.61247 (tc 0.51007 hrr 0.34133)  valid 0.78674 (tc 0.66056 hrr 0.42058)  lr 1.00e-03  *
    epoch   50  train 0.60374 (tc 0.50157 hrr 0.34057)  valid 0.77783 (tc 0.65322 hrr 0.41537)  lr 1.00e-03  *
    epoch   51  train 0.59596 (tc 0.49425 hrr 0.33903)  valid 0.76699 (tc 0.64012 hrr 0.42288)  lr 1.00e-03  *
    epoch   52  train 0.58676 (tc 0.48577 hrr 0.33661)  valid 0.76278 (tc 0.63860 hrr 0.41394)  lr 1.00e-03  *
    epoch   53  train 0.57812 (tc 0.47788 hrr 0.33411)  valid 0.74761 (tc 0.62342 hrr 0.41395)  lr 1.00e-03  *
    epoch   54  train 0.57041 (tc 0.47070 hrr 0.33234)  valid 0.74617 (tc 0.62221 hrr 0.41319)  lr 1.00e-03  *
    epoch   55  train 0.56247 (tc 0.46317 hrr 0.33097)  valid 0.73429 (tc 0.61154 hrr 0.40914)  lr 1.00e-03  *
    epoch   56  train 0.55556 (tc 0.45675 hrr 0.32937)  valid 0.72350 (tc 0.60104 hrr 0.40819)  lr 1.00e-03  *
    epoch   58  train 0.54510 (tc 0.44589 hrr 0.33071)  valid 0.72337 (tc 0.59941 hrr 0.41318)  lr 1.00e-03  *
    epoch   59  train 0.54155 (tc 0.44221 hrr 0.33112)  valid 0.71151 (tc 0.58932 hrr 0.40730)  lr 1.00e-03  *
    epoch   60  train 0.53598 (tc 0.43667 hrr 0.33102)  valid 0.71548 (tc 0.59109 hrr 0.41461)  lr 1.00e-03
    epoch   61  train 0.53948 (tc 0.43915 hrr 0.33443)  valid 0.70752 (tc 0.58412 hrr 0.41132)  lr 1.00e-03  *
    epoch   62  train 0.53006 (tc 0.43017 hrr 0.33295)  valid 0.70391 (tc 0.58081 hrr 0.41033)  lr 1.00e-03  *
    epoch   63  train 0.52118 (tc 0.42272 hrr 0.32821)  valid 0.68927 (tc 0.56645 hrr 0.40940)  lr 1.00e-03  *
    epoch   64  train 0.51489 (tc 0.41691 hrr 0.32660)  valid 0.68514 (tc 0.56273 hrr 0.40804)  lr 1.00e-03  *
    epoch   65  train 0.51489 (tc 0.41643 hrr 0.32820)  valid 0.67892 (tc 0.55690 hrr 0.40674)  lr 1.00e-03  *
    epoch   67  train 0.50313 (tc 0.40610 hrr 0.32343)  valid 0.67340 (tc 0.55215 hrr 0.40418)  lr 1.00e-03  *
    epoch   69  train 0.49831 (tc 0.40099 hrr 0.32438)  valid 0.67321 (tc 0.55139 hrr 0.40607)  lr 1.00e-03  *
    epoch   70  train 0.49164 (tc 0.39547 hrr 0.32057)  valid 0.66210 (tc 0.54255 hrr 0.39850)  lr 1.00e-03  *
    epoch   71  train 0.48723 (tc 0.39147 hrr 0.31919)  valid 0.65121 (tc 0.53292 hrr 0.39430)  lr 1.00e-03  *
    epoch   72  train 0.48454 (tc 0.38889 hrr 0.31882)  valid 0.65062 (tc 0.53125 hrr 0.39790)  lr 1.00e-03  *
    epoch   73  train 0.48104 (tc 0.38582 hrr 0.31740)  valid 0.64524 (tc 0.52755 hrr 0.39229)  lr 1.00e-03  *
    epoch   74  train 0.47832 (tc 0.38334 hrr 0.31660)  valid 0.64430 (tc 0.52616 hrr 0.39380)  lr 1.00e-03  *
    epoch   75  train 0.47945 (tc 0.38407 hrr 0.31792)  valid 0.63551 (tc 0.52013 hrr 0.38461)  lr 1.00e-03  *
    epoch   80  train 0.46840 (tc 0.37400 hrr 0.31466)  valid 0.63967 (tc 0.52173 hrr 0.39315)  lr 1.00e-03
    epoch   81  train 0.47031 (tc 0.37555 hrr 0.31588)  valid 0.63462 (tc 0.51640 hrr 0.39409)  lr 1.00e-03  *
    epoch   82  train 0.46727 (tc 0.37322 hrr 0.31350)  valid 0.63384 (tc 0.51322 hrr 0.40208)  lr 1.00e-03  *
    epoch   83  train 0.46217 (tc 0.36845 hrr 0.31239)  valid 0.62621 (tc 0.50878 hrr 0.39143)  lr 1.00e-03  *
    epoch   88  train 0.46590 (tc 0.37214 hrr 0.31254)  valid 0.62144 (tc 0.50472 hrr 0.38906)  lr 1.00e-03  *
    epoch   90  train 0.45984 (tc 0.36584 hrr 0.31332)  valid 0.61789 (tc 0.50115 hrr 0.38914)  lr 1.00e-03  *
    epoch   92  train 0.45610 (tc 0.36314 hrr 0.30986)  valid 0.61176 (tc 0.49796 hrr 0.37932)  lr 1.00e-03  *
    epoch   93  train 0.45310 (tc 0.36065 hrr 0.30815)  valid 0.60824 (tc 0.49352 hrr 0.38239)  lr 1.00e-03  *
    epoch   95  train 0.44442 (tc 0.35350 hrr 0.30304)  valid 0.60099 (tc 0.48996 hrr 0.37009)  lr 1.00e-03  *
    epoch   97  train 0.43773 (tc 0.34767 hrr 0.30018)  valid 0.59783 (tc 0.48516 hrr 0.37558)  lr 1.00e-03  *
    epoch  100  train 0.44017 (tc 0.34978 hrr 0.30130)  valid 0.60029 (tc 0.48782 hrr 0.37489)  lr 1.00e-03
    epoch  102  train 0.43580 (tc 0.34576 hrr 0.30012)  valid 0.59261 (tc 0.48090 hrr 0.37237)  lr 1.00e-03  *
    epoch  105  train 0.43139 (tc 0.34251 hrr 0.29627)  valid 0.59051 (tc 0.47623 hrr 0.38092)  lr 1.00e-03  *
    epoch  106  train 0.42894 (tc 0.34050 hrr 0.29479)  valid 0.58438 (tc 0.47358 hrr 0.36932)  lr 1.00e-03  *
    epoch  107  train 0.42582 (tc 0.33746 hrr 0.29455)  valid 0.57774 (tc 0.46742 hrr 0.36775)  lr 1.00e-03  *
    epoch  110  train 0.42278 (tc 0.33499 hrr 0.29263)  valid 0.58487 (tc 0.47332 hrr 0.37184)  lr 1.00e-03
    epoch  112  train 0.42247 (tc 0.33443 hrr 0.29347)  valid 0.57434 (tc 0.46387 hrr 0.36822)  lr 1.00e-03  *
    epoch  116  train 0.41632 (tc 0.32954 hrr 0.28926)  valid 0.56862 (tc 0.46113 hrr 0.35832)  lr 1.00e-03  *
    epoch  120  train 0.41081 (tc 0.32521 hrr 0.28531)  valid 0.56371 (tc 0.45745 hrr 0.35422)  lr 1.00e-03  *
    epoch  124  train 0.40910 (tc 0.32367 hrr 0.28474)  valid 0.56083 (tc 0.45295 hrr 0.35960)  lr 1.00e-03  *
    epoch  130  train 0.40494 (tc 0.32026 hrr 0.28227)  valid 0.56311 (tc 0.45457 hrr 0.36181)  lr 1.00e-03
    epoch  134  train 0.40009 (tc 0.31667 hrr 0.27807)  valid 0.55407 (tc 0.44761 hrr 0.35485)  lr 1.00e-03  *
    epoch  137  train 0.39586 (tc 0.31297 hrr 0.27630)  valid 0.55151 (tc 0.44357 hrr 0.35982)  lr 1.00e-03  *
    epoch  140  train 0.39332 (tc 0.31070 hrr 0.27539)  valid 0.55039 (tc 0.44240 hrr 0.35997)  lr 1.00e-03  *
    epoch  141  train 0.39267 (tc 0.31031 hrr 0.27452)  valid 0.54807 (tc 0.44163 hrr 0.35480)  lr 1.00e-03  *
    epoch  142  train 0.39229 (tc 0.31031 hrr 0.27329)  valid 0.54755 (tc 0.44292 hrr 0.34878)  lr 1.00e-03  *
    epoch  145  train 0.39193 (tc 0.31008 hrr 0.27281)  valid 0.54450 (tc 0.43923 hrr 0.35089)  lr 1.00e-03  *
    epoch  149  train 0.38836 (tc 0.30726 hrr 0.27034)  valid 0.54107 (tc 0.43576 hrr 0.35105)  lr 1.00e-03  *
    epoch  150  train 0.38760 (tc 0.30646 hrr 0.27047)  valid 0.55595 (tc 0.44703 hrr 0.36304)  lr 1.00e-03
    epoch  160  train 0.40143 (tc 0.31705 hrr 0.28125)  valid 0.56222 (tc 0.45235 hrr 0.36622)  lr 1.00e-03
    epoch  166  train 0.38528 (tc 0.30436 hrr 0.26972)  valid 0.53714 (tc 0.43219 hrr 0.34985)  lr 5.00e-04  *
    epoch  168  train 0.37806 (tc 0.29858 hrr 0.26492)  valid 0.53485 (tc 0.43130 hrr 0.34517)  lr 5.00e-04  *
    epoch  170  train 0.37662 (tc 0.29768 hrr 0.26312)  valid 0.52960 (tc 0.42831 hrr 0.33763)  lr 5.00e-04  *
    epoch  174  train 0.37344 (tc 0.29526 hrr 0.26059)  valid 0.52957 (tc 0.42907 hrr 0.33502)  lr 5.00e-04  *
    epoch  175  train 0.37352 (tc 0.29544 hrr 0.26029)  valid 0.52812 (tc 0.42772 hrr 0.33468)  lr 5.00e-04  *
    epoch  180  train 0.38436 (tc 0.30355 hrr 0.26937)  valid 0.55445 (tc 0.44886 hrr 0.35196)  lr 5.00e-04
    epoch  190  train 0.37053 (tc 0.29324 hrr 0.25762)  valid 0.53140 (tc 0.42908 hrr 0.34106)  lr 5.00e-04
    epoch  194  train 0.36838 (tc 0.29160 hrr 0.25593)  valid 0.52717 (tc 0.42454 hrr 0.34211)  lr 2.50e-04  *
    epoch  199  train 0.36677 (tc 0.29037 hrr 0.25467)  valid 0.52667 (tc 0.42479 hrr 0.33959)  lr 2.50e-04  *
    epoch  200  train 0.36664 (tc 0.29031 hrr 0.25443)  valid 0.52634 (tc 0.42454 hrr 0.33932)  lr 2.50e-04  *
    epoch  205  train 0.36514 (tc 0.28908 hrr 0.25352)  valid 0.52621 (tc 0.42381 hrr 0.34132)  lr 2.50e-04  *
    epoch  206  train 0.36495 (tc 0.28889 hrr 0.25351)  valid 0.52595 (tc 0.42372 hrr 0.34074)  lr 2.50e-04  *
    epoch  207  train 0.36478 (tc 0.28879 hrr 0.25329)  valid 0.52586 (tc 0.42382 hrr 0.34013)  lr 2.50e-04  *
    epoch  208  train 0.36456 (tc 0.28866 hrr 0.25300)  valid 0.52384 (tc 0.42222 hrr 0.33872)  lr 2.50e-04  *
    epoch  210  train 0.36400 (tc 0.28819 hrr 0.25267)  valid 0.52559 (tc 0.42382 hrr 0.33924)  lr 2.50e-04
    epoch  213  train 0.36353 (tc 0.28769 hrr 0.25281)  valid 0.52325 (tc 0.42160 hrr 0.33884)  lr 2.50e-04  *
    epoch  214  train 0.36319 (tc 0.28747 hrr 0.25238)  valid 0.52216 (tc 0.42054 hrr 0.33874)  lr 2.50e-04  *
    epoch  216  train 0.36289 (tc 0.28725 hrr 0.25213)  valid 0.52149 (tc 0.42018 hrr 0.33769)  lr 2.50e-04  *
    epoch  217  train 0.36252 (tc 0.28699 hrr 0.25176)  valid 0.52055 (tc 0.41978 hrr 0.33590)  lr 2.50e-04  *
    epoch  220  train 0.36167 (tc 0.28630 hrr 0.25124)  valid 0.52225 (tc 0.42094 hrr 0.33771)  lr 2.50e-04
    epoch  226  train 0.36124 (tc 0.28597 hrr 0.25090)  valid 0.52044 (tc 0.41974 hrr 0.33566)  lr 2.50e-04  *
    epoch  230  train 0.36356 (tc 0.28783 hrr 0.25243)  valid 0.52483 (tc 0.42268 hrr 0.34049)  lr 2.50e-04
    epoch  234  train 0.35983 (tc 0.28489 hrr 0.24979)  valid 0.51926 (tc 0.41898 hrr 0.33429)  lr 2.50e-04  *
    epoch  235  train 0.35931 (tc 0.28449 hrr 0.24941)  valid 0.51870 (tc 0.41828 hrr 0.33473)  lr 2.50e-04  *
    epoch  240  train 0.35918 (tc 0.28460 hrr 0.24860)  valid 0.51750 (tc 0.41697 hrr 0.33509)  lr 2.50e-04  *
    epoch  250  train 0.35700 (tc 0.28268 hrr 0.24775)  valid 0.52483 (tc 0.42222 hrr 0.34203)  lr 2.50e-04
    epoch  253  train 0.35763 (tc 0.28327 hrr 0.24790)  valid 0.51480 (tc 0.41506 hrr 0.33246)  lr 2.50e-04  *
    epoch  257  train 0.35550 (tc 0.28151 hrr 0.24665)  valid 0.51401 (tc 0.41470 hrr 0.33104)  lr 2.50e-04  *
    epoch  260  train 0.35527 (tc 0.28135 hrr 0.24643)  valid 0.52322 (tc 0.42104 hrr 0.34062)  lr 2.50e-04
    epoch  270  train 0.35574 (tc 0.28201 hrr 0.24579)  valid 0.51513 (tc 0.41464 hrr 0.33499)  lr 2.50e-04
    epoch  273  train 0.35427 (tc 0.28086 hrr 0.24470)  valid 0.51346 (tc 0.41452 hrr 0.32981)  lr 2.50e-04  *
    epoch  275  train 0.35443 (tc 0.28071 hrr 0.24571)  valid 0.51267 (tc 0.41399 hrr 0.32896)  lr 2.50e-04  *
    epoch  280  train 0.35405 (tc 0.28052 hrr 0.24510)  valid 0.51740 (tc 0.41671 hrr 0.33563)  lr 2.50e-04
    epoch  290  train 0.35630 (tc 0.28262 hrr 0.24560)  valid 0.52030 (tc 0.42032 hrr 0.33327)  lr 2.50e-04
    epoch  293  train 0.35298 (tc 0.27992 hrr 0.24354)  valid 0.51206 (tc 0.41362 hrr 0.32812)  lr 1.25e-04  *
    epoch  300  train 0.35061 (tc 0.27788 hrr 0.24244)  valid 0.51572 (tc 0.41609 hrr 0.33209)  lr 1.25e-04
    epoch  310  train 0.34886 (tc 0.27645 hrr 0.24135)  valid 0.51549 (tc 0.41578 hrr 0.33234)  lr 6.25e-05
    epoch  320  train 0.34832 (tc 0.27604 hrr 0.24091)  valid 0.51496 (tc 0.41519 hrr 0.33256)  lr 6.25e-05
    epoch  330  train 0.34787 (tc 0.27564 hrr 0.24075)  valid 0.51407 (tc 0.41452 hrr 0.33182)  lr 3.13e-05
    epoch  340  train 0.34764 (tc 0.27547 hrr 0.24058)  valid 0.51504 (tc 0.41531 hrr 0.33244)  lr 3.13e-05
    epoch  350  train 0.34744 (tc 0.27530 hrr 0.24046)  valid 0.51238 (tc 0.41317 hrr 0.33069)  lr 1.56e-05
    early stop at epoch 353 (best 0.51206 @ 293)
    saved models_part1_kan_noreg_seed45\part1_member1.pt  (2.7 min)

  === member 3/3 (seed 47) ===
    [sentinel] weights moved after epoch 0: |dW| = 3.3073e+00
    epoch    0  train 1.87635 (tc 1.44252 hrr 1.44609)  valid 1.59635 (tc 1.35830 hrr 0.79351)  lr 1.00e-03  *
    epoch    1  train 1.35487 (tc 1.15881 hrr 0.65354)  valid 1.46808 (tc 1.27101 hrr 0.65689)  lr 1.00e-03  *
    epoch    2  train 1.26153 (tc 1.09408 hrr 0.55819)  valid 1.39187 (tc 1.20759 hrr 0.61427)  lr 1.00e-03  *
    epoch    3  train 1.17890 (tc 1.02142 hrr 0.52493)  valid 1.33055 (tc 1.14607 hrr 0.61493)  lr 1.00e-03  *
    epoch    4  train 1.11115 (tc 0.95735 hrr 0.51267)  valid 1.25341 (tc 1.07139 hrr 0.60671)  lr 1.00e-03  *
    epoch    5  train 1.05798 (tc 0.90638 hrr 0.50531)  valid 1.20154 (tc 1.02397 hrr 0.59189)  lr 1.00e-03  *
    epoch    6  train 1.00552 (tc 0.85693 hrr 0.49527)  valid 1.15983 (tc 0.98595 hrr 0.57958)  lr 1.00e-03  *
    epoch    7  train 0.96742 (tc 0.82230 hrr 0.48372)  valid 1.12426 (tc 0.95315 hrr 0.57038)  lr 1.00e-03  *
    epoch    8  train 0.92972 (tc 0.78572 hrr 0.48002)  valid 1.09232 (tc 0.92317 hrr 0.56382)  lr 1.00e-03  *
    epoch    9  train 0.89976 (tc 0.75762 hrr 0.47379)  valid 1.08230 (tc 0.91344 hrr 0.56287)  lr 1.00e-03  *
    epoch   10  train 0.88588 (tc 0.74437 hrr 0.47172)  valid 1.05718 (tc 0.88853 hrr 0.56218)  lr 1.00e-03  *
    epoch   11  train 0.86123 (tc 0.72213 hrr 0.46368)  valid 1.04146 (tc 0.87545 hrr 0.55336)  lr 1.00e-03  *
    epoch   12  train 0.84245 (tc 0.70589 hrr 0.45521)  valid 1.03211 (tc 0.86712 hrr 0.54996)  lr 1.00e-03  *
    epoch   13  train 0.83421 (tc 0.69790 hrr 0.45435)  valid 1.02384 (tc 0.86009 hrr 0.54582)  lr 1.00e-03  *
    epoch   16  train 0.81434 (tc 0.68087 hrr 0.44492)  valid 1.02150 (tc 0.85858 hrr 0.54305)  lr 1.00e-03  *
    epoch   17  train 0.80079 (tc 0.66969 hrr 0.43698)  valid 0.99643 (tc 0.83753 hrr 0.52966)  lr 1.00e-03  *
    epoch   19  train 0.78767 (tc 0.65874 hrr 0.42978)  valid 0.99262 (tc 0.83545 hrr 0.52390)  lr 1.00e-03  *
    epoch   20  train 0.78185 (tc 0.65482 hrr 0.42341)  valid 0.98077 (tc 0.82426 hrr 0.52173)  lr 1.00e-03  *
    epoch   22  train 0.78281 (tc 0.65533 hrr 0.42496)  valid 0.97835 (tc 0.82531 hrr 0.51013)  lr 1.00e-03  *
    epoch   23  train 0.77223 (tc 0.64685 hrr 0.41793)  valid 0.97340 (tc 0.82103 hrr 0.50790)  lr 1.00e-03  *
    epoch   24  train 0.76084 (tc 0.63700 hrr 0.41278)  valid 0.96823 (tc 0.81617 hrr 0.50687)  lr 1.00e-03  *
    epoch   25  train 0.75305 (tc 0.63075 hrr 0.40768)  valid 0.96107 (tc 0.80981 hrr 0.50423)  lr 1.00e-03  *
    epoch   26  train 0.74677 (tc 0.62513 hrr 0.40548)  valid 0.95428 (tc 0.80403 hrr 0.50081)  lr 1.00e-03  *
    epoch   30  train 0.72848 (tc 0.61137 hrr 0.39036)  valid 0.95228 (tc 0.80346 hrr 0.49608)  lr 1.00e-03  *
    epoch   34  train 0.72787 (tc 0.61073 hrr 0.39045)  valid 0.94127 (tc 0.79569 hrr 0.48526)  lr 1.00e-03  *
    epoch   36  train 0.72468 (tc 0.60954 hrr 0.38378)  valid 0.92026 (tc 0.77758 hrr 0.47562)  lr 1.00e-03  *
    epoch   38  train 0.70128 (tc 0.58973 hrr 0.37185)  valid 0.91571 (tc 0.77605 hrr 0.46553)  lr 1.00e-03  *
    epoch   40  train 0.68607 (tc 0.57714 hrr 0.36310)  valid 0.91884 (tc 0.77922 hrr 0.46541)  lr 1.00e-03
    epoch   41  train 0.68456 (tc 0.57594 hrr 0.36206)  valid 0.90098 (tc 0.76389 hrr 0.45697)  lr 1.00e-03  *
    epoch   42  train 0.68445 (tc 0.57571 hrr 0.36246)  valid 0.89715 (tc 0.76189 hrr 0.45087)  lr 1.00e-03  *
    epoch   46  train 0.68070 (tc 0.57417 hrr 0.35511)  valid 0.88024 (tc 0.74767 hrr 0.44189)  lr 1.00e-03  *
    epoch   50  train 0.65865 (tc 0.55571 hrr 0.34313)  valid 0.89499 (tc 0.76159 hrr 0.44464)  lr 1.00e-03
    epoch   54  train 0.64789 (tc 0.54766 hrr 0.33408)  valid 0.87402 (tc 0.74637 hrr 0.42553)  lr 1.00e-03  *
    epoch   55  train 0.64739 (tc 0.54709 hrr 0.33434)  valid 0.87005 (tc 0.74080 hrr 0.43083)  lr 1.00e-03  *
    epoch   57  train 0.64248 (tc 0.54306 hrr 0.33141)  valid 0.86666 (tc 0.73949 hrr 0.42390)  lr 1.00e-03  *
    epoch   59  train 0.64047 (tc 0.54190 hrr 0.32858)  valid 0.86509 (tc 0.73688 hrr 0.42737)  lr 1.00e-03  *
    epoch   60  train 0.64204 (tc 0.54320 hrr 0.32949)  valid 0.86412 (tc 0.73610 hrr 0.42673)  lr 1.00e-03  *
    epoch   63  train 0.63748 (tc 0.53947 hrr 0.32670)  valid 0.86409 (tc 0.73796 hrr 0.42045)  lr 1.00e-03  *
    epoch   64  train 0.63415 (tc 0.53681 hrr 0.32449)  valid 0.86200 (tc 0.73648 hrr 0.41840)  lr 1.00e-03  *
    epoch   65  train 0.63203 (tc 0.53519 hrr 0.32279)  valid 0.85644 (tc 0.73086 hrr 0.41859)  lr 1.00e-03  *
    epoch   66  train 0.62909 (tc 0.53302 hrr 0.32023)  valid 0.85640 (tc 0.73331 hrr 0.41028)  lr 1.00e-03  *
    epoch   70  train 0.64427 (tc 0.54551 hrr 0.32918)  valid 0.87420 (tc 0.74631 hrr 0.42631)  lr 1.00e-03
    epoch   74  train 0.62373 (tc 0.52895 hrr 0.31592)  valid 0.85512 (tc 0.73041 hrr 0.41569)  lr 1.00e-03  *
    epoch   75  train 0.62583 (tc 0.53124 hrr 0.31531)  valid 0.84198 (tc 0.72047 hrr 0.40505)  lr 1.00e-03  *
    epoch   79  train 0.61046 (tc 0.51811 hrr 0.30785)  valid 0.83715 (tc 0.71514 hrr 0.40669)  lr 1.00e-03  *
    epoch   80  train 0.60892 (tc 0.51685 hrr 0.30689)  valid 0.85714 (tc 0.73444 hrr 0.40899)  lr 1.00e-03
    epoch   84  train 0.61423 (tc 0.52207 hrr 0.30720)  valid 0.82414 (tc 0.70784 hrr 0.38768)  lr 1.00e-03  *
    epoch   85  train 0.60724 (tc 0.51605 hrr 0.30397)  valid 0.82123 (tc 0.70289 hrr 0.39446)  lr 1.00e-03  *
    epoch   86  train 0.60322 (tc 0.51214 hrr 0.30360)  valid 0.81920 (tc 0.70255 hrr 0.38884)  lr 1.00e-03  *
    epoch   89  train 0.59640 (tc 0.50687 hrr 0.29842)  valid 0.81524 (tc 0.69819 hrr 0.39017)  lr 1.00e-03  *
    epoch   90  train 0.60162 (tc 0.51162 hrr 0.30003)  valid 0.83523 (tc 0.71590 hrr 0.39778)  lr 1.00e-03
    epoch   93  train 0.59205 (tc 0.50349 hrr 0.29520)  valid 0.80659 (tc 0.69150 hrr 0.38362)  lr 1.00e-03  *
    epoch  100  train 0.58295 (tc 0.49624 hrr 0.28902)  valid 0.80601 (tc 0.69054 hrr 0.38487)  lr 1.00e-03  *
    epoch  102  train 0.58230 (tc 0.49588 hrr 0.28804)  valid 0.80184 (tc 0.68894 hrr 0.37633)  lr 1.00e-03  *
    epoch  103  train 0.58002 (tc 0.49368 hrr 0.28779)  valid 0.79851 (tc 0.68602 hrr 0.37497)  lr 1.00e-03  *
    epoch  110  train 0.57303 (tc 0.48822 hrr 0.28267)  valid 0.79311 (tc 0.68149 hrr 0.37208)  lr 1.00e-03  *
    epoch  112  train 0.56999 (tc 0.48585 hrr 0.28048)  valid 0.79199 (tc 0.67885 hrr 0.37712)  lr 1.00e-03  *
    epoch  117  train 0.56404 (tc 0.48058 hrr 0.27819)  valid 0.79046 (tc 0.67835 hrr 0.37369)  lr 1.00e-03  *
    epoch  119  train 0.56035 (tc 0.47783 hrr 0.27506)  valid 0.78079 (tc 0.67016 hrr 0.36877)  lr 1.00e-03  *
    epoch  120  train 0.56202 (tc 0.47903 hrr 0.27661)  valid 0.79772 (tc 0.68536 hrr 0.37452)  lr 1.00e-03
    epoch  129  train 0.55753 (tc 0.47578 hrr 0.27250)  valid 0.77840 (tc 0.66852 hrr 0.36626)  lr 1.00e-03  *
    epoch  130  train 0.55751 (tc 0.47573 hrr 0.27261)  valid 0.79831 (tc 0.68332 hrr 0.38329)  lr 1.00e-03
    epoch  135  train 0.56152 (tc 0.48050 hrr 0.27005)  valid 0.76763 (tc 0.66184 hrr 0.35265)  lr 1.00e-03  *
    epoch  140  train 0.54536 (tc 0.46597 hrr 0.26463)  valid 0.78107 (tc 0.67088 hrr 0.36728)  lr 1.00e-03
    epoch  143  train 0.55124 (tc 0.46972 hrr 0.27174)  valid 0.76501 (tc 0.65471 hrr 0.36768)  lr 1.00e-03  *
    epoch  150  train 0.53731 (tc 0.45890 hrr 0.26137)  valid 0.78653 (tc 0.67399 hrr 0.37514)  lr 1.00e-03
    epoch  152  train 0.52679 (tc 0.44928 hrr 0.25835)  valid 0.74245 (tc 0.63376 hrr 0.36227)  lr 1.00e-03  *
    epoch  153  train 0.49039 (tc 0.41225 hrr 0.26045)  valid 0.70133 (tc 0.58981 hrr 0.37172)  lr 1.00e-03  *
    epoch  155  train 0.45682 (tc 0.37511 hrr 0.27237)  valid 0.64065 (tc 0.52933 hrr 0.37105)  lr 1.00e-03  *
    epoch  156  train 0.43477 (tc 0.35362 hrr 0.27050)  valid 0.62384 (tc 0.51275 hrr 0.37033)  lr 1.00e-03  *
    epoch  157  train 0.41924 (tc 0.33937 hrr 0.26623)  valid 0.60414 (tc 0.49457 hrr 0.36522)  lr 1.00e-03  *
    epoch  158  train 0.40456 (tc 0.32526 hrr 0.26434)  valid 0.59621 (tc 0.48725 hrr 0.36319)  lr 1.00e-03  *
    epoch  160  train 0.38614 (tc 0.30873 hrr 0.25803)  valid 0.58544 (tc 0.47563 hrr 0.36602)  lr 1.00e-03  *
    epoch  161  train 0.38183 (tc 0.30442 hrr 0.25805)  valid 0.58129 (tc 0.47366 hrr 0.35878)  lr 1.00e-03  *
    epoch  162  train 0.37545 (tc 0.29845 hrr 0.25666)  valid 0.57976 (tc 0.47143 hrr 0.36111)  lr 1.00e-03  *
    epoch  163  train 0.36971 (tc 0.29318 hrr 0.25508)  valid 0.56645 (tc 0.45934 hrr 0.35703)  lr 1.00e-03  *
    epoch  166  train 0.36156 (tc 0.28522 hrr 0.25448)  valid 0.56179 (tc 0.45559 hrr 0.35399)  lr 1.00e-03  *
    epoch  168  train 0.35771 (tc 0.28186 hrr 0.25281)  valid 0.55976 (tc 0.45392 hrr 0.35279)  lr 1.00e-03  *
    epoch  170  train 0.35338 (tc 0.27791 hrr 0.25156)  valid 0.56080 (tc 0.45439 hrr 0.35472)  lr 1.00e-03
    epoch  172  train 0.34979 (tc 0.27459 hrr 0.25067)  valid 0.55534 (tc 0.44876 hrr 0.35525)  lr 1.00e-03  *
    epoch  173  train 0.34892 (tc 0.27379 hrr 0.25045)  valid 0.55441 (tc 0.44814 hrr 0.35424)  lr 1.00e-03  *
    epoch  174  train 0.34764 (tc 0.27269 hrr 0.24984)  valid 0.54098 (tc 0.43615 hrr 0.34943)  lr 1.00e-03  *
    epoch  177  train 0.34637 (tc 0.27130 hrr 0.25023)  valid 0.53947 (tc 0.43460 hrr 0.34956)  lr 1.00e-03  *
    epoch  180  train 0.34364 (tc 0.26898 hrr 0.24886)  valid 0.54794 (tc 0.44219 hrr 0.35250)  lr 1.00e-03
    epoch  181  train 0.34191 (tc 0.26752 hrr 0.24795)  valid 0.53724 (tc 0.43194 hrr 0.35103)  lr 1.00e-03  *
    epoch  186  train 0.34962 (tc 0.27399 hrr 0.25213)  valid 0.53665 (tc 0.43292 hrr 0.34575)  lr 1.00e-03  *
    epoch  190  train 0.34714 (tc 0.27122 hrr 0.25305)  valid 0.54614 (tc 0.43982 hrr 0.35443)  lr 1.00e-03
    epoch  195  train 0.33673 (tc 0.26291 hrr 0.24607)  valid 0.52819 (tc 0.42509 hrr 0.34367)  lr 1.00e-03  *
    epoch  200  train 0.33293 (tc 0.25964 hrr 0.24431)  valid 0.54862 (tc 0.44056 hrr 0.36020)  lr 1.00e-03
    epoch  210  train 0.33160 (tc 0.25794 hrr 0.24554)  valid 0.53789 (tc 0.43057 hrr 0.35774)  lr 1.00e-03
    epoch  212  train 0.32933 (tc 0.25625 hrr 0.24360)  valid 0.52167 (tc 0.41776 hrr 0.34636)  lr 5.00e-04  *
    epoch  216  train 0.32372 (tc 0.25167 hrr 0.24015)  valid 0.51891 (tc 0.41618 hrr 0.34243)  lr 5.00e-04  *
    epoch  220  train 0.32317 (tc 0.25122 hrr 0.23986)  valid 0.52858 (tc 0.42429 hrr 0.34764)  lr 5.00e-04
    epoch  226  train 0.32075 (tc 0.24913 hrr 0.23874)  valid 0.51827 (tc 0.41589 hrr 0.34127)  lr 5.00e-04  *
    epoch  230  train 0.31941 (tc 0.24801 hrr 0.23800)  valid 0.52081 (tc 0.41733 hrr 0.34494)  lr 5.00e-04
    epoch  231  train 0.31902 (tc 0.24768 hrr 0.23781)  valid 0.51496 (tc 0.41218 hrr 0.34257)  lr 5.00e-04  *
    epoch  232  train 0.31859 (tc 0.24729 hrr 0.23765)  valid 0.51417 (tc 0.41165 hrr 0.34174)  lr 5.00e-04  *
    epoch  233  train 0.31833 (tc 0.24706 hrr 0.23756)  valid 0.51149 (tc 0.40952 hrr 0.33988)  lr 5.00e-04  *
    epoch  235  train 0.31858 (tc 0.24731 hrr 0.23756)  valid 0.50874 (tc 0.40697 hrr 0.33924)  lr 5.00e-04  *
    epoch  237  train 0.31940 (tc 0.24815 hrr 0.23749)  valid 0.50779 (tc 0.40641 hrr 0.33791)  lr 5.00e-04  *
    epoch  240  train 0.31746 (tc 0.24641 hrr 0.23684)  valid 0.52662 (tc 0.42287 hrr 0.34583)  lr 5.00e-04
    epoch  247  train 0.31790 (tc 0.24681 hrr 0.23695)  valid 0.50735 (tc 0.40522 hrr 0.34040)  lr 5.00e-04  *
    epoch  248  train 0.31760 (tc 0.24663 hrr 0.23659)  valid 0.50550 (tc 0.40469 hrr 0.33604)  lr 5.00e-04  *
    epoch  249  train 0.31656 (tc 0.24569 hrr 0.23621)  valid 0.50342 (tc 0.40311 hrr 0.33435)  lr 5.00e-04  *
    epoch  250  train 0.31931 (tc 0.24834 hrr 0.23658)  valid 0.50185 (tc 0.40113 hrr 0.33573)  lr 5.00e-04  *
    epoch  258  train 0.31619 (tc 0.24527 hrr 0.23639)  valid 0.49619 (tc 0.39532 hrr 0.33623)  lr 5.00e-04  *
    epoch  259  train 0.31499 (tc 0.24418 hrr 0.23605)  valid 0.49569 (tc 0.39441 hrr 0.33760)  lr 5.00e-04  *
    epoch  260  train 0.31466 (tc 0.24393 hrr 0.23575)  valid 0.51864 (tc 0.41545 hrr 0.34399)  lr 5.00e-04
    epoch  270  train 0.31938 (tc 0.24871 hrr 0.23554)  valid 0.52044 (tc 0.41831 hrr 0.34044)  lr 5.00e-04
    epoch  279  train 0.31305 (tc 0.24262 hrr 0.23476)  valid 0.49437 (tc 0.39341 hrr 0.33653)  lr 2.50e-04  *
    epoch  280  train 0.31218 (tc 0.24182 hrr 0.23452)  valid 0.49174 (tc 0.39095 hrr 0.33598)  lr 2.50e-04  *
    epoch  290  train 0.30996 (tc 0.24016 hrr 0.23267)  valid 0.50171 (tc 0.40001 hrr 0.33900)  lr 2.50e-04
    epoch  291  train 0.31023 (tc 0.24038 hrr 0.23282)  valid 0.49136 (tc 0.39096 hrr 0.33464)  lr 2.50e-04  *
    epoch  300  train 0.30786 (tc 0.23826 hrr 0.23199)  valid 0.49568 (tc 0.39469 hrr 0.33663)  lr 2.50e-04
    epoch  310  train 0.30805 (tc 0.23854 hrr 0.23171)  valid 0.49525 (tc 0.39459 hrr 0.33551)  lr 1.25e-04
    epoch  311  train 0.30776 (tc 0.23830 hrr 0.23154)  valid 0.49098 (tc 0.39048 hrr 0.33498)  lr 1.25e-04  *
    epoch  312  train 0.30763 (tc 0.23815 hrr 0.23160)  valid 0.48828 (tc 0.38783 hrr 0.33482)  lr 1.25e-04  *
    epoch  315  train 0.30662 (tc 0.23723 hrr 0.23130)  valid 0.48622 (tc 0.38618 hrr 0.33346)  lr 1.25e-04  *
    epoch  320  train 0.30603 (tc 0.23679 hrr 0.23081)  valid 0.49157 (tc 0.39094 hrr 0.33542)  lr 1.25e-04
    epoch  330  train 0.30632 (tc 0.23707 hrr 0.23084)  valid 0.48852 (tc 0.38794 hrr 0.33527)  lr 1.25e-04
    epoch  340  train 0.30562 (tc 0.23651 hrr 0.23036)  valid 0.49029 (tc 0.38933 hrr 0.33654)  lr 6.25e-05
    epoch  350  train 0.30520 (tc 0.23621 hrr 0.22996)  valid 0.49365 (tc 0.39212 hrr 0.33844)  lr 3.13e-05
    epoch  360  train 0.30495 (tc 0.23591 hrr 0.23013)  valid 0.49181 (tc 0.39058 hrr 0.33741)  lr 3.13e-05
    epoch  370  train 0.30479 (tc 0.23584 hrr 0.22983)  valid 0.49121 (tc 0.39018 hrr 0.33677)  lr 1.56e-05
    early stop at epoch 375 (best 0.48622 @ 315)
    saved models_part1_kan_noreg_seed45\part1_member2.pt  (2.8 min)

  done. 3 member(s) in models_part1_kan_noreg_seed45
  next: python evaluate_part1.py --model-dir models_part1_kan_noreg_seed45
==============================================================================
  Part1 surrogate evaluation — models_part1_kan_noreg_seed45
  KAN-Attention-LSTM (Part1), 3 ensemble member(s), split mode hash
==============================================================================

  [train]  141 simulations
    thermocouples   R2  0.8631   RMSE   55.16 degC
      External_LV1     R2  0.8598   RMSE   63.70 degC
      External_LV2     R2  0.8692   RMSE   45.03 degC
    HRR channels
      HRR              R2  0.9285   RMSE   376.4 kW
      Q_RADI           R2  0.9537   RMSE    88.0 kW
      Q_CONV           R2  0.9588   RMSE   203.4 kW
      Q_COND           R2  0.9030   RMSE     1.5 kW
      Q_TOTAL          R2  0.0943   RMSE    16.5 kW
    per geometry
      baseline             n=17  TC R2  0.8514  RMSE   57.73 degC   HRR R2  0.9535
      noair                n=18  TC R2  0.8822  RMSE   49.58 degC   HRR R2  0.9495
      nogap                n=18  TC R2  0.8555  RMSE   56.78 degC   HRR R2  0.9534
      noair_nogap          n=21  TC R2  0.8799  RMSE   49.90 degC   HRR R2  0.9466
      nocb                 n=14  TC R2  0.8377  RMSE   62.37 degC   HRR R2  0.8833
      noair_nocb           n=17  TC R2  0.8951  RMSE   45.98 degC   HRR R2  0.9467
      nogap_nocb           n=18  TC R2  0.8087  RMSE   68.36 degC   HRR R2  0.8624
      noair_nogap_nocb     n=18  TC R2  0.8825  RMSE   49.03 degC   HRR R2  0.9448
    physics                          model      FDS truth
      sub-ambient points                0              0   PASS
      worst growth drop degC      -208.40        -440.12   PASS
      growth 0.1pct step degC      -57.29        -137.10
      max late rise degC/step       32.36         107.25   PASS

  [valid]  20 simulations
    thermocouples   R2  0.8033   RMSE   68.23 degC
      External_LV1     R2  0.8008   RMSE   77.59 degC
      External_LV2     R2  0.8077   RMSE   57.36 degC
    HRR channels
      HRR              R2  0.9024   RMSE   452.7 kW
      Q_RADI           R2  0.9139   RMSE   124.2 kW
      Q_CONV           R2  0.9239   RMSE   284.5 kW
      Q_COND           R2  0.8095   RMSE     2.3 kW
      Q_TOTAL          R2  0.0921   RMSE    17.8 kW
    per geometry
      baseline             n= 4  TC R2  0.8239  RMSE   62.92 degC   HRR R2  0.9358
      noair                n= 2  TC R2  0.9197  RMSE   39.26 degC   HRR R2  0.9665
      nogap                n= 3  TC R2  0.7280  RMSE   87.10 degC   HRR R2  0.9116
      noair_nogap          n= 2  TC R2  0.9413  RMSE   26.85 degC   HRR R2  0.9721
      nocb                 n= 2  TC R2  0.6853  RMSE   97.60 degC   HRR R2  0.8199
      noair_nocb           n= 2  TC R2  0.9256  RMSE   30.71 degC   HRR R2  0.9651
      nogap_nocb           n= 3  TC R2  0.7380  RMSE   81.03 degC   HRR R2  0.8270
      noair_nogap_nocb     n= 2  TC R2  0.8265  RMSE   68.34 degC   HRR R2  0.9246
    physics                          model      FDS truth
      sub-ambient points                0              0   PASS
      worst growth drop degC      -211.83        -363.72   PASS
      growth 0.1pct step degC      -60.54        -161.64
      max late rise degC/step       22.30          67.88   PASS

  [test]  23 simulations
    thermocouples   R2  0.8334   RMSE   58.29 degC
      External_LV1     R2  0.8358   RMSE   66.19 degC
      External_LV2     R2  0.8290   RMSE   49.13 degC
    HRR channels
      HRR              R2  0.9257   RMSE   375.6 kW
      Q_RADI           R2  0.9411   RMSE    96.6 kW
      Q_CONV           R2  0.9438   RMSE   233.8 kW
      Q_COND           R2  0.8380   RMSE     1.9 kW
      Q_TOTAL          R2  0.0953   RMSE    18.9 kW
    per geometry
      baseline             n= 4  TC R2  0.9102  RMSE   38.12 degC   HRR R2  0.9691
      noair                n= 3  TC R2  0.8924  RMSE   42.04 degC   HRR R2  0.9622
      nogap                n= 1  TC R2  0.7728  RMSE   72.47 degC   HRR R2  0.9359
      noair_nogap          n= 2  TC R2  0.8574  RMSE   52.70 degC   HRR R2  0.9331
      nocb                 n= 5  TC R2  0.6944  RMSE   90.66 degC   HRR R2  0.8585
      noair_nocb           n= 3  TC R2  0.8461  RMSE   56.29 degC   HRR R2  0.9324
      nogap_nocb           n= 3  TC R2  0.9370  RMSE   30.42 degC   HRR R2  0.9713
      noair_nogap_nocb     n= 2  TC R2  0.9137  RMSE   37.65 degC   HRR R2  0.9691
    physics                          model      FDS truth
      sub-ambient points                0              0   PASS
      worst growth drop degC       -97.77        -291.74   PASS
      growth 0.1pct step degC      -42.50        -116.59
      max late rise degC/step       38.36          93.58   PASS

  combined valid+test TC R2: 0.8184
  (checkpoint ranking uses this, never test alone)

  written: models_part1_kan_noreg_seed45\evaluation_part1.json

======================================================================
  KAN ablation, LAMBDA_REG = 0, seed base 48
  -> models_part1_kan_noreg_seed48
======================================================================
  device: NVIDIA GeForce RTX 4090

  building dataset ...
  corpus: D:\Bs8414_05052026\Part1\_completed
  184 usable, 2 rejected
    - BS8414_DCLG_Test1_adv_debug: excluded: debug case; Core_MATERIAL HEAT_OF_REACTION=1500 vs 2300 in every other DCLG_Test1_adv deck, so it is a different system under the same name
    - BS8414_DCLG_Test7: excluded: declares insulation system PF like 33 other decks, but its Phenolic_Foam MATL is inert - HEAT_OF_REACTION absent (0 kJ/kg) with REFERENCE_TEMPERATURE=429 degC - where every other PF deck decomposes at HEAT_OF_REACTION=400 with no explicit reference temperature (cp 1.2 vs 1.5, k 0.020 vs 0.022, rho 32 vs 39). Same defect class as the debug case above: a different system under the same name. Found 2026-08-19 by explain_part1.check_group_determinism, which verifies that an insulation id fixes its material block; this was the only violation in 185 cases
  params (184, 16)  tc (184, 181, 16)  hrr (184, 181, 5)
  partial: BS8414_HPL_WC_noair_nogap (180/181 steps, padded+masked)

  split mode: hash
    train  141 sims  40 systems  8/8 geometries
    valid   20 sims  16 systems  8/8 geometries
    test    23 sims  20 systems  8/8 geometries

  target: 16 thermocouples (External_LV1 x8 + External_LV2 x8)
          5 HRR channels (HRR, Q_RADI, Q_CONV, Q_COND, Q_TOTAL)
  model:  KAN-Attention-LSTM (Part1)
  loss:   tc + 0.3 * hrr  (no weight penalty)
  physics constraints: off

  === member 1/3 (seed 48) ===
    [sentinel] weights moved after epoch 0: |dW| = 3.4347e+00
    epoch    0  train 1.71776 (tc 1.33362 hrr 1.28045)  valid 1.44820 (tc 1.13556 hrr 1.04212)  lr 1.00e-03  *
    epoch    1  train 1.25263 (tc 1.00017 hrr 0.84153)  valid 1.34206 (tc 1.09979 hrr 0.80758)  lr 1.00e-03  *
    epoch    2  train 1.17119 (tc 0.97415 hrr 0.65679)  valid 1.26790 (tc 1.06875 hrr 0.66384)  lr 1.00e-03  *
    epoch    3  train 1.12074 (tc 0.95204 hrr 0.56232)  valid 1.23575 (tc 1.05052 hrr 0.61745)  lr 1.00e-03  *
    epoch    4  train 1.08366 (tc 0.92676 hrr 0.52301)  valid 1.21541 (tc 1.03845 hrr 0.58988)  lr 1.00e-03  *
    epoch    5  train 1.05849 (tc 0.90738 hrr 0.50371)  valid 1.19128 (tc 1.01535 hrr 0.58642)  lr 1.00e-03  *
    epoch    6  train 1.03619 (tc 0.88843 hrr 0.49253)  valid 1.17085 (tc 0.99935 hrr 0.57166)  lr 1.00e-03  *
    epoch    7  train 1.00911 (tc 0.86482 hrr 0.48095)  valid 1.17049 (tc 1.00019 hrr 0.56766)  lr 1.00e-03  *
    epoch    8  train 0.98376 (tc 0.84076 hrr 0.47668)  valid 1.14014 (tc 0.97092 hrr 0.56408)  lr 1.00e-03  *
    epoch    9  train 0.95153 (tc 0.80858 hrr 0.47651)  valid 1.11130 (tc 0.94405 hrr 0.55748)  lr 1.00e-03  *
    epoch   10  train 0.92204 (tc 0.78394 hrr 0.46034)  valid 1.07877 (tc 0.91736 hrr 0.53803)  lr 1.00e-03  *
    epoch   11  train 0.89649 (tc 0.76240 hrr 0.44697)  valid 1.05921 (tc 0.89981 hrr 0.53131)  lr 1.00e-03  *
    epoch   12  train 0.87543 (tc 0.74356 hrr 0.43957)  valid 1.03501 (tc 0.87864 hrr 0.52126)  lr 1.00e-03  *
    epoch   14  train 0.85278 (tc 0.72343 hrr 0.43119)  valid 1.03181 (tc 0.87362 hrr 0.52727)  lr 1.00e-03  *
    epoch   15  train 0.84464 (tc 0.71621 hrr 0.42808)  valid 1.00641 (tc 0.85399 hrr 0.50807)  lr 1.00e-03  *
    epoch   17  train 0.82120 (tc 0.69518 hrr 0.42005)  valid 0.99378 (tc 0.84131 hrr 0.50824)  lr 1.00e-03  *
    epoch   18  train 0.80838 (tc 0.68499 hrr 0.41132)  valid 0.98644 (tc 0.83648 hrr 0.49988)  lr 1.00e-03  *
    epoch   19  train 0.79853 (tc 0.67739 hrr 0.40379)  valid 0.97924 (tc 0.83030 hrr 0.49647)  lr 1.00e-03  *
    epoch   20  train 0.79978 (tc 0.67859 hrr 0.40398)  valid 0.97210 (tc 0.82672 hrr 0.48459)  lr 1.00e-03  *
    epoch   21  train 0.78946 (tc 0.67053 hrr 0.39644)  valid 0.96822 (tc 0.82120 hrr 0.49005)  lr 1.00e-03  *
    epoch   22  train 0.78029 (tc 0.66277 hrr 0.39173)  valid 0.95453 (tc 0.81034 hrr 0.48062)  lr 1.00e-03  *
    epoch   23  train 0.77459 (tc 0.65711 hrr 0.39160)  valid 0.95142 (tc 0.80939 hrr 0.47344)  lr 1.00e-03  *
    epoch   24  train 0.76491 (tc 0.64799 hrr 0.38975)  valid 0.94991 (tc 0.80876 hrr 0.47051)  lr 1.00e-03  *
    epoch   25  train 0.75875 (tc 0.64271 hrr 0.38678)  valid 0.92480 (tc 0.78750 hrr 0.45768)  lr 1.00e-03  *
    epoch   29  train 0.72822 (tc 0.61715 hrr 0.37021)  valid 0.92099 (tc 0.78347 hrr 0.45842)  lr 1.00e-03  *
    epoch   30  train 0.72766 (tc 0.61614 hrr 0.37173)  valid 0.89636 (tc 0.76206 hrr 0.44765)  lr 1.00e-03  *
    epoch   32  train 0.71604 (tc 0.60682 hrr 0.36405)  valid 0.89410 (tc 0.75843 hrr 0.45220)  lr 1.00e-03  *
    epoch   34  train 0.69583 (tc 0.58753 hrr 0.36099)  valid 0.88098 (tc 0.74640 hrr 0.44860)  lr 1.00e-03  *
    epoch   35  train 0.67810 (tc 0.57082 hrr 0.35759)  valid 0.86624 (tc 0.73322 hrr 0.44339)  lr 1.00e-03  *
    epoch   36  train 0.66459 (tc 0.55810 hrr 0.35497)  valid 0.84247 (tc 0.71163 hrr 0.43612)  lr 1.00e-03  *
    epoch   37  train 0.65475 (tc 0.54907 hrr 0.35228)  valid 0.84219 (tc 0.70945 hrr 0.44248)  lr 1.00e-03  *
    epoch   38  train 0.64708 (tc 0.54174 hrr 0.35114)  valid 0.83650 (tc 0.70499 hrr 0.43836)  lr 1.00e-03  *
    epoch   39  train 0.64771 (tc 0.54188 hrr 0.35279)  valid 0.83487 (tc 0.70302 hrr 0.43949)  lr 1.00e-03  *
    epoch   40  train 0.64780 (tc 0.54119 hrr 0.35538)  valid 0.83697 (tc 0.70340 hrr 0.44525)  lr 1.00e-03
    epoch   41  train 0.64381 (tc 0.53858 hrr 0.35078)  valid 0.82204 (tc 0.69183 hrr 0.43402)  lr 1.00e-03  *
    epoch   43  train 0.62738 (tc 0.52357 hrr 0.34603)  valid 0.81826 (tc 0.68918 hrr 0.43029)  lr 1.00e-03  *
    epoch   44  train 0.62357 (tc 0.52068 hrr 0.34297)  valid 0.81556 (tc 0.68728 hrr 0.42762)  lr 1.00e-03  *
    epoch   45  train 0.62073 (tc 0.51821 hrr 0.34173)  valid 0.80541 (tc 0.67915 hrr 0.42086)  lr 1.00e-03  *
    epoch   49  train 0.61412 (tc 0.51192 hrr 0.34065)  valid 0.79332 (tc 0.66758 hrr 0.41913)  lr 1.00e-03  *
    epoch   50  train 0.60816 (tc 0.50703 hrr 0.33709)  valid 0.79913 (tc 0.67458 hrr 0.41516)  lr 1.00e-03
    epoch   55  train 0.59493 (tc 0.49554 hrr 0.33131)  valid 0.78760 (tc 0.66424 hrr 0.41120)  lr 1.00e-03  *
    epoch   56  train 0.58969 (tc 0.49125 hrr 0.32811)  valid 0.77679 (tc 0.65382 hrr 0.40989)  lr 1.00e-03  *
    epoch   59  train 0.58268 (tc 0.48577 hrr 0.32300)  valid 0.77335 (tc 0.65266 hrr 0.40229)  lr 1.00e-03  *
    epoch   60  train 0.58617 (tc 0.48851 hrr 0.32556)  valid 0.77554 (tc 0.65370 hrr 0.40613)  lr 1.00e-03
    epoch   64  train 0.57516 (tc 0.47929 hrr 0.31956)  valid 0.76580 (tc 0.64599 hrr 0.39938)  lr 1.00e-03  *
    epoch   67  train 0.56860 (tc 0.47402 hrr 0.31527)  valid 0.75968 (tc 0.64163 hrr 0.39349)  lr 1.00e-03  *
    epoch   68  train 0.56543 (tc 0.47118 hrr 0.31417)  valid 0.75637 (tc 0.63853 hrr 0.39281)  lr 1.00e-03  *
    epoch   70  train 0.56486 (tc 0.47062 hrr 0.31413)  valid 0.75125 (tc 0.63367 hrr 0.39192)  lr 1.00e-03  *
    epoch   71  train 0.56477 (tc 0.47047 hrr 0.31433)  valid 0.74888 (tc 0.63015 hrr 0.39577)  lr 1.00e-03  *
    epoch   80  train 0.56140 (tc 0.46728 hrr 0.31375)  valid 0.76191 (tc 0.64140 hrr 0.40171)  lr 1.00e-03
    epoch   83  train 0.56341 (tc 0.46943 hrr 0.31329)  valid 0.74824 (tc 0.63160 hrr 0.38881)  lr 1.00e-03  *
    epoch   84  train 0.55816 (tc 0.46485 hrr 0.31105)  valid 0.74002 (tc 0.62509 hrr 0.38310)  lr 1.00e-03  *
    epoch   85  train 0.55155 (tc 0.45891 hrr 0.30880)  valid 0.73992 (tc 0.62442 hrr 0.38499)  lr 1.00e-03  *
    epoch   86  train 0.55014 (tc 0.45817 hrr 0.30657)  valid 0.73848 (tc 0.62487 hrr 0.37869)  lr 1.00e-03  *
    epoch   87  train 0.54714 (tc 0.45603 hrr 0.30373)  valid 0.73065 (tc 0.61831 hrr 0.37444)  lr 1.00e-03  *
    epoch   89  train 0.54198 (tc 0.45159 hrr 0.30129)  valid 0.72775 (tc 0.61379 hrr 0.37986)  lr 1.00e-03  *
    epoch   90  train 0.53919 (tc 0.44908 hrr 0.30038)  valid 0.73592 (tc 0.62036 hrr 0.38519)  lr 1.00e-03
    epoch   91  train 0.53751 (tc 0.44765 hrr 0.29953)  valid 0.72599 (tc 0.61314 hrr 0.37614)  lr 1.00e-03  *
    epoch   92  train 0.53342 (tc 0.44392 hrr 0.29832)  valid 0.71517 (tc 0.60348 hrr 0.37231)  lr 1.00e-03  *
    epoch   95  train 0.52740 (tc 0.43892 hrr 0.29493)  valid 0.71497 (tc 0.60306 hrr 0.37304)  lr 1.00e-03  *
    epoch   96  train 0.52507 (tc 0.43703 hrr 0.29346)  valid 0.71255 (tc 0.60071 hrr 0.37280)  lr 1.00e-03  *
    epoch  100  train 0.51849 (tc 0.43114 hrr 0.29116)  valid 0.71442 (tc 0.60314 hrr 0.37090)  lr 1.00e-03
    epoch  101  train 0.51968 (tc 0.43207 hrr 0.29202)  valid 0.70680 (tc 0.59639 hrr 0.36804)  lr 1.00e-03  *
    epoch  103  train 0.51926 (tc 0.43173 hrr 0.29177)  valid 0.70402 (tc 0.59484 hrr 0.36392)  lr 1.00e-03  *
    epoch  107  train 0.51201 (tc 0.42528 hrr 0.28913)  valid 0.70396 (tc 0.59372 hrr 0.36746)  lr 1.00e-03  *
    epoch  108  train 0.51082 (tc 0.42434 hrr 0.28827)  valid 0.70202 (tc 0.59238 hrr 0.36546)  lr 1.00e-03  *
    epoch  110  train 0.51033 (tc 0.42403 hrr 0.28766)  valid 0.69916 (tc 0.58949 hrr 0.36557)  lr 1.00e-03  *
    epoch  117  train 0.51896 (tc 0.43023 hrr 0.29577)  valid 0.67696 (tc 0.56776 hrr 0.36400)  lr 1.00e-03  *
    epoch  118  train 0.50890 (tc 0.42144 hrr 0.29153)  valid 0.67633 (tc 0.56501 hrr 0.37107)  lr 1.00e-03  *
    epoch  120  train 0.50010 (tc 0.41458 hrr 0.28507)  valid 0.67108 (tc 0.56221 hrr 0.36290)  lr 1.00e-03  *
    epoch  121  train 0.49941 (tc 0.41405 hrr 0.28451)  valid 0.66561 (tc 0.55865 hrr 0.35654)  lr 1.00e-03  *
    epoch  122  train 0.49683 (tc 0.41189 hrr 0.28311)  valid 0.65981 (tc 0.55185 hrr 0.35987)  lr 1.00e-03  *
    epoch  127  train 0.49145 (tc 0.40733 hrr 0.28040)  valid 0.64676 (tc 0.54012 hrr 0.35547)  lr 1.00e-03  *
    epoch  129  train 0.48196 (tc 0.39853 hrr 0.27812)  valid 0.64088 (tc 0.53394 hrr 0.35646)  lr 1.00e-03  *
    epoch  130  train 0.47125 (tc 0.38777 hrr 0.27827)  valid 0.63114 (tc 0.52330 hrr 0.35946)  lr 1.00e-03  *
    epoch  131  train 0.45380 (tc 0.37049 hrr 0.27772)  valid 0.61267 (tc 0.50504 hrr 0.35875)  lr 1.00e-03  *
    epoch  132  train 0.44127 (tc 0.35818 hrr 0.27697)  valid 0.59920 (tc 0.49182 hrr 0.35791)  lr 1.00e-03  *
    epoch  134  train 0.42692 (tc 0.34439 hrr 0.27509)  valid 0.59572 (tc 0.48865 hrr 0.35691)  lr 1.00e-03  *
    epoch  135  train 0.42168 (tc 0.33926 hrr 0.27473)  valid 0.57966 (tc 0.47339 hrr 0.35425)  lr 1.00e-03  *
    epoch  136  train 0.41741 (tc 0.33509 hrr 0.27440)  valid 0.57422 (tc 0.46939 hrr 0.34944)  lr 1.00e-03  *
    epoch  138  train 0.41180 (tc 0.32954 hrr 0.27420)  valid 0.57207 (tc 0.46756 hrr 0.34837)  lr 1.00e-03  *
    epoch  139  train 0.40827 (tc 0.32661 hrr 0.27221)  valid 0.57194 (tc 0.46720 hrr 0.34914)  lr 1.00e-03  *
    epoch  140  train 0.40608 (tc 0.32473 hrr 0.27116)  valid 0.56223 (tc 0.45887 hrr 0.34452)  lr 1.00e-03  *
    epoch  148  train 0.40067 (tc 0.31976 hrr 0.26970)  valid 0.56002 (tc 0.45566 hrr 0.34789)  lr 1.00e-03  *
    epoch  149  train 0.39923 (tc 0.31863 hrr 0.26865)  valid 0.55999 (tc 0.45580 hrr 0.34732)  lr 1.00e-03  *
    epoch  150  train 0.39745 (tc 0.31711 hrr 0.26781)  valid 0.55743 (tc 0.45250 hrr 0.34976)  lr 1.00e-03  *
    epoch  153  train 0.39714 (tc 0.31711 hrr 0.26676)  valid 0.55714 (tc 0.45137 hrr 0.35257)  lr 1.00e-03  *
    epoch  160  train 0.38965 (tc 0.31050 hrr 0.26382)  valid 0.55367 (tc 0.44598 hrr 0.35896)  lr 1.00e-03  *
    epoch  169  train 0.38239 (tc 0.30451 hrr 0.25959)  valid 0.55111 (tc 0.44677 hrr 0.34780)  lr 1.00e-03  *
    epoch  170  train 0.38112 (tc 0.30350 hrr 0.25875)  valid 0.55701 (tc 0.45159 hrr 0.35141)  lr 1.00e-03
    epoch  174  train 0.38207 (tc 0.30445 hrr 0.25872)  valid 0.54395 (tc 0.44112 hrr 0.34276)  lr 1.00e-03  *
    epoch  175  train 0.38188 (tc 0.30436 hrr 0.25840)  valid 0.54145 (tc 0.43799 hrr 0.34485)  lr 1.00e-03  *
    epoch  177  train 0.37635 (tc 0.29954 hrr 0.25601)  valid 0.53604 (tc 0.43338 hrr 0.34219)  lr 1.00e-03  *
    epoch  178  train 0.37496 (tc 0.29846 hrr 0.25499)  valid 0.53522 (tc 0.43331 hrr 0.33970)  lr 1.00e-03  *
    epoch  180  train 0.37272 (tc 0.29664 hrr 0.25361)  valid 0.53667 (tc 0.43424 hrr 0.34142)  lr 1.00e-03
    epoch  181  train 0.37274 (tc 0.29668 hrr 0.25354)  valid 0.53403 (tc 0.43145 hrr 0.34193)  lr 1.00e-03  *
    epoch  183  train 0.37466 (tc 0.29848 hrr 0.25390)  valid 0.52755 (tc 0.42684 hrr 0.33572)  lr 1.00e-03  *
    epoch  190  train 0.38597 (tc 0.30650 hrr 0.26491)  valid 0.54864 (tc 0.44425 hrr 0.34797)  lr 1.00e-03
    epoch  200  train 0.37203 (tc 0.29631 hrr 0.25240)  valid 0.53780 (tc 0.43870 hrr 0.33035)  lr 5.00e-04
    epoch  203  train 0.36281 (tc 0.28877 hrr 0.24681)  valid 0.52581 (tc 0.42777 hrr 0.32682)  lr 5.00e-04  *
    epoch  204  train 0.36221 (tc 0.28828 hrr 0.24644)  valid 0.52228 (tc 0.42369 hrr 0.32864)  lr 5.00e-04  *
    epoch  208  train 0.35975 (tc 0.28627 hrr 0.24495)  valid 0.51958 (tc 0.42183 hrr 0.32581)  lr 5.00e-04  *
    epoch  210  train 0.35912 (tc 0.28573 hrr 0.24463)  valid 0.52317 (tc 0.42483 hrr 0.32779)  lr 5.00e-04
    epoch  214  train 0.35734 (tc 0.28433 hrr 0.24338)  valid 0.51797 (tc 0.42084 hrr 0.32376)  lr 5.00e-04  *
    epoch  220  train 0.35761 (tc 0.28484 hrr 0.24256)  valid 0.52611 (tc 0.42861 hrr 0.32500)  lr 5.00e-04
    epoch  222  train 0.35626 (tc 0.28366 hrr 0.24199)  valid 0.51780 (tc 0.42118 hrr 0.32206)  lr 5.00e-04  *
    epoch  227  train 0.35566 (tc 0.28330 hrr 0.24119)  valid 0.51508 (tc 0.41787 hrr 0.32403)  lr 5.00e-04  *
    epoch  230  train 0.35421 (tc 0.28207 hrr 0.24047)  valid 0.51851 (tc 0.42198 hrr 0.32177)  lr 5.00e-04
    epoch  239  train 0.35407 (tc 0.28187 hrr 0.24064)  valid 0.51191 (tc 0.41367 hrr 0.32746)  lr 5.00e-04  *
    epoch  240  train 0.35285 (tc 0.28086 hrr 0.23994)  valid 0.51553 (tc 0.41716 hrr 0.32790)  lr 5.00e-04
    epoch  248  train 0.34969 (tc 0.27822 hrr 0.23822)  valid 0.50833 (tc 0.41141 hrr 0.32305)  lr 5.00e-04  *
    epoch  250  train 0.34880 (tc 0.27751 hrr 0.23762)  valid 0.51103 (tc 0.41438 hrr 0.32219)  lr 5.00e-04
    epoch  260  train 0.34673 (tc 0.27585 hrr 0.23624)  valid 0.51937 (tc 0.42249 hrr 0.32290)  lr 5.00e-04
    epoch  267  train 0.34489 (tc 0.27432 hrr 0.23526)  valid 0.50713 (tc 0.41173 hrr 0.31802)  lr 2.50e-04  *
    epoch  268  train 0.34477 (tc 0.27428 hrr 0.23497)  valid 0.50525 (tc 0.41028 hrr 0.31656)  lr 2.50e-04  *
    epoch  270  train 0.34415 (tc 0.27371 hrr 0.23478)  valid 0.50972 (tc 0.41372 hrr 0.31999)  lr 2.50e-04
    epoch  280  train 0.34317 (tc 0.27304 hrr 0.23375)  valid 0.50904 (tc 0.41318 hrr 0.31955)  lr 2.50e-04
    epoch  290  train 0.34196 (tc 0.27185 hrr 0.23370)  valid 0.51839 (tc 0.42058 hrr 0.32605)  lr 1.25e-04
    epoch  298  train 0.34095 (tc 0.27100 hrr 0.23317)  valid 0.50382 (tc 0.40878 hrr 0.31678)  lr 1.25e-04  *
    epoch  300  train 0.34092 (tc 0.27104 hrr 0.23294)  valid 0.50505 (tc 0.40968 hrr 0.31790)  lr 1.25e-04
    epoch  310  train 0.34037 (tc 0.27060 hrr 0.23255)  valid 0.50369 (tc 0.40841 hrr 0.31761)  lr 1.25e-04  *
    epoch  320  train 0.33982 (tc 0.27012 hrr 0.23234)  valid 0.50969 (tc 0.41341 hrr 0.32093)  lr 1.25e-04
    epoch  330  train 0.33945 (tc 0.26987 hrr 0.23193)  valid 0.51297 (tc 0.41597 hrr 0.32333)  lr 6.25e-05
    epoch  340  train 0.33916 (tc 0.26960 hrr 0.23188)  valid 0.50755 (tc 0.41173 hrr 0.31939)  lr 6.25e-05
    epoch  343  train 0.33908 (tc 0.26954 hrr 0.23179)  valid 0.50229 (tc 0.40777 hrr 0.31507)  lr 3.13e-05  *
    epoch  350  train 0.33865 (tc 0.26912 hrr 0.23176)  valid 0.50563 (tc 0.41004 hrr 0.31860)  lr 3.13e-05
    epoch  360  train 0.33845 (tc 0.26902 hrr 0.23144)  valid 0.50539 (tc 0.40980 hrr 0.31863)  lr 1.56e-05
    epoch  370  train 0.33835 (tc 0.26889 hrr 0.23153)  valid 0.50601 (tc 0.41026 hrr 0.31916)  lr 1.56e-05
    epoch  380  train 0.33832 (tc 0.26893 hrr 0.23131)  valid 0.50598 (tc 0.41032 hrr 0.31886)  lr 7.81e-06
    epoch  390  train 0.33836 (tc 0.26893 hrr 0.23143)  valid 0.50650 (tc 0.41069 hrr 0.31938)  lr 7.81e-06
    epoch  400  train 0.33834 (tc 0.26892 hrr 0.23141)  valid 0.50571 (tc 0.41008 hrr 0.31878)  lr 3.91e-06
    early stop at epoch 403 (best 0.50229 @ 343)
    saved models_part1_kan_noreg_seed48\part1_member0.pt  (2.8 min)

  === member 2/3 (seed 49) ===
    [sentinel] weights moved after epoch 0: |dW| = 3.4834e+00
    epoch    0  train 1.89382 (tc 1.47337 hrr 1.40149)  valid 1.52713 (tc 1.24039 hrr 0.95581)  lr 1.00e-03  *
    epoch    1  train 1.32801 (tc 1.11648 hrr 0.70511)  valid 1.40047 (tc 1.18480 hrr 0.71889)  lr 1.00e-03  *
    epoch    2  train 1.23382 (tc 1.05639 hrr 0.59146)  valid 1.34161 (tc 1.14380 hrr 0.65937)  lr 1.00e-03  *
    epoch    3  train 1.17227 (tc 1.00740 hrr 0.54956)  valid 1.28069 (tc 1.09318 hrr 0.62505)  lr 1.00e-03  *
    epoch    4  train 1.11936 (tc 0.96213 hrr 0.52408)  valid 1.23415 (tc 1.05091 hrr 0.61080)  lr 1.00e-03  *
    epoch    5  train 1.07917 (tc 0.92646 hrr 0.50905)  valid 1.22288 (tc 1.04632 hrr 0.58855)  lr 1.00e-03  *
    epoch    6  train 1.04652 (tc 0.89843 hrr 0.49362)  valid 1.16259 (tc 0.98843 hrr 0.58054)  lr 1.00e-03  *
    epoch    7  train 1.01241 (tc 0.86740 hrr 0.48336)  valid 1.15540 (tc 0.98427 hrr 0.57046)  lr 1.00e-03  *
    epoch    8  train 0.99348 (tc 0.85140 hrr 0.47363)  valid 1.10950 (tc 0.93996 hrr 0.56512)  lr 1.00e-03  *
    epoch    9  train 0.97479 (tc 0.83264 hrr 0.47384)  valid 1.08542 (tc 0.92118 hrr 0.54744)  lr 1.00e-03  *
    epoch   10  train 0.95531 (tc 0.81799 hrr 0.45772)  valid 1.07892 (tc 0.91673 hrr 0.54064)  lr 1.00e-03  *
    epoch   11  train 0.94379 (tc 0.80953 hrr 0.44753)  valid 1.06411 (tc 0.90383 hrr 0.53426)  lr 1.00e-03  *
    epoch   12  train 0.93087 (tc 0.79814 hrr 0.44245)  valid 1.04594 (tc 0.88890 hrr 0.52345)  lr 1.00e-03  *
    epoch   13  train 0.91754 (tc 0.78683 hrr 0.43568)  valid 1.03166 (tc 0.87797 hrr 0.51230)  lr 1.00e-03  *
    epoch   14  train 0.90129 (tc 0.77311 hrr 0.42727)  valid 1.02443 (tc 0.87116 hrr 0.51091)  lr 1.00e-03  *
    epoch   15  train 0.88903 (tc 0.76341 hrr 0.41873)  valid 1.01611 (tc 0.86750 hrr 0.49535)  lr 1.00e-03  *
    epoch   16  train 0.88085 (tc 0.75717 hrr 0.41227)  valid 1.01074 (tc 0.86070 hrr 0.50013)  lr 1.00e-03  *
    epoch   18  train 0.88149 (tc 0.75708 hrr 0.41467)  valid 1.00319 (tc 0.85355 hrr 0.49879)  lr 1.00e-03  *
    epoch   19  train 0.86626 (tc 0.74486 hrr 0.40467)  valid 0.99212 (tc 0.84708 hrr 0.48347)  lr 1.00e-03  *
    epoch   20  train 0.85979 (tc 0.73946 hrr 0.40108)  valid 0.99315 (tc 0.84873 hrr 0.48140)  lr 1.00e-03
    epoch   21  train 0.84876 (tc 0.73040 hrr 0.39454)  valid 0.98100 (tc 0.83877 hrr 0.47408)  lr 1.00e-03  *
    epoch   22  train 0.83573 (tc 0.71921 hrr 0.38840)  valid 0.97607 (tc 0.83252 hrr 0.47852)  lr 1.00e-03  *
    epoch   23  train 0.82497 (tc 0.70916 hrr 0.38605)  valid 0.95724 (tc 0.81492 hrr 0.47440)  lr 1.00e-03  *
    epoch   26  train 0.78828 (tc 0.67376 hrr 0.38174)  valid 0.93229 (tc 0.79084 hrr 0.47149)  lr 1.00e-03  *
    epoch   30  train 0.75491 (tc 0.64211 hrr 0.37600)  valid 0.93851 (tc 0.79240 hrr 0.48706)  lr 1.00e-03
    epoch   32  train 0.73128 (tc 0.61994 hrr 0.37114)  valid 0.92778 (tc 0.78581 hrr 0.47323)  lr 1.00e-03  *
    epoch   33  train 0.72141 (tc 0.61165 hrr 0.36587)  valid 0.90480 (tc 0.76545 hrr 0.46450)  lr 1.00e-03  *
    epoch   34  train 0.70423 (tc 0.59594 hrr 0.36099)  valid 0.89110 (tc 0.75232 hrr 0.46258)  lr 1.00e-03  *
    epoch   35  train 0.69461 (tc 0.58714 hrr 0.35824)  valid 0.89102 (tc 0.75279 hrr 0.46076)  lr 1.00e-03  *
    epoch   36  train 0.68521 (tc 0.57822 hrr 0.35664)  valid 0.89049 (tc 0.75257 hrr 0.45973)  lr 1.00e-03  *
    epoch   37  train 0.67736 (tc 0.57144 hrr 0.35304)  valid 0.87085 (tc 0.73533 hrr 0.45175)  lr 1.00e-03  *
    epoch   39  train 0.66402 (tc 0.55894 hrr 0.35028)  valid 0.86013 (tc 0.72499 hrr 0.45047)  lr 1.00e-03  *
    epoch   40  train 0.65776 (tc 0.55345 hrr 0.34771)  valid 0.86120 (tc 0.72665 hrr 0.44851)  lr 1.00e-03
    epoch   42  train 0.65191 (tc 0.54811 hrr 0.34600)  valid 0.85258 (tc 0.71797 hrr 0.44872)  lr 1.00e-03  *
    epoch   43  train 0.64153 (tc 0.53752 hrr 0.34668)  valid 0.84552 (tc 0.71143 hrr 0.44695)  lr 1.00e-03  *
    epoch   44  train 0.63345 (tc 0.53021 hrr 0.34412)  valid 0.83660 (tc 0.70276 hrr 0.44613)  lr 1.00e-03  *
    epoch   45  train 0.62583 (tc 0.52312 hrr 0.34237)  valid 0.82458 (tc 0.69051 hrr 0.44689)  lr 1.00e-03  *
    epoch   47  train 0.61081 (tc 0.50851 hrr 0.34101)  valid 0.81517 (tc 0.68193 hrr 0.44413)  lr 1.00e-03  *
    epoch   49  train 0.60692 (tc 0.50403 hrr 0.34297)  valid 0.81389 (tc 0.68181 hrr 0.44024)  lr 1.00e-03  *
    epoch   50  train 0.61285 (tc 0.50938 hrr 0.34491)  valid 0.80949 (tc 0.67688 hrr 0.44206)  lr 1.00e-03  *
    epoch   51  train 0.61295 (tc 0.50885 hrr 0.34702)  valid 0.80884 (tc 0.67718 hrr 0.43887)  lr 1.00e-03  *
    epoch   52  train 0.59725 (tc 0.49550 hrr 0.33915)  valid 0.79361 (tc 0.66332 hrr 0.43427)  lr 1.00e-03  *
    epoch   54  train 0.58001 (tc 0.47941 hrr 0.33533)  valid 0.78569 (tc 0.65621 hrr 0.43160)  lr 1.00e-03  *
    epoch   56  train 0.56971 (tc 0.47051 hrr 0.33066)  valid 0.78138 (tc 0.65259 hrr 0.42929)  lr 1.00e-03  *
    epoch   58  train 0.56708 (tc 0.46782 hrr 0.33089)  valid 0.76866 (tc 0.64036 hrr 0.42766)  lr 1.00e-03  *
    epoch   60  train 0.55809 (tc 0.46031 hrr 0.32592)  valid 0.76540 (tc 0.64008 hrr 0.41773)  lr 1.00e-03  *
    epoch   61  train 0.55299 (tc 0.45580 hrr 0.32395)  valid 0.76517 (tc 0.63816 hrr 0.42338)  lr 1.00e-03  *
    epoch   62  train 0.54647 (tc 0.44945 hrr 0.32338)  valid 0.75855 (tc 0.63153 hrr 0.42339)  lr 1.00e-03  *
    epoch   63  train 0.54245 (tc 0.44576 hrr 0.32230)  valid 0.75717 (tc 0.62819 hrr 0.42993)  lr 1.00e-03  *
    epoch   64  train 0.53947 (tc 0.44308 hrr 0.32129)  valid 0.74745 (tc 0.62039 hrr 0.42355)  lr 1.00e-03  *
    epoch   65  train 0.53579 (tc 0.43956 hrr 0.32076)  valid 0.74568 (tc 0.61880 hrr 0.42292)  lr 1.00e-03  *
    epoch   66  train 0.53113 (tc 0.43538 hrr 0.31917)  valid 0.73734 (tc 0.61226 hrr 0.41694)  lr 1.00e-03  *
    epoch   67  train 0.52810 (tc 0.43254 hrr 0.31851)  valid 0.73174 (tc 0.60631 hrr 0.41811)  lr 1.00e-03  *
    epoch   69  train 0.52009 (tc 0.42509 hrr 0.31665)  valid 0.72315 (tc 0.59800 hrr 0.41718)  lr 1.00e-03  *
    epoch   70  train 0.51890 (tc 0.42412 hrr 0.31594)  valid 0.72995 (tc 0.60318 hrr 0.42255)  lr 1.00e-03
    epoch   71  train 0.51853 (tc 0.42340 hrr 0.31710)  valid 0.71236 (tc 0.58752 hrr 0.41616)  lr 1.00e-03  *
    epoch   72  train 0.51381 (tc 0.41902 hrr 0.31598)  valid 0.70868 (tc 0.58443 hrr 0.41417)  lr 1.00e-03  *
    epoch   73  train 0.50906 (tc 0.41435 hrr 0.31568)  valid 0.70663 (tc 0.58246 hrr 0.41388)  lr 1.00e-03  *
    epoch   74  train 0.50351 (tc 0.40915 hrr 0.31454)  valid 0.70015 (tc 0.57619 hrr 0.41319)  lr 1.00e-03  *
    epoch   75  train 0.49858 (tc 0.40473 hrr 0.31286)  valid 0.69709 (tc 0.57372 hrr 0.41123)  lr 1.00e-03  *
    epoch   76  train 0.49387 (tc 0.40017 hrr 0.31234)  valid 0.68506 (tc 0.56048 hrr 0.41530)  lr 1.00e-03  *
    epoch   77  train 0.48916 (tc 0.39582 hrr 0.31113)  valid 0.67894 (tc 0.55443 hrr 0.41502)  lr 1.00e-03  *
    epoch   78  train 0.47867 (tc 0.38558 hrr 0.31030)  valid 0.66546 (tc 0.54145 hrr 0.41338)  lr 1.00e-03  *
    epoch   79  train 0.47071 (tc 0.37753 hrr 0.31060)  valid 0.66130 (tc 0.53689 hrr 0.41469)  lr 1.00e-03  *
    epoch   80  train 0.46488 (tc 0.37192 hrr 0.30987)  valid 0.65794 (tc 0.53427 hrr 0.41222)  lr 1.00e-03  *
    epoch   82  train 0.45533 (tc 0.36255 hrr 0.30928)  valid 0.64905 (tc 0.52572 hrr 0.41109)  lr 1.00e-03  *
    epoch   83  train 0.44983 (tc 0.35724 hrr 0.30861)  valid 0.64598 (tc 0.52262 hrr 0.41121)  lr 1.00e-03  *
    epoch   84  train 0.44185 (tc 0.34985 hrr 0.30665)  valid 0.62840 (tc 0.50552 hrr 0.40961)  lr 1.00e-03  *
    epoch   85  train 0.43427 (tc 0.34233 hrr 0.30646)  valid 0.62066 (tc 0.49816 hrr 0.40836)  lr 1.00e-03  *
    epoch   86  train 0.42949 (tc 0.33782 hrr 0.30556)  valid 0.61862 (tc 0.49637 hrr 0.40748)  lr 1.00e-03  *
    epoch   87  train 0.42646 (tc 0.33444 hrr 0.30674)  valid 0.60806 (tc 0.48832 hrr 0.39914)  lr 1.00e-03  *
    epoch   89  train 0.42125 (tc 0.32927 hrr 0.30657)  valid 0.60446 (tc 0.48201 hrr 0.40814)  lr 1.00e-03  *
    epoch   90  train 0.41535 (tc 0.32386 hrr 0.30497)  valid 0.60051 (tc 0.47793 hrr 0.40860)  lr 1.00e-03  *
    epoch   91  train 0.41050 (tc 0.31966 hrr 0.30280)  valid 0.60012 (tc 0.47728 hrr 0.40946)  lr 1.00e-03  *
    epoch   92  train 0.40748 (tc 0.31718 hrr 0.30100)  valid 0.58821 (tc 0.46778 hrr 0.40143)  lr 1.00e-03  *
    epoch   93  train 0.40409 (tc 0.31382 hrr 0.30088)  valid 0.58672 (tc 0.46715 hrr 0.39856)  lr 1.00e-03  *
    epoch   94  train 0.39964 (tc 0.30982 hrr 0.29940)  valid 0.58532 (tc 0.46628 hrr 0.39682)  lr 1.00e-03  *
    epoch   95  train 0.39580 (tc 0.30620 hrr 0.29865)  valid 0.58221 (tc 0.46253 hrr 0.39892)  lr 1.00e-03  *
    epoch   98  train 0.38843 (tc 0.29920 hrr 0.29741)  valid 0.57706 (tc 0.45704 hrr 0.40007)  lr 1.00e-03  *
    epoch   99  train 0.38637 (tc 0.29719 hrr 0.29728)  valid 0.57242 (tc 0.45351 hrr 0.39635)  lr 1.00e-03  *
    epoch  100  train 0.38357 (tc 0.29473 hrr 0.29614)  valid 0.57077 (tc 0.45061 hrr 0.40055)  lr 1.00e-03  *
    epoch  103  train 0.37653 (tc 0.28857 hrr 0.29320)  valid 0.56876 (tc 0.44827 hrr 0.40163)  lr 1.00e-03  *
    epoch  105  train 0.37374 (tc 0.28613 hrr 0.29204)  valid 0.56706 (tc 0.44768 hrr 0.39792)  lr 1.00e-03  *
    epoch  106  train 0.37065 (tc 0.28328 hrr 0.29121)  valid 0.55773 (tc 0.43943 hrr 0.39431)  lr 1.00e-03  *
    epoch  107  train 0.36967 (tc 0.28234 hrr 0.29110)  valid 0.55575 (tc 0.43725 hrr 0.39500)  lr 1.00e-03  *
    epoch  109  train 0.36587 (tc 0.27904 hrr 0.28946)  valid 0.55498 (tc 0.43624 hrr 0.39579)  lr 1.00e-03  *
    epoch  110  train 0.36478 (tc 0.27810 hrr 0.28895)  valid 0.55571 (tc 0.43742 hrr 0.39430)  lr 1.00e-03
    epoch  111  train 0.36322 (tc 0.27662 hrr 0.28864)  valid 0.55480 (tc 0.43593 hrr 0.39622)  lr 1.00e-03  *
    epoch  112  train 0.36132 (tc 0.27486 hrr 0.28820)  valid 0.55205 (tc 0.43261 hrr 0.39813)  lr 1.00e-03  *
    epoch  113  train 0.36019 (tc 0.27380 hrr 0.28797)  valid 0.55122 (tc 0.43364 hrr 0.39193)  lr 1.00e-03  *
    epoch  118  train 0.35451 (tc 0.26884 hrr 0.28556)  valid 0.54525 (tc 0.42734 hrr 0.39301)  lr 1.00e-03  *
    epoch  120  train 0.35237 (tc 0.26700 hrr 0.28456)  valid 0.54455 (tc 0.42706 hrr 0.39161)  lr 1.00e-03  *
    epoch  121  train 0.35065 (tc 0.26550 hrr 0.28384)  valid 0.53747 (tc 0.42168 hrr 0.38596)  lr 1.00e-03  *
    epoch  126  train 0.34325 (tc 0.25902 hrr 0.28078)  valid 0.53191 (tc 0.41598 hrr 0.38642)  lr 1.00e-03  *
    epoch  130  train 0.33782 (tc 0.25439 hrr 0.27809)  valid 0.53451 (tc 0.41654 hrr 0.39325)  lr 1.00e-03
    epoch  131  train 0.33743 (tc 0.25402 hrr 0.27803)  valid 0.53093 (tc 0.41493 hrr 0.38669)  lr 1.00e-03  *
    epoch  132  train 0.33709 (tc 0.25380 hrr 0.27764)  valid 0.53076 (tc 0.41416 hrr 0.38866)  lr 1.00e-03  *
    epoch  134  train 0.33478 (tc 0.25176 hrr 0.27674)  valid 0.52805 (tc 0.41185 hrr 0.38734)  lr 1.00e-03  *
    epoch  140  train 0.33769 (tc 0.25460 hrr 0.27698)  valid 0.53650 (tc 0.41748 hrr 0.39676)  lr 1.00e-03
    epoch  141  train 0.33740 (tc 0.25425 hrr 0.27719)  valid 0.52642 (tc 0.41107 hrr 0.38448)  lr 1.00e-03  *
    epoch  145  train 0.32876 (tc 0.24660 hrr 0.27386)  valid 0.52391 (tc 0.40799 hrr 0.38639)  lr 1.00e-03  *
    epoch  146  train 0.32958 (tc 0.24745 hrr 0.27375)  valid 0.52049 (tc 0.40577 hrr 0.38241)  lr 1.00e-03  *
    epoch  148  train 0.32535 (tc 0.24384 hrr 0.27169)  valid 0.51695 (tc 0.40373 hrr 0.37741)  lr 1.00e-03  *
    epoch  150  train 0.32482 (tc 0.24335 hrr 0.27155)  valid 0.52420 (tc 0.40768 hrr 0.38841)  lr 1.00e-03
    epoch  158  train 0.32835 (tc 0.24656 hrr 0.27264)  valid 0.50818 (tc 0.39508 hrr 0.37700)  lr 1.00e-03  *
    epoch  160  train 0.32260 (tc 0.24142 hrr 0.27060)  valid 0.51965 (tc 0.40501 hrr 0.38213)  lr 1.00e-03
    epoch  170  train 0.31959 (tc 0.23961 hrr 0.26662)  valid 0.51647 (tc 0.40351 hrr 0.37656)  lr 1.00e-03
    epoch  173  train 0.31364 (tc 0.23445 hrr 0.26395)  valid 0.50621 (tc 0.39407 hrr 0.37381)  lr 1.00e-03  *
    epoch  174  train 0.31171 (tc 0.23273 hrr 0.26328)  valid 0.50405 (tc 0.39224 hrr 0.37271)  lr 1.00e-03  *
    epoch  175  train 0.30979 (tc 0.23103 hrr 0.26252)  valid 0.50162 (tc 0.38994 hrr 0.37227)  lr 1.00e-03  *
    epoch  178  train 0.30670 (tc 0.22847 hrr 0.26076)  valid 0.49929 (tc 0.38718 hrr 0.37369)  lr 1.00e-03  *
    epoch  180  train 0.30827 (tc 0.22985 hrr 0.26139)  valid 0.50374 (tc 0.39233 hrr 0.37137)  lr 1.00e-03
    epoch  181  train 0.30947 (tc 0.23126 hrr 0.26070)  valid 0.49628 (tc 0.38527 hrr 0.37001)  lr 1.00e-03  *
    epoch  190  train 0.32718 (tc 0.24590 hrr 0.27095)  valid 0.53232 (tc 0.41537 hrr 0.38983)  lr 1.00e-03
    epoch  198  train 0.31959 (tc 0.23964 hrr 0.26649)  valid 0.48577 (tc 0.37953 hrr 0.35413)  lr 5.00e-04  *
    epoch  200  train 0.30819 (tc 0.23019 hrr 0.26000)  valid 0.48813 (tc 0.38102 hrr 0.35700)  lr 5.00e-04
    epoch  201  train 0.30482 (tc 0.22753 hrr 0.25766)  valid 0.48278 (tc 0.37637 hrr 0.35468)  lr 5.00e-04  *
    epoch  202  train 0.30169 (tc 0.22479 hrr 0.25634)  valid 0.48140 (tc 0.37479 hrr 0.35536)  lr 5.00e-04  *
    epoch  210  train 0.29604 (tc 0.22020 hrr 0.25281)  valid 0.48665 (tc 0.37927 hrr 0.35795)  lr 5.00e-04
    epoch  219  train 0.29188 (tc 0.21678 hrr 0.25034)  valid 0.48074 (tc 0.37502 hrr 0.35241)  lr 2.50e-04  *
    epoch  220  train 0.29130 (tc 0.21638 hrr 0.24975)  valid 0.48121 (tc 0.37538 hrr 0.35276)  lr 2.50e-04
    epoch  221  train 0.29098 (tc 0.21603 hrr 0.24983)  valid 0.48040 (tc 0.37486 hrr 0.35181)  lr 2.50e-04  *
    epoch  223  train 0.29048 (tc 0.21568 hrr 0.24933)  valid 0.47973 (tc 0.37389 hrr 0.35282)  lr 2.50e-04  *
    epoch  225  train 0.29038 (tc 0.21558 hrr 0.24933)  valid 0.47961 (tc 0.37399 hrr 0.35207)  lr 2.50e-04  *
    epoch  226  train 0.29026 (tc 0.21548 hrr 0.24927)  valid 0.47930 (tc 0.37397 hrr 0.35109)  lr 2.50e-04  *
    epoch  230  train 0.28915 (tc 0.21451 hrr 0.24880)  valid 0.48053 (tc 0.37423 hrr 0.35434)  lr 2.50e-04
    epoch  232  train 0.28880 (tc 0.21433 hrr 0.24823)  valid 0.47850 (tc 0.37315 hrr 0.35116)  lr 2.50e-04  *
    epoch  240  train 0.28733 (tc 0.21321 hrr 0.24707)  valid 0.48039 (tc 0.37420 hrr 0.35395)  lr 2.50e-04
    epoch  250  train 0.28618 (tc 0.21238 hrr 0.24602)  valid 0.48206 (tc 0.37612 hrr 0.35311)  lr 1.25e-04
    epoch  260  train 0.28604 (tc 0.21242 hrr 0.24541)  valid 0.48067 (tc 0.37545 hrr 0.35072)  lr 1.25e-04
    epoch  270  train 0.28477 (tc 0.21125 hrr 0.24507)  valid 0.47985 (tc 0.37472 hrr 0.35046)  lr 6.25e-05
    epoch  280  train 0.28465 (tc 0.21123 hrr 0.24474)  valid 0.48059 (tc 0.37517 hrr 0.35140)  lr 3.13e-05
    epoch  290  train 0.28428 (tc 0.21090 hrr 0.24458)  valid 0.48112 (tc 0.37589 hrr 0.35077)  lr 3.13e-05
    early stop at epoch 292 (best 0.47850 @ 232)
    saved models_part1_kan_noreg_seed48\part1_member1.pt  (2.1 min)

  === member 3/3 (seed 50) ===
    [sentinel] weights moved after epoch 0: |dW| = 3.3408e+00
    epoch    0  train 1.81054 (tc 1.43098 hrr 1.26518)  valid 1.54441 (tc 1.27012 hrr 0.91432)  lr 1.00e-03  *
    epoch    1  train 1.36152 (tc 1.15622 hrr 0.68434)  valid 1.43658 (tc 1.23824 hrr 0.66114)  lr 1.00e-03  *
    epoch    2  train 1.21855 (tc 1.05221 hrr 0.55449)  valid 1.25715 (tc 1.07851 hrr 0.59548)  lr 1.00e-03  *
    epoch    3  train 1.09160 (tc 0.93539 hrr 0.52070)  valid 1.22776 (tc 1.05157 hrr 0.58730)  lr 1.00e-03  *
    epoch    4  train 1.06483 (tc 0.91159 hrr 0.51080)  valid 1.19912 (tc 1.02502 hrr 0.58034)  lr 1.00e-03  *
    epoch    5  train 1.02717 (tc 0.88022 hrr 0.48983)  valid 1.18078 (tc 1.00942 hrr 0.57120)  lr 1.00e-03  *
    epoch    6  train 1.00024 (tc 0.85693 hrr 0.47771)  valid 1.17176 (tc 1.00127 hrr 0.56831)  lr 1.00e-03  *
    epoch    7  train 0.97506 (tc 0.83395 hrr 0.47037)  valid 1.16138 (tc 0.99245 hrr 0.56313)  lr 1.00e-03  *
    epoch    8  train 0.95491 (tc 0.81606 hrr 0.46284)  valid 1.13787 (tc 0.97077 hrr 0.55701)  lr 1.00e-03  *
    epoch    9  train 0.93373 (tc 0.79794 hrr 0.45262)  valid 1.11506 (tc 0.95053 hrr 0.54843)  lr 1.00e-03  *
    epoch   10  train 0.91914 (tc 0.78482 hrr 0.44775)  valid 1.08613 (tc 0.92384 hrr 0.54100)  lr 1.00e-03  *
    epoch   12  train 0.88696 (tc 0.75488 hrr 0.44025)  valid 1.06851 (tc 0.90555 hrr 0.54319)  lr 1.00e-03  *
    epoch   13  train 0.87139 (tc 0.74012 hrr 0.43758)  valid 1.05277 (tc 0.89413 hrr 0.52882)  lr 1.00e-03  *
    epoch   14  train 0.85781 (tc 0.72877 hrr 0.43011)  valid 1.03445 (tc 0.87529 hrr 0.53053)  lr 1.00e-03  *
    epoch   15  train 0.84950 (tc 0.72119 hrr 0.42769)  valid 1.03349 (tc 0.87193 hrr 0.53853)  lr 1.00e-03  *
    epoch   16  train 0.83365 (tc 0.70738 hrr 0.42090)  valid 1.02079 (tc 0.86380 hrr 0.52331)  lr 1.00e-03  *
    epoch   17  train 0.82191 (tc 0.69745 hrr 0.41487)  valid 1.00227 (tc 0.84809 hrr 0.51393)  lr 1.00e-03  *
    epoch   18  train 0.80544 (tc 0.68223 hrr 0.41070)  valid 0.98452 (tc 0.83209 hrr 0.50811)  lr 1.00e-03  *
    epoch   19  train 0.79977 (tc 0.67765 hrr 0.40708)  valid 0.97654 (tc 0.82600 hrr 0.50179)  lr 1.00e-03  *
    epoch   20  train 0.79458 (tc 0.67171 hrr 0.40956)  valid 0.99750 (tc 0.84487 hrr 0.50876)  lr 1.00e-03
    epoch   21  train 0.79752 (tc 0.67434 hrr 0.41061)  valid 0.97340 (tc 0.82394 hrr 0.49818)  lr 1.00e-03  *
    epoch   22  train 0.78110 (tc 0.66076 hrr 0.40115)  valid 0.95750 (tc 0.80821 hrr 0.49764)  lr 1.00e-03  *
    epoch   25  train 0.75784 (tc 0.64073 hrr 0.39038)  valid 0.95143 (tc 0.80386 hrr 0.49190)  lr 1.00e-03  *
    epoch   26  train 0.75125 (tc 0.63522 hrr 0.38675)  valid 0.94328 (tc 0.80074 hrr 0.47513)  lr 1.00e-03  *
    epoch   27  train 0.74883 (tc 0.63317 hrr 0.38552)  valid 0.93837 (tc 0.79516 hrr 0.47734)  lr 1.00e-03  *
    epoch   28  train 0.74008 (tc 0.62521 hrr 0.38291)  valid 0.93506 (tc 0.79092 hrr 0.48045)  lr 1.00e-03  *
    epoch   29  train 0.73254 (tc 0.61840 hrr 0.38049)  valid 0.92700 (tc 0.78475 hrr 0.47417)  lr 1.00e-03  *
    epoch   30  train 0.72001 (tc 0.60797 hrr 0.37345)  valid 0.92022 (tc 0.78118 hrr 0.46345)  lr 1.00e-03  *
    epoch   31  train 0.71759 (tc 0.60612 hrr 0.37155)  valid 0.91905 (tc 0.77948 hrr 0.46522)  lr 1.00e-03  *
    epoch   32  train 0.71531 (tc 0.60466 hrr 0.36883)  valid 0.90131 (tc 0.76225 hrr 0.46353)  lr 1.00e-03  *
    epoch   33  train 0.70467 (tc 0.59466 hrr 0.36670)  valid 0.88566 (tc 0.74914 hrr 0.45508)  lr 1.00e-03  *
    epoch   34  train 0.69636 (tc 0.58741 hrr 0.36318)  valid 0.87713 (tc 0.74211 hrr 0.45005)  lr 1.00e-03  *
    epoch   37  train 0.67708 (tc 0.56924 hrr 0.35946)  valid 0.86563 (tc 0.73115 hrr 0.44825)  lr 1.00e-03  *
    epoch   39  train 0.66787 (tc 0.56121 hrr 0.35552)  valid 0.86024 (tc 0.72545 hrr 0.44931)  lr 1.00e-03  *
    epoch   40  train 0.66442 (tc 0.55707 hrr 0.35785)  valid 0.84736 (tc 0.71379 hrr 0.44524)  lr 1.00e-03  *
    epoch   41  train 0.65859 (tc 0.55242 hrr 0.35390)  valid 0.84725 (tc 0.71514 hrr 0.44038)  lr 1.00e-03  *
    epoch   43  train 0.65652 (tc 0.54908 hrr 0.35812)  valid 0.84530 (tc 0.70482 hrr 0.46825)  lr 1.00e-03  *
    epoch   44  train 0.65258 (tc 0.54415 hrr 0.36143)  valid 0.83053 (tc 0.69710 hrr 0.44477)  lr 1.00e-03  *
    epoch   45  train 0.64064 (tc 0.53490 hrr 0.35247)  valid 0.82851 (tc 0.69550 hrr 0.44339)  lr 1.00e-03  *
    epoch   46  train 0.63381 (tc 0.52930 hrr 0.34838)  valid 0.81844 (tc 0.68702 hrr 0.43807)  lr 1.00e-03  *
    epoch   47  train 0.62481 (tc 0.52104 hrr 0.34590)  valid 0.81070 (tc 0.68048 hrr 0.43408)  lr 1.00e-03  *
    epoch   48  train 0.61934 (tc 0.51671 hrr 0.34211)  valid 0.79795 (tc 0.67053 hrr 0.42473)  lr 1.00e-03  *
    epoch   50  train 0.60711 (tc 0.50531 hrr 0.33934)  valid 0.79765 (tc 0.66678 hrr 0.43621)  lr 1.00e-03  *
    epoch   52  train 0.60048 (tc 0.49914 hrr 0.33779)  valid 0.78310 (tc 0.65719 hrr 0.41971)  lr 1.00e-03  *
    epoch   54  train 0.58944 (tc 0.48841 hrr 0.33674)  valid 0.76632 (tc 0.64030 hrr 0.42004)  lr 1.00e-03  *
    epoch   55  train 0.58199 (tc 0.48146 hrr 0.33509)  valid 0.75633 (tc 0.63245 hrr 0.41293)  lr 1.00e-03  *
    epoch   56  train 0.57456 (tc 0.47491 hrr 0.33216)  valid 0.75430 (tc 0.63031 hrr 0.41329)  lr 1.00e-03  *
    epoch   57  train 0.56972 (tc 0.47025 hrr 0.33155)  valid 0.74049 (tc 0.61704 hrr 0.41150)  lr 1.00e-03  *
    epoch   59  train 0.55917 (tc 0.46015 hrr 0.33007)  valid 0.73281 (tc 0.61011 hrr 0.40899)  lr 1.00e-03  *
    epoch   60  train 0.55211 (tc 0.45348 hrr 0.32876)  valid 0.72673 (tc 0.60287 hrr 0.41287)  lr 1.00e-03  *
    epoch   61  train 0.54628 (tc 0.44778 hrr 0.32835)  valid 0.71746 (tc 0.59477 hrr 0.40896)  lr 1.00e-03  *
    epoch   62  train 0.54026 (tc 0.44195 hrr 0.32770)  valid 0.71356 (tc 0.59006 hrr 0.41167)  lr 1.00e-03  *
    epoch   63  train 0.53342 (tc 0.43546 hrr 0.32653)  valid 0.70901 (tc 0.58573 hrr 0.41092)  lr 1.00e-03  *
    epoch   64  train 0.52557 (tc 0.42859 hrr 0.32325)  valid 0.69591 (tc 0.57519 hrr 0.40241)  lr 1.00e-03  *
    epoch   65  train 0.51817 (tc 0.42175 hrr 0.32141)  valid 0.69180 (tc 0.57065 hrr 0.40384)  lr 1.00e-03  *
    epoch   66  train 0.51319 (tc 0.41692 hrr 0.32090)  valid 0.68466 (tc 0.56463 hrr 0.40012)  lr 1.00e-03  *
    epoch   67  train 0.50789 (tc 0.41183 hrr 0.32020)  valid 0.68094 (tc 0.56006 hrr 0.40293)  lr 1.00e-03  *
    epoch   68  train 0.50134 (tc 0.40580 hrr 0.31846)  valid 0.67202 (tc 0.55195 hrr 0.40023)  lr 1.00e-03  *
    epoch   69  train 0.49561 (tc 0.40032 hrr 0.31763)  valid 0.66737 (tc 0.54642 hrr 0.40316)  lr 1.00e-03  *
    epoch   70  train 0.48994 (tc 0.39490 hrr 0.31683)  valid 0.66232 (tc 0.54101 hrr 0.40436)  lr 1.00e-03  *
    epoch   71  train 0.48546 (tc 0.39032 hrr 0.31713)  valid 0.66073 (tc 0.53814 hrr 0.40864)  lr 1.00e-03  *
    epoch   72  train 0.48269 (tc 0.38784 hrr 0.31614)  valid 0.65698 (tc 0.53597 hrr 0.40336)  lr 1.00e-03  *
    epoch   73  train 0.47879 (tc 0.38408 hrr 0.31568)  valid 0.64873 (tc 0.52903 hrr 0.39900)  lr 1.00e-03  *
    epoch   74  train 0.47298 (tc 0.37832 hrr 0.31553)  valid 0.64448 (tc 0.52312 hrr 0.40453)  lr 1.00e-03  *
    epoch   75  train 0.46612 (tc 0.37173 hrr 0.31463)  valid 0.63238 (tc 0.51423 hrr 0.39385)  lr 1.00e-03  *
    epoch   78  train 0.45680 (tc 0.36261 hrr 0.31398)  valid 0.61841 (tc 0.50101 hrr 0.39134)  lr 1.00e-03  *
    epoch   80  train 0.44889 (tc 0.35522 hrr 0.31222)  valid 0.61424 (tc 0.49688 hrr 0.39121)  lr 1.00e-03  *
    epoch   81  train 0.44406 (tc 0.35160 hrr 0.30821)  valid 0.60910 (tc 0.49143 hrr 0.39223)  lr 1.00e-03  *
    epoch   84  train 0.43301 (tc 0.34200 hrr 0.30339)  valid 0.59628 (tc 0.48026 hrr 0.38672)  lr 1.00e-03  *
    epoch   86  train 0.42904 (tc 0.33823 hrr 0.30272)  valid 0.59321 (tc 0.47639 hrr 0.38939)  lr 1.00e-03  *
    epoch   88  train 0.42328 (tc 0.33269 hrr 0.30195)  valid 0.58727 (tc 0.47077 hrr 0.38832)  lr 1.00e-03  *
    epoch   90  train 0.42516 (tc 0.33460 hrr 0.30188)  valid 0.58802 (tc 0.47285 hrr 0.38389)  lr 1.00e-03
    epoch   92  train 0.41735 (tc 0.32765 hrr 0.29901)  valid 0.57246 (tc 0.45930 hrr 0.37722)  lr 1.00e-03  *
    epoch   97  train 0.40885 (tc 0.32069 hrr 0.29387)  valid 0.56861 (tc 0.45516 hrr 0.37815)  lr 1.00e-03  *
    epoch  100  train 0.40376 (tc 0.31632 hrr 0.29145)  valid 0.56674 (tc 0.45394 hrr 0.37599)  lr 1.00e-03  *
    epoch  101  train 0.40090 (tc 0.31386 hrr 0.29012)  valid 0.55872 (tc 0.44629 hrr 0.37476)  lr 1.00e-03  *
    epoch  102  train 0.39799 (tc 0.31152 hrr 0.28822)  valid 0.55745 (tc 0.44645 hrr 0.36998)  lr 1.00e-03  *
    epoch  104  train 0.39437 (tc 0.30848 hrr 0.28630)  valid 0.55675 (tc 0.44464 hrr 0.37369)  lr 1.00e-03  *
    epoch  105  train 0.39298 (tc 0.30725 hrr 0.28578)  valid 0.55494 (tc 0.44297 hrr 0.37324)  lr 1.00e-03  *
    epoch  106  train 0.39178 (tc 0.30620 hrr 0.28526)  valid 0.55052 (tc 0.44021 hrr 0.36772)  lr 1.00e-03  *
    epoch  110  train 0.39265 (tc 0.30682 hrr 0.28610)  valid 0.55493 (tc 0.44468 hrr 0.36751)  lr 1.00e-03
    epoch  111  train 0.39201 (tc 0.30591 hrr 0.28702)  valid 0.54998 (tc 0.43917 hrr 0.36934)  lr 1.00e-03  *
    epoch  115  train 0.38288 (tc 0.29889 hrr 0.27998)  valid 0.54581 (tc 0.43602 hrr 0.36598)  lr 1.00e-03  *
    epoch  120  train 0.38214 (tc 0.29803 hrr 0.28036)  valid 0.55070 (tc 0.43901 hrr 0.37228)  lr 1.00e-03
    epoch  121  train 0.37846 (tc 0.29523 hrr 0.27742)  valid 0.53611 (tc 0.42757 hrr 0.36181)  lr 1.00e-03  *
    epoch  123  train 0.37291 (tc 0.29083 hrr 0.27360)  valid 0.53581 (tc 0.42681 hrr 0.36332)  lr 1.00e-03  *
    epoch  124  train 0.37076 (tc 0.28901 hrr 0.27250)  valid 0.53044 (tc 0.42186 hrr 0.36191)  lr 1.00e-03  *
    epoch  127  train 0.36861 (tc 0.28751 hrr 0.27033)  valid 0.52565 (tc 0.41872 hrr 0.35642)  lr 1.00e-03  *
    epoch  130  train 0.36553 (tc 0.28481 hrr 0.26903)  valid 0.52664 (tc 0.41966 hrr 0.35658)  lr 1.00e-03
    epoch  131  train 0.36342 (tc 0.28300 hrr 0.26806)  valid 0.52192 (tc 0.41627 hrr 0.35216)  lr 1.00e-03  *
    epoch  133  train 0.36017 (tc 0.28028 hrr 0.26630)  valid 0.51815 (tc 0.41327 hrr 0.34960)  lr 1.00e-03  *
    epoch  136  train 0.35722 (tc 0.27818 hrr 0.26348)  valid 0.51622 (tc 0.41175 hrr 0.34824)  lr 1.00e-03  *
    epoch  137  train 0.35680 (tc 0.27772 hrr 0.26357)  valid 0.51337 (tc 0.40988 hrr 0.34498)  lr 1.00e-03  *
    epoch  139  train 0.35531 (tc 0.27657 hrr 0.26245)  valid 0.50737 (tc 0.40489 hrr 0.34160)  lr 1.00e-03  *
    epoch  140  train 0.35575 (tc 0.27679 hrr 0.26320)  valid 0.51575 (tc 0.41121 hrr 0.34845)  lr 1.00e-03
    epoch  146  train 0.35353 (tc 0.27549 hrr 0.26013)  valid 0.50709 (tc 0.40369 hrr 0.34467)  lr 1.00e-03  *
    epoch  150  train 0.35429 (tc 0.27591 hrr 0.26126)  valid 0.51511 (tc 0.41012 hrr 0.34996)  lr 1.00e-03
    epoch  160  train 0.34559 (tc 0.26878 hrr 0.25604)  valid 0.50282 (tc 0.39946 hrr 0.34454)  lr 1.00e-03  *
    epoch  164  train 0.34436 (tc 0.26750 hrr 0.25619)  valid 0.50039 (tc 0.39840 hrr 0.33996)  lr 1.00e-03  *
    epoch  167  train 0.34035 (tc 0.26447 hrr 0.25294)  valid 0.49672 (tc 0.39433 hrr 0.34129)  lr 1.00e-03  *
    epoch  168  train 0.34001 (tc 0.26422 hrr 0.25263)  valid 0.49563 (tc 0.39350 hrr 0.34041)  lr 1.00e-03  *
    epoch  170  train 0.34430 (tc 0.26754 hrr 0.25584)  valid 0.49879 (tc 0.39684 hrr 0.33984)  lr 1.00e-03
    epoch  171  train 0.34000 (tc 0.26373 hrr 0.25423)  valid 0.48543 (tc 0.38619 hrr 0.33078)  lr 1.00e-03  *
    epoch  175  train 0.33478 (tc 0.25964 hrr 0.25044)  valid 0.48437 (tc 0.38382 hrr 0.33516)  lr 1.00e-03  *
    epoch  180  train 0.33457 (tc 0.25951 hrr 0.25017)  valid 0.49116 (tc 0.39000 hrr 0.33719)  lr 1.00e-03
    epoch  190  train 0.33434 (tc 0.25954 hrr 0.24933)  valid 0.48580 (tc 0.38601 hrr 0.33265)  lr 1.00e-03
    epoch  191  train 0.33262 (tc 0.25793 hrr 0.24897)  valid 0.48081 (tc 0.38371 hrr 0.32366)  lr 1.00e-03  *
    epoch  194  train 0.32834 (tc 0.25422 hrr 0.24707)  valid 0.47207 (tc 0.37575 hrr 0.32107)  lr 1.00e-03  *
    epoch  200  train 0.32725 (tc 0.25336 hrr 0.24630)  valid 0.49028 (tc 0.39234 hrr 0.32647)  lr 1.00e-03
    epoch  210  train 0.32016 (tc 0.24757 hrr 0.24196)  valid 0.47215 (tc 0.37268 hrr 0.33156)  lr 5.00e-04
    epoch  211  train 0.31831 (tc 0.24599 hrr 0.24106)  valid 0.47104 (tc 0.37233 hrr 0.32902)  lr 5.00e-04  *
    epoch  216  train 0.31926 (tc 0.24669 hrr 0.24189)  valid 0.47065 (tc 0.37176 hrr 0.32963)  lr 5.00e-04  *
    epoch  217  train 0.31748 (tc 0.24535 hrr 0.24043)  valid 0.46639 (tc 0.36989 hrr 0.32167)  lr 5.00e-04  *
    epoch  218  train 0.31715 (tc 0.24500 hrr 0.24050)  valid 0.46534 (tc 0.37015 hrr 0.31731)  lr 5.00e-04  *
    epoch  220  train 0.31742 (tc 0.24531 hrr 0.24038)  valid 0.46694 (tc 0.36970 hrr 0.32415)  lr 5.00e-04
    epoch  222  train 0.31734 (tc 0.24526 hrr 0.24025)  valid 0.46478 (tc 0.36934 hrr 0.31813)  lr 5.00e-04  *
    epoch  226  train 0.31671 (tc 0.24504 hrr 0.23890)  valid 0.45811 (tc 0.36412 hrr 0.31331)  lr 5.00e-04  *
    epoch  230  train 0.31785 (tc 0.24552 hrr 0.24111)  valid 0.46616 (tc 0.36939 hrr 0.32258)  lr 5.00e-04
    epoch  240  train 0.31533 (tc 0.24390 hrr 0.23809)  valid 0.46320 (tc 0.36637 hrr 0.32276)  lr 5.00e-04
    epoch  248  train 0.31208 (tc 0.24097 hrr 0.23702)  valid 0.45494 (tc 0.35972 hrr 0.31739)  lr 2.50e-04  *
    epoch  250  train 0.31041 (tc 0.23965 hrr 0.23588)  valid 0.45584 (tc 0.36057 hrr 0.31757)  lr 2.50e-04
    epoch  260  train 0.30912 (tc 0.23851 hrr 0.23537)  valid 0.46222 (tc 0.36329 hrr 0.32979)  lr 2.50e-04
    epoch  270  train 0.30729 (tc 0.23692 hrr 0.23454)  valid 0.46004 (tc 0.36201 hrr 0.32676)  lr 1.25e-04
    epoch  280  train 0.30713 (tc 0.23677 hrr 0.23451)  valid 0.46094 (tc 0.36282 hrr 0.32705)  lr 6.25e-05
    epoch  290  train 0.30634 (tc 0.23616 hrr 0.23393)  valid 0.45870 (tc 0.36129 hrr 0.32470)  lr 6.25e-05
    epoch  300  train 0.30597 (tc 0.23582 hrr 0.23384)  valid 0.45728 (tc 0.36063 hrr 0.32217)  lr 3.13e-05
    early stop at epoch 308 (best 0.45494 @ 248)
    saved models_part1_kan_noreg_seed48\part1_member2.pt  (2.2 min)

  done. 3 member(s) in models_part1_kan_noreg_seed48
  next: python evaluate_part1.py --model-dir models_part1_kan_noreg_seed48
==============================================================================
  Part1 surrogate evaluation — models_part1_kan_noreg_seed48
  KAN-Attention-LSTM (Part1), 3 ensemble member(s), split mode hash
==============================================================================

  [train]  141 simulations
    thermocouples   R2  0.8816   RMSE   51.29 degC
      External_LV1     R2  0.8741   RMSE   60.36 degC
      External_LV2     R2  0.8957   RMSE   40.22 degC
    HRR channels
      HRR              R2  0.9352   RMSE   358.4 kW
      Q_RADI           R2  0.9550   RMSE    86.8 kW
      Q_CONV           R2  0.9595   RMSE   201.5 kW
      Q_COND           R2  0.9026   RMSE     1.5 kW
      Q_TOTAL          R2  0.0861   RMSE    16.6 kW
    per geometry
      baseline             n=17  TC R2  0.8801  RMSE   51.86 degC   HRR R2  0.9593
      noair                n=18  TC R2  0.9065  RMSE   44.16 degC   HRR R2  0.9539
      nogap                n=18  TC R2  0.8745  RMSE   52.91 degC   HRR R2  0.9574
      noair_nogap          n=21  TC R2  0.8982  RMSE   45.94 degC   HRR R2  0.9494
      nocb                 n=14  TC R2  0.8521  RMSE   59.54 degC   HRR R2  0.8924
      noair_nocb           n=17  TC R2  0.9057  RMSE   43.61 degC   HRR R2  0.9517
      nogap_nocb           n=18  TC R2  0.8223  RMSE   65.89 degC   HRR R2  0.8775
      noair_nogap_nocb     n=18  TC R2  0.9043  RMSE   44.25 degC   HRR R2  0.9508
    physics                          model      FDS truth
      sub-ambient points                0              0   PASS
      worst growth drop degC      -262.65        -440.12   PASS
      growth 0.1pct step degC      -52.57        -137.10
      max late rise degC/step       25.20         107.25   PASS

  [valid]  20 simulations
    thermocouples   R2  0.8247   RMSE   64.42 degC
      External_LV1     R2  0.8167   RMSE   74.43 degC
      External_LV2     R2  0.8387   RMSE   52.54 degC
    HRR channels
      HRR              R2  0.9201   RMSE   409.4 kW
      Q_RADI           R2  0.9132   RMSE   124.8 kW
      Q_CONV           R2  0.9263   RMSE   279.9 kW
      Q_COND           R2  0.8044   RMSE     2.3 kW
      Q_TOTAL          R2  0.0751   RMSE    18.0 kW
    per geometry
      baseline             n= 4  TC R2  0.8394  RMSE   60.09 degC   HRR R2  0.9492
      noair                n= 2  TC R2  0.9238  RMSE   38.24 degC   HRR R2  0.9723
      nogap                n= 3  TC R2  0.7725  RMSE   79.66 degC   HRR R2  0.9239
      noair_nogap          n= 2  TC R2  0.9404  RMSE   27.04 degC   HRR R2  0.9771
      nocb                 n= 2  TC R2  0.6953  RMSE   96.05 degC   HRR R2  0.8769
      noair_nocb           n= 2  TC R2  0.9368  RMSE   28.29 degC   HRR R2  0.9714
      nogap_nocb           n= 3  TC R2  0.7762  RMSE   74.90 degC   HRR R2  0.8418
      noair_nogap_nocb     n= 2  TC R2  0.8469  RMSE   64.20 degC   HRR R2  0.9337
    physics                          model      FDS truth
      sub-ambient points                0              0   PASS
      worst growth drop degC      -187.79        -363.72   PASS
      growth 0.1pct step degC      -71.05        -161.64
      max late rise degC/step       25.12          67.88   PASS

  [test]  23 simulations
    thermocouples   R2  0.8460   RMSE   56.05 degC
      External_LV1     R2  0.8453   RMSE   64.25 degC
      External_LV2     R2  0.8472   RMSE   46.43 degC
    HRR channels
      HRR              R2  0.9358   RMSE   349.1 kW
      Q_RADI           R2  0.9329   RMSE   103.1 kW
      Q_CONV           R2  0.9419   RMSE   237.8 kW
      Q_COND           R2  0.7818   RMSE     2.2 kW
      Q_TOTAL          R2  0.0804   RMSE    19.1 kW
    per geometry
      baseline             n= 4  TC R2  0.9241  RMSE   35.05 degC   HRR R2  0.9691
      noair                n= 3  TC R2  0.8862  RMSE   43.23 degC   HRR R2  0.9680
      nogap                n= 1  TC R2  0.8424  RMSE   60.35 degC   HRR R2  0.9453
      noair_nogap          n= 2  TC R2  0.8800  RMSE   48.33 degC   HRR R2  0.9418
      nocb                 n= 5  TC R2  0.6996  RMSE   89.89 degC   HRR R2  0.8905
      noair_nocb           n= 3  TC R2  0.8779  RMSE   50.14 degC   HRR R2  0.9176
      nogap_nocb           n= 3  TC R2  0.9398  RMSE   29.73 degC   HRR R2  0.9753
      noair_nogap_nocb     n= 2  TC R2  0.9136  RMSE   37.67 degC   HRR R2  0.9765
    physics                          model      FDS truth
      sub-ambient points                0              0   PASS
      worst growth drop degC      -124.95        -291.74   PASS
      growth 0.1pct step degC      -40.47        -116.59
      max late rise degC/step       26.09          93.58   PASS

  combined valid+test TC R2: 0.8353
  (checkpoint ranking uses this, never test alone)

  written: models_part1_kan_noreg_seed48\evaluation_part1.json

  ablation complete
