
======================================================================
  KAN ablation, LAMBDA_REG = 0, seed base 42
  -> models_part1_kan_noreg_seed42
======================================================================
  device: NVIDIA GeForce RTX 4090

  building dataset ...
  corpus: D:\Bs8414_05052026\Part1\_completed
  184 usable, 2 rejected
    - BS8414_DCLG_Test1_adv_debug: excluded: debug case; Core_MATERIAL HEAT_OF_REACTION=1500 vs 2300 in every other DCLG_Test1_adv deck, so it is a different system under the same name
    - BS8414_DCLG_Test7: excluded: declares insulation system PF like 33 other decks, but its Phenolic_Foam MATL is inert - HEAT_OF_REACTION absent (0 kJ/kg) with REFERENCE_TEMPERATURE=429 degC - where every other PF deck decomposes at HEAT_OF_REACTION=400 with no explicit reference temperature (cp 1.2 vs 1.5, k 0.020 vs 0.022, rho 32 vs 39). Same defect class as the debug case above: a different system under the same name. Found 2026-08-19 by explain_part1.check_group_determinism, which verifies that an insulation id fixes its material block; this was the only violation in 185 cases
  params (184, 16)  tc (184, 181, 16)  hrr (184, 181, 5)
  partial: BS8414_HPL_WC_noair_nogap (180/181 steps, padded+masked)

  split mode: hash
    train  141 sims  40 systems  8/8 geometries
    valid   20 sims  16 systems  8/8 geometries
    test    23 sims  20 systems  8/8 geometries

  target: 16 thermocouples (External_LV1 x8 + External_LV2 x8)
          5 HRR channels (HRR, Q_RADI, Q_CONV, Q_COND, Q_TOTAL)
  model:  KAN-Attention-LSTM (Part1)
  loss:   tc + 0.3 * hrr  (no weight penalty)
  physics constraints: off

  === member 1/3 (seed 42) ===
    [sentinel] weights moved after epoch 0: |dW| = 3.4233e+00
    epoch    0  train 1.87007 (tc 1.44476 hrr 1.41769)  valid 1.55394 (tc 1.24096 hrr 1.04325)  lr 1.00e-03  *
    epoch    1  train 1.31435 (tc 1.08703 hrr 0.75775)  valid 1.38856 (tc 1.16909 hrr 0.73156)  lr 1.00e-03  *
    epoch    2  train 1.19060 (tc 1.01220 hrr 0.59469)  valid 1.34693 (tc 1.14962 hrr 0.65770)  lr 1.00e-03  *
    epoch    3  train 1.12460 (tc 0.95323 hrr 0.57123)  valid 1.24341 (tc 1.04875 hrr 0.64888)  lr 1.00e-03  *
    epoch    4  train 1.07420 (tc 0.90965 hrr 0.54849)  valid 1.23566 (tc 1.05256 hrr 0.61034)  lr 1.00e-03  *
    epoch    5  train 1.05545 (tc 0.89803 hrr 0.52474)  valid 1.20914 (tc 1.02528 hrr 0.61287)  lr 1.00e-03  *
    epoch    6  train 1.02043 (tc 0.86863 hrr 0.50597)  valid 1.18668 (tc 1.01022 hrr 0.58822)  lr 1.00e-03  *
    epoch    7  train 0.99296 (tc 0.84589 hrr 0.49026)  valid 1.16300 (tc 0.99065 hrr 0.57449)  lr 1.00e-03  *
    epoch    8  train 0.96576 (tc 0.82209 hrr 0.47889)  valid 1.13194 (tc 0.96150 hrr 0.56813)  lr 1.00e-03  *
    epoch    9  train 0.93609 (tc 0.79443 hrr 0.47223)  valid 1.11477 (tc 0.94621 hrr 0.56186)  lr 1.00e-03  *
    epoch   10  train 0.90351 (tc 0.76423 hrr 0.46427)  valid 1.07608 (tc 0.90997 hrr 0.55368)  lr 1.00e-03  *
    epoch   11  train 0.86722 (tc 0.72924 hrr 0.45993)  valid 1.04703 (tc 0.88313 hrr 0.54633)  lr 1.00e-03  *
    epoch   12  train 0.83341 (tc 0.69722 hrr 0.45396)  valid 1.01385 (tc 0.85148 hrr 0.54126)  lr 1.00e-03  *
    epoch   13  train 0.81060 (tc 0.67637 hrr 0.44744)  valid 0.99109 (tc 0.83099 hrr 0.53369)  lr 1.00e-03  *
    epoch   14  train 0.78939 (tc 0.65660 hrr 0.44262)  valid 0.95339 (tc 0.79577 hrr 0.52542)  lr 1.00e-03  *
    epoch   15  train 0.77722 (tc 0.64525 hrr 0.43991)  valid 0.94990 (tc 0.79186 hrr 0.52681)  lr 1.00e-03  *
    epoch   16  train 0.75970 (tc 0.62923 hrr 0.43492)  valid 0.92980 (tc 0.77250 hrr 0.52432)  lr 1.00e-03  *
    epoch   17  train 0.74898 (tc 0.61964 hrr 0.43113)  valid 0.92186 (tc 0.76735 hrr 0.51502)  lr 1.00e-03  *
    epoch   19  train 0.72928 (tc 0.60119 hrr 0.42696)  valid 0.91873 (tc 0.76339 hrr 0.51779)  lr 1.00e-03  *
    epoch   20  train 0.72619 (tc 0.59963 hrr 0.42186)  valid 0.91879 (tc 0.76256 hrr 0.52078)  lr 1.00e-03
    epoch   21  train 0.71757 (tc 0.59237 hrr 0.41732)  valid 0.90487 (tc 0.75051 hrr 0.51453)  lr 1.00e-03  *
    epoch   22  train 0.71106 (tc 0.58696 hrr 0.41367)  valid 0.89981 (tc 0.74908 hrr 0.50244)  lr 1.00e-03  *
    epoch   24  train 0.69910 (tc 0.57694 hrr 0.40719)  valid 0.89682 (tc 0.74812 hrr 0.49569)  lr 1.00e-03  *
    epoch   25  train 0.70023 (tc 0.57804 hrr 0.40731)  valid 0.88971 (tc 0.74259 hrr 0.49039)  lr 1.00e-03  *
    epoch   28  train 0.68982 (tc 0.56949 hrr 0.40111)  valid 0.87883 (tc 0.73192 hrr 0.48971)  lr 1.00e-03  *
    epoch   29  train 0.67382 (tc 0.55594 hrr 0.39292)  valid 0.86779 (tc 0.72218 hrr 0.48536)  lr 1.00e-03  *
    epoch   30  train 0.66535 (tc 0.54910 hrr 0.38750)  valid 0.86412 (tc 0.71947 hrr 0.48216)  lr 1.00e-03  *
    epoch   33  train 0.66053 (tc 0.54522 hrr 0.38434)  valid 0.86025 (tc 0.71616 hrr 0.48030)  lr 1.00e-03  *
    epoch   34  train 0.65156 (tc 0.53763 hrr 0.37976)  valid 0.84095 (tc 0.69959 hrr 0.47120)  lr 1.00e-03  *
    epoch   35  train 0.64570 (tc 0.53285 hrr 0.37617)  valid 0.84058 (tc 0.69992 hrr 0.46889)  lr 1.00e-03  *
    epoch   37  train 0.64034 (tc 0.52767 hrr 0.37555)  valid 0.83410 (tc 0.69590 hrr 0.46067)  lr 1.00e-03  *
    epoch   40  train 0.63490 (tc 0.52453 hrr 0.36791)  valid 0.81999 (tc 0.68322 hrr 0.45592)  lr 1.00e-03  *
    epoch   41  train 0.63041 (tc 0.52000 hrr 0.36801)  valid 0.81872 (tc 0.68274 hrr 0.45327)  lr 1.00e-03  *
    epoch   43  train 0.62373 (tc 0.51594 hrr 0.35930)  valid 0.81574 (tc 0.68148 hrr 0.44756)  lr 1.00e-03  *
    epoch   44  train 0.61801 (tc 0.51127 hrr 0.35579)  valid 0.81499 (tc 0.68132 hrr 0.44555)  lr 1.00e-03  *
    epoch   45  train 0.61555 (tc 0.50836 hrr 0.35729)  valid 0.81495 (tc 0.68035 hrr 0.44864)  lr 1.00e-03  *
    epoch   46  train 0.60971 (tc 0.50383 hrr 0.35295)  valid 0.80944 (tc 0.67613 hrr 0.44437)  lr 1.00e-03  *
    epoch   47  train 0.60758 (tc 0.50266 hrr 0.34973)  valid 0.80814 (tc 0.67517 hrr 0.44325)  lr 1.00e-03  *
    epoch   48  train 0.60826 (tc 0.50289 hrr 0.35121)  valid 0.79776 (tc 0.66662 hrr 0.43712)  lr 1.00e-03  *
    epoch   50  train 0.59785 (tc 0.49437 hrr 0.34493)  valid 0.79629 (tc 0.66574 hrr 0.43517)  lr 1.00e-03  *
    epoch   52  train 0.59506 (tc 0.49181 hrr 0.34418)  valid 0.78108 (tc 0.65080 hrr 0.43426)  lr 1.00e-03  *
    epoch   55  train 0.59546 (tc 0.49287 hrr 0.34196)  valid 0.77864 (tc 0.64904 hrr 0.43198)  lr 1.00e-03  *
    epoch   59  train 0.58323 (tc 0.48232 hrr 0.33636)  valid 0.77324 (tc 0.64474 hrr 0.42831)  lr 1.00e-03  *
    epoch   60  train 0.58339 (tc 0.48249 hrr 0.33633)  valid 0.77459 (tc 0.64653 hrr 0.42686)  lr 1.00e-03
    epoch   61  train 0.58143 (tc 0.48102 hrr 0.33471)  valid 0.77235 (tc 0.64542 hrr 0.42311)  lr 1.00e-03  *
    epoch   63  train 0.57411 (tc 0.47482 hrr 0.33096)  valid 0.76771 (tc 0.64085 hrr 0.42287)  lr 1.00e-03  *
    epoch   65  train 0.57784 (tc 0.47860 hrr 0.33080)  valid 0.76515 (tc 0.64055 hrr 0.41533)  lr 1.00e-03  *
    epoch   66  train 0.57547 (tc 0.47711 hrr 0.32788)  valid 0.76124 (tc 0.63588 hrr 0.41788)  lr 1.00e-03  *
    epoch   68  train 0.57094 (tc 0.47304 hrr 0.32634)  valid 0.75948 (tc 0.63521 hrr 0.41426)  lr 1.00e-03  *
    epoch   70  train 0.57269 (tc 0.47482 hrr 0.32622)  valid 0.76548 (tc 0.63987 hrr 0.41868)  lr 1.00e-03
    epoch   71  train 0.56553 (tc 0.46879 hrr 0.32245)  valid 0.75937 (tc 0.63584 hrr 0.41178)  lr 1.00e-03  *
    epoch   72  train 0.56152 (tc 0.46554 hrr 0.31994)  valid 0.74917 (tc 0.62762 hrr 0.40517)  lr 1.00e-03  *
    epoch   73  train 0.56054 (tc 0.46463 hrr 0.31971)  valid 0.74540 (tc 0.62494 hrr 0.40155)  lr 1.00e-03  *
    epoch   75  train 0.55626 (tc 0.46147 hrr 0.31596)  valid 0.74401 (tc 0.62270 hrr 0.40436)  lr 1.00e-03  *
    epoch   78  train 0.55221 (tc 0.45819 hrr 0.31342)  valid 0.74197 (tc 0.62188 hrr 0.40029)  lr 1.00e-03  *
    epoch   79  train 0.54949 (tc 0.45593 hrr 0.31186)  valid 0.73710 (tc 0.61780 hrr 0.39769)  lr 1.00e-03  *
    epoch   80  train 0.55320 (tc 0.45942 hrr 0.31261)  valid 0.73964 (tc 0.62100 hrr 0.39546)  lr 1.00e-03
    epoch   83  train 0.54878 (tc 0.45517 hrr 0.31205)  valid 0.73540 (tc 0.61519 hrr 0.40070)  lr 1.00e-03  *
    epoch   84  train 0.54785 (tc 0.45493 hrr 0.30974)  valid 0.73214 (tc 0.61257 hrr 0.39857)  lr 1.00e-03  *
    epoch   87  train 0.54337 (tc 0.45162 hrr 0.30585)  valid 0.73172 (tc 0.61323 hrr 0.39496)  lr 1.00e-03  *
    epoch   90  train 0.53957 (tc 0.44845 hrr 0.30375)  valid 0.73163 (tc 0.61441 hrr 0.39074)  lr 1.00e-03  *
    epoch   96  train 0.52942 (tc 0.44071 hrr 0.29571)  valid 0.71890 (tc 0.60310 hrr 0.38598)  lr 1.00e-03  *
    epoch   97  train 0.52657 (tc 0.43835 hrr 0.29405)  valid 0.71452 (tc 0.59828 hrr 0.38748)  lr 1.00e-03  *
    epoch   98  train 0.52639 (tc 0.43775 hrr 0.29546)  valid 0.71442 (tc 0.59985 hrr 0.38191)  lr 1.00e-03  *
    epoch   99  train 0.52771 (tc 0.43873 hrr 0.29660)  valid 0.70914 (tc 0.59526 hrr 0.37960)  lr 1.00e-03  *
    epoch  100  train 0.52436 (tc 0.43647 hrr 0.29298)  valid 0.71944 (tc 0.60430 hrr 0.38379)  lr 1.00e-03
    epoch  104  train 0.51833 (tc 0.43220 hrr 0.28708)  valid 0.70649 (tc 0.59592 hrr 0.36855)  lr 1.00e-03  *
    epoch  109  train 0.51320 (tc 0.42846 hrr 0.28244)  valid 0.69696 (tc 0.58476 hrr 0.37401)  lr 1.00e-03  *
    epoch  110  train 0.51152 (tc 0.42681 hrr 0.28236)  valid 0.70026 (tc 0.58777 hrr 0.37499)  lr 1.00e-03
    epoch  118  train 0.50898 (tc 0.42528 hrr 0.27898)  valid 0.69188 (tc 0.58430 hrr 0.35860)  lr 1.00e-03  *
    epoch  120  train 0.50402 (tc 0.42134 hrr 0.27558)  valid 0.68362 (tc 0.57780 hrr 0.35272)  lr 1.00e-03  *
    epoch  129  train 0.50399 (tc 0.42204 hrr 0.27319)  valid 0.68123 (tc 0.57514 hrr 0.35363)  lr 1.00e-03  *
    epoch  130  train 0.50353 (tc 0.42153 hrr 0.27333)  valid 0.68848 (tc 0.57879 hrr 0.36563)  lr 1.00e-03
    epoch  132  train 0.49759 (tc 0.41702 hrr 0.26857)  valid 0.67713 (tc 0.57283 hrr 0.34767)  lr 1.00e-03  *
    epoch  140  train 0.48958 (tc 0.41132 hrr 0.26087)  valid 0.67526 (tc 0.57113 hrr 0.34711)  lr 1.00e-03  *
    epoch  143  train 0.48672 (tc 0.40950 hrr 0.25738)  valid 0.67403 (tc 0.56923 hrr 0.34934)  lr 1.00e-03  *
    epoch  145  train 0.49169 (tc 0.41224 hrr 0.26483)  valid 0.66837 (tc 0.56650 hrr 0.33959)  lr 1.00e-03  *
    epoch  149  train 0.48468 (tc 0.40805 hrr 0.25544)  valid 0.66648 (tc 0.56323 hrr 0.34417)  lr 1.00e-03  *
    epoch  150  train 0.48414 (tc 0.40792 hrr 0.25408)  valid 0.67345 (tc 0.57371 hrr 0.33249)  lr 1.00e-03
    epoch  152  train 0.48591 (tc 0.40978 hrr 0.25378)  valid 0.66424 (tc 0.56531 hrr 0.32977)  lr 1.00e-03  *
    epoch  155  train 0.48288 (tc 0.40763 hrr 0.25083)  valid 0.66391 (tc 0.56423 hrr 0.33227)  lr 1.00e-03  *
    epoch  156  train 0.48246 (tc 0.40729 hrr 0.25056)  valid 0.66365 (tc 0.56551 hrr 0.32713)  lr 1.00e-03  *
    epoch  157  train 0.48067 (tc 0.40594 hrr 0.24910)  valid 0.66041 (tc 0.56204 hrr 0.32792)  lr 1.00e-03  *
    epoch  158  train 0.47857 (tc 0.40427 hrr 0.24768)  valid 0.65728 (tc 0.55864 hrr 0.32878)  lr 1.00e-03  *
    epoch  159  train 0.47796 (tc 0.40377 hrr 0.24729)  valid 0.65554 (tc 0.55732 hrr 0.32739)  lr 1.00e-03  *
    epoch  160  train 0.47613 (tc 0.40249 hrr 0.24547)  valid 0.65480 (tc 0.55820 hrr 0.32202)  lr 1.00e-03  *
    epoch  161  train 0.47437 (tc 0.40113 hrr 0.24413)  valid 0.64603 (tc 0.55143 hrr 0.31537)  lr 1.00e-03  *
    epoch  170  train 0.47031 (tc 0.39862 hrr 0.23898)  valid 0.65402 (tc 0.55778 hrr 0.32081)  lr 1.00e-03
    epoch  180  train 0.46462 (tc 0.39457 hrr 0.23350)  valid 0.65438 (tc 0.55678 hrr 0.32532)  lr 5.00e-04
    epoch  190  train 0.46075 (tc 0.39167 hrr 0.23027)  valid 0.65116 (tc 0.55640 hrr 0.31587)  lr 5.00e-04
    epoch  193  train 0.45986 (tc 0.39110 hrr 0.22920)  valid 0.64596 (tc 0.55304 hrr 0.30973)  lr 5.00e-04  *
    epoch  194  train 0.45896 (tc 0.39035 hrr 0.22868)  valid 0.64589 (tc 0.55278 hrr 0.31039)  lr 5.00e-04  *
    epoch  198  train 0.45763 (tc 0.38939 hrr 0.22746)  valid 0.64532 (tc 0.55035 hrr 0.31656)  lr 5.00e-04  *
    epoch  200  train 0.45776 (tc 0.38956 hrr 0.22734)  valid 0.65174 (tc 0.55545 hrr 0.32097)  lr 5.00e-04
    epoch  204  train 0.45600 (tc 0.38821 hrr 0.22596)  valid 0.64213 (tc 0.54902 hrr 0.31037)  lr 5.00e-04  *
    epoch  205  train 0.45539 (tc 0.38767 hrr 0.22572)  valid 0.63842 (tc 0.54650 hrr 0.30639)  lr 5.00e-04  *
    epoch  210  train 0.45331 (tc 0.38592 hrr 0.22461)  valid 0.64387 (tc 0.55166 hrr 0.30735)  lr 5.00e-04
    epoch  211  train 0.45318 (tc 0.38589 hrr 0.22430)  valid 0.63643 (tc 0.54616 hrr 0.30091)  lr 5.00e-04  *
    epoch  220  train 0.45256 (tc 0.38567 hrr 0.22296)  valid 0.63027 (tc 0.53965 hrr 0.30207)  lr 5.00e-04  *
    epoch  230  train 0.45123 (tc 0.38476 hrr 0.22156)  valid 0.65348 (tc 0.55492 hrr 0.32855)  lr 5.00e-04
    epoch  240  train 0.44544 (tc 0.37985 hrr 0.21864)  valid 0.64437 (tc 0.54646 hrr 0.32636)  lr 2.50e-04
    epoch  250  train 0.44310 (tc 0.37788 hrr 0.21741)  valid 0.63701 (tc 0.54077 hrr 0.32080)  lr 2.50e-04
    epoch  260  train 0.44179 (tc 0.37692 hrr 0.21625)  valid 0.63354 (tc 0.53803 hrr 0.31837)  lr 1.25e-04
    epoch  270  train 0.44096 (tc 0.37616 hrr 0.21600)  valid 0.63196 (tc 0.53699 hrr 0.31656)  lr 6.25e-05
    epoch  276  train 0.44015 (tc 0.37549 hrr 0.21552)  valid 0.62992 (tc 0.53579 hrr 0.31377)  lr 6.25e-05  *
    epoch  278  train 0.43992 (tc 0.37534 hrr 0.21526)  valid 0.62986 (tc 0.53577 hrr 0.31365)  lr 6.25e-05  *
    epoch  280  train 0.44048 (tc 0.37582 hrr 0.21556)  valid 0.63196 (tc 0.53769 hrr 0.31424)  lr 6.25e-05
    epoch  288  train 0.43964 (tc 0.37519 hrr 0.21484)  valid 0.62982 (tc 0.53680 hrr 0.31008)  lr 6.25e-05  *
    epoch  289  train 0.43964 (tc 0.37510 hrr 0.21514)  valid 0.62924 (tc 0.53643 hrr 0.30937)  lr 6.25e-05  *
    epoch  290  train 0.43956 (tc 0.37504 hrr 0.21507)  valid 0.62870 (tc 0.53622 hrr 0.30825)  lr 6.25e-05  *
    epoch  292  train 0.43967 (tc 0.37512 hrr 0.21515)  valid 0.62859 (tc 0.53645 hrr 0.30713)  lr 6.25e-05  *
    epoch  300  train 0.43941 (tc 0.37496 hrr 0.21481)  valid 0.63271 (tc 0.53767 hrr 0.31682)  lr 6.25e-05
    epoch  310  train 0.43869 (tc 0.37434 hrr 0.21448)  valid 0.63264 (tc 0.53802 hrr 0.31542)  lr 3.13e-05
    epoch  320  train 0.43833 (tc 0.37404 hrr 0.21432)  valid 0.63282 (tc 0.53829 hrr 0.31509)  lr 3.13e-05
    epoch  330  train 0.43826 (tc 0.37392 hrr 0.21446)  valid 0.63236 (tc 0.53785 hrr 0.31505)  lr 1.56e-05
    epoch  340  train 0.43821 (tc 0.37390 hrr 0.21434)  valid 0.63231 (tc 0.53773 hrr 0.31526)  lr 7.81e-06
    epoch  350  train 0.43794 (tc 0.37374 hrr 0.21400)  valid 0.63243 (tc 0.53736 hrr 0.31690)  lr 7.81e-06
    early stop at epoch 352 (best 0.62859 @ 292)
    saved models_part1_kan_noreg_seed42\part1_member0.pt  (3.2 min)

  === member 2/3 (seed 43) ===
    [sentinel] weights moved after epoch 0: |dW| = 3.3578e+00
    epoch    0  train 1.98044 (tc 1.55542 hrr 1.41672)  valid 1.67674 (tc 1.38630 hrr 0.96813)  lr 1.00e-03  *
    epoch    1  train 1.43669 (tc 1.21669 hrr 0.73336)  valid 1.53357 (tc 1.32750 hrr 0.68690)  lr 1.00e-03  *
    epoch    2  train 1.30121 (tc 1.12710 hrr 0.58037)  valid 1.42015 (tc 1.23142 hrr 0.62911)  lr 1.00e-03  *
    epoch    3  train 1.19535 (tc 1.03026 hrr 0.55029)  valid 1.31821 (tc 1.13373 hrr 0.61496)  lr 1.00e-03  *
    epoch    4  train 1.10845 (tc 0.94833 hrr 0.53374)  valid 1.25331 (tc 1.06645 hrr 0.62287)  lr 1.00e-03  *
    epoch    5  train 1.04928 (tc 0.89403 hrr 0.51750)  valid 1.19137 (tc 1.00954 hrr 0.60610)  lr 1.00e-03  *
    epoch    6  train 0.99586 (tc 0.84422 hrr 0.50550)  valid 1.13995 (tc 0.95974 hrr 0.60069)  lr 1.00e-03  *
    epoch    7  train 0.95851 (tc 0.80982 hrr 0.49564)  valid 1.10766 (tc 0.93060 hrr 0.59020)  lr 1.00e-03  *
    epoch    8  train 0.92615 (tc 0.78060 hrr 0.48519)  valid 1.07638 (tc 0.90163 hrr 0.58249)  lr 1.00e-03  *
    epoch    9  train 0.90037 (tc 0.75623 hrr 0.48048)  valid 1.05637 (tc 0.88483 hrr 0.57182)  lr 1.00e-03  *
    epoch   10  train 0.88686 (tc 0.74494 hrr 0.47304)  valid 1.04944 (tc 0.87401 hrr 0.58477)  lr 1.00e-03  *
    epoch   11  train 0.87575 (tc 0.73309 hrr 0.47555)  valid 1.03741 (tc 0.86734 hrr 0.56688)  lr 1.00e-03  *
    epoch   12  train 0.85782 (tc 0.71841 hrr 0.46471)  valid 1.03236 (tc 0.86226 hrr 0.56700)  lr 1.00e-03  *
    epoch   13  train 0.84835 (tc 0.70921 hrr 0.46381)  valid 1.01548 (tc 0.84675 hrr 0.56243)  lr 1.00e-03  *
    epoch   14  train 0.84428 (tc 0.70510 hrr 0.46391)  valid 1.01332 (tc 0.84386 hrr 0.56486)  lr 1.00e-03  *
    epoch   17  train 0.82358 (tc 0.68785 hrr 0.45243)  valid 0.99456 (tc 0.82854 hrr 0.55342)  lr 1.00e-03  *
    epoch   18  train 0.81342 (tc 0.68071 hrr 0.44238)  valid 0.98728 (tc 0.82578 hrr 0.53835)  lr 1.00e-03  *
    epoch   19  train 0.80060 (tc 0.66922 hrr 0.43794)  valid 0.97040 (tc 0.81274 hrr 0.52553)  lr 1.00e-03  *
    epoch   20  train 0.78757 (tc 0.65868 hrr 0.42964)  valid 0.96023 (tc 0.80452 hrr 0.51902)  lr 1.00e-03  *
    epoch   21  train 0.77947 (tc 0.65214 hrr 0.42444)  valid 0.95952 (tc 0.80429 hrr 0.51741)  lr 1.00e-03  *
    epoch   22  train 0.77505 (tc 0.64839 hrr 0.42221)  valid 0.94705 (tc 0.79447 hrr 0.50862)  lr 1.00e-03  *
    epoch   25  train 0.75749 (tc 0.63378 hrr 0.41236)  valid 0.94562 (tc 0.79340 hrr 0.50741)  lr 1.00e-03  *
    epoch   27  train 0.74728 (tc 0.62550 hrr 0.40592)  valid 0.92032 (tc 0.77334 hrr 0.48992)  lr 1.00e-03  *
    epoch   29  train 0.73554 (tc 0.61687 hrr 0.39557)  valid 0.91809 (tc 0.77052 hrr 0.49192)  lr 1.00e-03  *
    epoch   30  train 0.73088 (tc 0.61344 hrr 0.39148)  valid 0.91354 (tc 0.76779 hrr 0.48585)  lr 1.00e-03  *
    epoch   32  train 0.72506 (tc 0.60926 hrr 0.38600)  valid 0.91102 (tc 0.76684 hrr 0.48063)  lr 1.00e-03  *
    epoch   33  train 0.71410 (tc 0.59999 hrr 0.38035)  valid 0.90089 (tc 0.75942 hrr 0.47156)  lr 1.00e-03  *
    epoch   34  train 0.71004 (tc 0.59707 hrr 0.37654)  valid 0.89134 (tc 0.75037 hrr 0.46992)  lr 1.00e-03  *
    epoch   36  train 0.71220 (tc 0.59931 hrr 0.37630)  valid 0.89007 (tc 0.75079 hrr 0.46429)  lr 1.00e-03  *
    epoch   39  train 0.69537 (tc 0.58630 hrr 0.36357)  valid 0.88730 (tc 0.75037 hrr 0.45645)  lr 1.00e-03  *
    epoch   40  train 0.69821 (tc 0.58837 hrr 0.36613)  valid 0.86892 (tc 0.73282 hrr 0.45367)  lr 1.00e-03  *
    epoch   43  train 0.68931 (tc 0.58178 hrr 0.35845)  valid 0.86778 (tc 0.73415 hrr 0.44541)  lr 1.00e-03  *
    epoch   45  train 0.69179 (tc 0.58489 hrr 0.35633)  valid 0.86653 (tc 0.73201 hrr 0.44839)  lr 1.00e-03  *
    epoch   46  train 0.68531 (tc 0.57864 hrr 0.35555)  valid 0.85765 (tc 0.72675 hrr 0.43633)  lr 1.00e-03  *
    epoch   48  train 0.67613 (tc 0.57147 hrr 0.34887)  valid 0.84682 (tc 0.71797 hrr 0.42950)  lr 1.00e-03  *
    epoch   50  train 0.67696 (tc 0.57274 hrr 0.34741)  valid 0.85346 (tc 0.72325 hrr 0.43403)  lr 1.00e-03
    epoch   51  train 0.67105 (tc 0.56730 hrr 0.34583)  valid 0.84061 (tc 0.71117 hrr 0.43148)  lr 1.00e-03  *
    epoch   53  train 0.66087 (tc 0.55920 hrr 0.33889)  valid 0.82774 (tc 0.70153 hrr 0.42069)  lr 1.00e-03  *
    epoch   60  train 0.64935 (tc 0.55002 hrr 0.33110)  valid 0.82673 (tc 0.69771 hrr 0.43007)  lr 1.00e-03  *
    epoch   66  train 0.63746 (tc 0.54051 hrr 0.32316)  valid 0.82178 (tc 0.69802 hrr 0.41253)  lr 1.00e-03  *
    epoch   67  train 0.63885 (tc 0.54224 hrr 0.32202)  valid 0.82079 (tc 0.69823 hrr 0.40851)  lr 1.00e-03  *
    epoch   68  train 0.64013 (tc 0.54322 hrr 0.32302)  valid 0.81368 (tc 0.69015 hrr 0.41178)  lr 1.00e-03  *
    epoch   69  train 0.64194 (tc 0.54484 hrr 0.32366)  valid 0.80428 (tc 0.68210 hrr 0.40726)  lr 1.00e-03  *
    epoch   70  train 0.63387 (tc 0.53794 hrr 0.31976)  valid 0.80945 (tc 0.68948 hrr 0.39990)  lr 1.00e-03
    epoch   71  train 0.62874 (tc 0.53362 hrr 0.31705)  valid 0.79784 (tc 0.67640 hrr 0.40481)  lr 1.00e-03  *
    epoch   76  train 0.61579 (tc 0.52301 hrr 0.30926)  valid 0.79383 (tc 0.67627 hrr 0.39186)  lr 1.00e-03  *
    epoch   77  train 0.61299 (tc 0.52074 hrr 0.30748)  valid 0.78994 (tc 0.67187 hrr 0.39356)  lr 1.00e-03  *
    epoch   80  train 0.61322 (tc 0.52095 hrr 0.30756)  valid 0.79472 (tc 0.67786 hrr 0.38952)  lr 1.00e-03
    epoch   86  train 0.60662 (tc 0.51592 hrr 0.30232)  valid 0.78737 (tc 0.66969 hrr 0.39225)  lr 1.00e-03  *
    epoch   87  train 0.60592 (tc 0.51561 hrr 0.30103)  valid 0.77519 (tc 0.65953 hrr 0.38555)  lr 1.00e-03  *
    epoch   90  train 0.60322 (tc 0.51361 hrr 0.29869)  valid 0.78770 (tc 0.66806 hrr 0.39883)  lr 1.00e-03
    epoch   93  train 0.61051 (tc 0.51886 hrr 0.30550)  valid 0.77070 (tc 0.65295 hrr 0.39252)  lr 1.00e-03  *
    epoch   94  train 0.60474 (tc 0.51420 hrr 0.30180)  valid 0.76978 (tc 0.65497 hrr 0.38268)  lr 1.00e-03  *
    epoch   97  train 0.59300 (tc 0.50517 hrr 0.29275)  valid 0.76836 (tc 0.65625 hrr 0.37370)  lr 1.00e-03  *
    epoch  100  train 0.59558 (tc 0.50753 hrr 0.29349)  valid 0.77934 (tc 0.66342 hrr 0.38639)  lr 1.00e-03
    epoch  104  train 0.58332 (tc 0.49760 hrr 0.28572)  valid 0.75963 (tc 0.64800 hrr 0.37209)  lr 1.00e-03  *
    epoch  105  train 0.58037 (tc 0.49529 hrr 0.28361)  valid 0.75767 (tc 0.64666 hrr 0.37006)  lr 1.00e-03  *
    epoch  108  train 0.57745 (tc 0.49295 hrr 0.28167)  valid 0.74533 (tc 0.63509 hrr 0.36748)  lr 1.00e-03  *
    epoch  110  train 0.57697 (tc 0.49295 hrr 0.28006)  valid 0.76523 (tc 0.65300 hrr 0.37413)  lr 1.00e-03
    epoch  116  train 0.57390 (tc 0.49021 hrr 0.27896)  valid 0.73630 (tc 0.62731 hrr 0.36331)  lr 1.00e-03  *
    epoch  120  train 0.56966 (tc 0.48724 hrr 0.27473)  valid 0.76300 (tc 0.65089 hrr 0.37372)  lr 1.00e-03
    epoch  124  train 0.56637 (tc 0.48465 hrr 0.27241)  valid 0.73101 (tc 0.62317 hrr 0.35948)  lr 1.00e-03  *
    epoch  130  train 0.56342 (tc 0.48248 hrr 0.26981)  valid 0.74267 (tc 0.63385 hrr 0.36272)  lr 1.00e-03
    epoch  139  train 0.55628 (tc 0.47691 hrr 0.26459)  valid 0.72664 (tc 0.62112 hrr 0.35172)  lr 1.00e-03  *
    epoch  140  train 0.55456 (tc 0.47559 hrr 0.26325)  valid 0.73168 (tc 0.62584 hrr 0.35279)  lr 1.00e-03
    epoch  145  train 0.54976 (tc 0.47094 hrr 0.26272)  valid 0.72101 (tc 0.61607 hrr 0.34981)  lr 1.00e-03  *
    epoch  147  train 0.53952 (tc 0.46106 hrr 0.26152)  valid 0.71566 (tc 0.60979 hrr 0.35290)  lr 1.00e-03  *
    epoch  148  train 0.52270 (tc 0.44432 hrr 0.26125)  valid 0.67208 (tc 0.56661 hrr 0.35157)  lr 1.00e-03  *
    epoch  149  train 0.49459 (tc 0.41650 hrr 0.26030)  valid 0.65497 (tc 0.54945 hrr 0.35173)  lr 1.00e-03  *
    epoch  150  train 0.47458 (tc 0.39670 hrr 0.25962)  valid 0.63020 (tc 0.52592 hrr 0.34760)  lr 1.00e-03  *
    epoch  151  train 0.45926 (tc 0.38146 hrr 0.25932)  valid 0.62554 (tc 0.51983 hrr 0.35236)  lr 1.00e-03  *
    epoch  152  train 0.45052 (tc 0.37254 hrr 0.25995)  valid 0.61823 (tc 0.51164 hrr 0.35529)  lr 1.00e-03  *
    epoch  153  train 0.44288 (tc 0.36487 hrr 0.26004)  valid 0.61374 (tc 0.50624 hrr 0.35836)  lr 1.00e-03  *
    epoch  154  train 0.43610 (tc 0.35806 hrr 0.26013)  valid 0.60146 (tc 0.49518 hrr 0.35425)  lr 1.00e-03  *
    epoch  155  train 0.42936 (tc 0.35190 hrr 0.25819)  valid 0.59614 (tc 0.49012 hrr 0.35342)  lr 1.00e-03  *
    epoch  158  train 0.41756 (tc 0.34076 hrr 0.25598)  valid 0.59242 (tc 0.48664 hrr 0.35260)  lr 1.00e-03  *
    epoch  159  train 0.41502 (tc 0.33850 hrr 0.25508)  valid 0.58795 (tc 0.48193 hrr 0.35340)  lr 1.00e-03  *
    epoch  160  train 0.41124 (tc 0.33475 hrr 0.25498)  valid 0.58751 (tc 0.48127 hrr 0.35415)  lr 1.00e-03  *
    epoch  162  train 0.40832 (tc 0.33163 hrr 0.25563)  valid 0.58572 (tc 0.47925 hrr 0.35490)  lr 1.00e-03  *
    epoch  163  train 0.40699 (tc 0.33014 hrr 0.25618)  valid 0.58468 (tc 0.47642 hrr 0.36087)  lr 1.00e-03  *
    epoch  164  train 0.40512 (tc 0.32835 hrr 0.25592)  valid 0.57405 (tc 0.46925 hrr 0.34934)  lr 1.00e-03  *
    epoch  170  train 0.39872 (tc 0.32278 hrr 0.25312)  valid 0.57351 (tc 0.46876 hrr 0.34915)  lr 1.00e-03  *
    epoch  174  train 0.39798 (tc 0.32240 hrr 0.25193)  valid 0.57192 (tc 0.46584 hrr 0.35360)  lr 1.00e-03  *
    epoch  175  train 0.39816 (tc 0.32238 hrr 0.25259)  valid 0.56616 (tc 0.46236 hrr 0.34599)  lr 1.00e-03  *
    epoch  178  train 0.39173 (tc 0.31686 hrr 0.24956)  valid 0.55629 (tc 0.45372 hrr 0.34188)  lr 1.00e-03  *
    epoch  179  train 0.39152 (tc 0.31663 hrr 0.24963)  valid 0.54987 (tc 0.44777 hrr 0.34036)  lr 1.00e-03  *
    epoch  180  train 0.39246 (tc 0.31773 hrr 0.24909)  valid 0.56499 (tc 0.46091 hrr 0.34694)  lr 1.00e-03
    epoch  190  train 0.38570 (tc 0.31166 hrr 0.24683)  valid 0.56672 (tc 0.46144 hrr 0.35095)  lr 1.00e-03
    epoch  200  train 0.38079 (tc 0.30774 hrr 0.24351)  valid 0.55306 (tc 0.45039 hrr 0.34223)  lr 5.00e-04
    epoch  210  train 0.37775 (tc 0.30526 hrr 0.24162)  valid 0.55886 (tc 0.45556 hrr 0.34433)  lr 5.00e-04
    epoch  220  train 0.37543 (tc 0.30325 hrr 0.24060)  valid 0.55357 (tc 0.45131 hrr 0.34085)  lr 2.50e-04
    epoch  230  train 0.37466 (tc 0.30268 hrr 0.23992)  valid 0.55385 (tc 0.45097 hrr 0.34292)  lr 1.25e-04
    early stop at epoch 239 (best 0.54987 @ 179)
    saved models_part1_kan_noreg_seed42\part1_member1.pt  (2.1 min)

  === member 3/3 (seed 44) ===
    [sentinel] weights moved after epoch 0: |dW| = 3.3522e+00
    epoch    0  train 1.87844 (tc 1.45435 hrr 1.41362)  valid 1.62408 (tc 1.29723 hrr 1.08949)  lr 1.00e-03  *
    epoch    1  train 1.34541 (tc 1.09339 hrr 0.84007)  valid 1.36749 (tc 1.15271 hrr 0.71594)  lr 1.00e-03  *
    epoch    2  train 1.17555 (tc 0.99373 hrr 0.60607)  valid 1.28571 (tc 1.09626 hrr 0.63151)  lr 1.00e-03  *
    epoch    3  train 1.09923 (tc 0.93753 hrr 0.53899)  valid 1.22201 (tc 1.04342 hrr 0.59528)  lr 1.00e-03  *
    epoch    4  train 1.03961 (tc 0.88447 hrr 0.51716)  valid 1.18109 (tc 1.00271 hrr 0.59459)  lr 1.00e-03  *
    epoch    5  train 0.99123 (tc 0.84019 hrr 0.50347)  valid 1.12645 (tc 0.95387 hrr 0.57525)  lr 1.00e-03  *
    epoch    6  train 0.95554 (tc 0.80862 hrr 0.48973)  valid 1.09219 (tc 0.92162 hrr 0.56856)  lr 1.00e-03  *
    epoch    7  train 0.92562 (tc 0.78248 hrr 0.47712)  valid 1.07219 (tc 0.90297 hrr 0.56408)  lr 1.00e-03  *
    epoch    8  train 0.90481 (tc 0.76422 hrr 0.46866)  valid 1.05850 (tc 0.88941 hrr 0.56363)  lr 1.00e-03  *
    epoch    9  train 0.88859 (tc 0.74878 hrr 0.46602)  valid 1.04334 (tc 0.87768 hrr 0.55220)  lr 1.00e-03  *
    epoch   10  train 0.87513 (tc 0.73867 hrr 0.45485)  valid 1.04977 (tc 0.88517 hrr 0.54866)  lr 1.00e-03
    epoch   11  train 0.86397 (tc 0.72885 hrr 0.45041)  valid 1.02227 (tc 0.86146 hrr 0.53605)  lr 1.00e-03  *
    epoch   13  train 0.84359 (tc 0.71164 hrr 0.43981)  valid 1.00447 (tc 0.84821 hrr 0.52086)  lr 1.00e-03  *
    epoch   15  train 0.82253 (tc 0.69313 hrr 0.43132)  valid 0.98745 (tc 0.83221 hrr 0.51748)  lr 1.00e-03  *
    epoch   17  train 0.80817 (tc 0.68068 hrr 0.42497)  valid 0.97457 (tc 0.82305 hrr 0.50508)  lr 1.00e-03  *
    epoch   19  train 0.79287 (tc 0.66941 hrr 0.41152)  valid 0.95826 (tc 0.81234 hrr 0.48642)  lr 1.00e-03  *
    epoch   20  train 0.78568 (tc 0.66431 hrr 0.40457)  valid 0.95707 (tc 0.80843 hrr 0.49548)  lr 1.00e-03  *
    epoch   21  train 0.78036 (tc 0.65927 hrr 0.40365)  valid 0.94467 (tc 0.80045 hrr 0.48073)  lr 1.00e-03  *
    epoch   22  train 0.77045 (tc 0.65090 hrr 0.39848)  valid 0.94227 (tc 0.79855 hrr 0.47908)  lr 1.00e-03  *
    epoch   23  train 0.76517 (tc 0.64622 hrr 0.39651)  valid 0.94195 (tc 0.79842 hrr 0.47845)  lr 1.00e-03  *
    epoch   24  train 0.75444 (tc 0.63720 hrr 0.39077)  valid 0.93006 (tc 0.78827 hrr 0.47264)  lr 1.00e-03  *
    epoch   27  train 0.75501 (tc 0.63820 hrr 0.38936)  valid 0.92619 (tc 0.78504 hrr 0.47051)  lr 1.00e-03  *
    epoch   29  train 0.73022 (tc 0.61719 hrr 0.37675)  valid 0.91478 (tc 0.77620 hrr 0.46191)  lr 1.00e-03  *
    epoch   30  train 0.72843 (tc 0.61522 hrr 0.37733)  valid 0.90574 (tc 0.76793 hrr 0.45935)  lr 1.00e-03  *
    epoch   33  train 0.71127 (tc 0.60059 hrr 0.36893)  valid 0.89318 (tc 0.75648 hrr 0.45566)  lr 1.00e-03  *
    epoch   34  train 0.70160 (tc 0.59176 hrr 0.36613)  valid 0.88807 (tc 0.75231 hrr 0.45252)  lr 1.00e-03  *
    epoch   36  train 0.68993 (tc 0.58137 hrr 0.36187)  valid 0.88394 (tc 0.74797 hrr 0.45323)  lr 1.00e-03  *
    epoch   37  train 0.68198 (tc 0.57426 hrr 0.35905)  valid 0.87511 (tc 0.74052 hrr 0.44864)  lr 1.00e-03  *
    epoch   38  train 0.67663 (tc 0.56982 hrr 0.35603)  valid 0.86446 (tc 0.73072 hrr 0.44580)  lr 1.00e-03  *
    epoch   39  train 0.67059 (tc 0.56443 hrr 0.35388)  valid 0.86252 (tc 0.73044 hrr 0.44029)  lr 1.00e-03  *
    epoch   40  train 0.66350 (tc 0.55802 hrr 0.35157)  valid 0.85788 (tc 0.72519 hrr 0.44231)  lr 1.00e-03  *
    epoch   41  train 0.65749 (tc 0.55265 hrr 0.34946)  valid 0.84665 (tc 0.71505 hrr 0.43867)  lr 1.00e-03  *
    epoch   43  train 0.65087 (tc 0.54561 hrr 0.35085)  valid 0.84586 (tc 0.71288 hrr 0.44328)  lr 1.00e-03  *
    epoch   44  train 0.64777 (tc 0.54308 hrr 0.34897)  valid 0.84214 (tc 0.71012 hrr 0.44007)  lr 1.00e-03  *
    epoch   45  train 0.64041 (tc 0.53659 hrr 0.34607)  valid 0.83507 (tc 0.70312 hrr 0.43983)  lr 1.00e-03  *
    epoch   46  train 0.63162 (tc 0.52820 hrr 0.34473)  valid 0.82322 (tc 0.69339 hrr 0.43279)  lr 1.00e-03  *
    epoch   47  train 0.62471 (tc 0.52163 hrr 0.34359)  valid 0.81907 (tc 0.68880 hrr 0.43423)  lr 1.00e-03  *
    epoch   48  train 0.62132 (tc 0.51862 hrr 0.34235)  valid 0.81639 (tc 0.68557 hrr 0.43609)  lr 1.00e-03  *
    epoch   49  train 0.61250 (tc 0.51064 hrr 0.33952)  valid 0.81435 (tc 0.68448 hrr 0.43288)  lr 1.00e-03  *
    epoch   50  train 0.60659 (tc 0.50509 hrr 0.33835)  valid 0.79954 (tc 0.67079 hrr 0.42915)  lr 1.00e-03  *
    epoch   51  train 0.59883 (tc 0.49799 hrr 0.33614)  valid 0.79596 (tc 0.66628 hrr 0.43226)  lr 1.00e-03  *
    epoch   52  train 0.59272 (tc 0.49214 hrr 0.33524)  valid 0.78516 (tc 0.65745 hrr 0.42570)  lr 1.00e-03  *
    epoch   53  train 0.58625 (tc 0.48593 hrr 0.33438)  valid 0.78294 (tc 0.65565 hrr 0.42430)  lr 1.00e-03  *
    epoch   54  train 0.57699 (tc 0.47740 hrr 0.33194)  valid 0.76992 (tc 0.64327 hrr 0.42218)  lr 1.00e-03  *
    epoch   55  train 0.56952 (tc 0.47054 hrr 0.32991)  valid 0.75891 (tc 0.63294 hrr 0.41990)  lr 1.00e-03  *
    epoch   56  train 0.56229 (tc 0.46357 hrr 0.32909)  valid 0.75882 (tc 0.63234 hrr 0.42159)  lr 1.00e-03  *
    epoch   57  train 0.55573 (tc 0.45709 hrr 0.32880)  valid 0.74874 (tc 0.62209 hrr 0.42217)  lr 1.00e-03  *
    epoch   58  train 0.54968 (tc 0.45114 hrr 0.32847)  valid 0.74364 (tc 0.61782 hrr 0.41941)  lr 1.00e-03  *
    epoch   59  train 0.54453 (tc 0.44619 hrr 0.32783)  valid 0.72914 (tc 0.60466 hrr 0.41495)  lr 1.00e-03  *
    epoch   60  train 0.53708 (tc 0.43901 hrr 0.32691)  valid 0.72796 (tc 0.60299 hrr 0.41659)  lr 1.00e-03  *
    epoch   61  train 0.53006 (tc 0.43235 hrr 0.32568)  valid 0.71721 (tc 0.59212 hrr 0.41695)  lr 1.00e-03  *
    epoch   62  train 0.52335 (tc 0.42640 hrr 0.32316)  valid 0.70795 (tc 0.58409 hrr 0.41286)  lr 1.00e-03  *
    epoch   64  train 0.51414 (tc 0.41738 hrr 0.32255)  valid 0.70528 (tc 0.58064 hrr 0.41548)  lr 1.00e-03  *
    epoch   65  train 0.50749 (tc 0.41089 hrr 0.32201)  valid 0.69756 (tc 0.57277 hrr 0.41599)  lr 1.00e-03  *
    epoch   66  train 0.50260 (tc 0.40620 hrr 0.32136)  valid 0.69503 (tc 0.56969 hrr 0.41781)  lr 1.00e-03  *
    epoch   67  train 0.49767 (tc 0.40184 hrr 0.31941)  valid 0.68770 (tc 0.56297 hrr 0.41578)  lr 1.00e-03  *
    epoch   68  train 0.48972 (tc 0.39432 hrr 0.31800)  valid 0.67808 (tc 0.55474 hrr 0.41113)  lr 1.00e-03  *
    epoch   69  train 0.48380 (tc 0.38888 hrr 0.31643)  valid 0.67583 (tc 0.55309 hrr 0.40915)  lr 1.00e-03  *
    epoch   70  train 0.47963 (tc 0.38510 hrr 0.31509)  valid 0.67316 (tc 0.54929 hrr 0.41291)  lr 1.00e-03  *
    epoch   71  train 0.47536 (tc 0.38136 hrr 0.31333)  valid 0.66797 (tc 0.54585 hrr 0.40707)  lr 1.00e-03  *
    epoch   72  train 0.47301 (tc 0.37895 hrr 0.31351)  valid 0.66686 (tc 0.54340 hrr 0.41154)  lr 1.00e-03  *
    epoch   74  train 0.46924 (tc 0.37531 hrr 0.31311)  valid 0.66513 (tc 0.54248 hrr 0.40883)  lr 1.00e-03  *
    epoch   75  train 0.46619 (tc 0.37244 hrr 0.31251)  valid 0.66148 (tc 0.53754 hrr 0.41314)  lr 1.00e-03  *
    epoch   76  train 0.46571 (tc 0.37168 hrr 0.31343)  valid 0.65207 (tc 0.53087 hrr 0.40402)  lr 1.00e-03  *
    epoch   77  train 0.46185 (tc 0.36804 hrr 0.31270)  valid 0.64949 (tc 0.52788 hrr 0.40535)  lr 1.00e-03  *
    epoch   78  train 0.45741 (tc 0.36395 hrr 0.31154)  valid 0.64921 (tc 0.52695 hrr 0.40754)  lr 1.00e-03  *
    epoch   79  train 0.45205 (tc 0.35994 hrr 0.30705)  valid 0.64438 (tc 0.52343 hrr 0.40317)  lr 1.00e-03  *
    epoch   80  train 0.44950 (tc 0.35757 hrr 0.30645)  valid 0.64488 (tc 0.52552 hrr 0.39788)  lr 1.00e-03
    epoch   81  train 0.44646 (tc 0.35498 hrr 0.30491)  valid 0.63826 (tc 0.51849 hrr 0.39924)  lr 1.00e-03  *
    epoch   82  train 0.44396 (tc 0.35282 hrr 0.30380)  valid 0.63721 (tc 0.51694 hrr 0.40090)  lr 1.00e-03  *
    epoch   83  train 0.44254 (tc 0.35167 hrr 0.30290)  valid 0.63475 (tc 0.51520 hrr 0.39848)  lr 1.00e-03  *
    epoch   84  train 0.43951 (tc 0.34879 hrr 0.30241)  valid 0.63136 (tc 0.51075 hrr 0.40204)  lr 1.00e-03  *
    epoch   86  train 0.43796 (tc 0.34726 hrr 0.30234)  valid 0.63084 (tc 0.51000 hrr 0.40280)  lr 1.00e-03  *
    epoch   88  train 0.43646 (tc 0.34613 hrr 0.30108)  valid 0.62725 (tc 0.50627 hrr 0.40327)  lr 1.00e-03  *
    epoch   89  train 0.43317 (tc 0.34364 hrr 0.29843)  valid 0.62348 (tc 0.50497 hrr 0.39505)  lr 1.00e-03  *
    epoch   90  train 0.42982 (tc 0.34065 hrr 0.29723)  valid 0.62469 (tc 0.50596 hrr 0.39577)  lr 1.00e-03
    epoch   91  train 0.42915 (tc 0.34007 hrr 0.29692)  valid 0.62058 (tc 0.50058 hrr 0.40000)  lr 1.00e-03  *
    epoch   93  train 0.42700 (tc 0.33835 hrr 0.29550)  valid 0.61923 (tc 0.50104 hrr 0.39399)  lr 1.00e-03  *
    epoch   94  train 0.42389 (tc 0.33554 hrr 0.29451)  valid 0.61460 (tc 0.49627 hrr 0.39444)  lr 1.00e-03  *
    epoch   96  train 0.42041 (tc 0.33270 hrr 0.29238)  valid 0.60921 (tc 0.49197 hrr 0.39082)  lr 1.00e-03  *
    epoch   99  train 0.41543 (tc 0.32839 hrr 0.29013)  valid 0.60156 (tc 0.48737 hrr 0.38064)  lr 1.00e-03  *
    epoch  100  train 0.41481 (tc 0.32790 hrr 0.28969)  valid 0.60723 (tc 0.48993 hrr 0.39098)  lr 1.00e-03
    epoch  104  train 0.40827 (tc 0.32294 hrr 0.28445)  valid 0.59885 (tc 0.48389 hrr 0.38319)  lr 1.00e-03  *
    epoch  105  train 0.40776 (tc 0.32237 hrr 0.28466)  valid 0.59557 (tc 0.48180 hrr 0.37924)  lr 1.00e-03  *
    epoch  108  train 0.40492 (tc 0.31991 hrr 0.28337)  valid 0.59228 (tc 0.47793 hrr 0.38119)  lr 1.00e-03  *
    epoch  109  train 0.40303 (tc 0.31851 hrr 0.28173)  valid 0.59064 (tc 0.47784 hrr 0.37602)  lr 1.00e-03  *
    epoch  110  train 0.40167 (tc 0.31766 hrr 0.28003)  valid 0.58530 (tc 0.47401 hrr 0.37096)  lr 1.00e-03  *
    epoch  117  train 0.40248 (tc 0.31778 hrr 0.28234)  valid 0.58523 (tc 0.47194 hrr 0.37764)  lr 1.00e-03  *
    epoch  120  train 0.39629 (tc 0.31333 hrr 0.27652)  valid 0.57660 (tc 0.46638 hrr 0.36742)  lr 1.00e-03  *
    epoch  124  train 0.38723 (tc 0.30537 hrr 0.27285)  valid 0.56999 (tc 0.46109 hrr 0.36302)  lr 1.00e-03  *
    epoch  125  train 0.38546 (tc 0.30422 hrr 0.27079)  valid 0.56684 (tc 0.45900 hrr 0.35948)  lr 1.00e-03  *
    epoch  130  train 0.39277 (tc 0.31089 hrr 0.27296)  valid 0.58031 (tc 0.46821 hrr 0.37368)  lr 1.00e-03
    epoch  131  train 0.38866 (tc 0.30712 hrr 0.27182)  valid 0.56458 (tc 0.45620 hrr 0.36127)  lr 1.00e-03  *
    epoch  140  train 0.38191 (tc 0.30112 hrr 0.26929)  valid 0.56811 (tc 0.46091 hrr 0.35735)  lr 1.00e-03
    epoch  142  train 0.37917 (tc 0.29927 hrr 0.26632)  valid 0.56301 (tc 0.45555 hrr 0.35820)  lr 1.00e-03  *
    epoch  145  train 0.37675 (tc 0.29684 hrr 0.26638)  valid 0.56231 (tc 0.45439 hrr 0.35974)  lr 1.00e-03  *
    epoch  146  train 0.37364 (tc 0.29426 hrr 0.26460)  valid 0.55935 (tc 0.44958 hrr 0.36592)  lr 1.00e-03  *
    epoch  147  train 0.37142 (tc 0.29285 hrr 0.26190)  valid 0.55609 (tc 0.44620 hrr 0.36631)  lr 1.00e-03  *
    epoch  150  train 0.36822 (tc 0.29022 hrr 0.25999)  valid 0.55589 (tc 0.44946 hrr 0.35475)  lr 1.00e-03  *
    epoch  151  train 0.36831 (tc 0.29032 hrr 0.25995)  valid 0.54658 (tc 0.43916 hrr 0.35807)  lr 1.00e-03  *
    epoch  153  train 0.36987 (tc 0.29198 hrr 0.25965)  valid 0.54650 (tc 0.44021 hrr 0.35429)  lr 1.00e-03  *
    epoch  155  train 0.37009 (tc 0.29238 hrr 0.25904)  valid 0.54445 (tc 0.43807 hrr 0.35458)  lr 1.00e-03  *
    epoch  159  train 0.36950 (tc 0.29074 hrr 0.26252)  valid 0.54151 (tc 0.43553 hrr 0.35327)  lr 1.00e-03  *
    epoch  160  train 0.37082 (tc 0.29173 hrr 0.26362)  valid 0.55437 (tc 0.44548 hrr 0.36297)  lr 1.00e-03
    epoch  170  train 0.37821 (tc 0.29813 hrr 0.26694)  valid 0.56043 (tc 0.44735 hrr 0.37691)  lr 1.00e-03
    epoch  172  train 0.37470 (tc 0.29611 hrr 0.26196)  valid 0.53751 (tc 0.43534 hrr 0.34056)  lr 1.00e-03  *
    epoch  175  train 0.37932 (tc 0.29796 hrr 0.27123)  valid 0.53057 (tc 0.42783 hrr 0.34245)  lr 1.00e-03  *
    epoch  177  train 0.36952 (tc 0.29094 hrr 0.26193)  valid 0.52890 (tc 0.42541 hrr 0.34497)  lr 1.00e-03  *
    epoch  180  train 0.36555 (tc 0.28845 hrr 0.25698)  valid 0.54479 (tc 0.44238 hrr 0.34137)  lr 1.00e-03
    epoch  184  train 0.35859 (tc 0.28266 hrr 0.25310)  valid 0.52190 (tc 0.42092 hrr 0.33661)  lr 1.00e-03  *
    epoch  185  train 0.35498 (tc 0.27938 hrr 0.25200)  valid 0.51707 (tc 0.41795 hrr 0.33040)  lr 1.00e-03  *
    epoch  190  train 0.34968 (tc 0.27492 hrr 0.24922)  valid 0.53006 (tc 0.42552 hrr 0.34847)  lr 1.00e-03
    epoch  200  train 0.35005 (tc 0.27561 hrr 0.24815)  valid 0.51733 (tc 0.41696 hrr 0.33459)  lr 1.00e-03
    epoch  201  train 0.34937 (tc 0.27523 hrr 0.24714)  valid 0.50795 (tc 0.41306 hrr 0.31629)  lr 1.00e-03  *
    epoch  210  train 0.34336 (tc 0.26950 hrr 0.24619)  valid 0.51233 (tc 0.41282 hrr 0.33170)  lr 1.00e-03
    epoch  220  train 0.33519 (tc 0.26272 hrr 0.24157)  valid 0.51392 (tc 0.41204 hrr 0.33961)  lr 5.00e-04
    epoch  223  train 0.34097 (tc 0.26814 hrr 0.24278)  valid 0.50183 (tc 0.40948 hrr 0.30782)  lr 5.00e-04  *
    epoch  224  train 0.33833 (tc 0.26579 hrr 0.24181)  valid 0.49721 (tc 0.40194 hrr 0.31757)  lr 5.00e-04  *
    epoch  225  train 0.33672 (tc 0.26423 hrr 0.24164)  valid 0.48781 (tc 0.39091 hrr 0.32300)  lr 5.00e-04  *
    epoch  230  train 0.33259 (tc 0.26066 hrr 0.23977)  valid 0.51030 (tc 0.40987 hrr 0.33478)  lr 5.00e-04
    epoch  240  train 0.32968 (tc 0.25828 hrr 0.23801)  valid 0.50866 (tc 0.40872 hrr 0.33314)  lr 5.00e-04
    epoch  250  train 0.32827 (tc 0.25714 hrr 0.23709)  valid 0.50925 (tc 0.41075 hrr 0.32832)  lr 2.50e-04
    epoch  260  train 0.32723 (tc 0.25626 hrr 0.23655)  valid 0.50255 (tc 0.40533 hrr 0.32406)  lr 1.25e-04
    epoch  270  train 0.32702 (tc 0.25610 hrr 0.23641)  valid 0.50237 (tc 0.40416 hrr 0.32735)  lr 1.25e-04
    epoch  280  train 0.32602 (tc 0.25529 hrr 0.23578)  valid 0.50448 (tc 0.40590 hrr 0.32862)  lr 6.25e-05
    early stop at epoch 285 (best 0.48781 @ 225)
    saved models_part1_kan_noreg_seed42\part1_member2.pt  (2.4 min)

  done. 3 member(s) in models_part1_kan_noreg_seed42
  next: python evaluate_part1.py --model-dir models_part1_kan_noreg_seed42
==============================================================================
  Part1 surrogate evaluation — models_part1_kan_noreg_seed42
  KAN-Attention-LSTM (Part1), 3 ensemble member(s), split mode hash
==============================================================================

  [train]  141 simulations
    thermocouples   R2  0.8502   RMSE   57.69 degC
      External_LV1     R2  0.8758   RMSE   59.96 degC
      External_LV2     R2  0.8025   RMSE   55.33 degC
    HRR channels
      HRR              R2  0.9608   RMSE   278.7 kW
      Q_RADI           R2  0.9583   RMSE    83.6 kW
      Q_CONV           R2  0.9572   RMSE   207.3 kW
      Q_COND           R2  0.8969   RMSE     1.5 kW
      Q_TOTAL          R2  0.1342   RMSE    16.1 kW
    per geometry
      baseline             n=17  TC R2  0.8447  RMSE   59.03 degC   HRR R2  0.9759
      noair                n=18  TC R2  0.8746  RMSE   51.14 degC   HRR R2  0.9744
      nogap                n=18  TC R2  0.8443  RMSE   58.94 degC   HRR R2  0.9707
      noair_nogap          n=21  TC R2  0.8698  RMSE   51.95 degC   HRR R2  0.9710
      nocb                 n=14  TC R2  0.8147  RMSE   66.64 degC   HRR R2  0.9373
      noair_nocb           n=17  TC R2  0.8848  RMSE   48.19 degC   HRR R2  0.9723
      nogap_nocb           n=18  TC R2  0.7818  RMSE   73.00 degC   HRR R2  0.9193
      noair_nogap_nocb     n=18  TC R2  0.8745  RMSE   50.66 degC   HRR R2  0.9734
    physics                          model      FDS truth
      sub-ambient points                0              0   PASS
      worst growth drop degC      -219.03        -440.12   PASS
      growth 0.1pct step degC      -48.58        -137.10
      max late rise degC/step       31.30         107.25   PASS

  [valid]  20 simulations
    thermocouples   R2  0.7897   RMSE   70.55 degC
      External_LV1     R2  0.8195   RMSE   73.86 degC
      External_LV2     R2  0.7371   RMSE   67.07 degC
    HRR channels
      HRR              R2  0.9339   RMSE   372.4 kW
      Q_RADI           R2  0.9284   RMSE   113.3 kW
      Q_CONV           R2  0.9260   RMSE   280.5 kW
      Q_COND           R2  0.7948   RMSE     2.4 kW
      Q_TOTAL          R2  0.1248   RMSE    17.5 kW
    per geometry
      baseline             n= 4  TC R2  0.8125  RMSE   64.92 degC   HRR R2  0.9532
      noair                n= 2  TC R2  0.9114  RMSE   41.24 degC   HRR R2  0.9831
      nogap                n= 3  TC R2  0.7163  RMSE   88.96 degC   HRR R2  0.9241
      noair_nogap          n= 2  TC R2  0.9134  RMSE   32.60 degC   HRR R2  0.9878
      nocb                 n= 2  TC R2  0.6585  RMSE  101.68 degC   HRR R2  0.8790
      noair_nocb           n= 2  TC R2  0.9026  RMSE   35.14 degC   HRR R2  0.9841
      nogap_nocb           n= 3  TC R2  0.7246  RMSE   83.09 degC   HRR R2  0.8879
      noair_nogap_nocb     n= 2  TC R2  0.8225  RMSE   69.12 degC   HRR R2  0.9552
    physics                          model      FDS truth
      sub-ambient points                0              0   PASS
      worst growth drop degC      -163.43        -363.72   PASS
      growth 0.1pct step degC      -61.05        -161.64
      max late rise degC/step       25.72          67.88   PASS

  [test]  23 simulations
    thermocouples   R2  0.8257   RMSE   59.62 degC
      External_LV1     R2  0.8578   RMSE   61.59 degC
      External_LV2     R2  0.7650   RMSE   57.59 degC
    HRR channels
      HRR              R2  0.9497   RMSE   308.9 kW
      Q_RADI           R2  0.9493   RMSE    89.6 kW
      Q_CONV           R2  0.9448   RMSE   231.8 kW
      Q_COND           R2  0.8234   RMSE     2.0 kW
      Q_TOTAL          R2  0.1224   RMSE    18.6 kW
    per geometry
      baseline             n= 4  TC R2  0.8941  RMSE   41.40 degC   HRR R2  0.9836
      noair                n= 3  TC R2  0.8841  RMSE   43.62 degC   HRR R2  0.9795
      nogap                n= 1  TC R2  0.7884  RMSE   69.94 degC   HRR R2  0.9573
      noair_nogap          n= 2  TC R2  0.8455  RMSE   54.85 degC   HRR R2  0.9670
      nocb                 n= 5  TC R2  0.6878  RMSE   91.63 degC   HRR R2  0.8872
      noair_nocb           n= 3  TC R2  0.8457  RMSE   56.37 degC   HRR R2  0.9655
      nogap_nocb           n= 3  TC R2  0.9147  RMSE   35.39 degC   HRR R2  0.9862
      noair_nogap_nocb     n= 2  TC R2  0.9080  RMSE   38.85 degC   HRR R2  0.9873
    physics                          model      FDS truth
      sub-ambient points                0              0   PASS
      worst growth drop degC       -97.77        -291.74   PASS
      growth 0.1pct step degC      -35.64        -116.59
      max late rise degC/step       26.00          93.58   PASS

  combined valid+test TC R2: 0.8077
  (checkpoint ranking uses this, never test alone)

  written: models_part1_kan_noreg_seed42\evaluation_part1.json
