  Scanning for simulations...
  [training_data/] 60 folders, 60 with DEVC CSV
  Total: 60 discovered, 60 with output data

  Summary:
    Complete:   60 simulations
    Partial:    0 simulations (padded + masked)
    Total:      60 usable
    No output:  0
    Too short:  0 (< 30 timesteps)
    Bad params: 0
    Input:  (60, 16)
    Output: (60, 181, 24)

Data splits (deterministic, hash-based):
  Train: 40 samples
    - Test_1_PE_PIR HRR1333 M008  [DCLG_Test_1_PE_PIR_HRR1333_M008_0_1]
    - Test_1_PE_PIR HRR1667 M008  [DCLG_Test_1_PE_PIR_HRR1667_M008_0_1]
    - Test_1_PE_PIR HRR1667 M009  [DCLG_Test_1_PE_PIR_HRR1667_M009_0_1]
    - Test_1_PE_PIR HRR1667 M010  [DCLG_Test_1_PE_PIR_HRR1667_M010_0_1]
    - Test_1_PE_PIR HRR2000 M008  [DCLG_Test_1_PE_PIR_HRR2000_M008_0_1]
    - Test_1_PE_PIR HRR2000 M009  [DCLG_Test_1_PE_PIR_HRR2000_M009_0_1]
    - Test_1_PE_PIR HRR2000 M010  [DCLG_Test_1_PE_PIR_HRR2000_M010_0_1]
    - Test_1_PE_PIR HRR2100 M008  [DCLG_Test_1_PE_PIR_HRR2100_M008_0_1]
    - Test_1_PE_PIR HRR2100 M009  [DCLG_Test_1_PE_PIR_HRR2100_M009_0_1]
    - Test_1_PE_PIR HRR2333 M008  [DCLG_Test_1_new_version02_0_08]
    - Test_1_PE_PIR HRR2333 M010  [DCLG_Test_1_new_version02_0_1]
    - Test_3_FRPE_PIR HRR2333 M008  [DCLG_Test_3_FRPE_PIR_0_08]
    - Test_3_FRPE_PIR HRR2333 M009  [DCLG_Test_3_FRPE_PIR_0_09]
    - Test_3_FRPE_PIR HRR2333 M010  [DCLG_Test_3_FRPE_PIR_0_1]
    - Test_3_FRPE_PIR HRR1333 M009  [DCLG_Test_3_FRPE_PIR_HRR1333_M009_0_1]
    - Test_3_FRPE_PIR HRR2000 M010  [DCLG_Test_3_FRPE_PIR_HRR2000_M010_0_1]
    - Test_3_FRPE_PIR HRR2100 M008  [DCLG_Test_3_FRPE_PIR_HRR2100_M008_0_1]
    - Test_3_FRPE_PIR HRR2100 M009  [DCLG_Test_3_FRPE_PIR_HRR2100_M009_0_1]
    - Test_5_LCM_PIR HRR2333 M009  [DCLG_Test_5_LCM_PIR_0_09]
    - Test_5_LCM_PIR HRR1333 M008  [DCLG_Test_5_LCM_PIR_HRR1333_M008_0_1]
    - Test_5_LCM_PIR HRR1333 M009  [DCLG_Test_5_LCM_PIR_HRR1333_M009_0_1]
    - Test_5_LCM_PIR HRR1333 M010  [DCLG_Test_5_LCM_PIR_HRR1333_M010_0_1]
    - Test_5_LCM_PIR HRR1667 M008  [DCLG_Test_5_LCM_PIR_HRR1667_M008_0_1]
    - Test_5_LCM_PIR HRR1667 M010  [DCLG_Test_5_LCM_PIR_HRR1667_M010_0_1]
    - Test_5_LCM_PIR HRR2100 M008  [DCLG_Test_5_LCM_PIR_HRR2100_M008_0_1]
    - Test_5_LCM_PIR HRR2100 M009  [DCLG_Test_5_LCM_PIR_HRR2100_M009_0_1]
    - Test_5_LCM_PIR HRR2100 M010  [DCLG_Test_5_LCM_PIR_HRR2100_M010_0_1]
    - Test_7_FRPE_Phenolic HRR2333 M008  [DCLG_Test_7_FRPE_Phenolic_0_08]
    - Test_7_FRPE_Phenolic HRR2333 M009  [DCLG_Test_7_FRPE_Phenolic_0_09]
    - Test_7_FRPE_Phenolic HRR2333 M010  [DCLG_Test_7_FRPE_Phenolic_0_1]
    - Test_7_FRPE_Phenolic HRR1333 M008  [DCLG_Test_7_FRPE_Phenolic_HRR1333_M008_0_1]
    - Test_7_FRPE_Phenolic HRR1333 M009  [DCLG_Test_7_FRPE_Phenolic_HRR1333_M009_0_1]
    - Test_7_FRPE_Phenolic HRR1333 M010  [DCLG_Test_7_FRPE_Phenolic_HRR1333_M010_0_1]
    - Test_7_FRPE_Phenolic HRR1667 M008  [DCLG_Test_7_FRPE_Phenolic_HRR1667_M008_0_1]
    - Test_7_FRPE_Phenolic HRR1667 M009  [DCLG_Test_7_FRPE_Phenolic_HRR1667_M009_0_1]
    - Test_7_FRPE_Phenolic HRR1667 M010  [DCLG_Test_7_FRPE_Phenolic_HRR1667_M010_0_1]
    - Test_7_FRPE_Phenolic HRR2000 M008  [DCLG_Test_7_FRPE_Phenolic_HRR2000_M008_0_1]
    - Test_7_FRPE_Phenolic HRR2000 M009  [DCLG_Test_7_FRPE_Phenolic_HRR2000_M009_0_1]
    - Test_7_FRPE_Phenolic HRR2100 M008  [DCLG_Test_7_FRPE_Phenolic_HRR2100_M008_0_1]
    - Test_7_FRPE_Phenolic HRR2100 M010  [DCLG_Test_7_FRPE_Phenolic_HRR2100_M010_0_1]
  Valid: 12 samples
    - Test_1_PE_PIR HRR1333 M010  [DCLG_Test_1_PE_PIR_HRR1333_M010_0_1]
    - Test_1_PE_PIR HRR2333 M009  [DCLG_Test_1_new_version02_0_09]
    - Test_3_FRPE_PIR HRR1333 M010  [DCLG_Test_3_FRPE_PIR_HRR1333_M010_0_1]
    - Test_3_FRPE_PIR HRR1667 M008  [DCLG_Test_3_FRPE_PIR_HRR1667_M008_0_1]
    - Test_3_FRPE_PIR HRR1667 M009  [DCLG_Test_3_FRPE_PIR_HRR1667_M009_0_1]
    - Test_3_FRPE_PIR HRR2000 M008  [DCLG_Test_3_FRPE_PIR_HRR2000_M008_0_1]
    - Test_5_LCM_PIR HRR2333 M008  [DCLG_Test_5_LCM_PIR_08]
    - Test_5_LCM_PIR HRR1667 M009  [DCLG_Test_5_LCM_PIR_HRR1667_M009_0_1]
    - Test_5_LCM_PIR HRR2000 M008  [DCLG_Test_5_LCM_PIR_HRR2000_M008_0_1]
    - Test_5_LCM_PIR HRR2000 M010  [DCLG_Test_5_LCM_PIR_HRR2000_M010_0_1]
    - Test_7_FRPE_Phenolic HRR2000 M010  [DCLG_Test_7_FRPE_Phenolic_HRR2000_M010_0_1]
    - Test_7_FRPE_Phenolic HRR2100 M009  [DCLG_Test_7_FRPE_Phenolic_HRR2100_M009_0_1]
  Test:  8 samples
    - Test_1_PE_PIR HRR1333 M009  [DCLG_Test_1_PE_PIR_HRR1333_M009_0_1]
    - Test_1_PE_PIR HRR2100 M010  [DCLG_Test_1_PE_PIR_HRR2100_M010_0_1]
    - Test_3_FRPE_PIR HRR1333 M008  [DCLG_Test_3_FRPE_PIR_HRR1333_M008_0_1]
    - Test_3_FRPE_PIR HRR1667 M010  [DCLG_Test_3_FRPE_PIR_HRR1667_M010_0_1]
    - Test_3_FRPE_PIR HRR2000 M009  [DCLG_Test_3_FRPE_PIR_HRR2000_M009_0_1]
    - Test_3_FRPE_PIR HRR2100 M010  [DCLG_Test_3_FRPE_PIR_HRR2100_M010_0_1]
    - Test_5_LCM_PIR HRR2333 M010  [DCLG_Test_5_LCM_PIR_0_1]
    - Test_5_LCM_PIR HRR2000 M009  [DCLG_Test_5_LCM_PIR_HRR2000_M009_0_1]
LV1 sensors: 8, LV2 sensors: 8

================================================================================
  BR 135 external-spread classification -- sustain >= 30 s (3 x 10-s samples), 600 degC rise on External LV2
================================================================================
sim                                                     FDS       v9 surrogate match
Test_1_PE_PIR H1333 M009                         FAIL @820s         FAIL @810s YES
Test_1_PE_PIR H2100 M010                         FAIL @730s         FAIL @760s YES
Test_3_FRPE_PIR H1333 M008                             PASS               PASS YES
Test_3_FRPE_PIR H1667 M010                       FAIL @750s         FAIL @790s YES
Test_3_FRPE_PIR H2000 M009                       FAIL @570s         FAIL @600s YES
Test_3_FRPE_PIR H2100 M010                       FAIL @610s         FAIL @640s YES
Test_5_LCM_PIR H2333 M010                              PASS               PASS YES
Test_5_LCM_PIR H2000 M009                              PASS               PASS YES

  Agreement (sustain 30 s): 8/8

================================================================================
  BR 135 external-spread classification -- sustain >= 90 s (9 x 10-s samples), 600 degC rise on External LV2
================================================================================
sim                                                     FDS       v9 surrogate match
Test_1_PE_PIR H1333 M009                         FAIL @880s         FAIL @870s YES
Test_1_PE_PIR H2100 M010                         FAIL @790s         FAIL @820s YES
Test_3_FRPE_PIR H1333 M008                             PASS               PASS YES
Test_3_FRPE_PIR H1667 M010                       FAIL @810s         FAIL @850s YES
Test_3_FRPE_PIR H2000 M009                       FAIL @630s         FAIL @600s YES
Test_3_FRPE_PIR H2100 M010                       FAIL @670s         FAIL @700s YES
Test_5_LCM_PIR H2333 M010                              PASS               PASS YES
Test_5_LCM_PIR H2000 M009                              PASS               PASS YES

  Agreement (sustain 90 s): 8/8

================================================================================
  BR 135 external-spread classification -- sustain >= 270 s (27 x 10-s samples), 600 degC rise on External LV2
================================================================================
sim                                                     FDS       v9 surrogate match
Test_1_PE_PIR H1333 M009                               PASS        FAIL @1010s NO
Test_1_PE_PIR H2100 M010                         FAIL @820s         FAIL @840s YES
Test_3_FRPE_PIR H1333 M008                             PASS               PASS YES
Test_3_FRPE_PIR H1667 M010                             PASS               PASS YES
Test_3_FRPE_PIR H2000 M009                             PASS               PASS YES
Test_3_FRPE_PIR H2100 M010                       FAIL @850s         FAIL @830s YES
Test_5_LCM_PIR H2333 M010                              PASS               PASS YES
Test_5_LCM_PIR H2000 M009                              PASS               PASS YES

  Agreement (sustain 270 s): 7/8

================================================================================
  Summary -- surrogate vs FDS classification agreement by sustain duration
================================================================================
    sustain >=   30 s : 8/8 sims agree
    sustain >=   90 s : 8/8 sims agree
    sustain >=  270 s : 7/8 sims agree
