    - Test_7_FRPE_Phenolic HRR1333 M009  [DCLG_Test_7_FRPE_Phenolic_HRR1333_M009_0_1]
    - Test_7_FRPE_Phenolic HRR1333 M010  [DCLG_Test_7_FRPE_Phenolic_HRR1333_M010_0_1]
    - Test_7_FRPE_Phenolic HRR1667 M009  [DCLG_Test_7_FRPE_Phenolic_HRR1667_M009_0_1]
    - Test_7_FRPE_Phenolic HRR1667 M010  [DCLG_Test_7_FRPE_Phenolic_HRR1667_M010_0_1]
    - Test_7_FRPE_Phenolic HRR2000 M009  [DCLG_Test_7_FRPE_Phenolic_HRR2000_M009_0_1]
    - Test_7_FRPE_Phenolic HRR2000 M010  [DCLG_Test_7_FRPE_Phenolic_HRR2000_M010_0_1]
    - Test_7_FRPE_Phenolic HRR2100 M009  [DCLG_Test_7_FRPE_Phenolic_HRR2100_M009_0_1]
    - Test_7_FRPE_Phenolic HRR2100 M010  [DCLG_Test_7_FRPE_Phenolic_HRR2100_M010_0_1]
    - Test_7_FRPE_Phenolic HRR2333 M010  [DCLG_Test_7_FRPE_Phenolic_HRR2333_M010_0_1]
  Valid: 4 samples
    - Test_1_PE_PIR HRR1333 M009  [DCLG_Test_1_PE_PIR_HRR1333_M009_0_1]
    - Test_3_FRPE_PIR HRR2000 M009  [DCLG_Test_3_FRPE_PIR_HRR2000_M009_0_1]
    - Test_5_LCM_PIR HRR2333 M010  [DCLG_Test_5_LCM_PIR_0_1]
    - Test_5_LCM_PIR HRR1667 M009  [DCLG_Test_5_LCM_PIR_HRR1667_M009_0_1]
  Test:  5 samples
    - Test_1_PE_PIR HRR2100 M010  [DCLG_Test_1_PE_PIR_HRR2100_M010_0_1]
    - Test_3_FRPE_PIR HRR1667 M010  [DCLG_Test_3_FRPE_PIR_HRR1667_M010_0_1]
    - Test_3_FRPE_PIR HRR2100 M010  [DCLG_Test_3_FRPE_PIR_HRR2100_M010_0_1]
    - Test_5_LCM_PIR HRR2000 M009  [DCLG_Test_5_LCM_PIR_HRR2000_M009_0_1]
    - Test_5_LCM_PIR HRR2333 M010  [DCLG_Test_5_LCM_PIR_HRR2333_M010_0_1]

Held-out test sims (n=5):
  - Test_1_PE_PIR          HRR2100  M010
  - Test_3_FRPE_PIR        HRR1667  M010
  - Test_3_FRPE_PIR        HRR2100  M010
  - Test_5_LCM_PIR         HRR2000  M009
  - Test_5_LCM_PIR         HRR2333  M010

Loading 80/10/10 ensemble (current models/)...
  Weights: ['0.160', '0.193', '0.160', '0.300', '0.187']
Loading 70/15/15 ensemble (backup)...
  Weights: ['0.202', '0.215', '0.197', '0.201', '0.185']

======================================================================
  HEAD-TO-HEAD ON HELD-OUT TEST SET
======================================================================
  Metric                      70/15/15 (old)   80/10/10 (new)      delta
  ------------------------- ---------------- ---------------- ----------
  Overall R2                          0.9060           0.8406    -0.0654
  Overall RMSE (C)                     68.90            89.73     +20.83
  MAPE (T>100C) %                      13.22            16.43      +3.21
  Avg per-sensor R2                   0.8575           0.7583    -0.0993
  Sensors with R2 > 0.9                   11                7         -4
  Sensors with R2 > 0.8                   19               12         -7

  Key thermocouples:
  Sensor                                          70/15/15   80/10/10    delta
  TC 1029 - External LV2 Main                       0.9639     0.9265  -0.0374
  TC 1003 - External LV1 Main                       0.9482     0.9423  -0.0059

  Per-simulation overall R2 (across all 24 sensors × valid timesteps):
  Sim                                                       70/15/15   80/10/10    delta
  DCLG_Test_1_PE_PIR_HRR2100_M010_0_1                         0.8568     0.7718  -0.0851
  DCLG_Test_3_FRPE_PIR_HRR1667_M010_0_1                       0.9180     0.8600  -0.0580
  DCLG_Test_3_FRPE_PIR_HRR2100_M010_0_1                       0.9512     0.8793  -0.0720
  DCLG_Test_5_LCM_PIR_HRR2000_M009_0_1                        0.8294     0.7669  -0.0625
  DCLG_Test_5_LCM_PIR_HRR2333_M010_0_1                        0.9376     0.8719  -0.0657
======================================================================

  Saved summary -> D:\VS_projects\bs8414_KAN_surrogate\split_comparison.txt
