
======================================================================
  KAN evaluation - models_baseline_63sim  (split 70/15/15)
======================================================================
  Ensemble: 5 members, weights=['0.204', '0.195', '0.201', '0.185', '0.214']
  Scanning for simulations...
  [training_data/] 63 folders, 63 with DEVC CSV
  Total: 63 discovered, 63 with output data

  Summary:
    Complete:   63 simulations
    Partial:    0 simulations (padded + masked)
    Total:      63 usable
    No output:  0
    Too short:  0 (< 30 timesteps)
    Bad params: 0
    Input:  (63, 16)
    Output: (63, 181, 24)
  Split: train=41  valid=13  test=9
  Train: R2=0.9263  RMSE=62.5C  MAE=35.0C  MAPE(T>100)=12.2%
  Valid: R2=0.7717  RMSE=107.0C  MAE=56.0C  MAPE(T>100)=22.6%
  Test: R2=0.8735  RMSE=76.2C  MAE=43.0C  MAPE(T>100)=16.4%
  Outputs -> models_baseline_63sim\outputs
