======================================================================
  BS8414 KAN-Attention-LSTM Surrogate — Training v6 (physics-causal)
======================================================================
Device: cuda
  Scanning for simulations...
  [training_data/] 51 folders, 51 with DEVC CSV
  Total: 51 discovered, 51 with output data

  Summary:
    Complete:   51 simulations
    Partial:    0 simulations (padded + masked)
    Total:      51 usable
    No output:  0
    Too short:  0 (< 30 timesteps)
    Bad params: 0
    Input:  (51, 16)
    Output: (51, 181, 24)

Data splits (deterministic, hash-based):
  Train: 33 samples
    - Test_1_PE_PIR HRR1333 M008  [DCLG_Test_1_PE_PIR_HRR1333_M008_0_1]
    - Test_1_PE_PIR HRR1667 M008  [DCLG_Test_1_PE_PIR_HRR1667_M008_0_1]
    - Test_1_PE_PIR HRR1667 M009  [DCLG_Test_1_PE_PIR_HRR1667_M009_0_1]
    - Test_1_PE_PIR HRR1667 M010  [DCLG_Test_1_PE_PIR_HRR1667_M010_0_1]
    - Test_1_PE_PIR HRR2000 M008  [DCLG_Test_1_PE_PIR_HRR2000_M008_0_1]
    - Test_1_PE_PIR HRR2000 M009  [DCLG_Test_1_PE_PIR_HRR2000_M009_0_1]
    - Test_1_PE_PIR HRR2000 M010  [DCLG_Test_1_PE_PIR_HRR2000_M010_0_1]
    - Test_1_PE_PIR HRR2100 M008  [DCLG_Test_1_PE_PIR_HRR2100_M008_0_1]
    - Test_1_PE_PIR HRR2100 M009  [DCLG_Test_1_PE_PIR_HRR2100_M009_0_1]
    - Test_1_PE_PIR HRR2333 M008  [DCLG_Test_1_new_version02_0_08]
    - Test_1_PE_PIR HRR2333 M010  [DCLG_Test_1_new_version02_0_1]
    - Test_3_FRPE_PIR HRR2333 M008  [DCLG_Test_3_FRPE_PIR_0_08]
    - Test_3_FRPE_PIR HRR2333 M009  [DCLG_Test_3_FRPE_PIR_0_09]
    - Test_3_FRPE_PIR HRR2333 M010  [DCLG_Test_3_FRPE_PIR_0_1]
    - Test_3_FRPE_PIR HRR1333 M009  [DCLG_Test_3_FRPE_PIR_HRR1333_M009_0_1]
    - Test_3_FRPE_PIR HRR2000 M010  [DCLG_Test_3_FRPE_PIR_HRR2000_M010_0_1]
    - Test_3_FRPE_PIR HRR2100 M009  [DCLG_Test_3_FRPE_PIR_HRR2100_M009_0_1]
    - Test_5_LCM_PIR HRR2333 M009  [DCLG_Test_5_LCM_PIR_0_09]
    - Test_5_LCM_PIR HRR1333 M009  [DCLG_Test_5_LCM_PIR_HRR1333_M009_0_1]
    - Test_5_LCM_PIR HRR1333 M010  [DCLG_Test_5_LCM_PIR_HRR1333_M010_0_1]
    - Test_5_LCM_PIR HRR1667 M010  [DCLG_Test_5_LCM_PIR_HRR1667_M010_0_1]
    - Test_5_LCM_PIR HRR2100 M009  [DCLG_Test_5_LCM_PIR_HRR2100_M009_0_1]
    - Test_5_LCM_PIR HRR2100 M010  [DCLG_Test_5_LCM_PIR_HRR2100_M010_0_1]
    - Test_7_FRPE_Phenolic HRR2333 M008  [DCLG_Test_7_FRPE_Phenolic_0_08]
    - Test_7_FRPE_Phenolic HRR2333 M009  [DCLG_Test_7_FRPE_Phenolic_0_09]
    - Test_7_FRPE_Phenolic HRR2333 M010  [DCLG_Test_7_FRPE_Phenolic_0_1]
    - Test_7_FRPE_Phenolic HRR1333 M009  [DCLG_Test_7_FRPE_Phenolic_HRR1333_M009_0_1]
    - Test_7_FRPE_Phenolic HRR1333 M010  [DCLG_Test_7_FRPE_Phenolic_HRR1333_M010_0_1]
    - Test_7_FRPE_Phenolic HRR1667 M009  [DCLG_Test_7_FRPE_Phenolic_HRR1667_M009_0_1]
    - Test_7_FRPE_Phenolic HRR1667 M010  [DCLG_Test_7_FRPE_Phenolic_HRR1667_M010_0_1]
    - Test_7_FRPE_Phenolic HRR2000 M009  [DCLG_Test_7_FRPE_Phenolic_HRR2000_M009_0_1]
    - Test_7_FRPE_Phenolic HRR2100 M010  [DCLG_Test_7_FRPE_Phenolic_HRR2100_M010_0_1]
    - Test_7_FRPE_Phenolic HRR2333 M010  [DCLG_Test_7_FRPE_Phenolic_HRR2333_M010_0_1]
  Valid: 10 samples
    - Test_1_PE_PIR HRR1333 M010  [DCLG_Test_1_PE_PIR_HRR1333_M010_0_1]
    - Test_1_PE_PIR HRR2333 M008  [DCLG_Test_1_PE_PIR_HRR2333_M008_0_1]
    - Test_1_PE_PIR HRR2333 M009  [DCLG_Test_1_new_version02_0_09]
    - Test_3_FRPE_PIR HRR1333 M010  [DCLG_Test_3_FRPE_PIR_HRR1333_M010_0_1]
    - Test_3_FRPE_PIR HRR1667 M009  [DCLG_Test_3_FRPE_PIR_HRR1667_M009_0_1]
    - Test_5_LCM_PIR HRR2333 M008  [DCLG_Test_5_LCM_PIR_08]
    - Test_5_LCM_PIR HRR1667 M009  [DCLG_Test_5_LCM_PIR_HRR1667_M009_0_1]
    - Test_5_LCM_PIR HRR2000 M010  [DCLG_Test_5_LCM_PIR_HRR2000_M010_0_1]
    - Test_7_FRPE_Phenolic HRR2000 M010  [DCLG_Test_7_FRPE_Phenolic_HRR2000_M010_0_1]
    - Test_7_FRPE_Phenolic HRR2100 M009  [DCLG_Test_7_FRPE_Phenolic_HRR2100_M009_0_1]
  Test:  8 samples
    - Test_1_PE_PIR HRR1333 M009  [DCLG_Test_1_PE_PIR_HRR1333_M009_0_1]
    - Test_1_PE_PIR HRR2100 M010  [DCLG_Test_1_PE_PIR_HRR2100_M010_0_1]
    - Test_3_FRPE_PIR HRR1667 M010  [DCLG_Test_3_FRPE_PIR_HRR1667_M010_0_1]
    - Test_3_FRPE_PIR HRR2000 M009  [DCLG_Test_3_FRPE_PIR_HRR2000_M009_0_1]
    - Test_3_FRPE_PIR HRR2100 M010  [DCLG_Test_3_FRPE_PIR_HRR2100_M010_0_1]
    - Test_5_LCM_PIR HRR2333 M010  [DCLG_Test_5_LCM_PIR_0_1]
    - Test_5_LCM_PIR HRR2000 M009  [DCLG_Test_5_LCM_PIR_HRR2000_M009_0_1]
    - Test_5_LCM_PIR HRR2333 M010  [DCLG_Test_5_LCM_PIR_HRR2333_M010_0_1]

  Input vector: 39 features (51 sims: 33/10/8)
  Anchor LOO error (train): mean|err|=170s
  Per-cladding jitter (s): {0: 119, 1: 277, 2: 260, 3: 110}
  Train: 33 real -> 132 augmented

--- Training 12 candidate members ---
  Params: 852,795
  [M 1] valid loss=10.4576  valid R2=0.7382  (591s elapsed)
  [M 2] valid loss=10.8117  valid R2=0.6933  (1206s elapsed)
  [M 3] valid loss=10.4564  valid R2=0.7199  (1790s elapsed)
  [M 4] valid loss=9.6958  valid R2=0.7494  (2394s elapsed)
  [M 5] valid loss=10.3348  valid R2=0.7175  (3090s elapsed)
  [M 6] valid loss=10.8369  valid R2=0.7094  (3794s elapsed)
  [M 7] valid loss=10.0247  valid R2=0.7131  (4430s elapsed)
  [M 8] valid loss=9.7746  valid R2=0.7472  (5074s elapsed)
  [M 9] valid loss=10.6402  valid R2=0.7202  (5830s elapsed)
  [M10] valid loss=10.9280  valid R2=0.6879  (6460s elapsed)
  [M11] valid loss=10.2424  valid R2=0.7275  (7137s elapsed)
  [M12] valid loss=9.8675  valid R2=0.7440  (7735s elapsed)

--- Greedy ensemble selection (max 5 members, by valid R²) ---
  + M4  -> valid R2=0.7494
  + M8  -> valid R2=0.7651
  + M12  -> valid R2=0.7684
  + M11  -> valid R2=0.7703
  + M1  -> valid R2=0.7707
  Selected: ['M4', 'M8', 'M12', 'M11', 'M1']  weights=['0.206', '0.205', '0.203', '0.195', '0.191']
  Time: 7736s

  Valid: R2=0.7707  RMSE=105.7C  MAPE(T>100)=20.6%
    sim 0: R2=0.338
    sim 1: R2=0.800
    sim 2: R2=0.807
    sim 3: R2=0.752
    sim 4: R2=0.927
    sim 5: R2=0.757
    sim 6: R2=0.695
    sim 7: R2=0.967
    sim 8: R2=0.938
    sim 9: R2=0.916

  Test: R2=0.8949  RMSE=69.8C  MAPE(T>100)=13.7%
    sim 0: R2=0.779
    sim 1: R2=0.835
    sim 2: R2=0.894
    sim 3: R2=0.956
    sim 4: R2=0.936
    sim 5: R2=0.951
    sim 6: R2=0.943
    sim 7: R2=0.951

  Saved -> D:\VS_projects\bs8414_KAN_surrogate\models_v6\best_model.pt
