======================================================================
  BS8414 KAN-Attention-LSTM Surrogate - Training v8 (clamp+robust)
======================================================================
Device: cuda
  Scanning for simulations...
  [training_data/] 60 folders, 60 with DEVC CSV
  Total: 60 discovered, 60 with output data

  Summary:
    Complete:   60 simulations
    Partial:    0 simulations (padded + masked)
    Total:      60 usable
    No output:  0
    Too short:  0 (< 30 timesteps)
    Bad params: 0
    Input:  (60, 16)
    Output: (60, 181, 24)

Data splits (deterministic, hash-based):
  Train: 40 samples
    - Test_1_PE_PIR HRR1333 M008  [DCLG_Test_1_PE_PIR_HRR1333_M008_0_1]
    - Test_1_PE_PIR HRR1667 M008  [DCLG_Test_1_PE_PIR_HRR1667_M008_0_1]
    - Test_1_PE_PIR HRR1667 M009  [DCLG_Test_1_PE_PIR_HRR1667_M009_0_1]
    - Test_1_PE_PIR HRR1667 M010  [DCLG_Test_1_PE_PIR_HRR1667_M010_0_1]
    - Test_1_PE_PIR HRR2000 M008  [DCLG_Test_1_PE_PIR_HRR2000_M008_0_1]
    - Test_1_PE_PIR HRR2000 M009  [DCLG_Test_1_PE_PIR_HRR2000_M009_0_1]
    - Test_1_PE_PIR HRR2000 M010  [DCLG_Test_1_PE_PIR_HRR2000_M010_0_1]
    - Test_1_PE_PIR HRR2100 M008  [DCLG_Test_1_PE_PIR_HRR2100_M008_0_1]
    - Test_1_PE_PIR HRR2100 M009  [DCLG_Test_1_PE_PIR_HRR2100_M009_0_1]
    - Test_1_PE_PIR HRR2333 M008  [DCLG_Test_1_new_version02_0_08]
    - Test_1_PE_PIR HRR2333 M010  [DCLG_Test_1_new_version02_0_1]
    - Test_3_FRPE_PIR HRR2333 M008  [DCLG_Test_3_FRPE_PIR_0_08]
    - Test_3_FRPE_PIR HRR2333 M009  [DCLG_Test_3_FRPE_PIR_0_09]
    - Test_3_FRPE_PIR HRR2333 M010  [DCLG_Test_3_FRPE_PIR_0_1]
    - Test_3_FRPE_PIR HRR1333 M009  [DCLG_Test_3_FRPE_PIR_HRR1333_M009_0_1]
    - Test_3_FRPE_PIR HRR2000 M010  [DCLG_Test_3_FRPE_PIR_HRR2000_M010_0_1]
    - Test_3_FRPE_PIR HRR2100 M008  [DCLG_Test_3_FRPE_PIR_HRR2100_M008_0_1]
    - Test_3_FRPE_PIR HRR2100 M009  [DCLG_Test_3_FRPE_PIR_HRR2100_M009_0_1]
    - Test_5_LCM_PIR HRR2333 M009  [DCLG_Test_5_LCM_PIR_0_09]
    - Test_5_LCM_PIR HRR1333 M008  [DCLG_Test_5_LCM_PIR_HRR1333_M008_0_1]
    - Test_5_LCM_PIR HRR1333 M009  [DCLG_Test_5_LCM_PIR_HRR1333_M009_0_1]
    - Test_5_LCM_PIR HRR1333 M010  [DCLG_Test_5_LCM_PIR_HRR1333_M010_0_1]
    - Test_5_LCM_PIR HRR1667 M008  [DCLG_Test_5_LCM_PIR_HRR1667_M008_0_1]
    - Test_5_LCM_PIR HRR1667 M010  [DCLG_Test_5_LCM_PIR_HRR1667_M010_0_1]
    - Test_5_LCM_PIR HRR2100 M008  [DCLG_Test_5_LCM_PIR_HRR2100_M008_0_1]
    - Test_5_LCM_PIR HRR2100 M009  [DCLG_Test_5_LCM_PIR_HRR2100_M009_0_1]
    - Test_5_LCM_PIR HRR2100 M010  [DCLG_Test_5_LCM_PIR_HRR2100_M010_0_1]
    - Test_7_FRPE_Phenolic HRR2333 M008  [DCLG_Test_7_FRPE_Phenolic_0_08]
    - Test_7_FRPE_Phenolic HRR2333 M009  [DCLG_Test_7_FRPE_Phenolic_0_09]
    - Test_7_FRPE_Phenolic HRR2333 M010  [DCLG_Test_7_FRPE_Phenolic_0_1]
    - Test_7_FRPE_Phenolic HRR1333 M008  [DCLG_Test_7_FRPE_Phenolic_HRR1333_M008_0_1]
    - Test_7_FRPE_Phenolic HRR1333 M009  [DCLG_Test_7_FRPE_Phenolic_HRR1333_M009_0_1]
    - Test_7_FRPE_Phenolic HRR1333 M010  [DCLG_Test_7_FRPE_Phenolic_HRR1333_M010_0_1]
    - Test_7_FRPE_Phenolic HRR1667 M008  [DCLG_Test_7_FRPE_Phenolic_HRR1667_M008_0_1]
    - Test_7_FRPE_Phenolic HRR1667 M009  [DCLG_Test_7_FRPE_Phenolic_HRR1667_M009_0_1]
    - Test_7_FRPE_Phenolic HRR1667 M010  [DCLG_Test_7_FRPE_Phenolic_HRR1667_M010_0_1]
    - Test_7_FRPE_Phenolic HRR2000 M008  [DCLG_Test_7_FRPE_Phenolic_HRR2000_M008_0_1]
    - Test_7_FRPE_Phenolic HRR2000 M009  [DCLG_Test_7_FRPE_Phenolic_HRR2000_M009_0_1]
    - Test_7_FRPE_Phenolic HRR2100 M008  [DCLG_Test_7_FRPE_Phenolic_HRR2100_M008_0_1]
    - Test_7_FRPE_Phenolic HRR2100 M010  [DCLG_Test_7_FRPE_Phenolic_HRR2100_M010_0_1]
  Valid: 12 samples
    - Test_1_PE_PIR HRR1333 M010  [DCLG_Test_1_PE_PIR_HRR1333_M010_0_1]
    - Test_1_PE_PIR HRR2333 M009  [DCLG_Test_1_new_version02_0_09]
    - Test_3_FRPE_PIR HRR1333 M010  [DCLG_Test_3_FRPE_PIR_HRR1333_M010_0_1]
    - Test_3_FRPE_PIR HRR1667 M008  [DCLG_Test_3_FRPE_PIR_HRR1667_M008_0_1]
    - Test_3_FRPE_PIR HRR1667 M009  [DCLG_Test_3_FRPE_PIR_HRR1667_M009_0_1]
    - Test_3_FRPE_PIR HRR2000 M008  [DCLG_Test_3_FRPE_PIR_HRR2000_M008_0_1]
    - Test_5_LCM_PIR HRR2333 M008  [DCLG_Test_5_LCM_PIR_08]
    - Test_5_LCM_PIR HRR1667 M009  [DCLG_Test_5_LCM_PIR_HRR1667_M009_0_1]
    - Test_5_LCM_PIR HRR2000 M008  [DCLG_Test_5_LCM_PIR_HRR2000_M008_0_1]
    - Test_5_LCM_PIR HRR2000 M010  [DCLG_Test_5_LCM_PIR_HRR2000_M010_0_1]
    - Test_7_FRPE_Phenolic HRR2000 M010  [DCLG_Test_7_FRPE_Phenolic_HRR2000_M010_0_1]
    - Test_7_FRPE_Phenolic HRR2100 M009  [DCLG_Test_7_FRPE_Phenolic_HRR2100_M009_0_1]
  Test:  8 samples
    - Test_1_PE_PIR HRR1333 M009  [DCLG_Test_1_PE_PIR_HRR1333_M009_0_1]
    - Test_1_PE_PIR HRR2100 M010  [DCLG_Test_1_PE_PIR_HRR2100_M010_0_1]
    - Test_3_FRPE_PIR HRR1333 M008  [DCLG_Test_3_FRPE_PIR_HRR1333_M008_0_1]
    - Test_3_FRPE_PIR HRR1667 M010  [DCLG_Test_3_FRPE_PIR_HRR1667_M010_0_1]
    - Test_3_FRPE_PIR HRR2000 M009  [DCLG_Test_3_FRPE_PIR_HRR2000_M009_0_1]
    - Test_3_FRPE_PIR HRR2100 M010  [DCLG_Test_3_FRPE_PIR_HRR2100_M010_0_1]
    - Test_5_LCM_PIR HRR2333 M010  [DCLG_Test_5_LCM_PIR_0_1]
    - Test_5_LCM_PIR HRR2000 M009  [DCLG_Test_5_LCM_PIR_HRR2000_M009_0_1]

  Input vector: 39 features (60 sims: 40/12/8)
  Robust data loss: tail-downweight TAU=1.8 (scaled); ambient clamp on
  Train: 40 real -> 160 augmented

--- Training 12 candidate members ---
  Params: 852,795
  [M 1] valid loss=3.1447  valid R2=0.7604  (567s elapsed)
  [M 2] valid loss=2.9221  valid R2=0.8162  (1475s elapsed)
  [M 3] valid loss=3.2988  valid R2=0.7594  (2104s elapsed)
  [M 4] valid loss=3.1415  valid R2=0.7917  (2662s elapsed)
  [M 5] valid loss=3.7164  valid R2=0.7638  (3025s elapsed)
  [M 6] valid loss=3.5447  valid R2=0.7646  (3471s elapsed)
  [M 7] valid loss=3.9900  valid R2=0.6559  (3868s elapsed)
  [M 8] valid loss=3.5206  valid R2=0.7562  (4236s elapsed)
  [M 9] valid loss=3.5566  valid R2=0.7686  (4570s elapsed)
  [M10] valid loss=3.2313  valid R2=0.7686  (4996s elapsed)
  [M11] valid loss=3.1731  valid R2=0.8025  (5629s elapsed)
  [M12] valid loss=3.0402  valid R2=0.7826  (5990s elapsed)

--- Greedy ensemble selection (max 5 members, by valid R2) ---
  + M2  -> valid R2=0.8162
  + M11  -> valid R2=0.8262
  Selected: ['M2', 'M11']  weights=['0.521', '0.479']
  Time: 5990s

  Valid: R2=0.8262  RMSE=90.2C  MAPE(T>100)=18.3%  sub-ambient pts=0
    sim 0: R2=0.506
    sim 1: R2=0.848
    sim 2: R2=0.680
    sim 3: R2=0.905
    sim 4: R2=0.916
    sim 5: R2=0.979
    sim 6: R2=0.528
    sim 7: R2=0.811
    sim 8: R2=0.986
    sim 9: R2=0.963
    sim 10: R2=0.863
    sim 11: R2=0.933

  Test: R2=0.8743  RMSE=78.7C  MAPE(T>100)=14.6%  sub-ambient pts=0
    sim 0: R2=0.831
    sim 1: R2=0.769
    sim 2: R2=0.929
    sim 3: R2=0.822
    sim 4: R2=0.978
    sim 5: R2=0.872
    sim 6: R2=0.946
    sim 7: R2=0.975

  Saved -> D:\VS_projects\bs8414_KAN_surrogate\models_v9\best_model.pt
