  device: NVIDIA GeForce RTX 4090

  building dataset ...
  corpus: D:\Bs8414_05052026\Part1\_completed
  185 usable, 1 rejected
    - BS8414_DCLG_Test1_adv_debug: excluded: debug case; Core_MATERIAL HEAT_OF_REACTION=1500 vs 2300 in every other DCLG_Test1_adv deck, so it is a different system under the same name
  params (185, 16)  tc (185, 181, 16)  hrr (185, 181, 5)
  partial: BS8414_HPL_WC_noair_nogap (180/181 steps, padded+masked)

  split mode: hash
    train  142 sims  41 systems  8/8 geometries
    valid   20 sims  16 systems  8/8 geometries
    test    23 sims  20 systems  8/8 geometries

  target: 16 thermocouples (External_LV1 x8 + External_LV2 x8)
          5 HRR channels (HRR, Q_RADI, Q_CONV, Q_COND, Q_TOTAL)
  model:  KAN-Attention-LSTM (Part1)
  loss:   tc + 0.3 * hrr + 0.002 * reg
  physics constraints: 1.2e-05 * energy-closure + 0.00088 * geometry-ordering

  === member 1/3 (seed 42) ===
    [sentinel] weights moved after epoch 0: |dW| = 3.4037e+00
    epoch    0  train 2.21529 (tc 1.44528 hrr 1.60268)  valid 1.65404 (tc 1.28064 hrr 1.20807)  lr 1.00e-03  *
    epoch    1  train 1.42599 (tc 1.10815 hrr 1.02595)  valid 1.48969 (tc 1.19254 hrr 0.97129)  lr 1.00e-03  *
    epoch    2  train 1.28006 (tc 1.04285 hrr 0.76236)  valid 1.39088 (tc 1.15233 hrr 0.74963)  lr 1.00e-03  *
    epoch    3  train 1.18269 (tc 0.97664 hrr 0.65120)  valid 1.32290 (tc 1.10085 hrr 0.71136)  lr 1.00e-03  *
    epoch    4  train 1.12281 (tc 0.92810 hrr 0.62192)  valid 1.24742 (tc 1.02935 hrr 0.68854)  lr 1.00e-03  *
    epoch    5  train 1.07041 (tc 0.88366 hrr 0.59967)  valid 1.23369 (tc 1.01870 hrr 0.68101)  lr 1.00e-03  *
    epoch    6  train 1.03315 (tc 0.84947 hrr 0.58820)  valid 1.17436 (tc 0.96255 hrr 0.66487)  lr 1.00e-03  *
    epoch    7  train 0.98825 (tc 0.80734 hrr 0.57779)  valid 1.14167 (tc 0.93301 hrr 0.65979)  lr 1.00e-03  *
    epoch    8  train 0.94757 (tc 0.77016 hrr 0.56840)  valid 1.12233 (tc 0.91411 hrr 0.64753)  lr 1.00e-03  *
    epoch    9  train 0.91709 (tc 0.74197 hrr 0.56193)  valid 1.06476 (tc 0.85975 hrr 0.65432)  lr 1.00e-03  *
    epoch   10  train 0.88691 (tc 0.71545 hrr 0.55139)  valid 1.04907 (tc 0.84920 hrr 0.62972)  lr 1.00e-03  *
    epoch   11  train 0.85639 (tc 0.68830 hrr 0.54300)  valid 1.01618 (tc 0.82064 hrr 0.61663)  lr 1.00e-03  *
    epoch   12  train 0.83206 (tc 0.66728 hrr 0.53063)  valid 0.99132 (tc 0.79599 hrr 0.61617)  lr 1.00e-03  *
    epoch   13  train 0.81970 (tc 0.65750 hrr 0.52402)  valid 0.98222 (tc 0.78923 hrr 0.60541)  lr 1.00e-03  *
    epoch   14  train 0.80431 (tc 0.64340 hrr 0.52058)  valid 0.98207 (tc 0.78718 hrr 0.60734)  lr 1.00e-03  *
    epoch   15  train 0.79132 (tc 0.63215 hrr 0.51107)  valid 0.94762 (tc 0.76128 hrr 0.59595)  lr 1.00e-03  *
    epoch   17  train 0.77557 (tc 0.61862 hrr 0.50871)  valid 0.93870 (tc 0.75488 hrr 0.58967)  lr 1.00e-03  *
    epoch   18  train 0.76167 (tc 0.60765 hrr 0.49784)  valid 0.93380 (tc 0.75331 hrr 0.57533)  lr 1.00e-03  *
    epoch   19  train 0.75157 (tc 0.60137 hrr 0.48427)  valid 0.92190 (tc 0.74334 hrr 0.56665)  lr 1.00e-03  *
    epoch   20  train 0.74478 (tc 0.59699 hrr 0.47891)  valid 0.91404 (tc 0.73842 hrr 0.56059)  lr 1.00e-03  *
    epoch   21  train 0.73997 (tc 0.59387 hrr 0.47158)  valid 0.90641 (tc 0.73428 hrr 0.54851)  lr 1.00e-03  *
    epoch   22  train 0.72928 (tc 0.58605 hrr 0.46467)  valid 0.89498 (tc 0.72331 hrr 0.54456)  lr 1.00e-03  *
    epoch   23  train 0.71716 (tc 0.57567 hrr 0.45758)  valid 0.88977 (tc 0.72046 hrr 0.53996)  lr 1.00e-03  *
    epoch   24  train 0.71539 (tc 0.57452 hrr 0.45608)  valid 0.88878 (tc 0.72053 hrr 0.53681)  lr 1.00e-03  *
    epoch   25  train 0.70803 (tc 0.56924 hrr 0.44894)  valid 0.87503 (tc 0.71034 hrr 0.52765)  lr 1.00e-03  *
    epoch   26  train 0.69571 (tc 0.55980 hrr 0.44142)  valid 0.87012 (tc 0.70477 hrr 0.52229)  lr 1.00e-03  *
    epoch   27  train 0.68881 (tc 0.55468 hrr 0.43579)  valid 0.86113 (tc 0.70005 hrr 0.51663)  lr 1.00e-03  *
    epoch   28  train 0.68216 (tc 0.54984 hrr 0.42995)  valid 0.85491 (tc 0.69588 hrr 0.51028)  lr 1.00e-03  *
    epoch   30  train 0.68303 (tc 0.55276 hrr 0.42393)  valid 0.85036 (tc 0.69439 hrr 0.50054)  lr 1.00e-03  *
    epoch   31  train 0.67155 (tc 0.54295 hrr 0.41917)  valid 0.84577 (tc 0.69012 hrr 0.49651)  lr 1.00e-03  *
    epoch   33  train 0.66301 (tc 0.53650 hrr 0.41155)  valid 0.84485 (tc 0.69082 hrr 0.50022)  lr 1.00e-03  *
    epoch   35  train 0.64972 (tc 0.52614 hrr 0.40356)  valid 0.82235 (tc 0.67318 hrr 0.48340)  lr 1.00e-03  *
    epoch   40  train 0.64454 (tc 0.52575 hrr 0.38876)  valid 0.82114 (tc 0.67638 hrr 0.46754)  lr 1.00e-03  *
    epoch   41  train 0.64064 (tc 0.52273 hrr 0.38674)  valid 0.81672 (tc 0.67306 hrr 0.46759)  lr 1.00e-03  *
    epoch   42  train 0.62914 (tc 0.51208 hrr 0.38239)  valid 0.80672 (tc 0.66414 hrr 0.46466)  lr 1.00e-03  *
    epoch   43  train 0.62459 (tc 0.50869 hrr 0.38040)  valid 0.79814 (tc 0.65637 hrr 0.46036)  lr 1.00e-03  *
    epoch   44  train 0.61901 (tc 0.50395 hrr 0.37625)  valid 0.79301 (tc 0.65399 hrr 0.45427)  lr 1.00e-03  *
    epoch   47  train 0.61689 (tc 0.50345 hrr 0.37154)  valid 0.79196 (tc 0.65375 hrr 0.45119)  lr 1.00e-03  *
    epoch   48  train 0.61290 (tc 0.50058 hrr 0.36875)  valid 0.78752 (tc 0.64923 hrr 0.45314)  lr 1.00e-03  *
    epoch   50  train 0.60684 (tc 0.49515 hrr 0.36722)  valid 0.77761 (tc 0.64051 hrr 0.44900)  lr 1.00e-03  *
    epoch   56  train 0.59960 (tc 0.48963 hrr 0.36029)  valid 0.76826 (tc 0.63270 hrr 0.44588)  lr 1.00e-03  *
    epoch   57  train 0.59301 (tc 0.48412 hrr 0.35862)  valid 0.76451 (tc 0.63000 hrr 0.44154)  lr 1.00e-03  *
    epoch   60  train 0.58797 (tc 0.47964 hrr 0.35684)  valid 0.75769 (tc 0.62409 hrr 0.43833)  lr 1.00e-03  *
    epoch   62  train 0.58007 (tc 0.47403 hrr 0.34928)  valid 0.75206 (tc 0.61881 hrr 0.42912)  lr 1.00e-03  *
    epoch   65  train 0.57542 (tc 0.47051 hrr 0.34512)  valid 0.75088 (tc 0.61768 hrr 0.42875)  lr 1.00e-03  *
    epoch   67  train 0.57520 (tc 0.47015 hrr 0.34593)  valid 0.74510 (tc 0.61713 hrr 0.41938)  lr 1.00e-03  *
    epoch   70  train 0.57498 (tc 0.46920 hrr 0.34794)  valid 0.76660 (tc 0.62735 hrr 0.44302)  lr 1.00e-03
    epoch   71  train 0.57383 (tc 0.46871 hrr 0.34573)  valid 0.74153 (tc 0.61371 hrr 0.42142)  lr 1.00e-03  *
    epoch   72  train 0.57148 (tc 0.46729 hrr 0.34271)  valid 0.73840 (tc 0.61043 hrr 0.41994)  lr 1.00e-03  *
    epoch   80  train 0.56557 (tc 0.46223 hrr 0.33999)  valid 0.72833 (tc 0.60110 hrr 0.41873)  lr 1.00e-03  *
    epoch   86  train 0.55389 (tc 0.45272 hrr 0.33283)  valid 0.72767 (tc 0.60100 hrr 0.41623)  lr 1.00e-03  *
    epoch   87  train 0.55238 (tc 0.45188 hrr 0.33180)  valid 0.72424 (tc 0.59776 hrr 0.41695)  lr 1.00e-03  *
    epoch   88  train 0.55123 (tc 0.45096 hrr 0.33034)  valid 0.72225 (tc 0.59758 hrr 0.41047)  lr 1.00e-03  *
    epoch   90  train 0.55670 (tc 0.45429 hrr 0.33702)  valid 0.72592 (tc 0.60090 hrr 0.41109)  lr 1.00e-03
    epoch   95  train 0.54434 (tc 0.44556 hrr 0.32518)  valid 0.71100 (tc 0.58866 hrr 0.40329)  lr 1.00e-03  *
    epoch  100  train 0.54298 (tc 0.44469 hrr 0.32355)  valid 0.73652 (tc 0.61137 hrr 0.41417)  lr 1.00e-03
    epoch  105  train 0.54053 (tc 0.44162 hrr 0.32489)  valid 0.70909 (tc 0.58648 hrr 0.40237)  lr 1.00e-03  *
    epoch  106  train 0.53534 (tc 0.43701 hrr 0.32311)  valid 0.70443 (tc 0.58195 hrr 0.40165)  lr 1.00e-03  *
    epoch  109  train 0.53286 (tc 0.43580 hrr 0.31975)  valid 0.69838 (tc 0.57904 hrr 0.39304)  lr 1.00e-03  *
    epoch  110  train 0.52955 (tc 0.43366 hrr 0.31513)  valid 0.69796 (tc 0.57941 hrr 0.39022)  lr 1.00e-03  *
    epoch  113  train 0.52523 (tc 0.42925 hrr 0.31458)  valid 0.69704 (tc 0.57617 hrr 0.39726)  lr 1.00e-03  *
    epoch  114  train 0.52375 (tc 0.42840 hrr 0.31383)  valid 0.69541 (tc 0.57655 hrr 0.39027)  lr 1.00e-03  *
    epoch  115  train 0.52394 (tc 0.42865 hrr 0.31186)  valid 0.69356 (tc 0.57671 hrr 0.38565)  lr 1.00e-03  *
    epoch  116  train 0.52400 (tc 0.42966 hrr 0.31113)  valid 0.69260 (tc 0.57597 hrr 0.38298)  lr 1.00e-03  *
    epoch  117  train 0.52247 (tc 0.42850 hrr 0.30960)  valid 0.69153 (tc 0.57504 hrr 0.38211)  lr 1.00e-03  *
    epoch  119  train 0.52043 (tc 0.42683 hrr 0.30820)  valid 0.69037 (tc 0.57175 hrr 0.39074)  lr 1.00e-03  *
    epoch  120  train 0.51693 (tc 0.42363 hrr 0.30659)  valid 0.68637 (tc 0.57038 hrr 0.38162)  lr 1.00e-03  *
    epoch  129  train 0.52744 (tc 0.43316 hrr 0.31048)  valid 0.68148 (tc 0.56580 hrr 0.38198)  lr 1.00e-03  *
    epoch  130  train 0.51936 (tc 0.42610 hrr 0.30700)  valid 0.68952 (tc 0.57261 hrr 0.38506)  lr 1.00e-03
    epoch  134  train 0.50870 (tc 0.41689 hrr 0.30171)  valid 0.67863 (tc 0.56418 hrr 0.37740)  lr 1.00e-03  *
    epoch  135  train 0.50774 (tc 0.41676 hrr 0.29899)  valid 0.67524 (tc 0.56096 hrr 0.37668)  lr 1.00e-03  *
    epoch  138  train 0.50414 (tc 0.41362 hrr 0.29780)  valid 0.67462 (tc 0.56038 hrr 0.37608)  lr 1.00e-03  *
    epoch  139  train 0.50260 (tc 0.41230 hrr 0.29704)  valid 0.67267 (tc 0.55896 hrr 0.37492)  lr 1.00e-03  *
    epoch  140  train 0.50227 (tc 0.41229 hrr 0.29618)  valid 0.68335 (tc 0.57037 hrr 0.37234)  lr 1.00e-03
    epoch  141  train 0.51093 (tc 0.42020 hrr 0.29866)  valid 0.67239 (tc 0.55956 hrr 0.37232)  lr 1.00e-03  *
    epoch  142  train 0.50940 (tc 0.41915 hrr 0.29712)  valid 0.66745 (tc 0.55572 hrr 0.36671)  lr 1.00e-03  *
    epoch  144  train 0.51153 (tc 0.42017 hrr 0.30057)  valid 0.66645 (tc 0.55317 hrr 0.37232)  lr 1.00e-03  *
    epoch  146  train 0.50398 (tc 0.41410 hrr 0.29587)  valid 0.66565 (tc 0.55377 hrr 0.36880)  lr 1.00e-03  *
    epoch  147  train 0.50191 (tc 0.41265 hrr 0.29297)  valid 0.66334 (tc 0.55351 hrr 0.36148)  lr 1.00e-03  *
    epoch  149  train 0.49652 (tc 0.40831 hrr 0.28985)  valid 0.65943 (tc 0.55132 hrr 0.35626)  lr 1.00e-03  *
    epoch  150  train 0.49524 (tc 0.40743 hrr 0.28841)  valid 0.66682 (tc 0.55484 hrr 0.36775)  lr 1.00e-03
    epoch  155  train 0.50119 (tc 0.41255 hrr 0.29136)  valid 0.65793 (tc 0.54890 hrr 0.35924)  lr 1.00e-03  *
    epoch  160  train 0.50350 (tc 0.41472 hrr 0.29103)  valid 0.68338 (tc 0.56759 hrr 0.38141)  lr 1.00e-03
    epoch  170  train 0.51501 (tc 0.42470 hrr 0.29617)  valid 0.67968 (tc 0.56838 hrr 0.36621)  lr 1.00e-03
    epoch  180  train 0.49488 (tc 0.41069 hrr 0.27673)  valid 0.67439 (tc 0.56532 hrr 0.35953)  lr 5.00e-04
    epoch  190  train 0.48682 (tc 0.40396 hrr 0.27234)  valid 0.66623 (tc 0.55774 hrr 0.35642)  lr 2.50e-04
    epoch  195  train 0.48310 (tc 0.40019 hrr 0.27175)  valid 0.65566 (tc 0.55021 hrr 0.34750)  lr 2.50e-04  *
    epoch  196  train 0.48189 (tc 0.39925 hrr 0.27156)  valid 0.65442 (tc 0.54845 hrr 0.34921)  lr 2.50e-04  *
    epoch  197  train 0.48111 (tc 0.39866 hrr 0.27093)  valid 0.65281 (tc 0.54703 hrr 0.34871)  lr 2.50e-04  *
    epoch  198  train 0.48134 (tc 0.39899 hrr 0.27053)  valid 0.65000 (tc 0.54496 hrr 0.34573)  lr 2.50e-04  *
    epoch  199  train 0.48388 (tc 0.40107 hrr 0.27183)  valid 0.64965 (tc 0.54482 hrr 0.34561)  lr 2.50e-04  *
    epoch  200  train 0.48284 (tc 0.40036 hrr 0.27096)  valid 0.64950 (tc 0.54517 hrr 0.34399)  lr 2.50e-04  *
    epoch  208  train 0.48069 (tc 0.39846 hrr 0.26960)  valid 0.64727 (tc 0.54450 hrr 0.33867)  lr 2.50e-04  *
    epoch  210  train 0.47799 (tc 0.39618 hrr 0.26871)  valid 0.64734 (tc 0.54484 hrr 0.33732)  lr 2.50e-04
    epoch  213  train 0.47610 (tc 0.39471 hrr 0.26748)  valid 0.64401 (tc 0.54267 hrr 0.33390)  lr 2.50e-04  *
    epoch  220  train 0.47521 (tc 0.39420 hrr 0.26635)  valid 0.64498 (tc 0.54291 hrr 0.33611)  lr 2.50e-04
    epoch  227  train 0.47278 (tc 0.39221 hrr 0.26481)  valid 0.64304 (tc 0.54053 hrr 0.33766)  lr 2.50e-04  *
    epoch  228  train 0.47260 (tc 0.39200 hrr 0.26486)  valid 0.63941 (tc 0.53765 hrr 0.33535)  lr 2.50e-04  *
    epoch  230  train 0.47298 (tc 0.39249 hrr 0.26459)  valid 0.64337 (tc 0.54076 hrr 0.33845)  lr 2.50e-04
    epoch  234  train 0.47640 (tc 0.39578 hrr 0.26471)  valid 0.63902 (tc 0.53824 hrr 0.33196)  lr 2.50e-04  *
    epoch  240  train 0.47289 (tc 0.39234 hrr 0.26406)  valid 0.64112 (tc 0.53831 hrr 0.33842)  lr 2.50e-04
    epoch  250  train 0.47089 (tc 0.39111 hrr 0.26189)  valid 0.63666 (tc 0.53600 hrr 0.33144)  lr 2.50e-04  *
    epoch  260  train 0.46873 (tc 0.38958 hrr 0.25986)  valid 0.63693 (tc 0.53733 hrr 0.32768)  lr 2.50e-04
    epoch  261  train 0.46856 (tc 0.38950 hrr 0.25950)  valid 0.63577 (tc 0.53614 hrr 0.32750)  lr 2.50e-04  *
    epoch  262  train 0.46817 (tc 0.38924 hrr 0.25930)  valid 0.63485 (tc 0.53567 hrr 0.32635)  lr 2.50e-04  *
    epoch  264  train 0.46929 (tc 0.39027 hrr 0.25952)  valid 0.63454 (tc 0.53614 hrr 0.32344)  lr 2.50e-04  *
    epoch  270  train 0.47033 (tc 0.39141 hrr 0.25886)  valid 0.64134 (tc 0.54162 hrr 0.32791)  lr 2.50e-04
    epoch  271  train 0.46962 (tc 0.39085 hrr 0.25823)  valid 0.63430 (tc 0.53595 hrr 0.32357)  lr 2.50e-04  *
    epoch  275  train 0.46720 (tc 0.38885 hrr 0.25717)  valid 0.63224 (tc 0.53366 hrr 0.32392)  lr 2.50e-04  *
    epoch  280  train 0.46770 (tc 0.38961 hrr 0.25646)  valid 0.64287 (tc 0.54368 hrr 0.32646)  lr 2.50e-04
    epoch  286  train 0.46637 (tc 0.38858 hrr 0.25535)  valid 0.63171 (tc 0.53376 hrr 0.32180)  lr 2.50e-04  *
    epoch  288  train 0.46465 (tc 0.38703 hrr 0.25480)  valid 0.63038 (tc 0.53248 hrr 0.32061)  lr 2.50e-04  *
    epoch  290  train 0.46441 (tc 0.38691 hrr 0.25439)  valid 0.63136 (tc 0.53268 hrr 0.32411)  lr 2.50e-04
    epoch  293  train 0.46592 (tc 0.38842 hrr 0.25436)  valid 0.62924 (tc 0.53282 hrr 0.31746)  lr 2.50e-04  *
    epoch  298  train 0.46568 (tc 0.38807 hrr 0.25465)  valid 0.62660 (tc 0.53097 hrr 0.31478)  lr 2.50e-04  *
    epoch  300  train 0.46359 (tc 0.38633 hrr 0.25356)  valid 0.62565 (tc 0.52902 hrr 0.31793)  lr 2.50e-04  *
    epoch  301  train 0.46296 (tc 0.38582 hrr 0.25313)  valid 0.62537 (tc 0.52897 hrr 0.31715)  lr 2.50e-04  *
    epoch  305  train 0.46412 (tc 0.38693 hrr 0.25312)  valid 0.62521 (tc 0.52920 hrr 0.31592)  lr 2.50e-04  *
    epoch  310  train 0.46170 (tc 0.38474 hrr 0.25165)  valid 0.62794 (tc 0.53155 hrr 0.31693)  lr 2.50e-04
    epoch  318  train 0.46011 (tc 0.38381 hrr 0.25026)  valid 0.62405 (tc 0.52850 hrr 0.31356)  lr 2.50e-04  *
    epoch  320  train 0.45945 (tc 0.38321 hrr 0.25019)  valid 0.62392 (tc 0.52844 hrr 0.31389)  lr 2.50e-04  *
    epoch  322  train 0.45932 (tc 0.38301 hrr 0.25013)  valid 0.62259 (tc 0.52718 hrr 0.31406)  lr 2.50e-04  *
    epoch  330  train 0.45915 (tc 0.38320 hrr 0.24911)  valid 0.62413 (tc 0.52897 hrr 0.31300)  lr 2.50e-04
    epoch  332  train 0.45859 (tc 0.38276 hrr 0.24875)  valid 0.62232 (tc 0.52788 hrr 0.31111)  lr 2.50e-04  *
    epoch  334  train 0.45889 (tc 0.38315 hrr 0.24817)  valid 0.62146 (tc 0.52682 hrr 0.31137)  lr 2.50e-04  *
    epoch  336  train 0.46211 (tc 0.38594 hrr 0.24945)  valid 0.62077 (tc 0.52668 hrr 0.31001)  lr 2.50e-04  *
    epoch  339  train 0.45976 (tc 0.38412 hrr 0.24819)  valid 0.62070 (tc 0.52487 hrr 0.31507)  lr 2.50e-04  *
    epoch  340  train 0.46057 (tc 0.38443 hrr 0.24962)  valid 0.62151 (tc 0.52732 hrr 0.30976)  lr 2.50e-04
    epoch  341  train 0.45902 (tc 0.38322 hrr 0.24841)  valid 0.61891 (tc 0.52494 hrr 0.30884)  lr 2.50e-04  *
    epoch  350  train 0.45567 (tc 0.38067 hrr 0.24609)  valid 0.61931 (tc 0.52594 hrr 0.30697)  lr 2.50e-04
    epoch  353  train 0.45570 (tc 0.38074 hrr 0.24562)  valid 0.61688 (tc 0.52278 hrr 0.30915)  lr 2.50e-04  *
    epoch  354  train 0.45638 (tc 0.38134 hrr 0.24618)  valid 0.61509 (tc 0.52029 hrr 0.31184)  lr 2.50e-04  *
    epoch  355  train 0.45620 (tc 0.38114 hrr 0.24573)  valid 0.61350 (tc 0.51963 hrr 0.30823)  lr 2.50e-04  *
    epoch  360  train 0.45505 (tc 0.38039 hrr 0.24503)  valid 0.62250 (tc 0.52698 hrr 0.31229)  lr 2.50e-04
    epoch  370  train 0.45502 (tc 0.38068 hrr 0.24376)  valid 0.62530 (tc 0.52885 hrr 0.31602)  lr 2.50e-04
    epoch  380  train 0.45285 (tc 0.37891 hrr 0.24245)  valid 0.62334 (tc 0.52723 hrr 0.31389)  lr 1.25e-04
    epoch  390  train 0.45157 (tc 0.37783 hrr 0.24196)  valid 0.62392 (tc 0.52724 hrr 0.31416)  lr 6.25e-05
    epoch  400  train 0.45110 (tc 0.37753 hrr 0.24140)  valid 0.61988 (tc 0.52457 hrr 0.31226)  lr 6.25e-05
    epoch  410  train 0.45055 (tc 0.37710 hrr 0.24098)  valid 0.61964 (tc 0.52486 hrr 0.31032)  lr 3.13e-05
    early stop at epoch 415 (best 0.61350 @ 355)
    saved models_part1_phys_r1\part1_member0.pt  (9.6 min)

  === member 2/3 (seed 43) ===
    [sentinel] weights moved after epoch 0: |dW| = 3.3783e+00
    epoch    0  train 2.41960 (tc 1.61258 hrr 1.70581)  valid 1.78803 (tc 1.41025 hrr 1.18898)  lr 1.00e-03  *
    epoch    1  train 1.57591 (tc 1.25283 hrr 1.02804)  valid 1.71347 (tc 1.38209 hrr 1.07693)  lr 1.00e-03  *
    epoch    2  train 1.47050 (tc 1.19656 hrr 0.88597)  valid 1.58656 (tc 1.31631 hrr 0.86964)  lr 1.00e-03  *
    epoch    3  train 1.38584 (tc 1.15312 hrr 0.75168)  valid 1.50094 (tc 1.26139 hrr 0.77768)  lr 1.00e-03  *
    epoch    4  train 1.29462 (tc 1.09009 hrr 0.65790)  valid 1.41170 (tc 1.19165 hrr 0.70880)  lr 1.00e-03  *
    epoch    5  train 1.19544 (tc 1.00447 hrr 0.61401)  valid 1.30202 (tc 1.08918 hrr 0.68893)  lr 1.00e-03  *
    epoch    6  train 1.10856 (tc 0.92375 hrr 0.59092)  valid 1.22881 (tc 1.02066 hrr 0.67177)  lr 1.00e-03  *
    epoch    7  train 1.05168 (tc 0.87095 hrr 0.57861)  valid 1.20869 (tc 1.00384 hrr 0.65727)  lr 1.00e-03  *
    epoch    8  train 1.00280 (tc 0.82642 hrr 0.56593)  valid 1.13568 (tc 0.93147 hrr 0.65029)  lr 1.00e-03  *
    epoch    9  train 0.96278 (tc 0.78964 hrr 0.55564)  valid 1.10667 (tc 0.90706 hrr 0.64379)  lr 1.00e-03  *
    epoch   10  train 0.93484 (tc 0.76513 hrr 0.54743)  valid 1.08031 (tc 0.88449 hrr 0.63714)  lr 1.00e-03  *
    epoch   11  train 0.91266 (tc 0.74557 hrr 0.54067)  valid 1.07480 (tc 0.88244 hrr 0.62735)  lr 1.00e-03  *
    epoch   12  train 0.90891 (tc 0.74346 hrr 0.53502)  valid 1.06403 (tc 0.87030 hrr 0.62788)  lr 1.00e-03  *
    epoch   13  train 0.89312 (tc 0.72564 hrr 0.54265)  valid 1.04839 (tc 0.85395 hrr 0.63759)  lr 1.00e-03  *
    epoch   14  train 0.87736 (tc 0.71463 hrr 0.52367)  valid 1.03839 (tc 0.84788 hrr 0.62195)  lr 1.00e-03  *
    epoch   16  train 0.85408 (tc 0.69709 hrr 0.50726)  valid 1.02125 (tc 0.83616 hrr 0.60331)  lr 1.00e-03  *
    epoch   17  train 0.84319 (tc 0.68769 hrr 0.50555)  valid 1.01630 (tc 0.83283 hrr 0.59769)  lr 1.00e-03  *
    epoch   18  train 0.83453 (tc 0.68039 hrr 0.50010)  valid 1.00897 (tc 0.82725 hrr 0.59209)  lr 1.00e-03  *
    epoch   20  train 0.83060 (tc 0.67891 hrr 0.49325)  valid 0.99360 (tc 0.81408 hrr 0.58534)  lr 1.00e-03  *
    epoch   22  train 0.82410 (tc 0.67162 hrr 0.49716)  valid 0.99144 (tc 0.81413 hrr 0.57514)  lr 1.00e-03  *
    epoch   23  train 0.80744 (tc 0.65896 hrr 0.48016)  valid 0.98801 (tc 0.81364 hrr 0.57326)  lr 1.00e-03  *
    epoch   24  train 0.80366 (tc 0.65687 hrr 0.47809)  valid 0.98617 (tc 0.81148 hrr 0.56537)  lr 1.00e-03  *
    epoch   26  train 0.79791 (tc 0.65407 hrr 0.46961)  valid 0.97685 (tc 0.80570 hrr 0.55627)  lr 1.00e-03  *
    epoch   27  train 0.78463 (tc 0.64275 hrr 0.46227)  valid 0.95435 (tc 0.78534 hrr 0.55328)  lr 1.00e-03  *
    epoch   30  train 0.77004 (tc 0.63034 hrr 0.45578)  valid 0.94426 (tc 0.77822 hrr 0.54479)  lr 1.00e-03  *
    epoch   32  train 0.75697 (tc 0.62172 hrr 0.44291)  valid 0.94163 (tc 0.77916 hrr 0.53191)  lr 1.00e-03  *
    epoch   33  train 0.74934 (tc 0.61491 hrr 0.43945)  valid 0.93571 (tc 0.77300 hrr 0.53324)  lr 1.00e-03  *
    epoch   34  train 0.74929 (tc 0.61540 hrr 0.43887)  valid 0.93523 (tc 0.77150 hrr 0.53313)  lr 1.00e-03  *
    epoch   35  train 0.74232 (tc 0.60965 hrr 0.43366)  valid 0.92201 (tc 0.76174 hrr 0.52120)  lr 1.00e-03  *
    epoch   38  train 0.73639 (tc 0.60747 hrr 0.42371)  valid 0.91687 (tc 0.76134 hrr 0.50925)  lr 1.00e-03  *
    epoch   39  train 0.72989 (tc 0.60196 hrr 0.42033)  valid 0.91462 (tc 0.75801 hrr 0.51301)  lr 1.00e-03  *
    epoch   40  train 0.72803 (tc 0.60023 hrr 0.41958)  valid 0.91128 (tc 0.75530 hrr 0.51014)  lr 1.00e-03  *
    epoch   45  train 0.71370 (tc 0.59049 hrr 0.40472)  valid 0.89661 (tc 0.74745 hrr 0.48995)  lr 1.00e-03  *
    epoch   48  train 0.70108 (tc 0.58156 hrr 0.39347)  valid 0.87184 (tc 0.72849 hrr 0.47266)  lr 1.00e-03  *
    epoch   50  train 0.68816 (tc 0.57126 hrr 0.38439)  valid 0.87349 (tc 0.73099 hrr 0.46590)  lr 1.00e-03
    epoch   53  train 0.68051 (tc 0.56663 hrr 0.37428)  valid 0.86375 (tc 0.72441 hrr 0.45705)  lr 1.00e-03  *
    epoch   55  train 0.67354 (tc 0.56141 hrr 0.36902)  valid 0.85925 (tc 0.72120 hrr 0.45168)  lr 1.00e-03  *
    epoch   56  train 0.66796 (tc 0.55710 hrr 0.36510)  valid 0.85243 (tc 0.71591 hrr 0.44701)  lr 1.00e-03  *
    epoch   57  train 0.66376 (tc 0.55370 hrr 0.36257)  valid 0.85036 (tc 0.71147 hrr 0.44506)  lr 1.00e-03  *
    epoch   60  train 0.68979 (tc 0.57567 hrr 0.37179)  valid 0.89060 (tc 0.75111 hrr 0.45962)  lr 1.00e-03
    epoch   66  train 0.67028 (tc 0.56307 hrr 0.35245)  valid 0.84540 (tc 0.71291 hrr 0.43424)  lr 1.00e-03  *
    epoch   70  train 0.65865 (tc 0.55362 hrr 0.34620)  valid 0.84172 (tc 0.70593 hrr 0.44213)  lr 1.00e-03  *
    epoch   72  train 0.65693 (tc 0.55184 hrr 0.34622)  valid 0.83395 (tc 0.70251 hrr 0.43426)  lr 1.00e-03  *
    epoch   76  train 0.64564 (tc 0.54190 hrr 0.34102)  valid 0.82157 (tc 0.69378 hrr 0.41898)  lr 1.00e-03  *
    epoch   77  train 0.64129 (tc 0.53886 hrr 0.33806)  valid 0.81796 (tc 0.69058 hrr 0.41919)  lr 1.00e-03  *
    epoch   80  train 0.63458 (tc 0.53351 hrr 0.33262)  valid 0.81458 (tc 0.68892 hrr 0.41489)  lr 1.00e-03  *
    epoch   83  train 0.63020 (tc 0.52974 hrr 0.33170)  valid 0.81273 (tc 0.68779 hrr 0.41221)  lr 1.00e-03  *
    epoch   84  train 0.62663 (tc 0.52662 hrr 0.33003)  valid 0.80064 (tc 0.67671 hrr 0.40922)  lr 1.00e-03  *
    epoch   87  train 0.62009 (tc 0.52118 hrr 0.32615)  valid 0.79982 (tc 0.67526 hrr 0.41055)  lr 1.00e-03  *
    epoch   90  train 0.62836 (tc 0.52856 hrr 0.32871)  valid 0.83168 (tc 0.70182 hrr 0.42890)  lr 1.00e-03
    epoch   99  train 0.62024 (tc 0.52158 hrr 0.32368)  valid 0.79539 (tc 0.67253 hrr 0.40198)  lr 1.00e-03  *
    epoch  100  train 0.61532 (tc 0.51782 hrr 0.32016)  valid 0.80442 (tc 0.68097 hrr 0.40216)  lr 1.00e-03
    epoch  102  train 0.61128 (tc 0.51432 hrr 0.31798)  valid 0.77346 (tc 0.65371 hrr 0.39446)  lr 1.00e-03  *
    epoch  110  train 0.59814 (tc 0.50486 hrr 0.30711)  valid 0.77056 (tc 0.65201 hrr 0.39007)  lr 1.00e-03  *
    epoch  118  train 0.58958 (tc 0.49828 hrr 0.30110)  valid 0.76068 (tc 0.64418 hrr 0.38139)  lr 1.00e-03  *
    epoch  120  train 0.58757 (tc 0.49674 hrr 0.29873)  valid 0.75903 (tc 0.64379 hrr 0.37681)  lr 1.00e-03  *
    epoch  121  train 0.58485 (tc 0.49450 hrr 0.29770)  valid 0.75826 (tc 0.64213 hrr 0.38136)  lr 1.00e-03  *
    epoch  122  train 0.58243 (tc 0.49252 hrr 0.29630)  valid 0.75141 (tc 0.63703 hrr 0.37390)  lr 1.00e-03  *
    epoch  123  train 0.57979 (tc 0.49016 hrr 0.29490)  valid 0.74757 (tc 0.63342 hrr 0.37431)  lr 1.00e-03  *
    epoch  125  train 0.58092 (tc 0.49128 hrr 0.29442)  valid 0.74684 (tc 0.63234 hrr 0.37654)  lr 1.00e-03  *
    epoch  129  train 0.57793 (tc 0.48882 hrr 0.29278)  valid 0.73978 (tc 0.62780 hrr 0.36832)  lr 1.00e-03  *
    epoch  130  train 0.57701 (tc 0.48812 hrr 0.29186)  valid 0.74693 (tc 0.63465 hrr 0.36870)  lr 1.00e-03
    epoch  137  train 0.56785 (tc 0.48108 hrr 0.28542)  valid 0.73744 (tc 0.62753 hrr 0.36178)  lr 1.00e-03  *
    epoch  139  train 0.56631 (tc 0.48014 hrr 0.28400)  valid 0.73543 (tc 0.62426 hrr 0.36215)  lr 1.00e-03  *
    epoch  140  train 0.56527 (tc 0.47937 hrr 0.28261)  valid 0.74576 (tc 0.63390 hrr 0.36655)  lr 1.00e-03
    epoch  144  train 0.56056 (tc 0.47546 hrr 0.27982)  valid 0.73271 (tc 0.62242 hrr 0.36104)  lr 1.00e-03  *
    epoch  145  train 0.55988 (tc 0.47516 hrr 0.27874)  valid 0.73026 (tc 0.62049 hrr 0.36031)  lr 1.00e-03  *
    epoch  146  train 0.55951 (tc 0.47502 hrr 0.27795)  valid 0.72604 (tc 0.61736 hrr 0.35554)  lr 1.00e-03  *
    epoch  148  train 0.55959 (tc 0.47518 hrr 0.27752)  valid 0.72603 (tc 0.61785 hrr 0.35543)  lr 1.00e-03  *
    epoch  150  train 0.55667 (tc 0.47265 hrr 0.27634)  valid 0.73299 (tc 0.62267 hrr 0.36273)  lr 1.00e-03
    epoch  154  train 0.55281 (tc 0.46958 hrr 0.27375)  valid 0.71601 (tc 0.60889 hrr 0.35004)  lr 1.00e-03  *
    epoch  156  train 0.55297 (tc 0.47010 hrr 0.27240)  valid 0.71322 (tc 0.60755 hrr 0.34749)  lr 1.00e-03  *
    epoch  158  train 0.55482 (tc 0.47096 hrr 0.27579)  valid 0.70516 (tc 0.60100 hrr 0.34041)  lr 1.00e-03  *
    epoch  160  train 0.54652 (tc 0.46398 hrr 0.27114)  valid 0.70624 (tc 0.60141 hrr 0.34359)  lr 1.00e-03
    epoch  161  train 0.52962 (tc 0.44722 hrr 0.27094)  valid 0.65776 (tc 0.55182 hrr 0.34278)  lr 1.00e-03  *
    epoch  162  train 0.49418 (tc 0.41119 hrr 0.27140)  valid 0.65718 (tc 0.54479 hrr 0.36480)  lr 1.00e-03  *
    epoch  163  train 0.47482 (tc 0.39260 hrr 0.26978)  valid 0.63261 (tc 0.52519 hrr 0.35364)  lr 1.00e-03  *
    epoch  164  train 0.45823 (tc 0.37613 hrr 0.26939)  valid 0.60535 (tc 0.50014 hrr 0.34674)  lr 1.00e-03  *
    epoch  165  train 0.44826 (tc 0.36630 hrr 0.26876)  valid 0.58830 (tc 0.48242 hrr 0.34502)  lr 1.00e-03  *
    epoch  166  train 0.43830 (tc 0.35692 hrr 0.26769)  valid 0.57123 (tc 0.46750 hrr 0.33859)  lr 1.00e-03  *
    epoch  169  train 0.42270 (tc 0.34170 hrr 0.26631)  valid 0.56896 (tc 0.46308 hrr 0.34651)  lr 1.00e-03  *
    epoch  170  train 0.42006 (tc 0.33880 hrr 0.26672)  valid 0.55443 (tc 0.45151 hrr 0.33757)  lr 1.00e-03  *
    epoch  173  train 0.41736 (tc 0.33642 hrr 0.26553)  valid 0.55213 (tc 0.44841 hrr 0.34023)  lr 1.00e-03  *
    epoch  175  train 0.40796 (tc 0.32798 hrr 0.26242)  valid 0.54719 (tc 0.44358 hrr 0.33861)  lr 1.00e-03  *
    epoch  176  train 0.40786 (tc 0.32775 hrr 0.26251)  valid 0.54473 (tc 0.44334 hrr 0.33338)  lr 1.00e-03  *
    epoch  177  train 0.40942 (tc 0.32888 hrr 0.26441)  valid 0.53842 (tc 0.43707 hrr 0.33382)  lr 1.00e-03  *
    epoch  180  train 0.40940 (tc 0.32861 hrr 0.26331)  valid 0.54566 (tc 0.44407 hrr 0.33014)  lr 1.00e-03
    epoch  181  train 0.40488 (tc 0.32492 hrr 0.26192)  valid 0.53535 (tc 0.43291 hrr 0.32951)  lr 1.00e-03  *
    epoch  190  train 0.39636 (tc 0.31800 hrr 0.25713)  valid 0.54463 (tc 0.44168 hrr 0.33722)  lr 1.00e-03
    epoch  196  train 0.40044 (tc 0.32198 hrr 0.25721)  valid 0.52122 (tc 0.42283 hrr 0.31955)  lr 1.00e-03  *
    epoch  200  train 0.39248 (tc 0.31474 hrr 0.25485)  valid 0.54443 (tc 0.43961 hrr 0.34491)  lr 1.00e-03
    epoch  210  train 0.38743 (tc 0.31088 hrr 0.25105)  valid 0.55216 (tc 0.44697 hrr 0.33883)  lr 1.00e-03
    epoch  220  train 0.37792 (tc 0.30323 hrr 0.24471)  valid 0.52892 (tc 0.42785 hrr 0.33149)  lr 5.00e-04
    epoch  230  train 0.37955 (tc 0.30490 hrr 0.24463)  valid 0.52953 (tc 0.42739 hrr 0.33690)  lr 2.50e-04
    epoch  231  train 0.37677 (tc 0.30233 hrr 0.24372)  valid 0.51203 (tc 0.41359 hrr 0.32442)  lr 2.50e-04  *
    epoch  233  train 0.37660 (tc 0.30252 hrr 0.24281)  valid 0.50684 (tc 0.40954 hrr 0.32016)  lr 2.50e-04  *
    epoch  240  train 0.37250 (tc 0.29849 hrr 0.24175)  valid 0.51201 (tc 0.41379 hrr 0.32232)  lr 2.50e-04
    epoch  250  train 0.37272 (tc 0.29892 hrr 0.24189)  valid 0.52126 (tc 0.42207 hrr 0.32585)  lr 1.25e-04
    epoch  260  train 0.36975 (tc 0.29652 hrr 0.24007)  valid 0.50826 (tc 0.41114 hrr 0.31824)  lr 1.25e-04
    epoch  261  train 0.36968 (tc 0.29642 hrr 0.24019)  valid 0.50614 (tc 0.40920 hrr 0.31767)  lr 1.25e-04  *
    epoch  262  train 0.36938 (tc 0.29619 hrr 0.24000)  valid 0.50373 (tc 0.40706 hrr 0.31669)  lr 1.25e-04  *
    epoch  270  train 0.36821 (tc 0.29504 hrr 0.23961)  valid 0.51231 (tc 0.41348 hrr 0.32299)  lr 1.25e-04
    epoch  278  train 0.36763 (tc 0.29471 hrr 0.23914)  valid 0.50331 (tc 0.40654 hrr 0.31668)  lr 1.25e-04  *
    epoch  280  train 0.36794 (tc 0.29490 hrr 0.23919)  valid 0.51345 (tc 0.41428 hrr 0.32493)  lr 1.25e-04
    epoch  290  train 0.36664 (tc 0.29391 hrr 0.23830)  valid 0.52085 (tc 0.42014 hrr 0.32921)  lr 1.25e-04
    epoch  300  train 0.36599 (tc 0.29336 hrr 0.23809)  valid 0.51480 (tc 0.41546 hrr 0.32470)  lr 6.25e-05
    epoch  310  train 0.36556 (tc 0.29307 hrr 0.23774)  valid 0.50710 (tc 0.40948 hrr 0.31982)  lr 3.13e-05
    epoch  320  train 0.36520 (tc 0.29276 hrr 0.23753)  valid 0.51384 (tc 0.41428 hrr 0.32657)  lr 3.13e-05
    epoch  330  train 0.36496 (tc 0.29253 hrr 0.23753)  valid 0.50933 (tc 0.41096 hrr 0.32217)  lr 1.56e-05
    early stop at epoch 338 (best 0.50331 @ 278)
    saved models_part1_phys_r1\part1_member1.pt  (10.0 min)

  === member 3/3 (seed 44) ===
    [sentinel] weights moved after epoch 0: |dW| = 3.3877e+00
    epoch    0  train 2.15936 (tc 1.48841 hrr 1.52609)  valid 1.66916 (tc 1.29997 hrr 1.15329)  lr 1.00e-03  *
    epoch    1  train 1.46282 (tc 1.14542 hrr 1.01212)  valid 1.58209 (tc 1.26867 hrr 1.01354)  lr 1.00e-03  *
    epoch    2  train 1.34698 (tc 1.10146 hrr 0.78750)  valid 1.45877 (tc 1.21200 hrr 0.78973)  lr 1.00e-03  *
    epoch    3  train 1.25745 (tc 1.04850 hrr 0.66572)  valid 1.38070 (tc 1.15808 hrr 0.72282)  lr 1.00e-03  *
    epoch    4  train 1.17224 (tc 0.97927 hrr 0.61498)  valid 1.30735 (tc 1.09113 hrr 0.70221)  lr 1.00e-03  *
    epoch    5  train 1.10895 (tc 0.92342 hrr 0.59497)  valid 1.23533 (tc 1.02496 hrr 0.68033)  lr 1.00e-03  *
    epoch    6  train 1.04335 (tc 0.86143 hrr 0.58403)  valid 1.19292 (tc 0.97848 hrr 0.69671)  lr 1.00e-03  *
    epoch    7  train 0.98488 (tc 0.80579 hrr 0.57631)  valid 1.14062 (tc 0.93183 hrr 0.67762)  lr 1.00e-03  *
    epoch    8  train 0.93393 (tc 0.75923 hrr 0.56482)  valid 1.07290 (tc 0.87119 hrr 0.66002)  lr 1.00e-03  *
    epoch    9  train 0.88697 (tc 0.71643 hrr 0.54896)  valid 1.04205 (tc 0.84149 hrr 0.65385)  lr 1.00e-03  *
    epoch   10  train 0.84865 (tc 0.68149 hrr 0.54038)  valid 1.00616 (tc 0.81039 hrr 0.63668)  lr 1.00e-03  *
    epoch   11  train 0.82317 (tc 0.65863 hrr 0.52996)  valid 0.98617 (tc 0.79258 hrr 0.62980)  lr 1.00e-03  *
    epoch   12  train 0.81205 (tc 0.64804 hrr 0.52955)  valid 0.97083 (tc 0.77870 hrr 0.62619)  lr 1.00e-03  *
    epoch   14  train 0.78593 (tc 0.62686 hrr 0.51326)  valid 0.95466 (tc 0.76911 hrr 0.60178)  lr 1.00e-03  *
    epoch   15  train 0.77212 (tc 0.61629 hrr 0.50427)  valid 0.93089 (tc 0.74708 hrr 0.59416)  lr 1.00e-03  *
    epoch   18  train 0.74746 (tc 0.59618 hrr 0.48803)  valid 0.92529 (tc 0.74753 hrr 0.57989)  lr 1.00e-03  *
    epoch   19  train 0.74296 (tc 0.59438 hrr 0.48172)  valid 0.91436 (tc 0.74031 hrr 0.56843)  lr 1.00e-03  *
    epoch   20  train 0.73613 (tc 0.58989 hrr 0.47373)  valid 0.92291 (tc 0.74811 hrr 0.56908)  lr 1.00e-03
    epoch   23  train 0.71822 (tc 0.57783 hrr 0.45692)  valid 0.90199 (tc 0.73439 hrr 0.54665)  lr 1.00e-03  *
    epoch   24  train 0.70738 (tc 0.56892 hrr 0.45109)  valid 0.89350 (tc 0.72789 hrr 0.54216)  lr 1.00e-03  *
    epoch   25  train 0.70094 (tc 0.56417 hrr 0.44481)  valid 0.88414 (tc 0.71927 hrr 0.54002)  lr 1.00e-03  *
    epoch   27  train 0.68699 (tc 0.55344 hrr 0.43494)  valid 0.87843 (tc 0.71704 hrr 0.52948)  lr 1.00e-03  *
    epoch   28  train 0.68090 (tc 0.54880 hrr 0.43149)  valid 0.87383 (tc 0.71514 hrr 0.52119)  lr 1.00e-03  *
    epoch   30  train 0.67364 (tc 0.54370 hrr 0.42247)  valid 0.87104 (tc 0.71266 hrr 0.51756)  lr 1.00e-03  *
    epoch   34  train 0.66233 (tc 0.53702 hrr 0.41048)  valid 0.86150 (tc 0.70826 hrr 0.50309)  lr 1.00e-03  *
    epoch   37  train 0.64761 (tc 0.52534 hrr 0.40064)  valid 0.85024 (tc 0.70206 hrr 0.48867)  lr 1.00e-03  *
    epoch   38  train 0.64344 (tc 0.52250 hrr 0.39660)  valid 0.83570 (tc 0.68863 hrr 0.48260)  lr 1.00e-03  *
    epoch   40  train 0.64447 (tc 0.52402 hrr 0.39346)  valid 0.84950 (tc 0.69938 hrr 0.49310)  lr 1.00e-03
    epoch   42  train 0.65542 (tc 0.53310 hrr 0.39724)  valid 0.82705 (tc 0.68036 hrr 0.48378)  lr 1.00e-03  *
    epoch   43  train 0.63824 (tc 0.51890 hrr 0.39274)  valid 0.82202 (tc 0.67841 hrr 0.47125)  lr 1.00e-03  *
    epoch   47  train 0.62280 (tc 0.50809 hrr 0.37676)  valid 0.81398 (tc 0.67179 hrr 0.46864)  lr 1.00e-03  *
    epoch   48  train 0.61802 (tc 0.50421 hrr 0.37474)  valid 0.81081 (tc 0.67080 hrr 0.46238)  lr 1.00e-03  *
    epoch   49  train 0.62308 (tc 0.50969 hrr 0.37326)  valid 0.80551 (tc 0.66528 hrr 0.46125)  lr 1.00e-03  *
    epoch   50  train 0.62261 (tc 0.50930 hrr 0.37276)  valid 0.81278 (tc 0.67280 hrr 0.46169)  lr 1.00e-03
    epoch   52  train 0.61366 (tc 0.50113 hrr 0.36956)  valid 0.80087 (tc 0.66168 hrr 0.45931)  lr 1.00e-03  *
    epoch   53  train 0.61041 (tc 0.49927 hrr 0.36623)  valid 0.79492 (tc 0.65746 hrr 0.45426)  lr 1.00e-03  *
    epoch   54  train 0.60212 (tc 0.49182 hrr 0.36371)  valid 0.79072 (tc 0.65494 hrr 0.44869)  lr 1.00e-03  *
    epoch   57  train 0.59740 (tc 0.48845 hrr 0.35956)  valid 0.78657 (tc 0.65219 hrr 0.44437)  lr 1.00e-03  *
    epoch   60  train 0.59491 (tc 0.48725 hrr 0.35531)  valid 0.78329 (tc 0.64949 hrr 0.44104)  lr 1.00e-03  *
    epoch   66  train 0.58418 (tc 0.47781 hrr 0.34915)  valid 0.77990 (tc 0.64823 hrr 0.43543)  lr 1.00e-03  *
    epoch   67  train 0.58800 (tc 0.48133 hrr 0.35086)  valid 0.76812 (tc 0.63757 hrr 0.43159)  lr 1.00e-03  *
    epoch   68  train 0.58051 (tc 0.47489 hrr 0.34756)  valid 0.76539 (tc 0.63483 hrr 0.43104)  lr 1.00e-03  *
    epoch   69  train 0.57701 (tc 0.47202 hrr 0.34676)  valid 0.76286 (tc 0.63305 hrr 0.42921)  lr 1.00e-03  *
    epoch   70  train 0.57399 (tc 0.46931 hrr 0.34607)  valid 0.76407 (tc 0.63348 hrr 0.43098)  lr 1.00e-03
    epoch   71  train 0.56990 (tc 0.46592 hrr 0.34243)  valid 0.76077 (tc 0.63269 hrr 0.42336)  lr 1.00e-03  *
    epoch   72  train 0.56977 (tc 0.46601 hrr 0.34146)  valid 0.75979 (tc 0.63068 hrr 0.42645)  lr 1.00e-03  *
    epoch   73  train 0.56824 (tc 0.46510 hrr 0.34029)  valid 0.75651 (tc 0.62762 hrr 0.42606)  lr 1.00e-03  *
    epoch   75  train 0.56325 (tc 0.46111 hrr 0.33713)  valid 0.75416 (tc 0.62637 hrr 0.42187)  lr 1.00e-03  *
    epoch   76  train 0.56231 (tc 0.45966 hrr 0.33852)  valid 0.74610 (tc 0.61905 hrr 0.41935)  lr 1.00e-03  *
    epoch   80  train 0.55779 (tc 0.45641 hrr 0.33440)  valid 0.75919 (tc 0.63258 hrr 0.41881)  lr 1.00e-03
    epoch   82  train 0.55479 (tc 0.45406 hrr 0.33280)  valid 0.73951 (tc 0.61527 hrr 0.40968)  lr 1.00e-03  *
    epoch   84  train 0.55128 (tc 0.45107 hrr 0.33060)  valid 0.73399 (tc 0.61043 hrr 0.40826)  lr 1.00e-03  *
    epoch   90  train 0.55771 (tc 0.45631 hrr 0.33184)  valid 0.74698 (tc 0.62031 hrr 0.41848)  lr 1.00e-03
    epoch   93  train 0.54837 (tc 0.44974 hrr 0.32561)  valid 0.73010 (tc 0.60612 hrr 0.40919)  lr 1.00e-03  *
    epoch   94  train 0.54587 (tc 0.44699 hrr 0.32571)  valid 0.72482 (tc 0.60163 hrr 0.40669)  lr 1.00e-03  *
    epoch   96  train 0.54043 (tc 0.44265 hrr 0.32252)  valid 0.71504 (tc 0.59431 hrr 0.39915)  lr 1.00e-03  *
    epoch  100  train 0.55720 (tc 0.45908 hrr 0.32257)  valid 0.75462 (tc 0.63135 hrr 0.40718)  lr 1.00e-03
    epoch  110  train 0.53189 (tc 0.43625 hrr 0.31542)  valid 0.71743 (tc 0.59822 hrr 0.39369)  lr 1.00e-03
    epoch  112  train 0.53912 (tc 0.44066 hrr 0.32397)  valid 0.71079 (tc 0.58942 hrr 0.40020)  lr 1.00e-03  *
    epoch  116  train 0.53001 (tc 0.43420 hrr 0.31499)  valid 0.70545 (tc 0.59068 hrr 0.37868)  lr 1.00e-03  *
    epoch  118  train 0.52221 (tc 0.42843 hrr 0.30891)  valid 0.70097 (tc 0.58396 hrr 0.38624)  lr 1.00e-03  *
    epoch  120  train 0.52416 (tc 0.43022 hrr 0.30970)  valid 0.70790 (tc 0.59140 hrr 0.38474)  lr 1.00e-03
    epoch  121  train 0.52796 (tc 0.43421 hrr 0.30897)  valid 0.69273 (tc 0.57901 hrr 0.37598)  lr 1.00e-03  *
    epoch  123  train 0.51747 (tc 0.42448 hrr 0.30616)  valid 0.68840 (tc 0.57532 hrr 0.37340)  lr 1.00e-03  *
    epoch  124  train 0.51593 (tc 0.42352 hrr 0.30437)  valid 0.68402 (tc 0.57015 hrr 0.37590)  lr 1.00e-03  *
    epoch  125  train 0.51906 (tc 0.42565 hrr 0.30718)  valid 0.68376 (tc 0.57050 hrr 0.37378)  lr 1.00e-03  *
    epoch  130  train 0.52310 (tc 0.43057 hrr 0.30480)  valid 0.70338 (tc 0.58809 hrr 0.38115)  lr 1.00e-03
    epoch  134  train 0.51520 (tc 0.42374 hrr 0.30115)  valid 0.68349 (tc 0.57088 hrr 0.37199)  lr 1.00e-03  *
    epoch  140  train 0.51571 (tc 0.42511 hrr 0.29781)  valid 0.69216 (tc 0.57775 hrr 0.37843)  lr 1.00e-03
    epoch  148  train 0.50552 (tc 0.41567 hrr 0.29573)  valid 0.68218 (tc 0.56744 hrr 0.37939)  lr 1.00e-03  *
    epoch  150  train 0.50309 (tc 0.41403 hrr 0.29295)  valid 0.69329 (tc 0.57725 hrr 0.38115)  lr 1.00e-03
    epoch  151  train 0.50051 (tc 0.41222 hrr 0.29001)  valid 0.68171 (tc 0.56967 hrr 0.37034)  lr 1.00e-03  *
    epoch  157  train 0.49852 (tc 0.41116 hrr 0.28758)  valid 0.67898 (tc 0.56694 hrr 0.36993)  lr 1.00e-03  *
    epoch  158  train 0.49511 (tc 0.40867 hrr 0.28484)  valid 0.67620 (tc 0.56493 hrr 0.36752)  lr 1.00e-03  *
    epoch  159  train 0.49248 (tc 0.40622 hrr 0.28363)  valid 0.66952 (tc 0.56070 hrr 0.35938)  lr 1.00e-03  *
    epoch  160  train 0.48974 (tc 0.40407 hrr 0.28194)  valid 0.67252 (tc 0.56206 hrr 0.36465)  lr 1.00e-03
    epoch  170  train 0.48371 (tc 0.40008 hrr 0.27480)  valid 0.68085 (tc 0.57146 hrr 0.36146)  lr 1.00e-03
    epoch  177  train 0.47669 (tc 0.39443 hrr 0.27062)  valid 0.66733 (tc 0.56087 hrr 0.35136)  lr 5.00e-04  *
    epoch  178  train 0.47611 (tc 0.39400 hrr 0.27001)  valid 0.66582 (tc 0.56037 hrr 0.34826)  lr 5.00e-04  *
    epoch  180  train 0.47710 (tc 0.39481 hrr 0.27049)  valid 0.67536 (tc 0.56878 hrr 0.35204)  lr 5.00e-04
    epoch  183  train 0.47686 (tc 0.39489 hrr 0.26868)  valid 0.66495 (tc 0.56054 hrr 0.34500)  lr 5.00e-04  *
    epoch  188  train 0.47370 (tc 0.39251 hrr 0.26680)  valid 0.66252 (tc 0.55750 hrr 0.34688)  lr 5.00e-04  *
    epoch  189  train 0.47504 (tc 0.39382 hrr 0.26677)  valid 0.65809 (tc 0.55403 hrr 0.34370)  lr 5.00e-04  *
    epoch  190  train 0.47552 (tc 0.39455 hrr 0.26624)  valid 0.66431 (tc 0.55977 hrr 0.34517)  lr 5.00e-04
    epoch  197  train 0.46853 (tc 0.38823 hrr 0.26387)  valid 0.65661 (tc 0.55294 hrr 0.34236)  lr 5.00e-04  *
    epoch  199  train 0.46721 (tc 0.38697 hrr 0.26368)  valid 0.65299 (tc 0.54950 hrr 0.34152)  lr 5.00e-04  *
    epoch  200  train 0.46704 (tc 0.38708 hrr 0.26292)  valid 0.65453 (tc 0.55100 hrr 0.34177)  lr 5.00e-04
    epoch  203  train 0.46729 (tc 0.38721 hrr 0.26242)  valid 0.65276 (tc 0.54989 hrr 0.33923)  lr 5.00e-04  *
    epoch  204  train 0.46658 (tc 0.38683 hrr 0.26199)  valid 0.64993 (tc 0.54848 hrr 0.33448)  lr 5.00e-04  *
    epoch  210  train 0.46488 (tc 0.38550 hrr 0.26081)  valid 0.66154 (tc 0.55640 hrr 0.34703)  lr 5.00e-04
    epoch  212  train 0.46361 (tc 0.38433 hrr 0.26008)  valid 0.64953 (tc 0.54779 hrr 0.33565)  lr 5.00e-04  *
    epoch  214  train 0.46556 (tc 0.38641 hrr 0.26012)  valid 0.64623 (tc 0.54479 hrr 0.33463)  lr 5.00e-04  *
    epoch  220  train 0.46393 (tc 0.38527 hrr 0.25851)  valid 0.64797 (tc 0.54694 hrr 0.33325)  lr 5.00e-04
    epoch  221  train 0.46495 (tc 0.38574 hrr 0.25962)  valid 0.64617 (tc 0.54510 hrr 0.33327)  lr 5.00e-04  *
    epoch  227  train 0.45944 (tc 0.38161 hrr 0.25553)  valid 0.64148 (tc 0.54079 hrr 0.33216)  lr 5.00e-04  *
    epoch  230  train 0.45976 (tc 0.38191 hrr 0.25582)  valid 0.64629 (tc 0.54651 hrr 0.32929)  lr 5.00e-04
    epoch  240  train 0.46123 (tc 0.38352 hrr 0.25509)  valid 0.65298 (tc 0.54953 hrr 0.34102)  lr 5.00e-04
    epoch  250  train 0.45481 (tc 0.37828 hrr 0.25096)  valid 0.64202 (tc 0.54501 hrr 0.31976)  lr 2.50e-04
    epoch  260  train 0.45256 (tc 0.37657 hrr 0.24934)  valid 0.64831 (tc 0.54711 hrr 0.33353)  lr 1.25e-04
    epoch  270  train 0.45143 (tc 0.37561 hrr 0.24839)  valid 0.64564 (tc 0.54497 hrr 0.33180)  lr 1.25e-04
    epoch  280  train 0.45109 (tc 0.37558 hrr 0.24782)  valid 0.64383 (tc 0.54389 hrr 0.32940)  lr 6.25e-05
    early stop at epoch 287 (best 0.64148 @ 227)
    saved models_part1_phys_r1\part1_member2.pt  (4.3 min)

  done. 3 member(s) in models_part1_phys_r1
  next: python evaluate_part1.py --model-dir models_part1_phys_r1
