  device: NVIDIA GeForce RTX 4090

  building dataset ...
  corpus: D:\Bs8414_05052026\Part1\_completed
  184 usable, 2 rejected
    - BS8414_DCLG_Test1_adv_debug: excluded: debug case; Core_MATERIAL HEAT_OF_REACTION=1500 vs 2300 in every other DCLG_Test1_adv deck, so it is a different system under the same name
    - BS8414_DCLG_Test7: excluded: declares insulation system PF like 33 other decks, but its Phenolic_Foam MATL is inert - HEAT_OF_REACTION absent (0 kJ/kg) with REFERENCE_TEMPERATURE=429 degC - where every other PF deck decomposes at HEAT_OF_REACTION=400 with no explicit reference temperature (cp 1.2 vs 1.5, k 0.020 vs 0.022, rho 32 vs 39). Same defect class as the debug case above: a different system under the same name. Found 2026-08-19 by explain_part1.check_group_determinism, which verifies that an insulation id fixes its material block; this was the only violation in 185 cases
  params (184, 16)  tc (184, 181, 16)  hrr (184, 181, 5)
  partial: BS8414_HPL_WC_noair_nogap (180/181 steps, padded+masked)

  split mode: hash
    train  141 sims  40 systems  8/8 geometries
    valid   20 sims  16 systems  8/8 geometries
    test    23 sims  20 systems  8/8 geometries

  target: 16 thermocouples (External_LV1 x8 + External_LV2 x8)
          5 HRR channels (HRR, Q_RADI, Q_CONV, Q_COND, Q_TOTAL)
  model:  KAN-Attention-LSTM (Part1)
  loss:   tc + 0.3 * hrr + 0.002 * reg
  physics constraints: off

  === member 1/3 (seed 45) ===
    [sentinel] weights moved after epoch 0: |dW| = 3.3241e+00
    epoch    0  train 1.90784 (tc 1.48026 hrr 1.42521)  valid 1.57221 (tc 1.26108 hrr 1.03711)  lr 1.00e-03  *
    epoch    1  train 1.35090 (tc 1.11900 hrr 0.77295)  valid 1.40888 (tc 1.19889 hrr 0.69996)  lr 1.00e-03  *
    epoch    2  train 1.20672 (tc 1.02926 hrr 0.59147)  valid 1.31511 (tc 1.12460 hrr 0.63503)  lr 1.00e-03  *
    epoch    3  train 1.13430 (tc 0.97058 hrr 0.54569)  valid 1.26268 (tc 1.07735 hrr 0.61777)  lr 1.00e-03  *
    epoch    4  train 1.09032 (tc 0.93357 hrr 0.52247)  valid 1.23378 (tc 1.05255 hrr 0.60410)  lr 1.00e-03  *
    epoch    6  train 1.04646 (tc 0.89469 hrr 0.50585)  valid 1.19908 (tc 1.02168 hrr 0.59131)  lr 1.00e-03  *
    epoch    7  train 1.01889 (tc 0.87117 hrr 0.49233)  valid 1.19542 (tc 1.01947 hrr 0.58648)  lr 1.00e-03  *
    epoch    8  train 0.99775 (tc 0.85282 hrr 0.48307)  valid 1.15414 (tc 0.98161 hrr 0.57511)  lr 1.00e-03  *
    epoch    9  train 0.97232 (tc 0.82974 hrr 0.47521)  valid 1.12882 (tc 0.95906 hrr 0.56586)  lr 1.00e-03  *
    epoch   10  train 0.94845 (tc 0.80861 hrr 0.46607)  valid 1.10118 (tc 0.93481 hrr 0.55458)  lr 1.00e-03  *
    epoch   12  train 0.90728 (tc 0.76909 hrr 0.46058)  valid 1.06649 (tc 0.90124 hrr 0.55081)  lr 1.00e-03  *
    epoch   13  train 0.89082 (tc 0.75448 hrr 0.45439)  valid 1.04472 (tc 0.88303 hrr 0.53894)  lr 1.00e-03  *
    epoch   14  train 0.87257 (tc 0.73733 hrr 0.45076)  valid 1.03501 (tc 0.87426 hrr 0.53584)  lr 1.00e-03  *
    epoch   16  train 0.85765 (tc 0.72204 hrr 0.45200)  valid 1.02943 (tc 0.86672 hrr 0.54236)  lr 1.00e-03  *
    epoch   17  train 0.83919 (tc 0.70635 hrr 0.44276)  valid 1.01715 (tc 0.85879 hrr 0.52786)  lr 1.00e-03  *
    epoch   18  train 0.82727 (tc 0.69709 hrr 0.43389)  valid 0.99954 (tc 0.84358 hrr 0.51986)  lr 1.00e-03  *
    epoch   20  train 0.81042 (tc 0.68364 hrr 0.42253)  valid 0.98510 (tc 0.83299 hrr 0.50703)  lr 1.00e-03  *
    epoch   22  train 0.79463 (tc 0.66968 hrr 0.41643)  valid 0.97327 (tc 0.82200 hrr 0.50425)  lr 1.00e-03  *
    epoch   24  train 0.77839 (tc 0.65574 hrr 0.40876)  valid 0.96188 (tc 0.81345 hrr 0.49477)  lr 1.00e-03  *
    epoch   25  train 0.77164 (tc 0.65077 hrr 0.40285)  valid 0.95774 (tc 0.80962 hrr 0.49373)  lr 1.00e-03  *
    epoch   26  train 0.76718 (tc 0.64568 hrr 0.40497)  valid 0.95078 (tc 0.80256 hrr 0.49407)  lr 1.00e-03  *
    epoch   27  train 0.76394 (tc 0.64376 hrr 0.40055)  valid 0.94549 (tc 0.79901 hrr 0.48825)  lr 1.00e-03  *
    epoch   28  train 0.75333 (tc 0.63515 hrr 0.39390)  valid 0.93937 (tc 0.79454 hrr 0.48275)  lr 1.00e-03  *
    epoch   29  train 0.74178 (tc 0.62512 hrr 0.38883)  valid 0.92951 (tc 0.78626 hrr 0.47750)  lr 1.00e-03  *
    epoch   30  train 0.73166 (tc 0.61590 hrr 0.38581)  valid 0.91852 (tc 0.77662 hrr 0.47300)  lr 1.00e-03  *
    epoch   31  train 0.72267 (tc 0.60835 hrr 0.38104)  valid 0.91428 (tc 0.77330 hrr 0.46995)  lr 1.00e-03  *
    epoch   32  train 0.71482 (tc 0.60161 hrr 0.37733)  valid 0.89578 (tc 0.75718 hrr 0.46201)  lr 1.00e-03  *
    epoch   34  train 0.70148 (tc 0.59029 hrr 0.37058)  valid 0.89232 (tc 0.75497 hrr 0.45784)  lr 1.00e-03  *
    epoch   35  train 0.69547 (tc 0.58496 hrr 0.36831)  valid 0.88113 (tc 0.74291 hrr 0.46074)  lr 1.00e-03  *
    epoch   36  train 0.68993 (tc 0.57995 hrr 0.36656)  valid 0.87465 (tc 0.73828 hrr 0.45457)  lr 1.00e-03  *
    epoch   37  train 0.68312 (tc 0.57383 hrr 0.36425)  valid 0.87433 (tc 0.73708 hrr 0.45749)  lr 1.00e-03  *
    epoch   38  train 0.67882 (tc 0.56946 hrr 0.36448)  valid 0.86989 (tc 0.73095 hrr 0.46314)  lr 1.00e-03  *
    epoch   40  train 0.67261 (tc 0.56323 hrr 0.36457)  valid 0.86687 (tc 0.72786 hrr 0.46336)  lr 1.00e-03  *
    epoch   41  train 0.66592 (tc 0.55689 hrr 0.36340)  valid 0.85296 (tc 0.71657 hrr 0.45464)  lr 1.00e-03  *
    epoch   42  train 0.65131 (tc 0.54411 hrr 0.35727)  valid 0.84408 (tc 0.71019 hrr 0.44628)  lr 1.00e-03  *
    epoch   43  train 0.64095 (tc 0.53502 hrr 0.35307)  valid 0.82860 (tc 0.69688 hrr 0.43907)  lr 1.00e-03  *
    epoch   45  train 0.62946 (tc 0.52465 hrr 0.34932)  valid 0.82162 (tc 0.69093 hrr 0.43563)  lr 1.00e-03  *
    epoch   46  train 0.62421 (tc 0.51984 hrr 0.34787)  valid 0.81862 (tc 0.68650 hrr 0.44037)  lr 1.00e-03  *
    epoch   47  train 0.61575 (tc 0.51207 hrr 0.34554)  valid 0.80517 (tc 0.67499 hrr 0.43393)  lr 1.00e-03  *
    epoch   48  train 0.60800 (tc 0.50502 hrr 0.34320)  valid 0.79310 (tc 0.66448 hrr 0.42873)  lr 1.00e-03  *
    epoch   49  train 0.59906 (tc 0.49679 hrr 0.34088)  valid 0.78977 (tc 0.66022 hrr 0.43185)  lr 1.00e-03  *
    epoch   50  train 0.59211 (tc 0.49017 hrr 0.33975)  valid 0.77649 (tc 0.64770 hrr 0.42930)  lr 1.00e-03  *
    epoch   52  train 0.59243 (tc 0.49047 hrr 0.33984)  valid 0.77509 (tc 0.64652 hrr 0.42856)  lr 1.00e-03  *
    epoch   54  train 0.58631 (tc 0.48355 hrr 0.34250)  valid 0.76981 (tc 0.64245 hrr 0.42454)  lr 1.00e-03  *
    epoch   55  train 0.57604 (tc 0.47449 hrr 0.33847)  valid 0.76796 (tc 0.64245 hrr 0.41835)  lr 1.00e-03  *
    epoch   56  train 0.56598 (tc 0.46574 hrr 0.33405)  valid 0.75792 (tc 0.63182 hrr 0.42031)  lr 1.00e-03  *
    epoch   57  train 0.55833 (tc 0.45897 hrr 0.33113)  valid 0.74123 (tc 0.61803 hrr 0.41066)  lr 1.00e-03  *
    epoch   58  train 0.55077 (tc 0.45215 hrr 0.32866)  valid 0.73992 (tc 0.61449 hrr 0.41808)  lr 1.00e-03  *
    epoch   59  train 0.54238 (tc 0.44424 hrr 0.32708)  valid 0.72576 (tc 0.60077 hrr 0.41664)  lr 1.00e-03  *
    epoch   60  train 0.53433 (tc 0.43671 hrr 0.32536)  valid 0.71458 (tc 0.59165 hrr 0.40978)  lr 1.00e-03  *
    epoch   61  train 0.52803 (tc 0.43056 hrr 0.32487)  valid 0.70668 (tc 0.58484 hrr 0.40612)  lr 1.00e-03  *
    epoch   62  train 0.51955 (tc 0.42310 hrr 0.32145)  valid 0.70013 (tc 0.57858 hrr 0.40518)  lr 1.00e-03  *
    epoch   63  train 0.51231 (tc 0.41607 hrr 0.32074)  valid 0.69023 (tc 0.56848 hrr 0.40582)  lr 1.00e-03  *
    epoch   64  train 0.50681 (tc 0.41076 hrr 0.32011)  valid 0.68514 (tc 0.56309 hrr 0.40683)  lr 1.00e-03  *
    epoch   65  train 0.50070 (tc 0.40491 hrr 0.31924)  valid 0.67195 (tc 0.55106 hrr 0.40298)  lr 1.00e-03  *
    epoch   67  train 0.48898 (tc 0.39400 hrr 0.31655)  valid 0.66265 (tc 0.54367 hrr 0.39660)  lr 1.00e-03  *
    epoch   69  train 0.47714 (tc 0.38280 hrr 0.31442)  valid 0.65819 (tc 0.53823 hrr 0.39986)  lr 1.00e-03  *
    epoch   70  train 0.47180 (tc 0.37790 hrr 0.31295)  valid 0.65752 (tc 0.53674 hrr 0.40258)  lr 1.00e-03  *
    epoch   71  train 0.46765 (tc 0.37419 hrr 0.31148)  valid 0.64638 (tc 0.52686 hrr 0.39840)  lr 1.00e-03  *
    epoch   72  train 0.46494 (tc 0.37139 hrr 0.31180)  valid 0.63997 (tc 0.52073 hrr 0.39746)  lr 1.00e-03  *
    epoch   73  train 0.46012 (tc 0.36684 hrr 0.31091)  valid 0.63682 (tc 0.51746 hrr 0.39786)  lr 1.00e-03  *
    epoch   75  train 0.45568 (tc 0.36269 hrr 0.30993)  valid 0.62243 (tc 0.50613 hrr 0.38768)  lr 1.00e-03  *
    epoch   79  train 0.44040 (tc 0.34834 hrr 0.30681)  valid 0.61696 (tc 0.50015 hrr 0.38934)  lr 1.00e-03  *
    epoch   80  train 0.43706 (tc 0.34580 hrr 0.30415)  valid 0.61277 (tc 0.49623 hrr 0.38849)  lr 1.00e-03  *
    epoch   81  train 0.43486 (tc 0.34346 hrr 0.30461)  valid 0.61193 (tc 0.49600 hrr 0.38642)  lr 1.00e-03  *
    epoch   83  train 0.42983 (tc 0.33912 hrr 0.30234)  valid 0.60181 (tc 0.48673 hrr 0.38359)  lr 1.00e-03  *
    epoch   84  train 0.42599 (tc 0.33563 hrr 0.30116)  valid 0.59625 (tc 0.48244 hrr 0.37934)  lr 1.00e-03  *
    epoch   87  train 0.41675 (tc 0.32740 hrr 0.29777)  valid 0.58923 (tc 0.47458 hrr 0.38219)  lr 1.00e-03  *
    epoch   89  train 0.41207 (tc 0.32315 hrr 0.29634)  valid 0.58920 (tc 0.47614 hrr 0.37686)  lr 1.00e-03  *
    epoch   90  train 0.41062 (tc 0.32185 hrr 0.29587)  valid 0.58757 (tc 0.47349 hrr 0.38025)  lr 1.00e-03  *
    epoch   91  train 0.40758 (tc 0.31924 hrr 0.29443)  valid 0.58355 (tc 0.47020 hrr 0.37782)  lr 1.00e-03  *
    epoch   92  train 0.40539 (tc 0.31730 hrr 0.29358)  valid 0.57659 (tc 0.46283 hrr 0.37920)  lr 1.00e-03  *
    epoch   94  train 0.40119 (tc 0.31370 hrr 0.29157)  valid 0.57510 (tc 0.46369 hrr 0.37139)  lr 1.00e-03  *
    epoch   95  train 0.39898 (tc 0.31171 hrr 0.29085)  valid 0.57477 (tc 0.46227 hrr 0.37502)  lr 1.00e-03  *
    epoch   96  train 0.39738 (tc 0.31028 hrr 0.29027)  valid 0.56514 (tc 0.45419 hrr 0.36985)  lr 1.00e-03  *
    epoch  100  train 0.38843 (tc 0.30239 hrr 0.28676)  valid 0.56385 (tc 0.45160 hrr 0.37418)  lr 1.00e-03  *
    epoch  101  train 0.38768 (tc 0.30173 hrr 0.28645)  valid 0.56079 (tc 0.44935 hrr 0.37146)  lr 1.00e-03  *
    epoch  102  train 0.38675 (tc 0.30087 hrr 0.28623)  valid 0.55754 (tc 0.44488 hrr 0.37555)  lr 1.00e-03  *
    epoch  103  train 0.38624 (tc 0.30039 hrr 0.28612)  valid 0.55405 (tc 0.44307 hrr 0.36996)  lr 1.00e-03  *
    epoch  105  train 0.38206 (tc 0.29682 hrr 0.28407)  valid 0.54811 (tc 0.43807 hrr 0.36683)  lr 1.00e-03  *
    epoch  110  train 0.37956 (tc 0.29465 hrr 0.28298)  valid 0.54579 (tc 0.43511 hrr 0.36892)  lr 1.00e-03  *
    epoch  115  train 0.37931 (tc 0.29409 hrr 0.28401)  valid 0.54174 (tc 0.43098 hrr 0.36919)  lr 1.00e-03  *
    epoch  120  train 0.36552 (tc 0.28275 hrr 0.27584)  valid 0.53358 (tc 0.42536 hrr 0.36073)  lr 1.00e-03  *
    epoch  122  train 0.36220 (tc 0.28027 hrr 0.27305)  valid 0.52818 (tc 0.42031 hrr 0.35958)  lr 1.00e-03  *
    epoch  123  train 0.36046 (tc 0.27885 hrr 0.27200)  valid 0.52573 (tc 0.41788 hrr 0.35952)  lr 1.00e-03  *
    epoch  130  train 0.39284 (tc 0.30459 hrr 0.29410)  valid 0.53645 (tc 0.42835 hrr 0.36033)  lr 1.00e-03
    epoch  133  train 0.36446 (tc 0.28230 hrr 0.27382)  valid 0.52200 (tc 0.41579 hrr 0.35403)  lr 1.00e-03  *
    epoch  134  train 0.36043 (tc 0.27889 hrr 0.27175)  valid 0.51169 (tc 0.40797 hrr 0.34575)  lr 1.00e-03  *
    epoch  136  train 0.35225 (tc 0.27194 hrr 0.26766)  valid 0.50732 (tc 0.40447 hrr 0.34283)  lr 1.00e-03  *
    epoch  138  train 0.34838 (tc 0.26877 hrr 0.26528)  valid 0.50452 (tc 0.40202 hrr 0.34167)  lr 1.00e-03  *
    epoch  140  train 0.35045 (tc 0.27069 hrr 0.26581)  valid 0.50949 (tc 0.40370 hrr 0.35261)  lr 1.00e-03
    epoch  144  train 0.34448 (tc 0.26575 hrr 0.26236)  valid 0.49753 (tc 0.39429 hrr 0.34415)  lr 1.00e-03  *
    epoch  145  train 0.34358 (tc 0.26491 hrr 0.26220)  valid 0.49361 (tc 0.39119 hrr 0.34139)  lr 1.00e-03  *
    epoch  149  train 0.33921 (tc 0.26134 hrr 0.25953)  valid 0.49326 (tc 0.39148 hrr 0.33924)  lr 1.00e-03  *
    epoch  150  train 0.33832 (tc 0.26072 hrr 0.25863)  valid 0.49410 (tc 0.39214 hrr 0.33989)  lr 1.00e-03
    epoch  152  train 0.33676 (tc 0.25938 hrr 0.25786)  valid 0.49128 (tc 0.38913 hrr 0.34052)  lr 1.00e-03  *
    epoch  153  train 0.33558 (tc 0.25839 hrr 0.25725)  valid 0.48357 (tc 0.38359 hrr 0.33328)  lr 1.00e-03  *
    epoch  155  train 0.33281 (tc 0.25612 hrr 0.25559)  valid 0.48159 (tc 0.38192 hrr 0.33224)  lr 1.00e-03  *
    epoch  158  train 0.33224 (tc 0.25571 hrr 0.25502)  valid 0.47920 (tc 0.38136 hrr 0.32614)  lr 1.00e-03  *
    epoch  160  train 0.33215 (tc 0.25555 hrr 0.25528)  valid 0.49210 (tc 0.39085 hrr 0.33750)  lr 1.00e-03
    epoch  168  train 0.32641 (tc 0.25097 hrr 0.25141)  valid 0.47862 (tc 0.37952 hrr 0.33031)  lr 1.00e-03  *
    epoch  169  train 0.32756 (tc 0.25202 hrr 0.25175)  valid 0.47741 (tc 0.37734 hrr 0.33356)  lr 1.00e-03  *
    epoch  170  train 0.32748 (tc 0.25176 hrr 0.25233)  valid 0.47081 (tc 0.37516 hrr 0.31885)  lr 1.00e-03  *
    epoch  180  train 0.33433 (tc 0.25793 hrr 0.25458)  valid 0.48367 (tc 0.38254 hrr 0.33708)  lr 1.00e-03
    epoch  190  train 0.31704 (tc 0.24279 hrr 0.24744)  valid 0.47521 (tc 0.37582 hrr 0.33129)  lr 5.00e-04
    epoch  196  train 0.32059 (tc 0.24580 hrr 0.24925)  valid 0.46465 (tc 0.36809 hrr 0.32187)  lr 5.00e-04  *
    epoch  200  train 0.31442 (tc 0.24070 hrr 0.24567)  valid 0.47356 (tc 0.37419 hrr 0.33123)  lr 5.00e-04
    epoch  210  train 0.31082 (tc 0.23761 hrr 0.24396)  valid 0.46598 (tc 0.36889 hrr 0.32363)  lr 5.00e-04
    epoch  211  train 0.30962 (tc 0.23658 hrr 0.24338)  valid 0.46408 (tc 0.36717 hrr 0.32301)  lr 5.00e-04  *
    epoch  212  train 0.30960 (tc 0.23664 hrr 0.24311)  valid 0.46371 (tc 0.36691 hrr 0.32267)  lr 5.00e-04  *
    epoch  215  train 0.30942 (tc 0.23649 hrr 0.24304)  valid 0.46303 (tc 0.36571 hrr 0.32438)  lr 5.00e-04  *
    epoch  219  train 0.30752 (tc 0.23481 hrr 0.24232)  valid 0.46146 (tc 0.36520 hrr 0.32088)  lr 5.00e-04  *
    epoch  220  train 0.30711 (tc 0.23451 hrr 0.24194)  valid 0.46106 (tc 0.36501 hrr 0.32017)  lr 5.00e-04  *
    epoch  222  train 0.30671 (tc 0.23425 hrr 0.24150)  valid 0.46058 (tc 0.36439 hrr 0.32066)  lr 5.00e-04  *
    epoch  224  train 0.30630 (tc 0.23387 hrr 0.24138)  valid 0.45649 (tc 0.36140 hrr 0.31696)  lr 5.00e-04  *
    epoch  230  train 0.30617 (tc 0.23365 hrr 0.24166)  valid 0.45791 (tc 0.36297 hrr 0.31644)  lr 5.00e-04
    epoch  231  train 0.30561 (tc 0.23323 hrr 0.24122)  valid 0.45624 (tc 0.36032 hrr 0.31974)  lr 5.00e-04  *
    epoch  234  train 0.30461 (tc 0.23242 hrr 0.24057)  valid 0.45501 (tc 0.36001 hrr 0.31667)  lr 5.00e-04  *
    epoch  235  train 0.30409 (tc 0.23200 hrr 0.24026)  valid 0.45459 (tc 0.35894 hrr 0.31882)  lr 5.00e-04  *
    epoch  236  train 0.30508 (tc 0.23273 hrr 0.24112)  valid 0.45417 (tc 0.35898 hrr 0.31733)  lr 5.00e-04  *
    epoch  237  train 0.30430 (tc 0.23213 hrr 0.24051)  valid 0.45156 (tc 0.35718 hrr 0.31459)  lr 5.00e-04  *
    epoch  239  train 0.30276 (tc 0.23087 hrr 0.23959)  valid 0.44798 (tc 0.35368 hrr 0.31433)  lr 5.00e-04  *
    epoch  240  train 0.30365 (tc 0.23167 hrr 0.23986)  valid 0.46058 (tc 0.36343 hrr 0.32383)  lr 5.00e-04
    epoch  250  train 0.30274 (tc 0.23085 hrr 0.23955)  valid 0.46831 (tc 0.36979 hrr 0.32840)  lr 5.00e-04
    epoch  260  train 0.29978 (tc 0.22818 hrr 0.23862)  valid 0.46067 (tc 0.36435 hrr 0.32108)  lr 2.50e-04
    epoch  270  train 0.29783 (tc 0.22668 hrr 0.23710)  valid 0.45922 (tc 0.36445 hrr 0.31589)  lr 2.50e-04
    epoch  280  train 0.29644 (tc 0.22557 hrr 0.23615)  valid 0.45411 (tc 0.36025 hrr 0.31288)  lr 1.25e-04
    epoch  284  train 0.29618 (tc 0.22530 hrr 0.23621)  valid 0.44598 (tc 0.35266 hrr 0.31107)  lr 1.25e-04  *
    epoch  290  train 0.29583 (tc 0.22498 hrr 0.23609)  valid 0.45033 (tc 0.35556 hrr 0.31590)  lr 1.25e-04
    epoch  294  train 0.29579 (tc 0.22504 hrr 0.23574)  valid 0.44319 (tc 0.35009 hrr 0.31032)  lr 1.25e-04  *
    epoch  297  train 0.29483 (tc 0.22418 hrr 0.23545)  valid 0.44218 (tc 0.34940 hrr 0.30927)  lr 1.25e-04  *
    epoch  298  train 0.29464 (tc 0.22397 hrr 0.23549)  valid 0.44016 (tc 0.34753 hrr 0.30876)  lr 1.25e-04  *
    epoch  300  train 0.29470 (tc 0.22405 hrr 0.23545)  valid 0.44875 (tc 0.35452 hrr 0.31407)  lr 1.25e-04
    epoch  310  train 0.29418 (tc 0.22359 hrr 0.23524)  valid 0.44855 (tc 0.35471 hrr 0.31280)  lr 1.25e-04
    epoch  320  train 0.29313 (tc 0.22272 hrr 0.23466)  valid 0.44719 (tc 0.35381 hrr 0.31128)  lr 6.25e-05
    epoch  330  train 0.29262 (tc 0.22228 hrr 0.23439)  valid 0.44799 (tc 0.35431 hrr 0.31227)  lr 3.13e-05
    epoch  340  train 0.29227 (tc 0.22196 hrr 0.23431)  valid 0.44830 (tc 0.35465 hrr 0.31216)  lr 3.13e-05
    epoch  350  train 0.29185 (tc 0.22162 hrr 0.23406)  valid 0.44829 (tc 0.35454 hrr 0.31252)  lr 1.56e-05
    early stop at epoch 358 (best 0.44016 @ 298)
    saved models_part1_kanbal_s45_r3\part1_member0.pt  (2.9 min)

  === member 2/3 (seed 46) ===
    [sentinel] weights moved after epoch 0: |dW| = 3.2925e+00
    epoch    0  train 1.85213 (tc 1.41382 hrr 1.46098)  valid 1.40360 (tc 1.19758 hrr 0.68671)  lr 1.00e-03  *
    epoch    1  train 1.22496 (tc 1.04683 hrr 0.59373)  valid 1.32130 (tc 1.13640 hrr 0.61633)  lr 1.00e-03  *
    epoch    2  train 1.14656 (tc 0.98375 hrr 0.54266)  valid 1.25867 (tc 1.07762 hrr 0.60349)  lr 1.00e-03  *
    epoch    3  train 1.07474 (tc 0.91618 hrr 0.52847)  valid 1.18847 (tc 1.00855 hrr 0.59976)  lr 1.00e-03  *
    epoch    4  train 1.03138 (tc 0.87705 hrr 0.51438)  valid 1.16655 (tc 0.99007 hrr 0.58826)  lr 1.00e-03  *
    epoch    5  train 0.98989 (tc 0.84018 hrr 0.49898)  valid 1.13256 (tc 0.95684 hrr 0.58574)  lr 1.00e-03  *
    epoch    6  train 0.95440 (tc 0.80615 hrr 0.49414)  valid 1.12258 (tc 0.94803 hrr 0.58182)  lr 1.00e-03  *
    epoch    7  train 0.94050 (tc 0.79339 hrr 0.49030)  valid 1.09335 (tc 0.92003 hrr 0.57771)  lr 1.00e-03  *
    epoch    8  train 0.91455 (tc 0.77020 hrr 0.48112)  valid 1.07396 (tc 0.90507 hrr 0.56298)  lr 1.00e-03  *
    epoch    9  train 0.89784 (tc 0.75761 hrr 0.46737)  valid 1.05686 (tc 0.89012 hrr 0.55580)  lr 1.00e-03  *
    epoch   10  train 0.88018 (tc 0.74278 hrr 0.45794)  valid 1.04968 (tc 0.88249 hrr 0.55733)  lr 1.00e-03  *
    epoch   11  train 0.87287 (tc 0.73643 hrr 0.45477)  valid 1.04790 (tc 0.88396 hrr 0.54647)  lr 1.00e-03  *
    epoch   12  train 0.86498 (tc 0.72884 hrr 0.45378)  valid 1.03364 (tc 0.87007 hrr 0.54524)  lr 1.00e-03  *
    epoch   13  train 0.85170 (tc 0.71799 hrr 0.44565)  valid 1.02264 (tc 0.86206 hrr 0.53525)  lr 1.00e-03  *
    epoch   14  train 0.84114 (tc 0.70932 hrr 0.43936)  valid 1.00608 (tc 0.84697 hrr 0.53037)  lr 1.00e-03  *
    epoch   16  train 0.82419 (tc 0.69486 hrr 0.43102)  valid 1.00474 (tc 0.84573 hrr 0.53005)  lr 1.00e-03  *
    epoch   18  train 0.81291 (tc 0.68622 hrr 0.42226)  valid 0.99861 (tc 0.84124 hrr 0.52458)  lr 1.00e-03  *
    epoch   19  train 0.80359 (tc 0.67805 hrr 0.41840)  valid 0.98714 (tc 0.83378 hrr 0.51121)  lr 1.00e-03  *
    epoch   20  train 0.79748 (tc 0.67290 hrr 0.41521)  valid 0.98513 (tc 0.83425 hrr 0.50291)  lr 1.00e-03  *
    epoch   21  train 0.78685 (tc 0.66459 hrr 0.40750)  valid 0.96568 (tc 0.81723 hrr 0.49484)  lr 1.00e-03  *
    epoch   22  train 0.77743 (tc 0.65605 hrr 0.40456)  valid 0.95848 (tc 0.80990 hrr 0.49525)  lr 1.00e-03  *
    epoch   23  train 0.77116 (tc 0.65069 hrr 0.40154)  valid 0.95359 (tc 0.80765 hrr 0.48647)  lr 1.00e-03  *
    epoch   25  train 0.76034 (tc 0.64093 hrr 0.39799)  valid 0.94209 (tc 0.79741 hrr 0.48226)  lr 1.00e-03  *
    epoch   26  train 0.75496 (tc 0.63642 hrr 0.39506)  valid 0.93482 (tc 0.79140 hrr 0.47805)  lr 1.00e-03  *
    epoch   29  train 0.74079 (tc 0.62525 hrr 0.38509)  valid 0.91953 (tc 0.77777 hrr 0.47253)  lr 1.00e-03  *
    epoch   30  train 0.72841 (tc 0.61467 hrr 0.37907)  valid 0.90792 (tc 0.76855 hrr 0.46457)  lr 1.00e-03  *
    epoch   31  train 0.71833 (tc 0.60584 hrr 0.37492)  valid 0.90452 (tc 0.76683 hrr 0.45896)  lr 1.00e-03  *
    epoch   33  train 0.70818 (tc 0.59689 hrr 0.37091)  valid 0.88746 (tc 0.75014 hrr 0.45773)  lr 1.00e-03  *
    epoch   34  train 0.70149 (tc 0.59038 hrr 0.37034)  valid 0.88443 (tc 0.74852 hrr 0.45305)  lr 1.00e-03  *
    epoch   36  train 0.69205 (tc 0.58228 hrr 0.36587)  valid 0.87475 (tc 0.74055 hrr 0.44735)  lr 1.00e-03  *
    epoch   37  train 0.68764 (tc 0.57863 hrr 0.36332)  valid 0.86612 (tc 0.73154 hrr 0.44859)  lr 1.00e-03  *
    epoch   38  train 0.68034 (tc 0.57173 hrr 0.36197)  valid 0.85994 (tc 0.72730 hrr 0.44215)  lr 1.00e-03  *
    epoch   40  train 0.67067 (tc 0.56263 hrr 0.36009)  valid 0.85924 (tc 0.72520 hrr 0.44679)  lr 1.00e-03  *
    epoch   41  train 0.66280 (tc 0.55601 hrr 0.35591)  valid 0.84053 (tc 0.70989 hrr 0.43547)  lr 1.00e-03  *
    epoch   42  train 0.65414 (tc 0.54860 hrr 0.35175)  valid 0.83364 (tc 0.70470 hrr 0.42981)  lr 1.00e-03  *
    epoch   43  train 0.64743 (tc 0.54271 hrr 0.34901)  valid 0.83201 (tc 0.70122 hrr 0.43597)  lr 1.00e-03  *
    epoch   44  train 0.64258 (tc 0.53814 hrr 0.34808)  valid 0.82188 (tc 0.69297 hrr 0.42968)  lr 1.00e-03  *
    epoch   45  train 0.63750 (tc 0.53299 hrr 0.34830)  valid 0.81020 (tc 0.68177 hrr 0.42811)  lr 1.00e-03  *
    epoch   46  train 0.63201 (tc 0.52803 hrr 0.34655)  valid 0.80307 (tc 0.67586 hrr 0.42403)  lr 1.00e-03  *
    epoch   47  train 0.62438 (tc 0.52085 hrr 0.34505)  valid 0.79774 (tc 0.67047 hrr 0.42425)  lr 1.00e-03  *
    epoch   49  train 0.60752 (tc 0.50552 hrr 0.33997)  valid 0.78244 (tc 0.65668 hrr 0.41921)  lr 1.00e-03  *
    epoch   50  train 0.60024 (tc 0.49864 hrr 0.33860)  valid 0.77110 (tc 0.64787 hrr 0.41077)  lr 1.00e-03  *
    epoch   51  train 0.59283 (tc 0.49166 hrr 0.33717)  valid 0.76338 (tc 0.63937 hrr 0.41335)  lr 1.00e-03  *
    epoch   52  train 0.58480 (tc 0.48397 hrr 0.33605)  valid 0.75568 (tc 0.63113 hrr 0.41516)  lr 1.00e-03  *
    epoch   53  train 0.57788 (tc 0.47751 hrr 0.33449)  valid 0.74676 (tc 0.62295 hrr 0.41269)  lr 1.00e-03  *
    epoch   55  train 0.56979 (tc 0.46907 hrr 0.33567)  valid 0.73823 (tc 0.61383 hrr 0.41466)  lr 1.00e-03  *
    epoch   56  train 0.56393 (tc 0.46370 hrr 0.33406)  valid 0.73657 (tc 0.61227 hrr 0.41435)  lr 1.00e-03  *
    epoch   58  train 0.56303 (tc 0.46124 hrr 0.33923)  valid 0.72430 (tc 0.60153 hrr 0.40922)  lr 1.00e-03  *
    epoch   59  train 0.54789 (tc 0.44708 hrr 0.33597)  valid 0.71637 (tc 0.59373 hrr 0.40878)  lr 1.00e-03  *
    epoch   60  train 0.53873 (tc 0.43904 hrr 0.33227)  valid 0.71310 (tc 0.58917 hrr 0.41313)  lr 1.00e-03  *
    epoch   61  train 0.53360 (tc 0.43414 hrr 0.33148)  valid 0.69915 (tc 0.57791 hrr 0.40414)  lr 1.00e-03  *
    epoch   62  train 0.52606 (tc 0.42703 hrr 0.33006)  valid 0.69557 (tc 0.57285 hrr 0.40906)  lr 1.00e-03  *
    epoch   63  train 0.52128 (tc 0.42213 hrr 0.33045)  valid 0.68636 (tc 0.56428 hrr 0.40693)  lr 1.00e-03  *
    epoch   64  train 0.51317 (tc 0.41543 hrr 0.32576)  valid 0.67757 (tc 0.55803 hrr 0.39846)  lr 1.00e-03  *
    epoch   65  train 0.50860 (tc 0.41145 hrr 0.32378)  valid 0.67744 (tc 0.55691 hrr 0.40174)  lr 1.00e-03  *
    epoch   66  train 0.50607 (tc 0.40893 hrr 0.32376)  valid 0.67015 (tc 0.55114 hrr 0.39669)  lr 1.00e-03  *
    epoch   68  train 0.49760 (tc 0.40109 hrr 0.32163)  valid 0.66425 (tc 0.54383 hrr 0.40139)  lr 1.00e-03  *
    epoch   69  train 0.49331 (tc 0.39698 hrr 0.32105)  valid 0.65975 (tc 0.53970 hrr 0.40016)  lr 1.00e-03  *
    epoch   70  train 0.48968 (tc 0.39375 hrr 0.31970)  valid 0.65326 (tc 0.53449 hrr 0.39591)  lr 1.00e-03  *
    epoch   72  train 0.48360 (tc 0.38819 hrr 0.31798)  valid 0.64965 (tc 0.53258 hrr 0.39024)  lr 1.00e-03  *
    epoch   73  train 0.47966 (tc 0.38479 hrr 0.31619)  valid 0.64359 (tc 0.52634 hrr 0.39083)  lr 1.00e-03  *
    epoch   80  train 0.49067 (tc 0.39289 hrr 0.32586)  valid 0.65039 (tc 0.53013 hrr 0.40087)  lr 1.00e-03
    epoch   82  train 0.47550 (tc 0.37976 hrr 0.31908)  valid 0.64106 (tc 0.52443 hrr 0.38877)  lr 1.00e-03  *
    epoch   83  train 0.46894 (tc 0.37461 hrr 0.31437)  valid 0.63139 (tc 0.51586 hrr 0.38511)  lr 1.00e-03  *
    epoch   84  train 0.46695 (tc 0.37329 hrr 0.31215)  valid 0.62965 (tc 0.51540 hrr 0.38084)  lr 1.00e-03  *
    epoch   86  train 0.46368 (tc 0.36993 hrr 0.31243)  valid 0.62369 (tc 0.50822 hrr 0.38490)  lr 1.00e-03  *
    epoch   90  train 0.45509 (tc 0.36230 hrr 0.30924)  valid 0.62298 (tc 0.50753 hrr 0.38484)  lr 1.00e-03  *
    epoch   91  train 0.45749 (tc 0.36465 hrr 0.30941)  valid 0.61961 (tc 0.50352 hrr 0.38697)  lr 1.00e-03  *
    epoch   93  train 0.45211 (tc 0.35971 hrr 0.30796)  valid 0.61407 (tc 0.49815 hrr 0.38639)  lr 1.00e-03  *
    epoch   94  train 0.44809 (tc 0.35648 hrr 0.30533)  valid 0.60961 (tc 0.49494 hrr 0.38223)  lr 1.00e-03  *
    epoch   97  train 0.45239 (tc 0.35921 hrr 0.31058)  valid 0.60838 (tc 0.49181 hrr 0.38857)  lr 1.00e-03  *
    epoch   98  train 0.44357 (tc 0.35235 hrr 0.30402)  valid 0.60832 (tc 0.49323 hrr 0.38364)  lr 1.00e-03  *
    epoch   99  train 0.44007 (tc 0.34949 hrr 0.30187)  valid 0.60245 (tc 0.48974 hrr 0.37571)  lr 1.00e-03  *
    epoch  100  train 0.43759 (tc 0.34759 hrr 0.29997)  valid 0.60000 (tc 0.48706 hrr 0.37646)  lr 1.00e-03  *
    epoch  101  train 0.43588 (tc 0.34634 hrr 0.29840)  valid 0.59524 (tc 0.48200 hrr 0.37748)  lr 1.00e-03  *
    epoch  104  train 0.43127 (tc 0.34220 hrr 0.29684)  valid 0.59171 (tc 0.48074 hrr 0.36987)  lr 1.00e-03  *
    epoch  105  train 0.42879 (tc 0.34010 hrr 0.29556)  valid 0.58659 (tc 0.47505 hrr 0.37181)  lr 1.00e-03  *
    epoch  106  train 0.42637 (tc 0.33824 hrr 0.29372)  valid 0.58302 (tc 0.47359 hrr 0.36476)  lr 1.00e-03  *
    epoch  110  train 0.42476 (tc 0.33702 hrr 0.29241)  valid 0.58740 (tc 0.47698 hrr 0.36807)  lr 1.00e-03
    epoch  112  train 0.42324 (tc 0.33534 hrr 0.29293)  valid 0.58147 (tc 0.47166 hrr 0.36605)  lr 1.00e-03  *
    epoch  115  train 0.42513 (tc 0.33744 hrr 0.29225)  valid 0.58146 (tc 0.47355 hrr 0.35971)  lr 1.00e-03  *
    epoch  118  train 0.41721 (tc 0.33102 hrr 0.28725)  valid 0.57314 (tc 0.46396 hrr 0.36392)  lr 1.00e-03  *
    epoch  120  train 0.41889 (tc 0.33254 hrr 0.28778)  valid 0.58686 (tc 0.47601 hrr 0.36951)  lr 1.00e-03
    epoch  123  train 0.41484 (tc 0.32877 hrr 0.28685)  valid 0.57180 (tc 0.46294 hrr 0.36286)  lr 1.00e-03  *
    epoch  130  train 0.41841 (tc 0.33151 hrr 0.28960)  valid 0.60621 (tc 0.48908 hrr 0.39043)  lr 1.00e-03
    epoch  131  train 0.41463 (tc 0.32832 hrr 0.28763)  valid 0.56979 (tc 0.46203 hrr 0.35919)  lr 1.00e-03  *
    epoch  133  train 0.40572 (tc 0.32106 hrr 0.28214)  valid 0.56338 (tc 0.45774 hrr 0.35212)  lr 1.00e-03  *
    epoch  135  train 0.40299 (tc 0.31906 hrr 0.27972)  valid 0.55559 (tc 0.45120 hrr 0.34797)  lr 1.00e-03  *
    epoch  140  train 0.40112 (tc 0.31783 hrr 0.27757)  valid 0.56969 (tc 0.46240 hrr 0.35764)  lr 1.00e-03
    epoch  150  train 0.39578 (tc 0.31362 hrr 0.27381)  valid 0.56452 (tc 0.45600 hrr 0.36171)  lr 1.00e-03
    epoch  151  train 0.39278 (tc 0.31086 hrr 0.27298)  valid 0.55093 (tc 0.44632 hrr 0.34871)  lr 1.00e-03  *
    epoch  157  train 0.38951 (tc 0.30840 hrr 0.27031)  valid 0.55020 (tc 0.44268 hrr 0.35842)  lr 1.00e-03  *
    epoch  158  train 0.38764 (tc 0.30687 hrr 0.26919)  valid 0.54617 (tc 0.44068 hrr 0.35163)  lr 1.00e-03  *
    epoch  160  train 0.38862 (tc 0.30822 hrr 0.26793)  valid 0.55197 (tc 0.44912 hrr 0.34283)  lr 1.00e-03
    epoch  167  train 0.38533 (tc 0.30499 hrr 0.26775)  valid 0.54259 (tc 0.43775 hrr 0.34946)  lr 1.00e-03  *
    epoch  168  train 0.38197 (tc 0.30236 hrr 0.26531)  valid 0.54037 (tc 0.43814 hrr 0.34076)  lr 1.00e-03  *
    epoch  169  train 0.37981 (tc 0.30099 hrr 0.26266)  valid 0.53981 (tc 0.43733 hrr 0.34161)  lr 1.00e-03  *
    epoch  170  train 0.37856 (tc 0.29986 hrr 0.26226)  valid 0.53981 (tc 0.43639 hrr 0.34471)  lr 1.00e-03
    epoch  171  train 0.37724 (tc 0.29894 hrr 0.26097)  valid 0.53971 (tc 0.43562 hrr 0.34697)  lr 1.00e-03  *
    epoch  180  train 0.40078 (tc 0.31796 hrr 0.27601)  valid 0.58074 (tc 0.46903 hrr 0.37235)  lr 1.00e-03
    epoch  185  train 0.38234 (tc 0.30286 hrr 0.26487)  valid 0.53581 (tc 0.43515 hrr 0.33554)  lr 1.00e-03  *
    epoch  186  train 0.37647 (tc 0.29846 hrr 0.25999)  valid 0.53082 (tc 0.43190 hrr 0.32971)  lr 1.00e-03  *
    epoch  187  train 0.37349 (tc 0.29623 hrr 0.25749)  valid 0.52924 (tc 0.42972 hrr 0.33174)  lr 1.00e-03  *
    epoch  188  train 0.37086 (tc 0.29408 hrr 0.25585)  valid 0.52750 (tc 0.42920 hrr 0.32767)  lr 1.00e-03  *
    epoch  190  train 0.37126 (tc 0.29495 hrr 0.25432)  valid 0.52769 (tc 0.42889 hrr 0.32932)  lr 1.00e-03
    epoch  191  train 0.36912 (tc 0.29318 hrr 0.25307)  valid 0.52432 (tc 0.42594 hrr 0.32794)  lr 1.00e-03  *
    epoch  195  train 0.36569 (tc 0.29035 hrr 0.25109)  valid 0.51964 (tc 0.42308 hrr 0.32188)  lr 1.00e-03  *
    epoch  198  train 0.36765 (tc 0.29214 hrr 0.25164)  valid 0.51779 (tc 0.42130 hrr 0.32166)  lr 1.00e-03  *
    epoch  200  train 0.36378 (tc 0.28891 hrr 0.24951)  valid 0.53009 (tc 0.43137 hrr 0.32909)  lr 1.00e-03
    epoch  202  train 0.36374 (tc 0.28922 hrr 0.24834)  valid 0.51764 (tc 0.42027 hrr 0.32455)  lr 1.00e-03  *
    epoch  204  train 0.36233 (tc 0.28762 hrr 0.24897)  valid 0.51662 (tc 0.41894 hrr 0.32561)  lr 1.00e-03  *
    epoch  210  train 0.36257 (tc 0.28801 hrr 0.24846)  valid 0.51311 (tc 0.41766 hrr 0.31814)  lr 1.00e-03  *
    epoch  214  train 0.36253 (tc 0.28836 hrr 0.24718)  valid 0.51203 (tc 0.41697 hrr 0.31685)  lr 1.00e-03  *
    epoch  220  train 0.37833 (tc 0.29996 hrr 0.26119)  valid 0.52834 (tc 0.42819 hrr 0.33381)  lr 1.00e-03
    epoch  226  train 0.36119 (tc 0.28669 hrr 0.24825)  valid 0.50566 (tc 0.41222 hrr 0.31145)  lr 1.00e-03  *
    epoch  230  train 0.35904 (tc 0.28556 hrr 0.24486)  valid 0.51212 (tc 0.41808 hrr 0.31347)  lr 1.00e-03
    epoch  239  train 0.35818 (tc 0.28425 hrr 0.24635)  valid 0.50485 (tc 0.40796 hrr 0.32298)  lr 1.00e-03  *
    epoch  240  train 0.36026 (tc 0.28573 hrr 0.24836)  valid 0.54065 (tc 0.42942 hrr 0.37078)  lr 1.00e-03
    epoch  246  train 0.35384 (tc 0.28129 hrr 0.24179)  valid 0.49872 (tc 0.40690 hrr 0.30609)  lr 1.00e-03  *
    epoch  247  train 0.35285 (tc 0.28036 hrr 0.24155)  valid 0.49576 (tc 0.40432 hrr 0.30480)  lr 1.00e-03  *
    epoch  250  train 0.34761 (tc 0.27625 hrr 0.23779)  valid 0.49868 (tc 0.40696 hrr 0.30571)  lr 1.00e-03
    epoch  251  train 0.34617 (tc 0.27484 hrr 0.23770)  valid 0.49389 (tc 0.40186 hrr 0.30677)  lr 1.00e-03  *
    epoch  260  train 0.34451 (tc 0.27345 hrr 0.23682)  valid 0.49736 (tc 0.40524 hrr 0.30705)  lr 1.00e-03
    epoch  263  train 0.35017 (tc 0.27822 hrr 0.23974)  valid 0.49144 (tc 0.39910 hrr 0.30783)  lr 1.00e-03  *
    epoch  264  train 0.34577 (tc 0.27452 hrr 0.23745)  valid 0.49097 (tc 0.39979 hrr 0.30395)  lr 1.00e-03  *
    epoch  266  train 0.34444 (tc 0.27338 hrr 0.23682)  valid 0.48985 (tc 0.39801 hrr 0.30613)  lr 1.00e-03  *
    epoch  270  train 0.35659 (tc 0.28277 hrr 0.24602)  valid 0.50500 (tc 0.41074 hrr 0.31421)  lr 1.00e-03
    epoch  280  train 0.34419 (tc 0.27324 hrr 0.23641)  valid 0.50165 (tc 0.40797 hrr 0.31228)  lr 1.00e-03
    epoch  286  train 0.33553 (tc 0.26598 hrr 0.23175)  valid 0.48625 (tc 0.39324 hrr 0.31004)  lr 5.00e-04  *
    epoch  288  train 0.33352 (tc 0.26433 hrr 0.23056)  valid 0.48498 (tc 0.39328 hrr 0.30566)  lr 5.00e-04  *
    epoch  289  train 0.33272 (tc 0.26364 hrr 0.23021)  valid 0.48447 (tc 0.39254 hrr 0.30645)  lr 5.00e-04  *
    epoch  290  train 0.33353 (tc 0.26429 hrr 0.23072)  valid 0.48785 (tc 0.39415 hrr 0.31232)  lr 5.00e-04
    epoch  296  train 0.33441 (tc 0.26486 hrr 0.23177)  valid 0.48230 (tc 0.39170 hrr 0.30199)  lr 5.00e-04  *
    epoch  297  train 0.33276 (tc 0.26363 hrr 0.23036)  valid 0.48111 (tc 0.39076 hrr 0.30118)  lr 5.00e-04  *
    epoch  298  train 0.33222 (tc 0.26334 hrr 0.22953)  valid 0.47822 (tc 0.38829 hrr 0.29977)  lr 5.00e-04  *
    epoch  300  train 0.33349 (tc 0.26431 hrr 0.23052)  valid 0.48381 (tc 0.39327 hrr 0.30180)  lr 5.00e-04
    epoch  310  train 0.33508 (tc 0.26596 hrr 0.23034)  valid 0.49400 (tc 0.40225 hrr 0.30585)  lr 5.00e-04
    epoch  320  train 0.33595 (tc 0.26693 hrr 0.23002)  valid 0.49971 (tc 0.40554 hrr 0.31388)  lr 2.50e-04
    epoch  330  train 0.33230 (tc 0.26364 hrr 0.22881)  valid 0.49673 (tc 0.40615 hrr 0.30193)  lr 1.25e-04
    epoch  340  train 0.33112 (tc 0.26251 hrr 0.22865)  valid 0.49087 (tc 0.39972 hrr 0.30383)  lr 1.25e-04
    epoch  350  train 0.33115 (tc 0.26237 hrr 0.22920)  valid 0.49212 (tc 0.39989 hrr 0.30744)  lr 6.25e-05
    early stop at epoch 358 (best 0.47822 @ 298)
    saved models_part1_kanbal_s45_r3\part1_member1.pt  (2.8 min)

  === member 3/3 (seed 47) ===
    [sentinel] weights moved after epoch 0: |dW| = 3.3073e+00
    epoch    0  train 1.87637 (tc 1.44252 hrr 1.44609)  valid 1.59635 (tc 1.35830 hrr 0.79351)  lr 1.00e-03  *
    epoch    1  train 1.35489 (tc 1.15881 hrr 0.65354)  valid 1.46808 (tc 1.27102 hrr 0.65689)  lr 1.00e-03  *
    epoch    2  train 1.26155 (tc 1.09408 hrr 0.55819)  valid 1.39187 (tc 1.20759 hrr 0.61427)  lr 1.00e-03  *
    epoch    3  train 1.17892 (tc 1.02143 hrr 0.52493)  valid 1.33058 (tc 1.14610 hrr 0.61493)  lr 1.00e-03  *
    epoch    4  train 1.11113 (tc 0.95734 hrr 0.51259)  valid 1.25321 (tc 1.07129 hrr 0.60642)  lr 1.00e-03  *
    epoch    5  train 1.05787 (tc 0.90631 hrr 0.50513)  valid 1.20144 (tc 1.02395 hrr 0.59163)  lr 1.00e-03  *
    epoch    6  train 1.00557 (tc 0.85704 hrr 0.49507)  valid 1.16039 (tc 0.98621 hrr 0.58062)  lr 1.00e-03  *
    epoch    7  train 0.96773 (tc 0.82249 hrr 0.48408)  valid 1.12530 (tc 0.95398 hrr 0.57108)  lr 1.00e-03  *
    epoch    8  train 0.93021 (tc 0.78597 hrr 0.48074)  valid 1.09153 (tc 0.92285 hrr 0.56227)  lr 1.00e-03  *
    epoch    9  train 0.89926 (tc 0.75749 hrr 0.47250)  valid 1.08086 (tc 0.91221 hrr 0.56216)  lr 1.00e-03  *
    epoch   10  train 0.88602 (tc 0.74471 hrr 0.47100)  valid 1.05538 (tc 0.88748 hrr 0.55967)  lr 1.00e-03  *
    epoch   11  train 0.86252 (tc 0.72341 hrr 0.46366)  valid 1.03969 (tc 0.87390 hrr 0.55264)  lr 1.00e-03  *
    epoch   12  train 0.84372 (tc 0.70673 hrr 0.45659)  valid 1.03562 (tc 0.87003 hrr 0.55195)  lr 1.00e-03  *
    epoch   13  train 0.83696 (tc 0.70015 hrr 0.45596)  valid 1.02488 (tc 0.85969 hrr 0.55063)  lr 1.00e-03  *
    epoch   15  train 0.81953 (tc 0.68589 hrr 0.44540)  valid 1.01817 (tc 0.85786 hrr 0.53434)  lr 1.00e-03  *
    epoch   16  train 0.80806 (tc 0.67635 hrr 0.43901)  valid 1.00878 (tc 0.84915 hrr 0.53208)  lr 1.00e-03  *
    epoch   18  train 0.79624 (tc 0.66567 hrr 0.43517)  valid 0.99783 (tc 0.83780 hrr 0.53344)  lr 1.00e-03  *
    epoch   19  train 0.78862 (tc 0.65813 hrr 0.43493)  valid 0.98282 (tc 0.82517 hrr 0.52550)  lr 1.00e-03  *
    epoch   20  train 0.78020 (tc 0.65160 hrr 0.42860)  valid 0.97721 (tc 0.82071 hrr 0.52164)  lr 1.00e-03  *
    epoch   22  train 0.77054 (tc 0.64376 hrr 0.42254)  valid 0.97362 (tc 0.81776 hrr 0.51951)  lr 1.00e-03  *
    epoch   23  train 0.75916 (tc 0.63471 hrr 0.41479)  valid 0.96692 (tc 0.81457 hrr 0.50783)  lr 1.00e-03  *
    epoch   24  train 0.75516 (tc 0.63267 hrr 0.40824)  valid 0.96497 (tc 0.81275 hrr 0.50741)  lr 1.00e-03  *
    epoch   25  train 0.75230 (tc 0.63040 hrr 0.40630)  valid 0.95043 (tc 0.79952 hrr 0.50302)  lr 1.00e-03  *
    epoch   27  train 0.74001 (tc 0.61906 hrr 0.40313)  valid 0.94656 (tc 0.79558 hrr 0.50326)  lr 1.00e-03  *
    epoch   29  train 0.72670 (tc 0.60842 hrr 0.39423)  valid 0.94093 (tc 0.79537 hrr 0.48519)  lr 1.00e-03  *
    epoch   30  train 0.72738 (tc 0.61013 hrr 0.39078)  valid 0.93085 (tc 0.78474 hrr 0.48702)  lr 1.00e-03  *
    epoch   31  train 0.71907 (tc 0.60256 hrr 0.38834)  valid 0.92951 (tc 0.78549 hrr 0.48005)  lr 1.00e-03  *
    epoch   34  train 0.70948 (tc 0.59563 hrr 0.37947)  valid 0.92223 (tc 0.78094 hrr 0.47099)  lr 1.00e-03  *
    epoch   35  train 0.70133 (tc 0.58923 hrr 0.37363)  valid 0.90748 (tc 0.76829 hrr 0.46394)  lr 1.00e-03  *
    epoch   40  train 0.68549 (tc 0.57665 hrr 0.36274)  valid 0.90126 (tc 0.76565 hrr 0.45203)  lr 1.00e-03  *
    epoch   43  train 0.67423 (tc 0.56801 hrr 0.35402)  valid 0.89527 (tc 0.76076 hrr 0.44836)  lr 1.00e-03  *
    epoch   45  train 0.67933 (tc 0.57377 hrr 0.35183)  valid 0.89124 (tc 0.75743 hrr 0.44601)  lr 1.00e-03  *
    epoch   46  train 0.67591 (tc 0.57054 hrr 0.35120)  valid 0.87972 (tc 0.74832 hrr 0.43800)  lr 1.00e-03  *
    epoch   50  train 0.66378 (tc 0.55961 hrr 0.34721)  valid 0.88434 (tc 0.75195 hrr 0.44129)  lr 1.00e-03
    epoch   52  train 0.65912 (tc 0.55680 hrr 0.34102)  valid 0.87798 (tc 0.74719 hrr 0.43599)  lr 1.00e-03  *
    epoch   58  train 0.65383 (tc 0.55335 hrr 0.33488)  valid 0.87201 (tc 0.74192 hrr 0.43363)  lr 1.00e-03  *
    epoch   59  train 0.64497 (tc 0.54585 hrr 0.33035)  valid 0.86874 (tc 0.73949 hrr 0.43082)  lr 1.00e-03  *
    epoch   60  train 0.64139 (tc 0.54324 hrr 0.32713)  valid 0.86083 (tc 0.73371 hrr 0.42372)  lr 1.00e-03  *
    epoch   61  train 0.63702 (tc 0.53948 hrr 0.32506)  valid 0.85775 (tc 0.73157 hrr 0.42061)  lr 1.00e-03  *
    epoch   63  train 0.63102 (tc 0.53425 hrr 0.32249)  valid 0.85025 (tc 0.72535 hrr 0.41634)  lr 1.00e-03  *
    epoch   64  train 0.63084 (tc 0.53403 hrr 0.32267)  valid 0.84642 (tc 0.72180 hrr 0.41537)  lr 1.00e-03  *
    epoch   67  train 0.62408 (tc 0.52870 hrr 0.31788)  valid 0.84372 (tc 0.72149 hrr 0.40746)  lr 1.00e-03  *
    epoch   70  train 0.62053 (tc 0.52626 hrr 0.31416)  valid 0.84237 (tc 0.71940 hrr 0.40991)  lr 1.00e-03  *
    epoch   72  train 0.62232 (tc 0.52824 hrr 0.31355)  valid 0.83490 (tc 0.71189 hrr 0.41005)  lr 1.00e-03  *
    epoch   76  train 0.63163 (tc 0.53625 hrr 0.31787)  valid 0.83449 (tc 0.71286 hrr 0.40544)  lr 1.00e-03  *
    epoch   79  train 0.61208 (tc 0.51967 hrr 0.30795)  valid 0.82626 (tc 0.70425 hrr 0.40670)  lr 1.00e-03  *
    epoch   80  train 0.60864 (tc 0.51676 hrr 0.30621)  valid 0.82121 (tc 0.70214 hrr 0.39688)  lr 1.00e-03  *
    epoch   83  train 0.60412 (tc 0.51304 hrr 0.30355)  valid 0.82081 (tc 0.70145 hrr 0.39786)  lr 1.00e-03  *
    epoch   85  train 0.59872 (tc 0.50860 hrr 0.30035)  valid 0.80402 (tc 0.68768 hrr 0.38781)  lr 1.00e-03  *
    epoch   90  train 0.60248 (tc 0.51189 hrr 0.30191)  valid 0.82610 (tc 0.70647 hrr 0.39878)  lr 1.00e-03
    epoch  100  train 0.59381 (tc 0.50519 hrr 0.29534)  valid 0.80435 (tc 0.68659 hrr 0.39254)  lr 1.00e-03
    epoch  101  train 0.58740 (tc 0.49962 hrr 0.29251)  valid 0.79836 (tc 0.68313 hrr 0.38409)  lr 1.00e-03  *
    epoch  102  train 0.58292 (tc 0.49605 hrr 0.28949)  valid 0.79662 (tc 0.68336 hrr 0.37751)  lr 1.00e-03  *
    epoch  103  train 0.58163 (tc 0.49533 hrr 0.28761)  valid 0.77990 (tc 0.66800 hrr 0.37298)  lr 1.00e-03  *
    epoch  110  train 0.57269 (tc 0.48814 hrr 0.28178)  valid 0.79017 (tc 0.67819 hrr 0.37327)  lr 1.00e-03
    epoch  119  train 0.56453 (tc 0.48187 hrr 0.27547)  valid 0.77863 (tc 0.66723 hrr 0.37133)  lr 1.00e-03  *
    epoch  120  train 0.56352 (tc 0.48102 hrr 0.27493)  valid 0.77172 (tc 0.66179 hrr 0.36643)  lr 1.00e-03  *
    epoch  130  train 0.55136 (tc 0.47115 hrr 0.26731)  valid 0.77859 (tc 0.66812 hrr 0.36824)  lr 1.00e-03
    epoch  138  train 0.54348 (tc 0.46479 hrr 0.26224)  valid 0.76952 (tc 0.66081 hrr 0.36238)  lr 5.00e-04  *
    epoch  140  train 0.54164 (tc 0.46327 hrr 0.26121)  valid 0.77146 (tc 0.66276 hrr 0.36233)  lr 5.00e-04
    epoch  142  train 0.54096 (tc 0.46272 hrr 0.26074)  valid 0.76504 (tc 0.65690 hrr 0.36045)  lr 5.00e-04  *
    epoch  150  train 0.53544 (tc 0.45781 hrr 0.25871)  valid 0.76032 (tc 0.65321 hrr 0.35704)  lr 5.00e-04  *
    epoch  156  train 0.53145 (tc 0.45431 hrr 0.25707)  valid 0.75801 (tc 0.65023 hrr 0.35926)  lr 5.00e-04  *
    epoch  158  train 0.52944 (tc 0.45248 hrr 0.25648)  valid 0.75613 (tc 0.64833 hrr 0.35934)  lr 5.00e-04  *
    epoch  159  train 0.52835 (tc 0.45135 hrr 0.25662)  valid 0.74249 (tc 0.63630 hrr 0.35396)  lr 5.00e-04  *
    epoch  160  train 0.52682 (tc 0.44929 hrr 0.25837)  valid 0.72904 (tc 0.62327 hrr 0.35257)  lr 5.00e-04  *
    epoch  161  train 0.50712 (tc 0.42902 hrr 0.26028)  valid 0.69320 (tc 0.58447 hrr 0.36244)  lr 5.00e-04  *
    epoch  162  train 0.48191 (tc 0.40391 hrr 0.25994)  valid 0.67263 (tc 0.56555 hrr 0.35694)  lr 5.00e-04  *
    epoch  163  train 0.46577 (tc 0.38814 hrr 0.25870)  valid 0.66419 (tc 0.55710 hrr 0.35696)  lr 5.00e-04  *
    epoch  164  train 0.45378 (tc 0.37640 hrr 0.25787)  valid 0.64502 (tc 0.53890 hrr 0.35373)  lr 5.00e-04  *
    epoch  166  train 0.43844 (tc 0.36153 hrr 0.25633)  valid 0.63969 (tc 0.53291 hrr 0.35595)  lr 5.00e-04  *
    epoch  167  train 0.43147 (tc 0.35483 hrr 0.25539)  valid 0.63633 (tc 0.52980 hrr 0.35509)  lr 5.00e-04  *
    epoch  168  train 0.42629 (tc 0.34984 hrr 0.25477)  valid 0.63211 (tc 0.52495 hrr 0.35718)  lr 5.00e-04  *
    epoch  169  train 0.42113 (tc 0.34477 hrr 0.25450)  valid 0.62651 (tc 0.51868 hrr 0.35942)  lr 5.00e-04  *
    epoch  170  train 0.41720 (tc 0.34095 hrr 0.25409)  valid 0.61995 (tc 0.51287 hrr 0.35693)  lr 5.00e-04  *
    epoch  171  train 0.41316 (tc 0.33702 hrr 0.25376)  valid 0.61696 (tc 0.51028 hrr 0.35560)  lr 5.00e-04  *
    epoch  172  train 0.40924 (tc 0.33310 hrr 0.25375)  valid 0.61642 (tc 0.50872 hrr 0.35900)  lr 5.00e-04  *
    epoch  173  train 0.40575 (tc 0.32974 hrr 0.25331)  valid 0.61078 (tc 0.50355 hrr 0.35742)  lr 5.00e-04  *
    epoch  174  train 0.40297 (tc 0.32703 hrr 0.25306)  valid 0.60525 (tc 0.49877 hrr 0.35493)  lr 5.00e-04  *
    epoch  175  train 0.40027 (tc 0.32440 hrr 0.25285)  valid 0.59876 (tc 0.49308 hrr 0.35228)  lr 5.00e-04  *
    epoch  177  train 0.39500 (tc 0.31916 hrr 0.25275)  valid 0.59102 (tc 0.48646 hrr 0.34852)  lr 5.00e-04  *
    epoch  179  train 0.38931 (tc 0.31369 hrr 0.25201)  valid 0.59005 (tc 0.48466 hrr 0.35130)  lr 5.00e-04  *
    epoch  180  train 0.38700 (tc 0.31147 hrr 0.25169)  valid 0.59437 (tc 0.48816 hrr 0.35403)  lr 5.00e-04
    epoch  181  train 0.38479 (tc 0.30931 hrr 0.25156)  valid 0.58846 (tc 0.48216 hrr 0.35434)  lr 5.00e-04  *
    epoch  183  train 0.38280 (tc 0.30729 hrr 0.25162)  valid 0.58222 (tc 0.47611 hrr 0.35370)  lr 5.00e-04  *
    epoch  184  train 0.38215 (tc 0.30649 hrr 0.25212)  valid 0.57439 (tc 0.47047 hrr 0.34638)  lr 5.00e-04  *
    epoch  190  train 0.37093 (tc 0.29590 hrr 0.25002)  valid 0.58161 (tc 0.47427 hrr 0.35780)  lr 5.00e-04
    epoch  191  train 0.36971 (tc 0.29472 hrr 0.24992)  valid 0.56829 (tc 0.46274 hrr 0.35185)  lr 5.00e-04  *
    epoch  193  train 0.36678 (tc 0.29196 hrr 0.24935)  valid 0.56805 (tc 0.46270 hrr 0.35116)  lr 5.00e-04  *
    epoch  195  train 0.36428 (tc 0.28964 hrr 0.24874)  valid 0.56172 (tc 0.45664 hrr 0.35028)  lr 5.00e-04  *
    epoch  199  train 0.36008 (tc 0.28554 hrr 0.24841)  valid 0.55921 (tc 0.45538 hrr 0.34611)  lr 5.00e-04  *
    epoch  200  train 0.35940 (tc 0.28492 hrr 0.24820)  valid 0.56590 (tc 0.45965 hrr 0.35418)  lr 5.00e-04
    epoch  203  train 0.35592 (tc 0.28173 hrr 0.24725)  valid 0.55854 (tc 0.45277 hrr 0.35260)  lr 5.00e-04  *
    epoch  205  train 0.35436 (tc 0.28011 hrr 0.24742)  valid 0.54937 (tc 0.44525 hrr 0.34708)  lr 5.00e-04  *
    epoch  210  train 0.34986 (tc 0.27598 hrr 0.24620)  valid 0.55194 (tc 0.44668 hrr 0.35088)  lr 5.00e-04
    epoch  212  train 0.34863 (tc 0.27475 hrr 0.24619)  valid 0.54899 (tc 0.44420 hrr 0.34929)  lr 5.00e-04  *
    epoch  217  train 0.34735 (tc 0.27355 hrr 0.24595)  valid 0.53596 (tc 0.43397 hrr 0.33996)  lr 5.00e-04  *
    epoch  220  train 0.34659 (tc 0.27262 hrr 0.24652)  valid 0.54823 (tc 0.44253 hrr 0.35232)  lr 5.00e-04
    epoch  227  train 0.34003 (tc 0.26677 hrr 0.24414)  valid 0.53356 (tc 0.43047 hrr 0.34365)  lr 5.00e-04  *
    epoch  230  train 0.33828 (tc 0.26528 hrr 0.24328)  valid 0.54897 (tc 0.44263 hrr 0.35448)  lr 5.00e-04
    epoch  237  train 0.33659 (tc 0.26382 hrr 0.24252)  valid 0.53161 (tc 0.42821 hrr 0.34468)  lr 5.00e-04  *
    epoch  240  train 0.33765 (tc 0.26483 hrr 0.24270)  valid 0.53522 (tc 0.43102 hrr 0.34736)  lr 5.00e-04
    epoch  242  train 0.33533 (tc 0.26263 hrr 0.24226)  valid 0.52189 (tc 0.42201 hrr 0.33292)  lr 5.00e-04  *
    epoch  250  train 0.33113 (tc 0.25886 hrr 0.24083)  valid 0.54556 (tc 0.43915 hrr 0.35470)  lr 5.00e-04
    epoch  260  train 0.32966 (tc 0.25753 hrr 0.24038)  valid 0.54427 (tc 0.43816 hrr 0.35371)  lr 2.50e-04
    epoch  270  train 0.32537 (tc 0.25374 hrr 0.23872)  valid 0.53172 (tc 0.42747 hrr 0.34749)  lr 2.50e-04
    epoch  280  train 0.32323 (tc 0.25189 hrr 0.23774)  valid 0.54327 (tc 0.43654 hrr 0.35577)  lr 1.25e-04
    epoch  290  train 0.32206 (tc 0.25089 hrr 0.23716)  valid 0.54329 (tc 0.43673 hrr 0.35519)  lr 6.25e-05
    epoch  300  train 0.32137 (tc 0.25028 hrr 0.23688)  valid 0.54337 (tc 0.43697 hrr 0.35466)  lr 6.25e-05
    early stop at epoch 302 (best 0.52189 @ 242)
    saved models_part1_kanbal_s45_r3\part1_member2.pt  (2.4 min)

  done. 3 member(s) in models_part1_kanbal_s45_r3
  next: python evaluate_part1.py --model-dir models_part1_kanbal_s45_r3
