======================================================================
  BS8414 KAN-Attention-LSTM Surrogate — Training
======================================================================
Device: cuda
  Scanning for simulations...
  [training_data/] 49 folders, 49 with DEVC CSV
  Total: 49 discovered, 49 with output data

  Summary:
    Complete:   49 simulations
    Partial:    0 simulations (padded + masked)
    Total:      49 usable
    No output:  0
    Too short:  0 (< 30 timesteps)
    Bad params: 0
    Input:  (49, 16)
    Output: (49, 181, 24)

Data splits (deterministic, hash-based):
  Train: 32 samples
    - Test_1_PE_PIR HRR1333 M008  [DCLG_Test_1_PE_PIR_HRR1333_M008_0_1]
    - Test_1_PE_PIR HRR1667 M008  [DCLG_Test_1_PE_PIR_HRR1667_M008_0_1]
    - Test_1_PE_PIR HRR1667 M009  [DCLG_Test_1_PE_PIR_HRR1667_M009_0_1]
    - Test_1_PE_PIR HRR1667 M010  [DCLG_Test_1_PE_PIR_HRR1667_M010_0_1]
    - Test_1_PE_PIR HRR2000 M008  [DCLG_Test_1_PE_PIR_HRR2000_M008_0_1]
    - Test_1_PE_PIR HRR2000 M009  [DCLG_Test_1_PE_PIR_HRR2000_M009_0_1]
    - Test_1_PE_PIR HRR2000 M010  [DCLG_Test_1_PE_PIR_HRR2000_M010_0_1]
    - Test_1_PE_PIR HRR2100 M009  [DCLG_Test_1_PE_PIR_HRR2100_M009_0_1]
    - Test_1_PE_PIR HRR2333 M008  [DCLG_Test_1_new_version02_0_08]
    - Test_1_PE_PIR HRR2333 M010  [DCLG_Test_1_new_version02_0_1]
    - Test_3_FRPE_PIR HRR2333 M008  [DCLG_Test_3_FRPE_PIR_0_08]
    - Test_3_FRPE_PIR HRR2333 M009  [DCLG_Test_3_FRPE_PIR_0_09]
    - Test_3_FRPE_PIR HRR2333 M010  [DCLG_Test_3_FRPE_PIR_0_1]
    - Test_3_FRPE_PIR HRR1333 M009  [DCLG_Test_3_FRPE_PIR_HRR1333_M009_0_1]
    - Test_3_FRPE_PIR HRR2000 M010  [DCLG_Test_3_FRPE_PIR_HRR2000_M010_0_1]
    - Test_3_FRPE_PIR HRR2100 M009  [DCLG_Test_3_FRPE_PIR_HRR2100_M009_0_1]
    - Test_5_LCM_PIR HRR2333 M009  [DCLG_Test_5_LCM_PIR_0_09]
    - Test_5_LCM_PIR HRR1333 M009  [DCLG_Test_5_LCM_PIR_HRR1333_M009_0_1]
    - Test_5_LCM_PIR HRR1333 M010  [DCLG_Test_5_LCM_PIR_HRR1333_M010_0_1]
    - Test_5_LCM_PIR HRR1667 M010  [DCLG_Test_5_LCM_PIR_HRR1667_M010_0_1]
    - Test_5_LCM_PIR HRR2100 M009  [DCLG_Test_5_LCM_PIR_HRR2100_M009_0_1]
    - Test_5_LCM_PIR HRR2100 M010  [DCLG_Test_5_LCM_PIR_HRR2100_M010_0_1]
    - Test_7_FRPE_Phenolic HRR2333 M008  [DCLG_Test_7_FRPE_Phenolic_0_08]
    - Test_7_FRPE_Phenolic HRR2333 M009  [DCLG_Test_7_FRPE_Phenolic_0_09]
    - Test_7_FRPE_Phenolic HRR2333 M010  [DCLG_Test_7_FRPE_Phenolic_0_1]
    - Test_7_FRPE_Phenolic HRR1333 M009  [DCLG_Test_7_FRPE_Phenolic_HRR1333_M009_0_1]
    - Test_7_FRPE_Phenolic HRR1333 M010  [DCLG_Test_7_FRPE_Phenolic_HRR1333_M010_0_1]
    - Test_7_FRPE_Phenolic HRR1667 M009  [DCLG_Test_7_FRPE_Phenolic_HRR1667_M009_0_1]
    - Test_7_FRPE_Phenolic HRR1667 M010  [DCLG_Test_7_FRPE_Phenolic_HRR1667_M010_0_1]
    - Test_7_FRPE_Phenolic HRR2000 M009  [DCLG_Test_7_FRPE_Phenolic_HRR2000_M009_0_1]
    - Test_7_FRPE_Phenolic HRR2100 M010  [DCLG_Test_7_FRPE_Phenolic_HRR2100_M010_0_1]
    - Test_7_FRPE_Phenolic HRR2333 M010  [DCLG_Test_7_FRPE_Phenolic_HRR2333_M010_0_1]
  Valid: 9 samples
    - Test_1_PE_PIR HRR1333 M010  [DCLG_Test_1_PE_PIR_HRR1333_M010_0_1]
    - Test_1_PE_PIR HRR2333 M009  [DCLG_Test_1_new_version02_0_09]
    - Test_3_FRPE_PIR HRR1333 M010  [DCLG_Test_3_FRPE_PIR_HRR1333_M010_0_1]
    - Test_3_FRPE_PIR HRR1667 M009  [DCLG_Test_3_FRPE_PIR_HRR1667_M009_0_1]
    - Test_5_LCM_PIR HRR2333 M008  [DCLG_Test_5_LCM_PIR_08]
    - Test_5_LCM_PIR HRR1667 M009  [DCLG_Test_5_LCM_PIR_HRR1667_M009_0_1]
    - Test_5_LCM_PIR HRR2000 M010  [DCLG_Test_5_LCM_PIR_HRR2000_M010_0_1]
    - Test_7_FRPE_Phenolic HRR2000 M010  [DCLG_Test_7_FRPE_Phenolic_HRR2000_M010_0_1]
    - Test_7_FRPE_Phenolic HRR2100 M009  [DCLG_Test_7_FRPE_Phenolic_HRR2100_M009_0_1]
  Test:  8 samples
    - Test_1_PE_PIR HRR1333 M009  [DCLG_Test_1_PE_PIR_HRR1333_M009_0_1]
    - Test_1_PE_PIR HRR2100 M010  [DCLG_Test_1_PE_PIR_HRR2100_M010_0_1]
    - Test_3_FRPE_PIR HRR1667 M010  [DCLG_Test_3_FRPE_PIR_HRR1667_M010_0_1]
    - Test_3_FRPE_PIR HRR2000 M009  [DCLG_Test_3_FRPE_PIR_HRR2000_M009_0_1]
    - Test_3_FRPE_PIR HRR2100 M010  [DCLG_Test_3_FRPE_PIR_HRR2100_M010_0_1]
    - Test_5_LCM_PIR HRR2333 M010  [DCLG_Test_5_LCM_PIR_0_1]
    - Test_5_LCM_PIR HRR2000 M009  [DCLG_Test_5_LCM_PIR_HRR2000_M009_0_1]
    - Test_5_LCM_PIR HRR2333 M010  [DCLG_Test_5_LCM_PIR_HRR2333_M010_0_1]

  Train: 32 real -> 128 augmented

--- Training 5 Ensemble ---
  Params: 834,515
    [M1] Ep 100 T:10.0847 V(ema):14.2668
    [M1] Ep 200 T:5.4578 V(ema):14.3113
    [M1] Ep 300 T:5.7152 V(ema):12.6551
    [M1] Ep 400 T:4.1525 V(ema):8.0809
    [M1] Ep 500 T:3.5378 V(ema):8.7634
    [M1] Ep 600 T:4.0494 V(ema):8.5682
    [M1] Best valid: 8.0763
    [M2] Ep 100 T:10.3863 V(ema):14.3092
    [M2] Ep 200 T:5.0813 V(ema):13.3357
    [M2] Ep 300 T:5.6144 V(ema):12.0937
    [M2] Ep 400 T:3.5930 V(ema):8.8150
    [M2] Ep 500 T:3.4867 V(ema):8.6000
    [M2] Ep 600 T:4.1839 V(ema):8.8742
    [M2] Ep 700 T:4.0405 V(ema):7.9696
    [M2] Ep 800 T:2.9916 V(ema):8.4811
    [M2] Ep 900 T:3.1531 V(ema):9.3176
    [M2] Best valid: 7.7062
    [M3] Ep 100 T:11.4563 V(ema):14.7884
    [M3] Ep 200 T:5.7286 V(ema):13.3504
    [M3] Ep 300 T:8.3680 V(ema):10.2979
    [M3] Ep 400 T:4.3401 V(ema):8.9356
    [M3] Ep 500 T:3.7402 V(ema):10.0058
    [M3] Best valid: 8.8871
    [M4] Ep 100 T:10.7865 V(ema):14.5952
    [M4] Ep 200 T:6.0461 V(ema):12.0353
    [M4] Ep 300 T:6.1033 V(ema):10.2921
    [M4] Ep 400 T:4.5468 V(ema):8.4276
    [M4] Ep 500 T:3.7516 V(ema):9.1372
    [M4] Ep 600 T:4.6677 V(ema):8.7784
    [M4] Best valid: 8.2921
    [M5] Ep 100 T:11.3305 V(ema):14.4317
    [M5] Ep 200 T:5.3314 V(ema):12.6764
    [M5] Ep 300 T:6.8346 V(ema):13.3711
    [M5] Ep 400 T:4.8595 V(ema):8.3257
    [M5] Ep 500 T:3.6711 V(ema):9.1863
    [M5] Ep 600 T:4.3847 V(ema):9.7315
    [M5] Best valid: 8.3244

  Weights: ['0.204', '0.214', '0.185', '0.199', '0.198']
  Time: 2758s

======================================================================
  KAN-Attention-LSTM RESULTS
======================================================================
  Test R2:        0.8916
  Test RMSE:      70.9 C
  MAPE (T>100C):  13.4%
  Avg sensor R2:  0.8260
  Sensors R2>0.9: 7/24
======================================================================
