  device: NVIDIA GeForce RTX 4090

  building dataset ...
  corpus: D:\Bs8414_05052026\Part1\_completed
  184 usable, 2 rejected
    - BS8414_DCLG_Test1_adv_debug: excluded: debug case; Core_MATERIAL HEAT_OF_REACTION=1500 vs 2300 in every other DCLG_Test1_adv deck, so it is a different system under the same name
    - BS8414_DCLG_Test7: excluded: declares insulation system PF like 33 other decks, but its Phenolic_Foam MATL is inert - HEAT_OF_REACTION absent (0 kJ/kg) with REFERENCE_TEMPERATURE=429 degC - where every other PF deck decomposes at HEAT_OF_REACTION=400 with no explicit reference temperature (cp 1.2 vs 1.5, k 0.020 vs 0.022, rho 32 vs 39). Same defect class as the debug case above: a different system under the same name. Found 2026-08-19 by explain_part1.check_group_determinism, which verifies that an insulation id fixes its material block; this was the only violation in 185 cases
  params (184, 16)  tc (184, 181, 16)  hrr (184, 181, 5)
  partial: BS8414_HPL_WC_noair_nogap (180/181 steps, padded+masked)

  split mode: hash
    train  141 sims  40 systems  8/8 geometries
    valid   20 sims  16 systems  8/8 geometries
    test    23 sims  20 systems  8/8 geometries

  target: 16 thermocouples (External_LV1 x8 + External_LV2 x8)
          5 HRR channels (HRR, Q_RADI, Q_CONV, Q_COND, Q_TOTAL)
  model:  KAN-Attention-LSTM (Part1)
  loss:   tc + 0.3 * hrr + 0.002 * reg
  physics constraints: off

  === member 1/3 (seed 42) ===
    [sentinel] weights moved after epoch 0: |dW| = 3.4233e+00
    epoch    0  train 1.87008 (tc 1.44476 hrr 1.41769)  valid 1.55394 (tc 1.24096 hrr 1.04325)  lr 1.00e-03  *
    epoch    1  train 1.31437 (tc 1.08703 hrr 0.75775)  valid 1.38856 (tc 1.16909 hrr 0.73156)  lr 1.00e-03  *
    epoch    2  train 1.19062 (tc 1.01219 hrr 0.59471)  valid 1.34692 (tc 1.14960 hrr 0.65773)  lr 1.00e-03  *
    epoch    3  train 1.12454 (tc 0.95314 hrr 0.57128)  valid 1.24336 (tc 1.04870 hrr 0.64888)  lr 1.00e-03  *
    epoch    4  train 1.07434 (tc 0.90977 hrr 0.54851)  valid 1.23518 (tc 1.05205 hrr 0.61044)  lr 1.00e-03  *
    epoch    5  train 1.05571 (tc 0.89832 hrr 0.52459)  valid 1.21084 (tc 1.02704 hrr 0.61268)  lr 1.00e-03  *
    epoch    6  train 1.02043 (tc 0.86868 hrr 0.50580)  valid 1.18656 (tc 1.00998 hrr 0.58860)  lr 1.00e-03  *
    epoch    7  train 0.99304 (tc 0.84594 hrr 0.49028)  valid 1.16294 (tc 0.99069 hrr 0.57418)  lr 1.00e-03  *
    epoch    8  train 0.96596 (tc 0.82221 hrr 0.47911)  valid 1.13399 (tc 0.96362 hrr 0.56793)  lr 1.00e-03  *
    epoch    9  train 0.93589 (tc 0.79424 hrr 0.47211)  valid 1.11335 (tc 0.94488 hrr 0.56157)  lr 1.00e-03  *
    epoch   10  train 0.90376 (tc 0.76448 hrr 0.46422)  valid 1.08193 (tc 0.91516 hrr 0.55592)  lr 1.00e-03  *
    epoch   11  train 0.86900 (tc 0.73118 hrr 0.45937)  valid 1.05125 (tc 0.88783 hrr 0.54471)  lr 1.00e-03  *
    epoch   12  train 0.83403 (tc 0.69840 hrr 0.45204)  valid 1.01665 (tc 0.85406 hrr 0.54195)  lr 1.00e-03  *
    epoch   13  train 0.81298 (tc 0.67883 hrr 0.44711)  valid 0.97384 (tc 0.81328 hrr 0.53519)  lr 1.00e-03  *
    epoch   14  train 0.78952 (tc 0.65679 hrr 0.44238)  valid 0.96035 (tc 0.80266 hrr 0.52564)  lr 1.00e-03  *
    epoch   15  train 0.78218 (tc 0.64999 hrr 0.44059)  valid 0.94900 (tc 0.78924 hrr 0.53253)  lr 1.00e-03  *
    epoch   16  train 0.76015 (tc 0.62908 hrr 0.43685)  valid 0.93587 (tc 0.77699 hrr 0.52959)  lr 1.00e-03  *
    epoch   18  train 0.74656 (tc 0.61832 hrr 0.42740)  valid 0.92141 (tc 0.76763 hrr 0.51261)  lr 1.00e-03  *
    epoch   19  train 0.73932 (tc 0.61205 hrr 0.42417)  valid 0.90906 (tc 0.75354 hrr 0.51840)  lr 1.00e-03  *
    epoch   20  train 0.72763 (tc 0.60095 hrr 0.42221)  valid 0.90568 (tc 0.75101 hrr 0.51558)  lr 1.00e-03  *
    epoch   22  train 0.71580 (tc 0.59136 hrr 0.41475)  valid 0.90097 (tc 0.75064 hrr 0.50110)  lr 1.00e-03  *
    epoch   23  train 0.70917 (tc 0.58445 hrr 0.41568)  valid 0.89670 (tc 0.74822 hrr 0.49494)  lr 1.00e-03  *
    epoch   26  train 0.69854 (tc 0.57733 hrr 0.40397)  valid 0.88919 (tc 0.73968 hrr 0.49836)  lr 1.00e-03  *
    epoch   27  train 0.69219 (tc 0.57094 hrr 0.40411)  valid 0.88393 (tc 0.73860 hrr 0.48442)  lr 1.00e-03  *
    epoch   28  train 0.68765 (tc 0.56868 hrr 0.39652)  valid 0.87513 (tc 0.72907 hrr 0.48687)  lr 1.00e-03  *
    epoch   29  train 0.68030 (tc 0.56131 hrr 0.39657)  valid 0.86855 (tc 0.72442 hrr 0.48044)  lr 1.00e-03  *
    epoch   30  train 0.67686 (tc 0.55884 hrr 0.39334)  valid 0.87680 (tc 0.73252 hrr 0.48095)  lr 1.00e-03
    epoch   31  train 0.66690 (tc 0.55007 hrr 0.38937)  valid 0.86316 (tc 0.72107 hrr 0.47365)  lr 1.00e-03  *
    epoch   32  train 0.65847 (tc 0.54240 hrr 0.38686)  valid 0.85739 (tc 0.71449 hrr 0.47633)  lr 1.00e-03  *
    epoch   33  train 0.65432 (tc 0.53902 hrr 0.38431)  valid 0.84890 (tc 0.70773 hrr 0.47057)  lr 1.00e-03  *
    epoch   34  train 0.65052 (tc 0.53623 hrr 0.38092)  valid 0.84168 (tc 0.70236 hrr 0.46440)  lr 1.00e-03  *
    epoch   35  train 0.64580 (tc 0.53258 hrr 0.37735)  valid 0.84062 (tc 0.70101 hrr 0.46537)  lr 1.00e-03  *
    epoch   36  train 0.63788 (tc 0.52607 hrr 0.37266)  valid 0.83769 (tc 0.69875 hrr 0.46313)  lr 1.00e-03  *
    epoch   37  train 0.63758 (tc 0.52662 hrr 0.36983)  valid 0.82808 (tc 0.69000 hrr 0.46028)  lr 1.00e-03  *
    epoch   39  train 0.63204 (tc 0.52220 hrr 0.36608)  valid 0.82230 (tc 0.68734 hrr 0.44985)  lr 1.00e-03  *
    epoch   40  train 0.62687 (tc 0.51781 hrr 0.36347)  valid 0.81346 (tc 0.67907 hrr 0.44799)  lr 1.00e-03  *
    epoch   42  train 0.61720 (tc 0.50956 hrr 0.35876)  valid 0.80820 (tc 0.67393 hrr 0.44757)  lr 1.00e-03  *
    epoch   44  train 0.61225 (tc 0.50564 hrr 0.35531)  valid 0.80224 (tc 0.66928 hrr 0.44320)  lr 1.00e-03  *
    epoch   45  train 0.61009 (tc 0.50416 hrr 0.35305)  valid 0.80157 (tc 0.66843 hrr 0.44381)  lr 1.00e-03  *
    epoch   49  train 0.60428 (tc 0.49939 hrr 0.34957)  valid 0.79394 (tc 0.66358 hrr 0.43454)  lr 1.00e-03  *
    epoch   50  train 0.59837 (tc 0.49457 hrr 0.34594)  valid 0.78657 (tc 0.65709 hrr 0.43162)  lr 1.00e-03  *
    epoch   51  train 0.59623 (tc 0.49271 hrr 0.34501)  valid 0.78308 (tc 0.65493 hrr 0.42717)  lr 1.00e-03  *
    epoch   58  train 0.59776 (tc 0.49341 hrr 0.34778)  valid 0.78054 (tc 0.65225 hrr 0.42763)  lr 1.00e-03  *
    epoch   59  train 0.58735 (tc 0.48517 hrr 0.34057)  valid 0.77566 (tc 0.64925 hrr 0.42134)  lr 1.00e-03  *
    epoch   60  train 0.58220 (tc 0.48140 hrr 0.33597)  valid 0.76097 (tc 0.63544 hrr 0.41845)  lr 1.00e-03  *
    epoch   64  train 0.57206 (tc 0.47311 hrr 0.32980)  valid 0.76071 (tc 0.63577 hrr 0.41646)  lr 1.00e-03  *
    epoch   69  train 0.57039 (tc 0.47242 hrr 0.32652)  valid 0.75736 (tc 0.63411 hrr 0.41083)  lr 1.00e-03  *
    epoch   70  train 0.56502 (tc 0.46790 hrr 0.32371)  valid 0.75093 (tc 0.62922 hrr 0.40569)  lr 1.00e-03  *
    epoch   71  train 0.56300 (tc 0.46668 hrr 0.32101)  valid 0.74833 (tc 0.62779 hrr 0.40179)  lr 1.00e-03  *
    epoch   78  train 0.55988 (tc 0.46470 hrr 0.31722)  valid 0.74580 (tc 0.62275 hrr 0.41017)  lr 1.00e-03  *
    epoch   79  train 0.55452 (tc 0.45970 hrr 0.31602)  valid 0.73925 (tc 0.61914 hrr 0.40038)  lr 1.00e-03  *
    epoch   80  train 0.55249 (tc 0.45859 hrr 0.31293)  valid 0.73527 (tc 0.61739 hrr 0.39294)  lr 1.00e-03  *
    epoch   84  train 0.54259 (tc 0.45045 hrr 0.30706)  valid 0.73088 (tc 0.61476 hrr 0.38708)  lr 1.00e-03  *
    epoch   86  train 0.54123 (tc 0.44934 hrr 0.30627)  valid 0.73085 (tc 0.61335 hrr 0.39166)  lr 1.00e-03  *
    epoch   87  train 0.53855 (tc 0.44722 hrr 0.30440)  valid 0.72776 (tc 0.61138 hrr 0.38794)  lr 1.00e-03  *
    epoch   88  train 0.53739 (tc 0.44640 hrr 0.30323)  valid 0.72675 (tc 0.61020 hrr 0.38848)  lr 1.00e-03  *
    epoch   89  train 0.53844 (tc 0.44735 hrr 0.30359)  valid 0.72647 (tc 0.61101 hrr 0.38487)  lr 1.00e-03  *
    epoch   90  train 0.53678 (tc 0.44631 hrr 0.30153)  valid 0.72261 (tc 0.60688 hrr 0.38577)  lr 1.00e-03  *
    epoch   91  train 0.53665 (tc 0.44619 hrr 0.30148)  valid 0.72157 (tc 0.60724 hrr 0.38108)  lr 1.00e-03  *
    epoch   92  train 0.53318 (tc 0.44314 hrr 0.30006)  valid 0.71894 (tc 0.60602 hrr 0.37638)  lr 1.00e-03  *
    epoch   93  train 0.53168 (tc 0.44193 hrr 0.29911)  valid 0.71385 (tc 0.60046 hrr 0.37795)  lr 1.00e-03  *
    epoch   95  train 0.53129 (tc 0.44141 hrr 0.29956)  valid 0.70791 (tc 0.59675 hrr 0.37054)  lr 1.00e-03  *
    epoch  100  train 0.53207 (tc 0.44241 hrr 0.29879)  valid 0.71101 (tc 0.59814 hrr 0.37624)  lr 1.00e-03
    epoch  104  train 0.52125 (tc 0.43443 hrr 0.28934)  valid 0.70294 (tc 0.59208 hrr 0.36954)  lr 1.00e-03  *
    epoch  109  train 0.51291 (tc 0.42802 hrr 0.28289)  valid 0.69803 (tc 0.58807 hrr 0.36652)  lr 1.00e-03  *
    epoch  110  train 0.51195 (tc 0.42735 hrr 0.28197)  valid 0.70822 (tc 0.59577 hrr 0.37485)  lr 1.00e-03
    epoch  112  train 0.50847 (tc 0.42464 hrr 0.27937)  valid 0.69501 (tc 0.58505 hrr 0.36652)  lr 1.00e-03  *
    epoch  120  train 0.50633 (tc 0.42375 hrr 0.27521)  valid 0.68535 (tc 0.57945 hrr 0.35300)  lr 1.00e-03  *
    epoch  128  train 0.50138 (tc 0.42019 hrr 0.27057)  valid 0.67926 (tc 0.57462 hrr 0.34880)  lr 1.00e-03  *
    epoch  129  train 0.49748 (tc 0.41710 hrr 0.26788)  valid 0.67648 (tc 0.57300 hrr 0.34494)  lr 1.00e-03  *
    epoch  130  train 0.49505 (tc 0.41506 hrr 0.26660)  valid 0.67173 (tc 0.57038 hrr 0.33785)  lr 1.00e-03  *
    epoch  133  train 0.49174 (tc 0.41283 hrr 0.26297)  valid 0.67137 (tc 0.56961 hrr 0.33923)  lr 1.00e-03  *
    epoch  137  train 0.49161 (tc 0.41295 hrr 0.26216)  valid 0.67118 (tc 0.56992 hrr 0.33753)  lr 1.00e-03  *
    epoch  140  train 0.49231 (tc 0.41412 hrr 0.26058)  valid 0.68494 (tc 0.58253 hrr 0.34138)  lr 1.00e-03
    epoch  143  train 0.48789 (tc 0.41107 hrr 0.25600)  valid 0.66772 (tc 0.56803 hrr 0.33229)  lr 1.00e-03  *
    epoch  146  train 0.48464 (tc 0.40868 hrr 0.25312)  valid 0.66741 (tc 0.56791 hrr 0.33166)  lr 1.00e-03  *
    epoch  150  train 0.48032 (tc 0.40486 hrr 0.25148)  valid 0.66741 (tc 0.56809 hrr 0.33105)  lr 1.00e-03
    epoch  151  train 0.47949 (tc 0.40432 hrr 0.25052)  valid 0.66371 (tc 0.56444 hrr 0.33089)  lr 1.00e-03  *
    epoch  154  train 0.47997 (tc 0.40513 hrr 0.24940)  valid 0.66329 (tc 0.56287 hrr 0.33473)  lr 1.00e-03  *
    epoch  160  train 0.48165 (tc 0.40683 hrr 0.24936)  valid 0.66748 (tc 0.56509 hrr 0.34130)  lr 1.00e-03
    epoch  165  train 0.48677 (tc 0.41079 hrr 0.25320)  valid 0.65953 (tc 0.56432 hrr 0.31739)  lr 1.00e-03  *
    epoch  168  train 0.48307 (tc 0.40902 hrr 0.24675)  valid 0.65759 (tc 0.56060 hrr 0.32330)  lr 1.00e-03  *
    epoch  170  train 0.47924 (tc 0.40603 hrr 0.24397)  valid 0.66710 (tc 0.56797 hrr 0.33042)  lr 1.00e-03
    epoch  171  train 0.47649 (tc 0.40379 hrr 0.24228)  valid 0.65677 (tc 0.56023 hrr 0.32179)  lr 1.00e-03  *
    epoch  178  train 0.47806 (tc 0.40420 hrr 0.24613)  valid 0.65093 (tc 0.55834 hrr 0.30864)  lr 1.00e-03  *
    epoch  179  train 0.47552 (tc 0.40328 hrr 0.24076)  valid 0.65061 (tc 0.55855 hrr 0.30686)  lr 1.00e-03  *
    epoch  180  train 0.47563 (tc 0.40348 hrr 0.24045)  valid 0.65846 (tc 0.56232 hrr 0.32049)  lr 1.00e-03
    epoch  182  train 0.47503 (tc 0.40323 hrr 0.23929)  valid 0.64794 (tc 0.55351 hrr 0.31477)  lr 1.00e-03  *
    epoch  185  train 0.47466 (tc 0.40298 hrr 0.23889)  valid 0.64779 (tc 0.55396 hrr 0.31276)  lr 1.00e-03  *
    epoch  186  train 0.46962 (tc 0.39909 hrr 0.23504)  valid 0.64497 (tc 0.55166 hrr 0.31103)  lr 1.00e-03  *
    epoch  190  train 0.47556 (tc 0.40326 hrr 0.24094)  valid 0.65932 (tc 0.56199 hrr 0.32444)  lr 1.00e-03
    epoch  191  train 0.47742 (tc 0.40530 hrr 0.24032)  valid 0.64185 (tc 0.54944 hrr 0.30804)  lr 1.00e-03  *
    epoch  192  train 0.47347 (tc 0.40146 hrr 0.23999)  valid 0.64020 (tc 0.54681 hrr 0.31131)  lr 1.00e-03  *
    epoch  195  train 0.46538 (tc 0.39579 hrr 0.23189)  valid 0.63307 (tc 0.54527 hrr 0.29267)  lr 1.00e-03  *
    epoch  197  train 0.46147 (tc 0.39260 hrr 0.22950)  valid 0.62640 (tc 0.53725 hrr 0.29716)  lr 1.00e-03  *
    epoch  200  train 0.46052 (tc 0.39141 hrr 0.23029)  valid 0.62378 (tc 0.53685 hrr 0.28977)  lr 1.00e-03  *
    epoch  204  train 0.45530 (tc 0.38770 hrr 0.22527)  valid 0.62263 (tc 0.53609 hrr 0.28849)  lr 1.00e-03  *
    epoch  206  train 0.45387 (tc 0.38638 hrr 0.22491)  valid 0.62176 (tc 0.53543 hrr 0.28776)  lr 1.00e-03  *
    epoch  210  train 0.45107 (tc 0.38415 hrr 0.22300)  valid 0.65417 (tc 0.55526 hrr 0.32968)  lr 1.00e-03
    epoch  219  train 0.44764 (tc 0.38169 hrr 0.21980)  valid 0.61845 (tc 0.53407 hrr 0.28128)  lr 1.00e-03  *
    epoch  220  train 0.44684 (tc 0.38122 hrr 0.21866)  valid 0.62926 (tc 0.54260 hrr 0.28885)  lr 1.00e-03
    epoch  221  train 0.45006 (tc 0.38419 hrr 0.21952)  valid 0.61835 (tc 0.53185 hrr 0.28835)  lr 1.00e-03  *
    epoch  227  train 0.44300 (tc 0.37816 hrr 0.21609)  valid 0.61815 (tc 0.53122 hrr 0.28978)  lr 1.00e-03  *
    epoch  230  train 0.44510 (tc 0.38002 hrr 0.21685)  valid 0.63873 (tc 0.54484 hrr 0.31297)  lr 1.00e-03
    epoch  240  train 0.45682 (tc 0.38818 hrr 0.22874)  valid 0.65368 (tc 0.55253 hrr 0.33715)  lr 1.00e-03
    epoch  250  train 0.43565 (tc 0.37227 hrr 0.21119)  valid 0.63831 (tc 0.54192 hrr 0.32129)  lr 5.00e-04
    epoch  260  train 0.43471 (tc 0.37179 hrr 0.20966)  valid 0.63375 (tc 0.54014 hrr 0.31203)  lr 2.50e-04
    epoch  270  train 0.43192 (tc 0.36929 hrr 0.20869)  valid 0.62753 (tc 0.53507 hrr 0.30820)  lr 2.50e-04
    epoch  274  train 0.43024 (tc 0.36794 hrr 0.20761)  valid 0.61595 (tc 0.52551 hrr 0.30145)  lr 2.50e-04  *
    epoch  278  train 0.43029 (tc 0.36795 hrr 0.20772)  valid 0.60798 (tc 0.52196 hrr 0.28672)  lr 2.50e-04  *
    epoch  280  train 0.42978 (tc 0.36749 hrr 0.20756)  valid 0.60910 (tc 0.52422 hrr 0.28292)  lr 2.50e-04
    epoch  281  train 0.42970 (tc 0.36748 hrr 0.20732)  valid 0.60658 (tc 0.52292 hrr 0.27886)  lr 2.50e-04  *
    epoch  282  train 0.42976 (tc 0.36752 hrr 0.20737)  valid 0.60585 (tc 0.52299 hrr 0.27622)  lr 2.50e-04  *
    epoch  283  train 0.43082 (tc 0.36841 hrr 0.20797)  valid 0.60329 (tc 0.52126 hrr 0.27342)  lr 2.50e-04  *
    epoch  290  train 0.43045 (tc 0.36825 hrr 0.20726)  valid 0.60937 (tc 0.52439 hrr 0.28325)  lr 2.50e-04
    epoch  300  train 0.43032 (tc 0.36828 hrr 0.20674)  valid 0.62187 (tc 0.53286 hrr 0.29669)  lr 1.25e-04
    epoch  310  train 0.42808 (tc 0.36605 hrr 0.20672)  valid 0.63631 (tc 0.54128 hrr 0.31677)  lr 1.25e-04
    epoch  320  train 0.42692 (tc 0.36523 hrr 0.20557)  valid 0.63144 (tc 0.53778 hrr 0.31221)  lr 6.25e-05
    epoch  330  train 0.42605 (tc 0.36448 hrr 0.20519)  valid 0.62138 (tc 0.52954 hrr 0.30613)  lr 6.25e-05
    epoch  340  train 0.42580 (tc 0.36432 hrr 0.20487)  valid 0.61982 (tc 0.52886 hrr 0.30317)  lr 3.13e-05
    early stop at epoch 343 (best 0.60329 @ 283)
    saved models_part1_kanbal_s42_r2\part1_member0.pt  (2.8 min)

  === member 2/3 (seed 43) ===
    [sentinel] weights moved after epoch 0: |dW| = 3.3578e+00
    epoch    0  train 1.98045 (tc 1.55542 hrr 1.41672)  valid 1.67673 (tc 1.38630 hrr 0.96812)  lr 1.00e-03  *
    epoch    1  train 1.43671 (tc 1.21669 hrr 0.73336)  valid 1.53357 (tc 1.32750 hrr 0.68690)  lr 1.00e-03  *
    epoch    2  train 1.30123 (tc 1.12710 hrr 0.58037)  valid 1.42015 (tc 1.23142 hrr 0.62911)  lr 1.00e-03  *
    epoch    3  train 1.19535 (tc 1.03025 hrr 0.55026)  valid 1.31822 (tc 1.13375 hrr 0.61489)  lr 1.00e-03  *
    epoch    4  train 1.10832 (tc 0.94823 hrr 0.53358)  valid 1.25275 (tc 1.06650 hrr 0.62084)  lr 1.00e-03  *
    epoch    5  train 1.04930 (tc 0.89436 hrr 0.51644)  valid 1.19139 (tc 1.01034 hrr 0.60351)  lr 1.00e-03  *
    epoch    6  train 0.99599 (tc 0.84453 hrr 0.50483)  valid 1.14129 (tc 0.96097 hrr 0.60107)  lr 1.00e-03  *
    epoch    7  train 0.95874 (tc 0.81021 hrr 0.49506)  valid 1.10668 (tc 0.93070 hrr 0.58660)  lr 1.00e-03  *
    epoch    8  train 0.92637 (tc 0.78118 hrr 0.48391)  valid 1.07727 (tc 0.90223 hrr 0.58345)  lr 1.00e-03  *
    epoch    9  train 0.90113 (tc 0.75678 hrr 0.48111)  valid 1.05609 (tc 0.88540 hrr 0.56899)  lr 1.00e-03  *
    epoch   10  train 0.88294 (tc 0.74161 hrr 0.47106)  valid 1.04979 (tc 0.87629 hrr 0.57832)  lr 1.00e-03  *
    epoch   11  train 0.87631 (tc 0.73475 hrr 0.47180)  valid 1.03402 (tc 0.86567 hrr 0.56117)  lr 1.00e-03  *
    epoch   12  train 0.85513 (tc 0.71598 hrr 0.46378)  valid 1.03258 (tc 0.86400 hrr 0.56195)  lr 1.00e-03  *
    epoch   13  train 0.84755 (tc 0.70867 hrr 0.46291)  valid 1.01768 (tc 0.85220 hrr 0.55158)  lr 1.00e-03  *
    epoch   14  train 0.83360 (tc 0.69731 hrr 0.45427)  valid 0.99504 (tc 0.83087 hrr 0.54724)  lr 1.00e-03  *
    epoch   17  train 0.81540 (tc 0.67974 hrr 0.45215)  valid 0.98822 (tc 0.82732 hrr 0.53633)  lr 1.00e-03  *
    epoch   19  train 0.79852 (tc 0.66865 hrr 0.43285)  valid 0.98440 (tc 0.82708 hrr 0.52442)  lr 1.00e-03  *
    epoch   20  train 0.78735 (tc 0.65897 hrr 0.42789)  valid 0.96439 (tc 0.81021 hrr 0.51396)  lr 1.00e-03  *
    epoch   21  train 0.77826 (tc 0.65103 hrr 0.42404)  valid 0.96021 (tc 0.80552 hrr 0.51562)  lr 1.00e-03  *
    epoch   22  train 0.76854 (tc 0.64285 hrr 0.41890)  valid 0.94645 (tc 0.79579 hrr 0.50222)  lr 1.00e-03  *
    epoch   23  train 0.76592 (tc 0.64129 hrr 0.41539)  valid 0.94248 (tc 0.79176 hrr 0.50239)  lr 1.00e-03  *
    epoch   24  train 0.75847 (tc 0.63484 hrr 0.41207)  valid 0.93774 (tc 0.78865 hrr 0.49697)  lr 1.00e-03  *
    epoch   25  train 0.75462 (tc 0.63210 hrr 0.40836)  valid 0.93475 (tc 0.78658 hrr 0.49389)  lr 1.00e-03  *
    epoch   26  train 0.74793 (tc 0.62751 hrr 0.40136)  valid 0.92528 (tc 0.77685 hrr 0.49478)  lr 1.00e-03  *
    epoch   27  train 0.74178 (tc 0.62179 hrr 0.39991)  valid 0.92268 (tc 0.77753 hrr 0.48383)  lr 1.00e-03  *
    epoch   28  train 0.73604 (tc 0.61776 hrr 0.39422)  valid 0.91502 (tc 0.77046 hrr 0.48185)  lr 1.00e-03  *
    epoch   30  train 0.73191 (tc 0.61504 hrr 0.38952)  valid 0.90401 (tc 0.76036 hrr 0.47884)  lr 1.00e-03  *
    epoch   34  train 0.72684 (tc 0.61134 hrr 0.38495)  valid 0.89807 (tc 0.75821 hrr 0.46618)  lr 1.00e-03  *
    epoch   35  train 0.71518 (tc 0.60211 hrr 0.37688)  valid 0.89589 (tc 0.75877 hrr 0.45705)  lr 1.00e-03  *
    epoch   36  train 0.71187 (tc 0.59977 hrr 0.37361)  valid 0.88477 (tc 0.74917 hrr 0.45200)  lr 1.00e-03  *
    epoch   38  train 0.70079 (tc 0.59075 hrr 0.36675)  valid 0.87066 (tc 0.73586 hrr 0.44934)  lr 1.00e-03  *
    epoch   40  train 0.69627 (tc 0.58691 hrr 0.36449)  valid 0.88031 (tc 0.74547 hrr 0.44946)  lr 1.00e-03
    epoch   41  train 0.69343 (tc 0.58433 hrr 0.36362)  valid 0.86664 (tc 0.73278 hrr 0.44622)  lr 1.00e-03  *
    epoch   43  train 0.68681 (tc 0.57958 hrr 0.35738)  valid 0.85985 (tc 0.72633 hrr 0.44506)  lr 1.00e-03  *
    epoch   44  train 0.68539 (tc 0.57771 hrr 0.35889)  valid 0.85519 (tc 0.72479 hrr 0.43467)  lr 1.00e-03  *
    epoch   47  train 0.67553 (tc 0.57022 hrr 0.35099)  valid 0.84808 (tc 0.71784 hrr 0.43413)  lr 1.00e-03  *
    epoch   49  train 0.67177 (tc 0.56740 hrr 0.34787)  valid 0.84075 (tc 0.71328 hrr 0.42490)  lr 1.00e-03  *
    epoch   50  train 0.67418 (tc 0.56991 hrr 0.34750)  valid 0.86501 (tc 0.73401 hrr 0.43666)  lr 1.00e-03
    epoch   53  train 0.66607 (tc 0.56360 hrr 0.34152)  valid 0.83468 (tc 0.71072 hrr 0.41319)  lr 1.00e-03  *
    epoch   54  train 0.66387 (tc 0.56192 hrr 0.33978)  valid 0.82576 (tc 0.70110 hrr 0.41554)  lr 1.00e-03  *
    epoch   57  train 0.65471 (tc 0.55380 hrr 0.33631)  valid 0.81766 (tc 0.69428 hrr 0.41128)  lr 1.00e-03  *
    epoch   60  train 0.66241 (tc 0.56183 hrr 0.33523)  valid 0.82594 (tc 0.70129 hrr 0.41551)  lr 1.00e-03
    epoch   69  train 0.64856 (tc 0.55006 hrr 0.32829)  valid 0.81660 (tc 0.69351 hrr 0.41030)  lr 1.00e-03  *
    epoch   70  train 0.64503 (tc 0.54732 hrr 0.32563)  valid 0.82913 (tc 0.70331 hrr 0.41941)  lr 1.00e-03
    epoch   72  train 0.63931 (tc 0.54148 hrr 0.32608)  valid 0.80557 (tc 0.68344 hrr 0.40712)  lr 1.00e-03  *
    epoch   75  train 0.62621 (tc 0.53128 hrr 0.31637)  valid 0.80079 (tc 0.68116 hrr 0.39877)  lr 1.00e-03  *
    epoch   76  train 0.62316 (tc 0.52886 hrr 0.31428)  valid 0.79424 (tc 0.67422 hrr 0.40009)  lr 1.00e-03  *
    epoch   78  train 0.61976 (tc 0.52630 hrr 0.31146)  valid 0.78141 (tc 0.66297 hrr 0.39480)  lr 1.00e-03  *
    epoch   80  train 0.61539 (tc 0.52293 hrr 0.30813)  valid 0.78523 (tc 0.66581 hrr 0.39807)  lr 1.00e-03
    epoch   85  train 0.61615 (tc 0.52358 hrr 0.30848)  valid 0.77468 (tc 0.65770 hrr 0.38991)  lr 1.00e-03  *
    epoch   88  train 0.61016 (tc 0.51895 hrr 0.30397)  valid 0.76849 (tc 0.65436 hrr 0.38043)  lr 1.00e-03  *
    epoch   89  train 0.60998 (tc 0.51908 hrr 0.30294)  valid 0.76535 (tc 0.65184 hrr 0.37838)  lr 1.00e-03  *
    epoch   90  train 0.60406 (tc 0.51351 hrr 0.30178)  valid 0.78189 (tc 0.66305 hrr 0.39614)  lr 1.00e-03
    epoch   97  train 0.62199 (tc 0.52910 hrr 0.30957)  valid 0.76515 (tc 0.65081 hrr 0.38115)  lr 1.00e-03  *
    epoch  100  train 0.60845 (tc 0.51773 hrr 0.30235)  valid 0.77601 (tc 0.66029 hrr 0.38573)  lr 1.00e-03
    epoch  101  train 0.60456 (tc 0.51460 hrr 0.29983)  valid 0.76251 (tc 0.64956 hrr 0.37650)  lr 1.00e-03  *
    epoch  103  train 0.59275 (tc 0.50488 hrr 0.29285)  valid 0.76019 (tc 0.64703 hrr 0.37722)  lr 1.00e-03  *
    epoch  104  train 0.59032 (tc 0.50293 hrr 0.29123)  valid 0.75713 (tc 0.64573 hrr 0.37134)  lr 1.00e-03  *
    epoch  105  train 0.58947 (tc 0.50226 hrr 0.29065)  valid 0.75189 (tc 0.64040 hrr 0.37163)  lr 1.00e-03  *
    epoch  110  train 0.58463 (tc 0.49874 hrr 0.28625)  valid 0.76185 (tc 0.65049 hrr 0.37120)  lr 1.00e-03
    epoch  112  train 0.58464 (tc 0.49894 hrr 0.28560)  valid 0.74215 (tc 0.63328 hrr 0.36291)  lr 1.00e-03  *
    epoch  113  train 0.58230 (tc 0.49653 hrr 0.28585)  valid 0.74019 (tc 0.63203 hrr 0.36053)  lr 1.00e-03  *
    epoch  114  train 0.58128 (tc 0.49606 hrr 0.28403)  valid 0.73541 (tc 0.62657 hrr 0.36280)  lr 1.00e-03  *
    epoch  120  train 0.58045 (tc 0.49636 hrr 0.28027)  valid 0.76946 (tc 0.65770 hrr 0.37254)  lr 1.00e-03
    epoch  130  train 0.57136 (tc 0.48909 hrr 0.27419)  valid 0.73963 (tc 0.63216 hrr 0.35823)  lr 5.00e-04
    epoch  132  train 0.56733 (tc 0.48599 hrr 0.27109)  valid 0.72609 (tc 0.62093 hrr 0.35052)  lr 5.00e-04  *
    epoch  137  train 0.56084 (tc 0.48041 hrr 0.26803)  valid 0.72507 (tc 0.61996 hrr 0.35034)  lr 5.00e-04  *
    epoch  138  train 0.55992 (tc 0.47951 hrr 0.26797)  valid 0.72473 (tc 0.61951 hrr 0.35074)  lr 5.00e-04  *
    epoch  139  train 0.55974 (tc 0.47957 hrr 0.26719)  valid 0.72147 (tc 0.61850 hrr 0.34323)  lr 5.00e-04  *
    epoch  140  train 0.55938 (tc 0.47924 hrr 0.26705)  valid 0.71601 (tc 0.61209 hrr 0.34640)  lr 5.00e-04  *
    epoch  144  train 0.55856 (tc 0.47870 hrr 0.26613)  valid 0.71535 (tc 0.61126 hrr 0.34695)  lr 5.00e-04  *
    epoch  150  train 0.55587 (tc 0.47677 hrr 0.26363)  valid 0.72557 (tc 0.62048 hrr 0.35030)  lr 5.00e-04
    epoch  160  train 0.55268 (tc 0.47452 hrr 0.26048)  valid 0.72392 (tc 0.62016 hrr 0.34586)  lr 2.50e-04
    epoch  170  train 0.54957 (tc 0.47200 hrr 0.25852)  valid 0.71629 (tc 0.61346 hrr 0.34278)  lr 2.50e-04
    epoch  180  train 0.54871 (tc 0.47137 hrr 0.25777)  valid 0.72155 (tc 0.61828 hrr 0.34423)  lr 1.25e-04
    epoch  190  train 0.54719 (tc 0.47006 hrr 0.25706)  valid 0.72121 (tc 0.61811 hrr 0.34366)  lr 1.25e-04
    epoch  200  train 0.54671 (tc 0.46976 hrr 0.25647)  valid 0.72025 (tc 0.61709 hrr 0.34388)  lr 6.25e-05
    early stop at epoch 204 (best 0.71535 @ 144)
    saved models_part1_kanbal_s42_r2\part1_member1.pt  (1.7 min)

  === member 3/3 (seed 44) ===
    [sentinel] weights moved after epoch 0: |dW| = 3.3522e+00
    epoch    0  train 1.87845 (tc 1.45435 hrr 1.41362)  valid 1.62408 (tc 1.29723 hrr 1.08949)  lr 1.00e-03  *
    epoch    1  train 1.34543 (tc 1.09339 hrr 0.84007)  valid 1.36749 (tc 1.15271 hrr 0.71593)  lr 1.00e-03  *
    epoch    2  train 1.17557 (tc 0.99373 hrr 0.60607)  valid 1.28572 (tc 1.09627 hrr 0.63150)  lr 1.00e-03  *
    epoch    3  train 1.09925 (tc 0.93754 hrr 0.53900)  valid 1.22202 (tc 1.04343 hrr 0.59529)  lr 1.00e-03  *
    epoch    4  train 1.03964 (tc 0.88447 hrr 0.51717)  valid 1.18109 (tc 1.00272 hrr 0.59456)  lr 1.00e-03  *
    epoch    5  train 0.99124 (tc 0.84019 hrr 0.50347)  valid 1.12645 (tc 0.95387 hrr 0.57526)  lr 1.00e-03  *
    epoch    6  train 0.95557 (tc 0.80863 hrr 0.48973)  valid 1.09221 (tc 0.92164 hrr 0.56856)  lr 1.00e-03  *
    epoch    7  train 0.92565 (tc 0.78250 hrr 0.47712)  valid 1.07217 (tc 0.90295 hrr 0.56406)  lr 1.00e-03  *
    epoch    8  train 0.90481 (tc 0.76420 hrr 0.46865)  valid 1.05847 (tc 0.88939 hrr 0.56361)  lr 1.00e-03  *
    epoch    9  train 0.88858 (tc 0.74877 hrr 0.46600)  valid 1.04338 (tc 0.87773 hrr 0.55219)  lr 1.00e-03  *
    epoch   10  train 0.87511 (tc 0.73864 hrr 0.45484)  valid 1.04891 (tc 0.88437 hrr 0.54845)  lr 1.00e-03
    epoch   11  train 0.86381 (tc 0.72870 hrr 0.45032)  valid 1.02205 (tc 0.86131 hrr 0.53580)  lr 1.00e-03  *
    epoch   13  train 0.84221 (tc 0.71034 hrr 0.43954)  valid 1.00274 (tc 0.84711 hrr 0.51877)  lr 1.00e-03  *
    epoch   15  train 0.82195 (tc 0.69276 hrr 0.43059)  valid 0.99149 (tc 0.83744 hrr 0.51350)  lr 1.00e-03  *
    epoch   16  train 0.81983 (tc 0.69149 hrr 0.42776)  valid 0.98019 (tc 0.82815 hrr 0.50682)  lr 1.00e-03  *
    epoch   17  train 0.80844 (tc 0.68175 hrr 0.42224)  valid 0.96982 (tc 0.81836 hrr 0.50487)  lr 1.00e-03  *
    epoch   19  train 0.78897 (tc 0.66645 hrr 0.40836)  valid 0.95524 (tc 0.80890 hrr 0.48778)  lr 1.00e-03  *
    epoch   20  train 0.78189 (tc 0.66070 hrr 0.40391)  valid 0.97222 (tc 0.82175 hrr 0.50156)  lr 1.00e-03
    epoch   21  train 0.78511 (tc 0.66292 hrr 0.40722)  valid 0.95084 (tc 0.80350 hrr 0.49112)  lr 1.00e-03  *
    epoch   24  train 0.76693 (tc 0.64834 hrr 0.39522)  valid 0.93514 (tc 0.79310 hrr 0.47347)  lr 1.00e-03  *
    epoch   25  train 0.75611 (tc 0.63898 hrr 0.39040)  valid 0.93115 (tc 0.79007 hrr 0.47029)  lr 1.00e-03  *
    epoch   26  train 0.74510 (tc 0.62938 hrr 0.38567)  valid 0.92427 (tc 0.78385 hrr 0.46809)  lr 1.00e-03  *
    epoch   27  train 0.74468 (tc 0.62929 hrr 0.38460)  valid 0.92227 (tc 0.78307 hrr 0.46402)  lr 1.00e-03  *
    epoch   29  train 0.73182 (tc 0.61869 hrr 0.37705)  valid 0.91186 (tc 0.77253 hrr 0.46442)  lr 1.00e-03  *
    epoch   30  train 0.72559 (tc 0.61246 hrr 0.37704)  valid 0.90746 (tc 0.76780 hrr 0.46555)  lr 1.00e-03  *
    epoch   31  train 0.71811 (tc 0.60596 hrr 0.37377)  valid 0.90268 (tc 0.76501 hrr 0.45889)  lr 1.00e-03  *
    epoch   32  train 0.71204 (tc 0.60126 hrr 0.36919)  valid 0.90202 (tc 0.76461 hrr 0.45802)  lr 1.00e-03  *
    epoch   33  train 0.70342 (tc 0.59354 hrr 0.36622)  valid 0.88653 (tc 0.75118 hrr 0.45117)  lr 1.00e-03  *
    epoch   34  train 0.69630 (tc 0.58734 hrr 0.36315)  valid 0.88528 (tc 0.74945 hrr 0.45275)  lr 1.00e-03  *
    epoch   35  train 0.69033 (tc 0.58200 hrr 0.36106)  valid 0.87949 (tc 0.74378 hrr 0.45234)  lr 1.00e-03  *
    epoch   39  train 0.68092 (tc 0.57256 hrr 0.36115)  valid 0.87174 (tc 0.73574 hrr 0.45331)  lr 1.00e-03  *
    epoch   40  train 0.67200 (tc 0.56456 hrr 0.35808)  valid 0.85469 (tc 0.72158 hrr 0.44371)  lr 1.00e-03  *
    epoch   41  train 0.66495 (tc 0.55867 hrr 0.35421)  valid 0.84972 (tc 0.71731 hrr 0.44139)  lr 1.00e-03  *
    epoch   43  train 0.65855 (tc 0.55316 hrr 0.35123)  valid 0.84050 (tc 0.71012 hrr 0.43463)  lr 1.00e-03  *
    epoch   45  train 0.63932 (tc 0.53571 hrr 0.34533)  valid 0.83096 (tc 0.70004 hrr 0.43638)  lr 1.00e-03  *
    epoch   46  train 0.63476 (tc 0.53115 hrr 0.34534)  valid 0.82941 (tc 0.69890 hrr 0.43502)  lr 1.00e-03  *
    epoch   47  train 0.62715 (tc 0.52421 hrr 0.34308)  valid 0.81468 (tc 0.68594 hrr 0.42916)  lr 1.00e-03  *
    epoch   48  train 0.61949 (tc 0.51697 hrr 0.34167)  valid 0.81152 (tc 0.68069 hrr 0.43610)  lr 1.00e-03  *
    epoch   49  train 0.61198 (tc 0.51015 hrr 0.33939)  valid 0.80186 (tc 0.67427 hrr 0.42531)  lr 1.00e-03  *
    epoch   50  train 0.60824 (tc 0.50672 hrr 0.33833)  valid 0.79276 (tc 0.66543 hrr 0.42441)  lr 1.00e-03  *
    epoch   51  train 0.59896 (tc 0.49802 hrr 0.33643)  valid 0.79176 (tc 0.66359 hrr 0.42725)  lr 1.00e-03  *
    epoch   52  train 0.59414 (tc 0.49341 hrr 0.33571)  valid 0.78283 (tc 0.65673 hrr 0.42033)  lr 1.00e-03  *
    epoch   53  train 0.58903 (tc 0.48846 hrr 0.33517)  valid 0.77823 (tc 0.65184 hrr 0.42130)  lr 1.00e-03  *
    epoch   54  train 0.58305 (tc 0.48196 hrr 0.33691)  valid 0.77263 (tc 0.64439 hrr 0.42748)  lr 1.00e-03  *
    epoch   55  train 0.57339 (tc 0.47359 hrr 0.33263)  valid 0.76499 (tc 0.63846 hrr 0.42177)  lr 1.00e-03  *
    epoch   56  train 0.56407 (tc 0.46512 hrr 0.32977)  valid 0.75080 (tc 0.62587 hrr 0.41642)  lr 1.00e-03  *
    epoch   57  train 0.55635 (tc 0.45783 hrr 0.32832)  valid 0.74033 (tc 0.61552 hrr 0.41603)  lr 1.00e-03  *
    epoch   59  train 0.54079 (tc 0.44307 hrr 0.32567)  valid 0.73289 (tc 0.60796 hrr 0.41642)  lr 1.00e-03  *
    epoch   60  train 0.53326 (tc 0.43592 hrr 0.32441)  valid 0.72277 (tc 0.59828 hrr 0.41496)  lr 1.00e-03  *
    epoch   61  train 0.52724 (tc 0.43013 hrr 0.32363)  valid 0.71453 (tc 0.59113 hrr 0.41135)  lr 1.00e-03  *
    epoch   62  train 0.52045 (tc 0.42375 hrr 0.32230)  valid 0.70322 (tc 0.58075 hrr 0.40823)  lr 1.00e-03  *
    epoch   64  train 0.50967 (tc 0.41338 hrr 0.32090)  valid 0.70033 (tc 0.57652 hrr 0.41271)  lr 1.00e-03  *
    epoch   65  train 0.50437 (tc 0.40821 hrr 0.32045)  valid 0.69490 (tc 0.57074 hrr 0.41385)  lr 1.00e-03  *
    epoch   66  train 0.49800 (tc 0.40222 hrr 0.31924)  valid 0.68316 (tc 0.56150 hrr 0.40553)  lr 1.00e-03  *
    epoch   69  train 0.48635 (tc 0.39120 hrr 0.31712)  valid 0.66989 (tc 0.54803 hrr 0.40622)  lr 1.00e-03  *
    epoch   70  train 0.48574 (tc 0.39049 hrr 0.31743)  valid 0.66927 (tc 0.54702 hrr 0.40752)  lr 1.00e-03  *
    epoch   72  train 0.47704 (tc 0.38206 hrr 0.31655)  valid 0.66049 (tc 0.53896 hrr 0.40510)  lr 1.00e-03  *
    epoch   74  train 0.46809 (tc 0.37387 hrr 0.31402)  valid 0.65236 (tc 0.52976 hrr 0.40868)  lr 1.00e-03  *
    epoch   75  train 0.46345 (tc 0.36964 hrr 0.31265)  valid 0.64476 (tc 0.52458 hrr 0.40060)  lr 1.00e-03  *
    epoch   77  train 0.45912 (tc 0.36584 hrr 0.31087)  valid 0.64162 (tc 0.52154 hrr 0.40025)  lr 1.00e-03  *
    epoch   80  train 0.44930 (tc 0.35727 hrr 0.30669)  valid 0.64263 (tc 0.52156 hrr 0.40355)  lr 1.00e-03
    epoch   81  train 0.44710 (tc 0.35520 hrr 0.30627)  valid 0.63211 (tc 0.51248 hrr 0.39876)  lr 1.00e-03  *
    epoch   82  train 0.44375 (tc 0.35231 hrr 0.30475)  valid 0.63085 (tc 0.51093 hrr 0.39975)  lr 1.00e-03  *
    epoch   85  train 0.44161 (tc 0.35021 hrr 0.30461)  valid 0.62967 (tc 0.50922 hrr 0.40152)  lr 1.00e-03  *
    epoch   86  train 0.44116 (tc 0.34960 hrr 0.30516)  valid 0.62657 (tc 0.50665 hrr 0.39973)  lr 1.00e-03  *
    epoch   87  train 0.44271 (tc 0.35063 hrr 0.30688)  valid 0.62454 (tc 0.50602 hrr 0.39506)  lr 1.00e-03  *
    epoch   88  train 0.43804 (tc 0.34675 hrr 0.30426)  valid 0.61928 (tc 0.50135 hrr 0.39311)  lr 1.00e-03  *
    epoch   89  train 0.43394 (tc 0.34365 hrr 0.30092)  valid 0.61593 (tc 0.49828 hrr 0.39218)  lr 1.00e-03  *
    epoch   90  train 0.43293 (tc 0.34276 hrr 0.30050)  valid 0.61597 (tc 0.49847 hrr 0.39169)  lr 1.00e-03
    epoch   91  train 0.43061 (tc 0.34081 hrr 0.29928)  valid 0.61557 (tc 0.49837 hrr 0.39065)  lr 1.00e-03  *
    epoch   92  train 0.42867 (tc 0.33927 hrr 0.29795)  valid 0.61121 (tc 0.49465 hrr 0.38853)  lr 1.00e-03  *
    epoch   94  train 0.42464 (tc 0.33622 hrr 0.29469)  valid 0.60950 (tc 0.49281 hrr 0.38894)  lr 1.00e-03  *
    epoch   95  train 0.42163 (tc 0.33329 hrr 0.29441)  valid 0.60695 (tc 0.48997 hrr 0.38994)  lr 1.00e-03  *
    epoch   96  train 0.42108 (tc 0.33283 hrr 0.29410)  valid 0.60563 (tc 0.49029 hrr 0.38446)  lr 1.00e-03  *
    epoch   98  train 0.41671 (tc 0.32942 hrr 0.29088)  valid 0.59740 (tc 0.48440 hrr 0.37666)  lr 1.00e-03  *
    epoch   99  train 0.41467 (tc 0.32774 hrr 0.28969)  valid 0.59322 (tc 0.47929 hrr 0.37977)  lr 1.00e-03  *
    epoch  100  train 0.41177 (tc 0.32509 hrr 0.28887)  valid 0.59221 (tc 0.48015 hrr 0.37354)  lr 1.00e-03  *
    epoch  106  train 0.40474 (tc 0.31939 hrr 0.28445)  valid 0.59068 (tc 0.47650 hrr 0.38063)  lr 1.00e-03  *
    epoch  107  train 0.40397 (tc 0.31861 hrr 0.28446)  valid 0.58939 (tc 0.47659 hrr 0.37598)  lr 1.00e-03  *
    epoch  108  train 0.40284 (tc 0.31774 hrr 0.28359)  valid 0.58936 (tc 0.47575 hrr 0.37870)  lr 1.00e-03  *
    epoch  109  train 0.40288 (tc 0.31796 hrr 0.28298)  valid 0.58614 (tc 0.47371 hrr 0.37475)  lr 1.00e-03  *
    epoch  110  train 0.40267 (tc 0.31794 hrr 0.28238)  valid 0.58906 (tc 0.47787 hrr 0.37064)  lr 1.00e-03
    epoch  113  train 0.40065 (tc 0.31658 hrr 0.28018)  valid 0.58366 (tc 0.47183 hrr 0.37277)  lr 1.00e-03  *
    epoch  114  train 0.39723 (tc 0.31360 hrr 0.27870)  valid 0.57382 (tc 0.46418 hrr 0.36547)  lr 1.00e-03  *
    epoch  115  train 0.39614 (tc 0.31270 hrr 0.27806)  valid 0.57234 (tc 0.46288 hrr 0.36485)  lr 1.00e-03  *
    epoch  120  train 0.39026 (tc 0.30787 hrr 0.27457)  valid 0.56726 (tc 0.45827 hrr 0.36327)  lr 1.00e-03  *
    epoch  122  train 0.39134 (tc 0.30899 hrr 0.27444)  valid 0.55951 (tc 0.45217 hrr 0.35780)  lr 1.00e-03  *
    epoch  130  train 0.38212 (tc 0.30152 hrr 0.26862)  valid 0.56977 (tc 0.45814 hrr 0.37208)  lr 1.00e-03
    epoch  133  train 0.38856 (tc 0.30691 hrr 0.27210)  valid 0.54752 (tc 0.44088 hrr 0.35548)  lr 1.00e-03  *
    epoch  140  train 0.38137 (tc 0.30042 hrr 0.26980)  valid 0.55419 (tc 0.44820 hrr 0.35332)  lr 1.00e-03
    epoch  150  train 0.37247 (tc 0.29395 hrr 0.26169)  valid 0.55048 (tc 0.44562 hrr 0.34956)  lr 5.00e-04
    epoch  152  train 0.36721 (tc 0.28950 hrr 0.25897)  valid 0.54468 (tc 0.44208 hrr 0.34198)  lr 5.00e-04  *
    epoch  153  train 0.36633 (tc 0.28882 hrr 0.25832)  valid 0.54403 (tc 0.44067 hrr 0.34453)  lr 5.00e-04  *
    epoch  154  train 0.36455 (tc 0.28725 hrr 0.25759)  valid 0.54288 (tc 0.43886 hrr 0.34672)  lr 5.00e-04  *
    epoch  158  train 0.36334 (tc 0.28617 hrr 0.25719)  valid 0.52737 (tc 0.42716 hrr 0.33401)  lr 5.00e-04  *
    epoch  160  train 0.36314 (tc 0.28571 hrr 0.25804)  valid 0.54716 (tc 0.43993 hrr 0.35741)  lr 5.00e-04
    epoch  170  train 0.35848 (tc 0.28209 hrr 0.25459)  valid 0.53653 (tc 0.43266 hrr 0.34623)  lr 5.00e-04
    epoch  180  train 0.35406 (tc 0.27833 hrr 0.25236)  valid 0.53570 (tc 0.43253 hrr 0.34392)  lr 2.50e-04
    epoch  190  train 0.35382 (tc 0.27833 hrr 0.25157)  valid 0.53438 (tc 0.43127 hrr 0.34371)  lr 1.25e-04
    epoch  200  train 0.35120 (tc 0.27609 hrr 0.25032)  valid 0.53239 (tc 0.42916 hrr 0.34409)  lr 1.25e-04
    epoch  210  train 0.34983 (tc 0.27492 hrr 0.24963)  valid 0.52954 (tc 0.42717 hrr 0.34123)  lr 6.25e-05
    early stop at epoch 218 (best 0.52737 @ 158)
    saved models_part1_kanbal_s42_r2\part1_member2.pt  (1.8 min)

  done. 3 member(s) in models_part1_kanbal_s42_r2
  next: python evaluate_part1.py --model-dir models_part1_kanbal_s42_r2
