  device: NVIDIA GeForce RTX 4090

  building dataset ...
  corpus: D:\Bs8414_05052026\Part1\_completed
  184 usable, 2 rejected
    - BS8414_DCLG_Test1_adv_debug: excluded: debug case; Core_MATERIAL HEAT_OF_REACTION=1500 vs 2300 in every other DCLG_Test1_adv deck, so it is a different system under the same name
    - BS8414_DCLG_Test7: excluded: declares insulation system PF like 33 other decks, but its Phenolic_Foam MATL is inert - HEAT_OF_REACTION absent (0 kJ/kg) with REFERENCE_TEMPERATURE=429 degC - where every other PF deck decomposes at HEAT_OF_REACTION=400 with no explicit reference temperature (cp 1.2 vs 1.5, k 0.020 vs 0.022, rho 32 vs 39). Same defect class as the debug case above: a different system under the same name. Found 2026-08-19 by explain_part1.check_group_determinism, which verifies that an insulation id fixes its material block; this was the only violation in 185 cases
  params (184, 16)  tc (184, 181, 16)  hrr (184, 181, 5)
  partial: BS8414_HPL_WC_noair_nogap (180/181 steps, padded+masked)

  split mode: hash
    train  141 sims  40 systems  8/8 geometries
    valid   20 sims  16 systems  8/8 geometries
    test    23 sims  20 systems  8/8 geometries

  target: 16 thermocouples (External_LV1 x8 + External_LV2 x8)
          5 HRR channels (HRR, Q_RADI, Q_CONV, Q_COND, Q_TOTAL)
  model:  KAN-Attention-LSTM (Part1)
  loss:   tc + 0.3 * hrr + 0.002 * reg
  physics constraints: off

  === member 1/3 (seed 48) ===
    [sentinel] weights moved after epoch 0: |dW| = 3.4347e+00
    epoch    0  train 1.71777 (tc 1.33362 hrr 1.28045)  valid 1.44820 (tc 1.13556 hrr 1.04211)  lr 1.00e-03  *
    epoch    1  train 1.25264 (tc 1.00017 hrr 0.84152)  valid 1.34205 (tc 1.09979 hrr 0.80755)  lr 1.00e-03  *
    epoch    2  train 1.17119 (tc 0.97415 hrr 0.65676)  valid 1.26790 (tc 1.06875 hrr 0.66384)  lr 1.00e-03  *
    epoch    3  train 1.12075 (tc 0.95204 hrr 0.56229)  valid 1.23574 (tc 1.05051 hrr 0.61744)  lr 1.00e-03  *
    epoch    4  train 1.08368 (tc 0.92676 hrr 0.52301)  valid 1.21541 (tc 1.03844 hrr 0.58987)  lr 1.00e-03  *
    epoch    5  train 1.05851 (tc 0.90738 hrr 0.50371)  valid 1.19128 (tc 1.01536 hrr 0.58642)  lr 1.00e-03  *
    epoch    6  train 1.03621 (tc 0.88843 hrr 0.49253)  valid 1.17084 (tc 0.99935 hrr 0.57164)  lr 1.00e-03  *
    epoch    7  train 1.00912 (tc 0.86482 hrr 0.48094)  valid 1.17051 (tc 1.00022 hrr 0.56762)  lr 1.00e-03  *
    epoch    8  train 0.98378 (tc 0.84076 hrr 0.47666)  valid 1.14021 (tc 0.97098 hrr 0.56410)  lr 1.00e-03  *
    epoch    9  train 0.95157 (tc 0.80859 hrr 0.47654)  valid 1.11127 (tc 0.94401 hrr 0.55751)  lr 1.00e-03  *
    epoch   10  train 0.92202 (tc 0.78390 hrr 0.46034)  valid 1.07704 (tc 0.91571 hrr 0.53776)  lr 1.00e-03  *
    epoch   11  train 0.89646 (tc 0.76237 hrr 0.44692)  valid 1.06026 (tc 0.90106 hrr 0.53067)  lr 1.00e-03  *
    epoch   12  train 0.87984 (tc 0.74776 hrr 0.44021)  valid 1.03452 (tc 0.87797 hrr 0.52182)  lr 1.00e-03  *
    epoch   14  train 0.86752 (tc 0.73703 hrr 0.43491)  valid 1.02440 (tc 0.86560 hrr 0.52932)  lr 1.00e-03  *
    epoch   15  train 0.84628 (tc 0.71738 hrr 0.42962)  valid 1.00961 (tc 0.85349 hrr 0.52041)  lr 1.00e-03  *
    epoch   16  train 0.83148 (tc 0.70564 hrr 0.41941)  valid 0.99444 (tc 0.84149 hrr 0.50985)  lr 1.00e-03  *
    epoch   17  train 0.81897 (tc 0.69401 hrr 0.41646)  valid 0.99346 (tc 0.84072 hrr 0.50915)  lr 1.00e-03  *
    epoch   18  train 0.80773 (tc 0.68482 hrr 0.40964)  valid 0.99295 (tc 0.84089 hrr 0.50686)  lr 1.00e-03  *
    epoch   19  train 0.80599 (tc 0.68260 hrr 0.41126)  valid 0.97079 (tc 0.82400 hrr 0.48932)  lr 1.00e-03  *
    epoch   20  train 0.79663 (tc 0.67396 hrr 0.40887)  valid 0.96599 (tc 0.82208 hrr 0.47969)  lr 1.00e-03  *
    epoch   21  train 0.78358 (tc 0.66341 hrr 0.40053)  valid 0.95990 (tc 0.81764 hrr 0.47421)  lr 1.00e-03  *
    epoch   23  train 0.76497 (tc 0.64838 hrr 0.38859)  valid 0.95207 (tc 0.81092 hrr 0.47049)  lr 1.00e-03  *
    epoch   24  train 0.76457 (tc 0.64807 hrr 0.38828)  valid 0.94412 (tc 0.80124 hrr 0.47628)  lr 1.00e-03  *
    epoch   25  train 0.75979 (tc 0.64402 hrr 0.38584)  valid 0.92860 (tc 0.78837 hrr 0.46745)  lr 1.00e-03  *
    epoch   29  train 0.72762 (tc 0.61630 hrr 0.37099)  valid 0.91127 (tc 0.77464 hrr 0.45544)  lr 1.00e-03  *
    epoch   30  train 0.71847 (tc 0.60827 hrr 0.36728)  valid 0.89409 (tc 0.76030 hrr 0.44594)  lr 1.00e-03  *
    epoch   31  train 0.70770 (tc 0.59936 hrr 0.36108)  valid 0.87810 (tc 0.74646 hrr 0.43879)  lr 1.00e-03  *
    epoch   34  train 0.68662 (tc 0.57887 hrr 0.35912)  valid 0.85996 (tc 0.72792 hrr 0.44013)  lr 1.00e-03  *
    epoch   35  train 0.67031 (tc 0.56343 hrr 0.35620)  valid 0.84563 (tc 0.71530 hrr 0.43446)  lr 1.00e-03  *
    epoch   37  train 0.64829 (tc 0.54263 hrr 0.35218)  valid 0.84308 (tc 0.71097 hrr 0.44036)  lr 1.00e-03  *
    epoch   38  train 0.64489 (tc 0.53967 hrr 0.35066)  valid 0.82631 (tc 0.69585 hrr 0.43485)  lr 1.00e-03  *
    epoch   40  train 0.63690 (tc 0.53210 hrr 0.34928)  valid 0.82875 (tc 0.69905 hrr 0.43235)  lr 1.00e-03
    epoch   42  train 0.62518 (tc 0.52192 hrr 0.34413)  valid 0.81605 (tc 0.68692 hrr 0.43046)  lr 1.00e-03  *
    epoch   43  train 0.62358 (tc 0.52057 hrr 0.34329)  valid 0.81512 (tc 0.68595 hrr 0.43056)  lr 1.00e-03  *
    epoch   47  train 0.62112 (tc 0.51789 hrr 0.34404)  valid 0.81097 (tc 0.68528 hrr 0.41896)  lr 1.00e-03  *
    epoch   49  train 0.61270 (tc 0.51037 hrr 0.34105)  valid 0.80862 (tc 0.68129 hrr 0.42442)  lr 1.00e-03  *
    epoch   50  train 0.60764 (tc 0.50671 hrr 0.33638)  valid 0.80432 (tc 0.67830 hrr 0.42004)  lr 1.00e-03  *
    epoch   51  train 0.60535 (tc 0.50508 hrr 0.33418)  valid 0.80189 (tc 0.67711 hrr 0.41591)  lr 1.00e-03  *
    epoch   52  train 0.60270 (tc 0.50286 hrr 0.33276)  valid 0.78979 (tc 0.66519 hrr 0.41536)  lr 1.00e-03  *
    epoch   56  train 0.59160 (tc 0.49281 hrr 0.32924)  valid 0.78526 (tc 0.66180 hrr 0.41153)  lr 1.00e-03  *
    epoch   57  train 0.59017 (tc 0.49211 hrr 0.32681)  valid 0.78221 (tc 0.65757 hrr 0.41543)  lr 1.00e-03  *
    epoch   58  train 0.58588 (tc 0.48803 hrr 0.32613)  valid 0.77367 (tc 0.65136 hrr 0.40770)  lr 1.00e-03  *
    epoch   60  train 0.58410 (tc 0.48685 hrr 0.32414)  valid 0.78516 (tc 0.66321 hrr 0.40650)  lr 1.00e-03
    epoch   61  train 0.58149 (tc 0.48442 hrr 0.32351)  valid 0.76890 (tc 0.64489 hrr 0.41335)  lr 1.00e-03  *
    epoch   62  train 0.57960 (tc 0.48277 hrr 0.32271)  valid 0.76251 (tc 0.64138 hrr 0.40378)  lr 1.00e-03  *
    epoch   65  train 0.57074 (tc 0.47527 hrr 0.31817)  valid 0.76158 (tc 0.64270 hrr 0.39626)  lr 1.00e-03  *
    epoch   66  train 0.56977 (tc 0.47454 hrr 0.31740)  valid 0.75863 (tc 0.64144 hrr 0.39063)  lr 1.00e-03  *
    epoch   67  train 0.56650 (tc 0.47153 hrr 0.31652)  valid 0.75587 (tc 0.63678 hrr 0.39697)  lr 1.00e-03  *
    epoch   70  train 0.56313 (tc 0.46891 hrr 0.31402)  valid 0.76548 (tc 0.64528 hrr 0.40068)  lr 1.00e-03
    epoch   71  train 0.56182 (tc 0.46794 hrr 0.31288)  valid 0.74737 (tc 0.63058 hrr 0.38931)  lr 1.00e-03  *
    epoch   72  train 0.56160 (tc 0.46681 hrr 0.31594)  valid 0.74592 (tc 0.62666 hrr 0.39751)  lr 1.00e-03  *
    epoch   73  train 0.55924 (tc 0.46461 hrr 0.31538)  valid 0.74459 (tc 0.62749 hrr 0.39034)  lr 1.00e-03  *
    epoch   74  train 0.55476 (tc 0.46114 hrr 0.31199)  valid 0.73352 (tc 0.61672 hrr 0.38933)  lr 1.00e-03  *
    epoch   80  train 0.54755 (tc 0.45555 hrr 0.30661)  valid 0.73618 (tc 0.61924 hrr 0.38982)  lr 1.00e-03
    epoch   83  train 0.53997 (tc 0.44851 hrr 0.30482)  valid 0.72660 (tc 0.61169 hrr 0.38304)  lr 1.00e-03  *
    epoch   85  train 0.53210 (tc 0.44192 hrr 0.30057)  valid 0.72447 (tc 0.60969 hrr 0.38260)  lr 1.00e-03  *
    epoch   87  train 0.52903 (tc 0.43915 hrr 0.29953)  valid 0.72022 (tc 0.60576 hrr 0.38154)  lr 1.00e-03  *
    epoch   90  train 0.52470 (tc 0.43539 hrr 0.29766)  valid 0.72441 (tc 0.60923 hrr 0.38394)  lr 1.00e-03
    epoch   93  train 0.52207 (tc 0.43336 hrr 0.29563)  valid 0.71148 (tc 0.59730 hrr 0.38060)  lr 1.00e-03  *
    epoch   95  train 0.51858 (tc 0.43032 hrr 0.29414)  valid 0.70135 (tc 0.58879 hrr 0.37520)  lr 1.00e-03  *
    epoch   97  train 0.51458 (tc 0.42690 hrr 0.29222)  valid 0.69909 (tc 0.58725 hrr 0.37281)  lr 1.00e-03  *
    epoch  100  train 0.52525 (tc 0.43568 hrr 0.29853)  valid 0.71560 (tc 0.60200 hrr 0.37866)  lr 1.00e-03
    epoch  103  train 0.51261 (tc 0.42433 hrr 0.29421)  valid 0.68938 (tc 0.57791 hrr 0.37156)  lr 1.00e-03  *
    epoch  105  train 0.50729 (tc 0.42037 hrr 0.28968)  valid 0.68135 (tc 0.57005 hrr 0.37101)  lr 1.00e-03  *
    epoch  106  train 0.50442 (tc 0.41772 hrr 0.28896)  valid 0.67971 (tc 0.56870 hrr 0.37004)  lr 1.00e-03  *
    epoch  108  train 0.50189 (tc 0.41548 hrr 0.28799)  valid 0.66633 (tc 0.55715 hrr 0.36392)  lr 1.00e-03  *
    epoch  110  train 0.50199 (tc 0.41533 hrr 0.28882)  valid 0.67619 (tc 0.56565 hrr 0.36848)  lr 1.00e-03
    epoch  111  train 0.49940 (tc 0.41313 hrr 0.28753)  valid 0.66307 (tc 0.55498 hrr 0.36029)  lr 1.00e-03  *
    epoch  113  train 0.49192 (tc 0.40581 hrr 0.28698)  valid 0.65442 (tc 0.54558 hrr 0.36280)  lr 1.00e-03  *
    epoch  114  train 0.47971 (tc 0.39380 hrr 0.28631)  valid 0.64230 (tc 0.53275 hrr 0.36518)  lr 1.00e-03  *
    epoch  115  train 0.46395 (tc 0.37821 hrr 0.28576)  valid 0.62920 (tc 0.52009 hrr 0.36371)  lr 1.00e-03  *
    epoch  116  train 0.45243 (tc 0.36728 hrr 0.28378)  valid 0.61186 (tc 0.50440 hrr 0.35822)  lr 1.00e-03  *
    epoch  117  train 0.44422 (tc 0.35948 hrr 0.28239)  valid 0.61023 (tc 0.50227 hrr 0.35989)  lr 1.00e-03  *
    epoch  118  train 0.43739 (tc 0.35283 hrr 0.28181)  valid 0.59987 (tc 0.49277 hrr 0.35700)  lr 1.00e-03  *
    epoch  119  train 0.43319 (tc 0.34892 hrr 0.28082)  valid 0.59914 (tc 0.48988 hrr 0.36418)  lr 1.00e-03  *
    epoch  120  train 0.42918 (tc 0.34510 hrr 0.28023)  valid 0.59033 (tc 0.48264 hrr 0.35896)  lr 1.00e-03  *
    epoch  122  train 0.42276 (tc 0.33885 hrr 0.27964)  valid 0.57867 (tc 0.47211 hrr 0.35519)  lr 1.00e-03  *
    epoch  124  train 0.41794 (tc 0.33431 hrr 0.27870)  valid 0.57723 (tc 0.46967 hrr 0.35853)  lr 1.00e-03  *
    epoch  128  train 0.41964 (tc 0.33557 hrr 0.28018)  valid 0.57321 (tc 0.46727 hrr 0.35316)  lr 1.00e-03  *
    epoch  130  train 0.41944 (tc 0.33523 hrr 0.28066)  valid 0.59761 (tc 0.48450 hrr 0.37703)  lr 1.00e-03
    epoch  135  train 0.40949 (tc 0.32690 hrr 0.27523)  valid 0.56089 (tc 0.45512 hrr 0.35255)  lr 1.00e-03  *
    epoch  139  train 0.40236 (tc 0.32089 hrr 0.27152)  valid 0.55632 (tc 0.45159 hrr 0.34910)  lr 1.00e-03  *
    epoch  140  train 0.40047 (tc 0.31917 hrr 0.27094)  valid 0.55982 (tc 0.45561 hrr 0.34734)  lr 1.00e-03
    epoch  143  train 0.39789 (tc 0.31707 hrr 0.26935)  valid 0.55105 (tc 0.44809 hrr 0.34322)  lr 1.00e-03  *
    epoch  146  train 0.39737 (tc 0.31615 hrr 0.27068)  valid 0.54843 (tc 0.44574 hrr 0.34229)  lr 1.00e-03  *
    epoch  149  train 0.39343 (tc 0.31334 hrr 0.26689)  valid 0.54612 (tc 0.44284 hrr 0.34427)  lr 1.00e-03  *
    epoch  150  train 0.39354 (tc 0.31350 hrr 0.26676)  valid 0.56394 (tc 0.45767 hrr 0.35423)  lr 1.00e-03
    epoch  160  train 0.39372 (tc 0.31407 hrr 0.26544)  valid 0.54852 (tc 0.44520 hrr 0.34438)  lr 1.00e-03
    epoch  162  train 0.38998 (tc 0.31101 hrr 0.26318)  valid 0.54533 (tc 0.44063 hrr 0.34900)  lr 1.00e-03  *
    epoch  164  train 0.38525 (tc 0.30682 hrr 0.26135)  valid 0.54040 (tc 0.43668 hrr 0.34574)  lr 1.00e-03  *
    epoch  170  train 0.37964 (tc 0.30219 hrr 0.25811)  valid 0.53887 (tc 0.43534 hrr 0.34509)  lr 1.00e-03  *
    epoch  171  train 0.37889 (tc 0.30156 hrr 0.25771)  valid 0.53638 (tc 0.43335 hrr 0.34344)  lr 1.00e-03  *
    epoch  175  train 0.37812 (tc 0.30114 hrr 0.25654)  valid 0.53596 (tc 0.43386 hrr 0.34034)  lr 1.00e-03  *
    epoch  176  train 0.37704 (tc 0.30019 hrr 0.25611)  valid 0.53273 (tc 0.43026 hrr 0.34160)  lr 1.00e-03  *
    epoch  179  train 0.37601 (tc 0.29923 hrr 0.25588)  valid 0.52891 (tc 0.42753 hrr 0.33791)  lr 1.00e-03  *
    epoch  180  train 0.37448 (tc 0.29790 hrr 0.25522)  valid 0.53291 (tc 0.43027 hrr 0.34212)  lr 1.00e-03
    epoch  186  train 0.37450 (tc 0.29841 hrr 0.25359)  valid 0.52540 (tc 0.42443 hrr 0.33656)  lr 1.00e-03  *
    epoch  189  train 0.36955 (tc 0.29420 hrr 0.25108)  valid 0.51973 (tc 0.41941 hrr 0.33440)  lr 1.00e-03  *
    epoch  190  train 0.36922 (tc 0.29412 hrr 0.25028)  valid 0.52057 (tc 0.42228 hrr 0.32765)  lr 1.00e-03
    epoch  191  train 0.36870 (tc 0.29368 hrr 0.25000)  valid 0.51708 (tc 0.41871 hrr 0.32791)  lr 1.00e-03  *
    epoch  192  train 0.36721 (tc 0.29252 hrr 0.24891)  valid 0.51567 (tc 0.41659 hrr 0.33026)  lr 1.00e-03  *
    epoch  193  train 0.36537 (tc 0.29076 hrr 0.24865)  valid 0.51399 (tc 0.41621 hrr 0.32595)  lr 1.00e-03  *
    epoch  200  train 0.36164 (tc 0.28790 hrr 0.24574)  valid 0.52433 (tc 0.42240 hrr 0.33977)  lr 1.00e-03
    epoch  210  train 0.35883 (tc 0.28587 hrr 0.24313)  valid 0.52105 (tc 0.41945 hrr 0.33867)  lr 5.00e-04
    epoch  220  train 0.35633 (tc 0.28394 hrr 0.24124)  valid 0.51909 (tc 0.41864 hrr 0.33481)  lr 5.00e-04
    epoch  228  train 0.35199 (tc 0.28042 hrr 0.23853)  valid 0.51309 (tc 0.41339 hrr 0.33234)  lr 2.50e-04  *
    epoch  230  train 0.35150 (tc 0.27996 hrr 0.23840)  valid 0.51608 (tc 0.41510 hrr 0.33663)  lr 2.50e-04
    epoch  233  train 0.35119 (tc 0.27973 hrr 0.23813)  valid 0.51269 (tc 0.41375 hrr 0.32978)  lr 2.50e-04  *
    epoch  234  train 0.35090 (tc 0.27948 hrr 0.23801)  valid 0.51242 (tc 0.41378 hrr 0.32880)  lr 2.50e-04  *
    epoch  235  train 0.35053 (tc 0.27910 hrr 0.23805)  valid 0.51158 (tc 0.41268 hrr 0.32969)  lr 2.50e-04  *
    epoch  240  train 0.35027 (tc 0.27891 hrr 0.23783)  valid 0.51054 (tc 0.41119 hrr 0.33117)  lr 2.50e-04  *
    epoch  241  train 0.34995 (tc 0.27870 hrr 0.23747)  valid 0.51013 (tc 0.41092 hrr 0.33069)  lr 2.50e-04  *
    epoch  250  train 0.34928 (tc 0.27824 hrr 0.23673)  valid 0.51461 (tc 0.41358 hrr 0.33674)  lr 2.50e-04
    epoch  260  train 0.34859 (tc 0.27776 hrr 0.23602)  valid 0.51413 (tc 0.41330 hrr 0.33609)  lr 1.25e-04
    epoch  270  train 0.34821 (tc 0.27748 hrr 0.23568)  valid 0.51271 (tc 0.41242 hrr 0.33433)  lr 1.25e-04
    epoch  280  train 0.34719 (tc 0.27669 hrr 0.23495)  valid 0.51240 (tc 0.41151 hrr 0.33631)  lr 6.25e-05
    epoch  290  train 0.34699 (tc 0.27643 hrr 0.23517)  valid 0.51354 (tc 0.41209 hrr 0.33816)  lr 3.13e-05
    epoch  300  train 0.34657 (tc 0.27609 hrr 0.23486)  valid 0.51253 (tc 0.41166 hrr 0.33623)  lr 3.13e-05
    early stop at epoch 301 (best 0.51013 @ 241)
    saved models_part1_kanbal_s48_r2\part1_member0.pt  (2.5 min)

  === member 2/3 (seed 49) ===
    [sentinel] weights moved after epoch 0: |dW| = 3.4834e+00
    epoch    0  train 1.89383 (tc 1.47337 hrr 1.40149)  valid 1.52713 (tc 1.24039 hrr 0.95581)  lr 1.00e-03  *
    epoch    1  train 1.32806 (tc 1.11649 hrr 0.70517)  valid 1.40063 (tc 1.18484 hrr 0.71929)  lr 1.00e-03  *
    epoch    2  train 1.23391 (tc 1.05643 hrr 0.59157)  valid 1.34155 (tc 1.14388 hrr 0.65892)  lr 1.00e-03  *
    epoch    3  train 1.17231 (tc 1.00744 hrr 0.54954)  valid 1.28072 (tc 1.09326 hrr 0.62487)  lr 1.00e-03  *
    epoch    4  train 1.11939 (tc 0.96216 hrr 0.52404)  valid 1.23410 (tc 1.05088 hrr 0.61073)  lr 1.00e-03  *
    epoch    5  train 1.07917 (tc 0.92644 hrr 0.50903)  valid 1.22287 (tc 1.04629 hrr 0.58859)  lr 1.00e-03  *
    epoch    6  train 1.04651 (tc 0.89841 hrr 0.49361)  valid 1.16261 (tc 0.98846 hrr 0.58052)  lr 1.00e-03  *
    epoch    7  train 1.01239 (tc 0.86737 hrr 0.48335)  valid 1.15580 (tc 0.98462 hrr 0.57059)  lr 1.00e-03  *
    epoch    8  train 0.99354 (tc 0.85143 hrr 0.47366)  valid 1.10963 (tc 0.94001 hrr 0.56539)  lr 1.00e-03  *
    epoch    9  train 0.97500 (tc 0.83278 hrr 0.47403)  valid 1.08533 (tc 0.92113 hrr 0.54731)  lr 1.00e-03  *
    epoch   10  train 0.95510 (tc 0.81775 hrr 0.45778)  valid 1.07819 (tc 0.91614 hrr 0.54017)  lr 1.00e-03  *
    epoch   11  train 0.94473 (tc 0.81029 hrr 0.44809)  valid 1.06669 (tc 0.90569 hrr 0.53666)  lr 1.00e-03  *
    epoch   12  train 0.93169 (tc 0.79868 hrr 0.44331)  valid 1.04763 (tc 0.88974 hrr 0.52631)  lr 1.00e-03  *
    epoch   13  train 0.91747 (tc 0.78670 hrr 0.43586)  valid 1.03087 (tc 0.87740 hrr 0.51156)  lr 1.00e-03  *
    epoch   14  train 0.90237 (tc 0.77401 hrr 0.42782)  valid 1.02790 (tc 0.87327 hrr 0.51545)  lr 1.00e-03  *
    epoch   15  train 0.89312 (tc 0.76667 hrr 0.42146)  valid 1.01469 (tc 0.86606 hrr 0.49544)  lr 1.00e-03  *
    epoch   16  train 0.88177 (tc 0.75779 hrr 0.41322)  valid 1.01151 (tc 0.86194 hrr 0.49854)  lr 1.00e-03  *
    epoch   17  train 0.88039 (tc 0.75727 hrr 0.41034)  valid 0.99563 (tc 0.84737 hrr 0.49420)  lr 1.00e-03  *
    epoch   18  train 0.87171 (tc 0.74831 hrr 0.41130)  valid 0.99160 (tc 0.84369 hrr 0.49303)  lr 1.00e-03  *
    epoch   20  train 0.84421 (tc 0.72320 hrr 0.40331)  valid 0.98606 (tc 0.84099 hrr 0.48357)  lr 1.00e-03  *
    epoch   21  train 0.83427 (tc 0.71413 hrr 0.40041)  valid 0.96888 (tc 0.82249 hrr 0.48795)  lr 1.00e-03  *
    epoch   22  train 0.82421 (tc 0.70417 hrr 0.40010)  valid 0.95944 (tc 0.81437 hrr 0.48359)  lr 1.00e-03  *
    epoch   24  train 0.79168 (tc 0.67571 hrr 0.38651)  valid 0.94778 (tc 0.80532 hrr 0.47489)  lr 1.00e-03  *
    epoch   25  train 0.77792 (tc 0.66304 hrr 0.38291)  valid 0.93438 (tc 0.79347 hrr 0.46972)  lr 1.00e-03  *
    epoch   30  train 0.74493 (tc 0.63259 hrr 0.37442)  valid 0.93224 (tc 0.78765 hrr 0.48196)  lr 1.00e-03  *
    epoch   31  train 0.72789 (tc 0.61687 hrr 0.37000)  valid 0.90350 (tc 0.76187 hrr 0.47210)  lr 1.00e-03  *
    epoch   32  train 0.71244 (tc 0.60267 hrr 0.36587)  valid 0.89772 (tc 0.75682 hrr 0.46967)  lr 1.00e-03  *
    epoch   34  train 0.69309 (tc 0.58442 hrr 0.36218)  valid 0.89136 (tc 0.74900 hrr 0.47452)  lr 1.00e-03  *
    epoch   35  train 0.69226 (tc 0.58370 hrr 0.36182)  valid 0.88573 (tc 0.74652 hrr 0.46403)  lr 1.00e-03  *
    epoch   36  train 0.68159 (tc 0.57291 hrr 0.36222)  valid 0.86777 (tc 0.72995 hrr 0.45941)  lr 1.00e-03  *
    epoch   37  train 0.66203 (tc 0.55437 hrr 0.35881)  valid 0.85364 (tc 0.71520 hrr 0.46146)  lr 1.00e-03  *
    epoch   38  train 0.65044 (tc 0.54332 hrr 0.35702)  valid 0.85001 (tc 0.71315 hrr 0.45620)  lr 1.00e-03  *
    epoch   39  train 0.64057 (tc 0.53415 hrr 0.35468)  valid 0.84690 (tc 0.71087 hrr 0.45344)  lr 1.00e-03  *
    epoch   40  train 0.63207 (tc 0.52645 hrr 0.35200)  valid 0.84234 (tc 0.70448 hrr 0.45952)  lr 1.00e-03  *
    epoch   41  train 0.62412 (tc 0.51961 hrr 0.34834)  valid 0.82951 (tc 0.69449 hrr 0.45005)  lr 1.00e-03  *
    epoch   43  train 0.61435 (tc 0.51107 hrr 0.34423)  valid 0.82316 (tc 0.69136 hrr 0.43933)  lr 1.00e-03  *
    epoch   45  train 0.61094 (tc 0.50782 hrr 0.34371)  valid 0.81457 (tc 0.68309 hrr 0.43826)  lr 1.00e-03  *
    epoch   50  train 0.59836 (tc 0.49618 hrr 0.34055)  valid 0.80787 (tc 0.67904 hrr 0.42943)  lr 1.00e-03  *
    epoch   52  train 0.58485 (tc 0.48388 hrr 0.33651)  valid 0.79549 (tc 0.66672 hrr 0.42923)  lr 1.00e-03  *
    epoch   53  train 0.57915 (tc 0.47908 hrr 0.33352)  valid 0.79396 (tc 0.66398 hrr 0.43324)  lr 1.00e-03  *
    epoch   54  train 0.57217 (tc 0.47254 hrr 0.33207)  valid 0.78790 (tc 0.65936 hrr 0.42848)  lr 1.00e-03  *
    epoch   58  train 0.56404 (tc 0.46512 hrr 0.32968)  valid 0.77790 (tc 0.65075 hrr 0.42385)  lr 1.00e-03  *
    epoch   60  train 0.55825 (tc 0.46063 hrr 0.32533)  valid 0.80068 (tc 0.67122 hrr 0.43153)  lr 1.00e-03
    epoch   62  train 0.55331 (tc 0.45628 hrr 0.32339)  valid 0.77498 (tc 0.64801 hrr 0.42326)  lr 1.00e-03  *
    epoch   65  train 0.54562 (tc 0.44902 hrr 0.32193)  valid 0.77189 (tc 0.64515 hrr 0.42246)  lr 1.00e-03  *
    epoch   66  train 0.54012 (tc 0.44406 hrr 0.32013)  valid 0.76176 (tc 0.63535 hrr 0.42137)  lr 1.00e-03  *
    epoch   69  train 0.53517 (tc 0.43940 hrr 0.31916)  valid 0.75872 (tc 0.63444 hrr 0.41426)  lr 1.00e-03  *
    epoch   70  train 0.53976 (tc 0.44403 hrr 0.31906)  valid 0.74595 (tc 0.62266 hrr 0.41098)  lr 1.00e-03  *
    epoch   72  train 0.53546 (tc 0.43989 hrr 0.31853)  valid 0.74098 (tc 0.61640 hrr 0.41528)  lr 1.00e-03  *
    epoch   74  train 0.52540 (tc 0.43077 hrr 0.31536)  valid 0.73570 (tc 0.61222 hrr 0.41160)  lr 1.00e-03  *
    epoch   78  train 0.51136 (tc 0.41810 hrr 0.31082)  valid 0.72708 (tc 0.60308 hrr 0.41332)  lr 1.00e-03  *
    epoch   80  train 0.50647 (tc 0.41384 hrr 0.30871)  valid 0.72834 (tc 0.60608 hrr 0.40752)  lr 1.00e-03
    epoch   81  train 0.50481 (tc 0.41228 hrr 0.30835)  valid 0.72362 (tc 0.60217 hrr 0.40483)  lr 1.00e-03  *
    epoch   82  train 0.50049 (tc 0.40839 hrr 0.30696)  valid 0.71995 (tc 0.59864 hrr 0.40438)  lr 1.00e-03  *
    epoch   84  train 0.49682 (tc 0.40518 hrr 0.30540)  valid 0.71849 (tc 0.59497 hrr 0.41174)  lr 1.00e-03  *
    epoch   85  train 0.49407 (tc 0.40268 hrr 0.30459)  valid 0.71043 (tc 0.58890 hrr 0.40511)  lr 1.00e-03  *
    epoch   86  train 0.48978 (tc 0.39885 hrr 0.30307)  valid 0.70304 (tc 0.58293 hrr 0.40036)  lr 1.00e-03  *
    epoch   88  train 0.48408 (tc 0.39353 hrr 0.30175)  valid 0.69880 (tc 0.57867 hrr 0.40043)  lr 1.00e-03  *
    epoch   90  train 0.47744 (tc 0.38711 hrr 0.30105)  valid 0.69736 (tc 0.57682 hrr 0.40179)  lr 1.00e-03  *
    epoch   91  train 0.47593 (tc 0.38556 hrr 0.30117)  valid 0.69136 (tc 0.56984 hrr 0.40508)  lr 1.00e-03  *
    epoch   92  train 0.47415 (tc 0.38389 hrr 0.30084)  valid 0.68911 (tc 0.56747 hrr 0.40545)  lr 1.00e-03  *
    epoch   93  train 0.46999 (tc 0.37997 hrr 0.30002)  valid 0.68626 (tc 0.56422 hrr 0.40680)  lr 1.00e-03  *
    epoch   94  train 0.46761 (tc 0.37779 hrr 0.29934)  valid 0.68263 (tc 0.56150 hrr 0.40378)  lr 1.00e-03  *
    epoch   95  train 0.46361 (tc 0.37404 hrr 0.29852)  valid 0.67605 (tc 0.55488 hrr 0.40388)  lr 1.00e-03  *
    epoch   96  train 0.46091 (tc 0.37147 hrr 0.29808)  valid 0.66602 (tc 0.54557 hrr 0.40150)  lr 1.00e-03  *
    epoch   97  train 0.45476 (tc 0.36520 hrr 0.29848)  valid 0.65578 (tc 0.53460 hrr 0.40393)  lr 1.00e-03  *
    epoch   98  train 0.43786 (tc 0.34825 hrr 0.29865)  valid 0.63823 (tc 0.51894 hrr 0.39761)  lr 1.00e-03  *
    epoch   99  train 0.43098 (tc 0.34136 hrr 0.29866)  valid 0.62864 (tc 0.50999 hrr 0.39551)  lr 1.00e-03  *
    epoch  100  train 0.42616 (tc 0.33670 hrr 0.29817)  valid 0.61821 (tc 0.50017 hrr 0.39349)  lr 1.00e-03  *
    epoch  101  train 0.41687 (tc 0.32773 hrr 0.29707)  valid 0.60345 (tc 0.48492 hrr 0.39511)  lr 1.00e-03  *
    epoch  103  train 0.40317 (tc 0.31453 hrr 0.29542)  valid 0.59160 (tc 0.47421 hrr 0.39130)  lr 1.00e-03  *
    epoch  109  train 0.38887 (tc 0.29989 hrr 0.29655)  valid 0.58427 (tc 0.46344 hrr 0.40274)  lr 1.00e-03  *
    epoch  110  train 0.38331 (tc 0.29498 hrr 0.29440)  valid 0.59268 (tc 0.47149 hrr 0.40396)  lr 1.00e-03
    epoch  111  train 0.38639 (tc 0.29758 hrr 0.29597)  valid 0.57278 (tc 0.45518 hrr 0.39200)  lr 1.00e-03  *
    epoch  115  train 0.37191 (tc 0.28480 hrr 0.29033)  valid 0.56851 (tc 0.45120 hrr 0.39104)  lr 1.00e-03  *
    epoch  116  train 0.36682 (tc 0.28047 hrr 0.28778)  valid 0.56535 (tc 0.44843 hrr 0.38974)  lr 1.00e-03  *
    epoch  117  train 0.36385 (tc 0.27789 hrr 0.28649)  valid 0.56454 (tc 0.44822 hrr 0.38775)  lr 1.00e-03  *
    epoch  120  train 0.35828 (tc 0.27276 hrr 0.28502)  valid 0.55465 (tc 0.43854 hrr 0.38703)  lr 1.00e-03  *
    epoch  126  train 0.34905 (tc 0.26442 hrr 0.28203)  valid 0.55214 (tc 0.43427 hrr 0.39290)  lr 1.00e-03  *
    epoch  128  train 0.34599 (tc 0.26169 hrr 0.28094)  valid 0.54875 (tc 0.43232 hrr 0.38809)  lr 1.00e-03  *
    epoch  130  train 0.34288 (tc 0.25920 hrr 0.27887)  valid 0.54998 (tc 0.43357 hrr 0.38802)  lr 1.00e-03
    epoch  135  train 0.34717 (tc 0.26255 hrr 0.28201)  valid 0.54771 (tc 0.43138 hrr 0.38775)  lr 1.00e-03  *
    epoch  138  train 0.34239 (tc 0.25921 hrr 0.27721)  valid 0.54608 (tc 0.43172 hrr 0.38117)  lr 1.00e-03  *
    epoch  139  train 0.33952 (tc 0.25644 hrr 0.27690)  valid 0.54120 (tc 0.42524 hrr 0.38654)  lr 1.00e-03  *
    epoch  140  train 0.33614 (tc 0.25310 hrr 0.27673)  valid 0.53728 (tc 0.42188 hrr 0.38467)  lr 1.00e-03  *
    epoch  142  train 0.33047 (tc 0.24767 hrr 0.27594)  valid 0.53502 (tc 0.42015 hrr 0.38289)  lr 1.00e-03  *
    epoch  143  train 0.32886 (tc 0.24640 hrr 0.27481)  valid 0.53467 (tc 0.41866 hrr 0.38672)  lr 1.00e-03  *
    epoch  146  train 0.32502 (tc 0.24326 hrr 0.27247)  valid 0.53105 (tc 0.41585 hrr 0.38400)  lr 1.00e-03  *
    epoch  150  train 0.32262 (tc 0.24134 hrr 0.27088)  valid 0.53726 (tc 0.42048 hrr 0.38925)  lr 1.00e-03
    epoch  153  train 0.31986 (tc 0.23904 hrr 0.26932)  valid 0.53021 (tc 0.41626 hrr 0.37983)  lr 1.00e-03  *
    epoch  155  train 0.31966 (tc 0.23901 hrr 0.26877)  valid 0.52419 (tc 0.41039 hrr 0.37933)  lr 1.00e-03  *
    epoch  158  train 0.31627 (tc 0.23609 hrr 0.26721)  valid 0.52236 (tc 0.40853 hrr 0.37946)  lr 1.00e-03  *
    epoch  160  train 0.31660 (tc 0.23646 hrr 0.26708)  valid 0.53212 (tc 0.41747 hrr 0.38216)  lr 1.00e-03
    epoch  166  train 0.31385 (tc 0.23395 hrr 0.26627)  valid 0.52159 (tc 0.40714 hrr 0.38149)  lr 1.00e-03  *
    epoch  167  train 0.31380 (tc 0.23355 hrr 0.26746)  valid 0.50688 (tc 0.39701 hrr 0.36625)  lr 1.00e-03  *
    epoch  170  train 0.31051 (tc 0.23126 hrr 0.26409)  valid 0.52203 (tc 0.40740 hrr 0.38211)  lr 1.00e-03
    epoch  180  train 0.30487 (tc 0.22650 hrr 0.26119)  valid 0.52238 (tc 0.40835 hrr 0.38009)  lr 1.00e-03
    epoch  186  train 0.30537 (tc 0.22694 hrr 0.26137)  valid 0.50131 (tc 0.39111 hrr 0.36736)  lr 5.00e-04  *
    epoch  188  train 0.30044 (tc 0.22266 hrr 0.25918)  valid 0.49855 (tc 0.38910 hrr 0.36485)  lr 5.00e-04  *
    epoch  190  train 0.29827 (tc 0.22104 hrr 0.25740)  valid 0.49339 (tc 0.38550 hrr 0.35962)  lr 5.00e-04  *
    epoch  193  train 0.29597 (tc 0.21928 hrr 0.25557)  valid 0.49125 (tc 0.38319 hrr 0.36020)  lr 5.00e-04  *
    epoch  200  train 0.29338 (tc 0.21721 hrr 0.25384)  valid 0.49624 (tc 0.38775 hrr 0.36164)  lr 5.00e-04
    epoch  210  train 0.29198 (tc 0.21625 hrr 0.25235)  valid 0.49455 (tc 0.38730 hrr 0.35751)  lr 2.50e-04
    epoch  220  train 0.28848 (tc 0.21335 hrr 0.25039)  valid 0.49506 (tc 0.38762 hrr 0.35813)  lr 2.50e-04
    epoch  230  train 0.28706 (tc 0.21218 hrr 0.24953)  valid 0.49826 (tc 0.39013 hrr 0.36044)  lr 1.25e-04
    epoch  240  train 0.28654 (tc 0.21189 hrr 0.24876)  valid 0.49897 (tc 0.39047 hrr 0.36169)  lr 1.25e-04
    epoch  250  train 0.28581 (tc 0.21126 hrr 0.24844)  valid 0.50142 (tc 0.39246 hrr 0.36320)  lr 6.25e-05
    early stop at epoch 253 (best 0.49125 @ 193)
    saved models_part1_kanbal_s48_r2\part1_member1.pt  (2.0 min)

  === member 3/3 (seed 50) ===
    [sentinel] weights moved after epoch 0: |dW| = 3.3408e+00
    epoch    0  train 1.81055 (tc 1.43098 hrr 1.26519)  valid 1.54442 (tc 1.27012 hrr 0.91433)  lr 1.00e-03  *
    epoch    1  train 1.36155 (tc 1.15622 hrr 0.68438)  valid 1.43659 (tc 1.23823 hrr 0.66118)  lr 1.00e-03  *
    epoch    2  train 1.21839 (tc 1.05203 hrr 0.55449)  valid 1.25706 (tc 1.07842 hrr 0.59548)  lr 1.00e-03  *
    epoch    3  train 1.09166 (tc 0.93543 hrr 0.52072)  valid 1.22794 (tc 1.05172 hrr 0.58740)  lr 1.00e-03  *
    epoch    4  train 1.06509 (tc 0.91181 hrr 0.51090)  valid 1.19918 (tc 1.02499 hrr 0.58064)  lr 1.00e-03  *
    epoch    5  train 1.02739 (tc 0.88037 hrr 0.49003)  valid 1.18080 (tc 1.00939 hrr 0.57137)  lr 1.00e-03  *
    epoch    6  train 1.00035 (tc 0.85698 hrr 0.47786)  valid 1.17154 (tc 1.00106 hrr 0.56828)  lr 1.00e-03  *
    epoch    7  train 0.97512 (tc 0.83398 hrr 0.47043)  valid 1.16205 (tc 0.99298 hrr 0.56356)  lr 1.00e-03  *
    epoch    8  train 0.95505 (tc 0.81616 hrr 0.46291)  valid 1.13782 (tc 0.97071 hrr 0.55704)  lr 1.00e-03  *
    epoch    9  train 0.93376 (tc 0.79795 hrr 0.45264)  valid 1.11538 (tc 0.95094 hrr 0.54813)  lr 1.00e-03  *
    epoch   10  train 0.91872 (tc 0.78445 hrr 0.44752)  valid 1.08601 (tc 0.92364 hrr 0.54123)  lr 1.00e-03  *
    epoch   12  train 0.88694 (tc 0.75474 hrr 0.44064)  valid 1.07038 (tc 0.90687 hrr 0.54504)  lr 1.00e-03  *
    epoch   13  train 0.87137 (tc 0.73981 hrr 0.43848)  valid 1.05878 (tc 0.89881 hrr 0.53324)  lr 1.00e-03  *
    epoch   14  train 0.85704 (tc 0.72795 hrr 0.43024)  valid 1.03875 (tc 0.87856 hrr 0.53399)  lr 1.00e-03  *
    epoch   15  train 0.84735 (tc 0.71921 hrr 0.42711)  valid 1.02809 (tc 0.86717 hrr 0.53640)  lr 1.00e-03  *
    epoch   16  train 0.83324 (tc 0.70729 hrr 0.41977)  valid 1.01286 (tc 0.85651 hrr 0.52116)  lr 1.00e-03  *
    epoch   17  train 0.82281 (tc 0.69831 hrr 0.41496)  valid 1.00502 (tc 0.84962 hrr 0.51801)  lr 1.00e-03  *
    epoch   18  train 0.80805 (tc 0.68437 hrr 0.41223)  valid 0.98970 (tc 0.83724 hrr 0.50820)  lr 1.00e-03  *
    epoch   19  train 0.80331 (tc 0.68097 hrr 0.40775)  valid 0.98568 (tc 0.83362 hrr 0.50687)  lr 1.00e-03  *
    epoch   20  train 0.79565 (tc 0.67313 hrr 0.40834)  valid 0.99470 (tc 0.84412 hrr 0.50192)  lr 1.00e-03
    epoch   21  train 0.79033 (tc 0.66950 hrr 0.40271)  valid 0.96156 (tc 0.81542 hrr 0.48715)  lr 1.00e-03  *
    epoch   23  train 0.77011 (tc 0.65181 hrr 0.39430)  valid 0.95262 (tc 0.80679 hrr 0.48611)  lr 1.00e-03  *
    epoch   24  train 0.76173 (tc 0.64421 hrr 0.39167)  valid 0.94720 (tc 0.80089 hrr 0.48768)  lr 1.00e-03  *
    epoch   26  train 0.75121 (tc 0.63546 hrr 0.38577)  valid 0.94125 (tc 0.79853 hrr 0.47575)  lr 1.00e-03  *
    epoch   27  train 0.73821 (tc 0.62390 hrr 0.38097)  valid 0.92467 (tc 0.78373 hrr 0.46980)  lr 1.00e-03  *
    epoch   28  train 0.73109 (tc 0.61778 hrr 0.37763)  valid 0.91224 (tc 0.77398 hrr 0.46089)  lr 1.00e-03  *
    epoch   30  train 0.72296 (tc 0.61033 hrr 0.37539)  valid 0.91145 (tc 0.77324 hrr 0.46070)  lr 1.00e-03  *
    epoch   31  train 0.71485 (tc 0.60381 hrr 0.37009)  valid 0.89902 (tc 0.76088 hrr 0.46046)  lr 1.00e-03  *
    epoch   33  train 0.70321 (tc 0.59363 hrr 0.36521)  valid 0.88347 (tc 0.74686 hrr 0.45535)  lr 1.00e-03  *
    epoch   34  train 0.69524 (tc 0.58522 hrr 0.36669)  valid 0.87463 (tc 0.73869 hrr 0.45313)  lr 1.00e-03  *
    epoch   37  train 0.67871 (tc 0.57053 hrr 0.36054)  valid 0.87268 (tc 0.73613 hrr 0.45517)  lr 1.00e-03  *
    epoch   38  train 0.67045 (tc 0.56291 hrr 0.35839)  valid 0.87026 (tc 0.73400 hrr 0.45421)  lr 1.00e-03  *
    epoch   39  train 0.66131 (tc 0.55540 hrr 0.35297)  valid 0.85213 (tc 0.71997 hrr 0.44053)  lr 1.00e-03  *
    epoch   40  train 0.65555 (tc 0.54987 hrr 0.35221)  valid 0.84051 (tc 0.71060 hrr 0.43304)  lr 1.00e-03  *
    epoch   42  train 0.64709 (tc 0.54209 hrr 0.34997)  valid 0.83880 (tc 0.70765 hrr 0.43716)  lr 1.00e-03  *
    epoch   43  train 0.64302 (tc 0.53790 hrr 0.35036)  valid 0.83541 (tc 0.70467 hrr 0.43578)  lr 1.00e-03  *
    epoch   45  train 0.64183 (tc 0.53538 hrr 0.35478)  valid 0.82563 (tc 0.69520 hrr 0.43478)  lr 1.00e-03  *
    epoch   47  train 0.63074 (tc 0.52647 hrr 0.34751)  valid 0.81142 (tc 0.68209 hrr 0.43111)  lr 1.00e-03  *
    epoch   48  train 0.62367 (tc 0.51988 hrr 0.34590)  valid 0.80319 (tc 0.67564 hrr 0.42515)  lr 1.00e-03  *
    epoch   50  train 0.61017 (tc 0.50767 hrr 0.34163)  valid 0.79111 (tc 0.66327 hrr 0.42613)  lr 1.00e-03  *
    epoch   51  train 0.60245 (tc 0.50126 hrr 0.33725)  valid 0.78611 (tc 0.65882 hrr 0.42427)  lr 1.00e-03  *
    epoch   52  train 0.59863 (tc 0.49736 hrr 0.33750)  valid 0.78432 (tc 0.65703 hrr 0.42429)  lr 1.00e-03  *
    epoch   54  train 0.59101 (tc 0.48985 hrr 0.33715)  valid 0.78346 (tc 0.65454 hrr 0.42973)  lr 1.00e-03  *
    epoch   55  train 0.58257 (tc 0.48232 hrr 0.33409)  valid 0.76006 (tc 0.63443 hrr 0.41876)  lr 1.00e-03  *
    epoch   57  train 0.57131 (tc 0.47174 hrr 0.33184)  valid 0.75805 (tc 0.63221 hrr 0.41944)  lr 1.00e-03  *
    epoch   58  train 0.56424 (tc 0.46549 hrr 0.32912)  valid 0.75032 (tc 0.62600 hrr 0.41437)  lr 1.00e-03  *
    epoch   59  train 0.55856 (tc 0.46017 hrr 0.32790)  valid 0.74131 (tc 0.61707 hrr 0.41412)  lr 1.00e-03  *
    epoch   60  train 0.55245 (tc 0.45437 hrr 0.32685)  valid 0.73450 (tc 0.61043 hrr 0.41356)  lr 1.00e-03  *
    epoch   61  train 0.54924 (tc 0.45147 hrr 0.32586)  valid 0.73353 (tc 0.60982 hrr 0.41235)  lr 1.00e-03  *
    epoch   62  train 0.54311 (tc 0.44537 hrr 0.32576)  valid 0.72250 (tc 0.59706 hrr 0.41813)  lr 1.00e-03  *
    epoch   63  train 0.53863 (tc 0.44080 hrr 0.32606)  valid 0.71923 (tc 0.59279 hrr 0.42148)  lr 1.00e-03  *
    epoch   65  train 0.52705 (tc 0.43032 hrr 0.32240)  valid 0.70615 (tc 0.58318 hrr 0.40990)  lr 1.00e-03  *
    epoch   66  train 0.51956 (tc 0.42312 hrr 0.32140)  valid 0.69916 (tc 0.57484 hrr 0.41440)  lr 1.00e-03  *
    epoch   67  train 0.51162 (tc 0.41572 hrr 0.31962)  valid 0.69335 (tc 0.57056 hrr 0.40931)  lr 1.00e-03  *
    epoch   68  train 0.50476 (tc 0.40937 hrr 0.31791)  valid 0.68525 (tc 0.56365 hrr 0.40531)  lr 1.00e-03  *
    epoch   69  train 0.49873 (tc 0.40352 hrr 0.31733)  valid 0.67860 (tc 0.55604 hrr 0.40854)  lr 1.00e-03  *
    epoch   70  train 0.49411 (tc 0.39922 hrr 0.31626)  valid 0.67242 (tc 0.55105 hrr 0.40456)  lr 1.00e-03  *
    epoch   71  train 0.48946 (tc 0.39492 hrr 0.31509)  valid 0.66898 (tc 0.54789 hrr 0.40363)  lr 1.00e-03  *
    epoch   72  train 0.48545 (tc 0.39079 hrr 0.31549)  valid 0.66555 (tc 0.54430 hrr 0.40419)  lr 1.00e-03  *
    epoch   73  train 0.47822 (tc 0.38415 hrr 0.31353)  valid 0.65382 (tc 0.53391 hrr 0.39972)  lr 1.00e-03  *
    epoch   74  train 0.47159 (tc 0.37756 hrr 0.31335)  valid 0.64978 (tc 0.52875 hrr 0.40345)  lr 1.00e-03  *
    epoch   76  train 0.46392 (tc 0.36985 hrr 0.31351)  valid 0.64734 (tc 0.52406 hrr 0.41092)  lr 1.00e-03  *
    epoch   77  train 0.45728 (tc 0.36364 hrr 0.31208)  valid 0.62690 (tc 0.50844 hrr 0.39484)  lr 1.00e-03  *
    epoch   79  train 0.45196 (tc 0.35898 hrr 0.30986)  valid 0.62147 (tc 0.50303 hrr 0.39480)  lr 1.00e-03  *
    epoch   80  train 0.44753 (tc 0.35488 hrr 0.30879)  valid 0.62163 (tc 0.50142 hrr 0.40072)  lr 1.00e-03
    epoch   81  train 0.44445 (tc 0.35143 hrr 0.31002)  valid 0.61793 (tc 0.49831 hrr 0.39874)  lr 1.00e-03  *
    epoch   82  train 0.43957 (tc 0.34726 hrr 0.30766)  valid 0.60773 (tc 0.48945 hrr 0.39427)  lr 1.00e-03  *
    epoch   84  train 0.43302 (tc 0.34168 hrr 0.30443)  valid 0.60539 (tc 0.48921 hrr 0.38729)  lr 1.00e-03  *
    epoch   86  train 0.42654 (tc 0.33591 hrr 0.30205)  valid 0.60307 (tc 0.48608 hrr 0.38996)  lr 1.00e-03  *
    epoch   87  train 0.42421 (tc 0.33403 hrr 0.30053)  valid 0.59596 (tc 0.47895 hrr 0.39002)  lr 1.00e-03  *
    epoch   88  train 0.42108 (tc 0.33121 hrr 0.29954)  valid 0.59350 (tc 0.47788 hrr 0.38540)  lr 1.00e-03  *
    epoch   89  train 0.41843 (tc 0.32887 hrr 0.29846)  valid 0.59134 (tc 0.47524 hrr 0.38699)  lr 1.00e-03  *
    epoch   90  train 0.41663 (tc 0.32720 hrr 0.29802)  valid 0.59102 (tc 0.47502 hrr 0.38664)  lr 1.00e-03  *
    epoch   94  train 0.42166 (tc 0.33061 hrr 0.30345)  valid 0.58577 (tc 0.46989 hrr 0.38626)  lr 1.00e-03  *
    epoch   95  train 0.41661 (tc 0.32687 hrr 0.29906)  valid 0.58085 (tc 0.46443 hrr 0.38805)  lr 1.00e-03  *
    epoch   97  train 0.40893 (tc 0.32051 hrr 0.29469)  valid 0.57936 (tc 0.46372 hrr 0.38544)  lr 1.00e-03  *
    epoch   99  train 0.40370 (tc 0.31612 hrr 0.29187)  valid 0.56775 (tc 0.45384 hrr 0.37969)  lr 1.00e-03  *
    epoch  100  train 0.40156 (tc 0.31408 hrr 0.29155)  valid 0.56667 (tc 0.45097 hrr 0.38567)  lr 1.00e-03  *
    epoch  103  train 0.39691 (tc 0.31037 hrr 0.28844)  valid 0.56338 (tc 0.45083 hrr 0.37516)  lr 1.00e-03  *
    epoch  106  train 0.39849 (tc 0.31186 hrr 0.28872)  valid 0.56046 (tc 0.44827 hrr 0.37396)  lr 1.00e-03  *
    epoch  110  train 0.38867 (tc 0.30355 hrr 0.28366)  valid 0.55681 (tc 0.44503 hrr 0.37259)  lr 1.00e-03  *
    epoch  111  train 0.38664 (tc 0.30178 hrr 0.28281)  valid 0.55635 (tc 0.44379 hrr 0.37519)  lr 1.00e-03  *
    epoch  113  train 0.38575 (tc 0.30127 hrr 0.28153)  valid 0.54986 (tc 0.43851 hrr 0.37117)  lr 1.00e-03  *
    epoch  115  train 0.38185 (tc 0.29795 hrr 0.27961)  valid 0.54135 (tc 0.43147 hrr 0.36627)  lr 1.00e-03  *
    epoch  119  train 0.37688 (tc 0.29423 hrr 0.27546)  valid 0.53666 (tc 0.42825 hrr 0.36137)  lr 1.00e-03  *
    epoch  120  train 0.37577 (tc 0.29340 hrr 0.27450)  valid 0.54354 (tc 0.43399 hrr 0.36515)  lr 1.00e-03
    epoch  124  train 0.37203 (tc 0.29043 hrr 0.27195)  valid 0.53459 (tc 0.42611 hrr 0.36158)  lr 1.00e-03  *
    epoch  125  train 0.37093 (tc 0.28970 hrr 0.27073)  valid 0.52949 (tc 0.42195 hrr 0.35846)  lr 1.00e-03  *
    epoch  130  train 0.36543 (tc 0.28513 hrr 0.26759)  valid 0.52854 (tc 0.42224 hrr 0.35435)  lr 1.00e-03  *
    epoch  135  train 0.36269 (tc 0.28293 hrr 0.26584)  valid 0.51636 (tc 0.41118 hrr 0.35060)  lr 1.00e-03  *
    epoch  140  train 0.35777 (tc 0.27879 hrr 0.26320)  valid 0.53529 (tc 0.42739 hrr 0.35969)  lr 1.00e-03
    epoch  142  train 0.35483 (tc 0.27625 hrr 0.26187)  valid 0.51164 (tc 0.40717 hrr 0.34821)  lr 1.00e-03  *
    epoch  147  train 0.35442 (tc 0.27634 hrr 0.26022)  valid 0.50900 (tc 0.40693 hrr 0.34023)  lr 1.00e-03  *
    epoch  150  train 0.35968 (tc 0.28026 hrr 0.26468)  valid 0.51364 (tc 0.41088 hrr 0.34251)  lr 1.00e-03
    epoch  154  train 0.35802 (tc 0.27833 hrr 0.26557)  valid 0.50143 (tc 0.40000 hrr 0.33810)  lr 1.00e-03  *
    epoch  160  train 0.34353 (tc 0.26731 hrr 0.25400)  valid 0.50694 (tc 0.40368 hrr 0.34420)  lr 1.00e-03
    epoch  167  train 0.33692 (tc 0.26177 hrr 0.25044)  valid 0.50117 (tc 0.39942 hrr 0.33918)  lr 1.00e-03  *
    epoch  168  train 0.33606 (tc 0.26082 hrr 0.25073)  valid 0.49642 (tc 0.39545 hrr 0.33656)  lr 1.00e-03  *
    epoch  170  train 0.33605 (tc 0.26078 hrr 0.25085)  valid 0.49988 (tc 0.39635 hrr 0.34510)  lr 1.00e-03
    epoch  174  train 0.33371 (tc 0.25892 hrr 0.24922)  valid 0.49620 (tc 0.39579 hrr 0.33471)  lr 1.00e-03  *
    epoch  179  train 0.33362 (tc 0.25870 hrr 0.24968)  valid 0.49126 (tc 0.39044 hrr 0.33609)  lr 1.00e-03  *
    epoch  180  train 0.33236 (tc 0.25739 hrr 0.24984)  valid 0.50054 (tc 0.39879 hrr 0.33919)  lr 1.00e-03
    epoch  184  train 0.33317 (tc 0.25811 hrr 0.25012)  valid 0.48668 (tc 0.38720 hrr 0.33163)  lr 1.00e-03  *
    epoch  186  train 0.32897 (tc 0.25487 hrr 0.24695)  valid 0.48455 (tc 0.38606 hrr 0.32831)  lr 1.00e-03  *
    epoch  187  train 0.32792 (tc 0.25393 hrr 0.24659)  valid 0.48036 (tc 0.38264 hrr 0.32573)  lr 1.00e-03  *
    epoch  190  train 0.32540 (tc 0.25194 hrr 0.24480)  valid 0.47916 (tc 0.38092 hrr 0.32747)  lr 1.00e-03  *
    epoch  191  train 0.32448 (tc 0.25119 hrr 0.24423)  valid 0.47871 (tc 0.37961 hrr 0.33035)  lr 1.00e-03  *
    epoch  196  train 0.32540 (tc 0.25190 hrr 0.24493)  valid 0.47742 (tc 0.38095 hrr 0.32157)  lr 1.00e-03  *
    epoch  200  train 0.32339 (tc 0.25043 hrr 0.24312)  valid 0.48932 (tc 0.38872 hrr 0.33533)  lr 1.00e-03
    epoch  201  train 0.32251 (tc 0.24927 hrr 0.24406)  valid 0.47646 (tc 0.37803 hrr 0.32810)  lr 1.00e-03  *
    epoch  210  train 0.32854 (tc 0.25450 hrr 0.24673)  valid 0.48478 (tc 0.38464 hrr 0.33381)  lr 1.00e-03
    epoch  219  train 0.31630 (tc 0.24423 hrr 0.24016)  valid 0.47096 (tc 0.37338 hrr 0.32528)  lr 5.00e-04  *
    epoch  220  train 0.31467 (tc 0.24297 hrr 0.23894)  valid 0.47224 (tc 0.37449 hrr 0.32583)  lr 5.00e-04
    epoch  223  train 0.31417 (tc 0.24269 hrr 0.23821)  valid 0.46872 (tc 0.37028 hrr 0.32812)  lr 5.00e-04  *
    epoch  224  train 0.31440 (tc 0.24289 hrr 0.23832)  valid 0.46558 (tc 0.36880 hrr 0.32261)  lr 5.00e-04  *
    epoch  230  train 0.31193 (tc 0.24069 hrr 0.23740)  valid 0.48301 (tc 0.38217 hrr 0.33613)  lr 5.00e-04
    epoch  240  train 0.31036 (tc 0.23927 hrr 0.23689)  valid 0.46966 (tc 0.37161 hrr 0.32684)  lr 2.50e-04
    epoch  243  train 0.31004 (tc 0.23917 hrr 0.23618)  valid 0.46460 (tc 0.36903 hrr 0.31856)  lr 2.50e-04  *
    epoch  244  train 0.31241 (tc 0.24130 hrr 0.23696)  valid 0.46295 (tc 0.36781 hrr 0.31712)  lr 2.50e-04  *
    epoch  250  train 0.31100 (tc 0.23988 hrr 0.23697)  valid 0.46713 (tc 0.37016 hrr 0.32324)  lr 2.50e-04
    epoch  260  train 0.31213 (tc 0.24125 hrr 0.23620)  valid 0.47855 (tc 0.37989 hrr 0.32886)  lr 1.25e-04
    epoch  270  train 0.31004 (tc 0.23952 hrr 0.23502)  valid 0.47592 (tc 0.37696 hrr 0.32988)  lr 1.25e-04
    epoch  280  train 0.30968 (tc 0.23929 hrr 0.23455)  valid 0.47084 (tc 0.37318 hrr 0.32554)  lr 6.25e-05
    epoch  290  train 0.31018 (tc 0.23995 hrr 0.23404)  valid 0.47136 (tc 0.37353 hrr 0.32608)  lr 6.25e-05
    epoch  300  train 0.30906 (tc 0.23890 hrr 0.23380)  valid 0.47054 (tc 0.37320 hrr 0.32447)  lr 3.13e-05
    early stop at epoch 304 (best 0.46295 @ 244)
    saved models_part1_kanbal_s48_r2\part1_member2.pt  (2.4 min)

  done. 3 member(s) in models_part1_kanbal_s48_r2
  next: python evaluate_part1.py --model-dir models_part1_kanbal_s48_r2
