======================================================================
  BS8414 KAN-Attention-LSTM Surrogate — Training v5 (causal physics)
======================================================================
Device: cuda
  Scanning for simulations...
  [training_data/] 49 folders, 49 with DEVC CSV
  Total: 49 discovered, 49 with output data

  Summary:
    Complete:   49 simulations
    Partial:    0 simulations (padded + masked)
    Total:      49 usable
    No output:  0
    Too short:  0 (< 30 timesteps)
    Bad params: 0
    Input:  (49, 16)
    Output: (49, 181, 24)

Data splits (deterministic, hash-based):
  Train: 32 samples
    - Test_1_PE_PIR HRR1333 M008  [DCLG_Test_1_PE_PIR_HRR1333_M008_0_1]
    - Test_1_PE_PIR HRR1667 M008  [DCLG_Test_1_PE_PIR_HRR1667_M008_0_1]
    - Test_1_PE_PIR HRR1667 M009  [DCLG_Test_1_PE_PIR_HRR1667_M009_0_1]
    - Test_1_PE_PIR HRR1667 M010  [DCLG_Test_1_PE_PIR_HRR1667_M010_0_1]
    - Test_1_PE_PIR HRR2000 M008  [DCLG_Test_1_PE_PIR_HRR2000_M008_0_1]
    - Test_1_PE_PIR HRR2000 M009  [DCLG_Test_1_PE_PIR_HRR2000_M009_0_1]
    - Test_1_PE_PIR HRR2000 M010  [DCLG_Test_1_PE_PIR_HRR2000_M010_0_1]
    - Test_1_PE_PIR HRR2100 M009  [DCLG_Test_1_PE_PIR_HRR2100_M009_0_1]
    - Test_1_PE_PIR HRR2333 M008  [DCLG_Test_1_new_version02_0_08]
    - Test_1_PE_PIR HRR2333 M010  [DCLG_Test_1_new_version02_0_1]
    - Test_3_FRPE_PIR HRR2333 M008  [DCLG_Test_3_FRPE_PIR_0_08]
    - Test_3_FRPE_PIR HRR2333 M009  [DCLG_Test_3_FRPE_PIR_0_09]
    - Test_3_FRPE_PIR HRR2333 M010  [DCLG_Test_3_FRPE_PIR_0_1]
    - Test_3_FRPE_PIR HRR1333 M009  [DCLG_Test_3_FRPE_PIR_HRR1333_M009_0_1]
    - Test_3_FRPE_PIR HRR2000 M010  [DCLG_Test_3_FRPE_PIR_HRR2000_M010_0_1]
    - Test_3_FRPE_PIR HRR2100 M009  [DCLG_Test_3_FRPE_PIR_HRR2100_M009_0_1]
    - Test_5_LCM_PIR HRR2333 M009  [DCLG_Test_5_LCM_PIR_0_09]
    - Test_5_LCM_PIR HRR1333 M009  [DCLG_Test_5_LCM_PIR_HRR1333_M009_0_1]
    - Test_5_LCM_PIR HRR1333 M010  [DCLG_Test_5_LCM_PIR_HRR1333_M010_0_1]
    - Test_5_LCM_PIR HRR1667 M010  [DCLG_Test_5_LCM_PIR_HRR1667_M010_0_1]
    - Test_5_LCM_PIR HRR2100 M009  [DCLG_Test_5_LCM_PIR_HRR2100_M009_0_1]
    - Test_5_LCM_PIR HRR2100 M010  [DCLG_Test_5_LCM_PIR_HRR2100_M010_0_1]
    - Test_7_FRPE_Phenolic HRR2333 M008  [DCLG_Test_7_FRPE_Phenolic_0_08]
    - Test_7_FRPE_Phenolic HRR2333 M009  [DCLG_Test_7_FRPE_Phenolic_0_09]
    - Test_7_FRPE_Phenolic HRR2333 M010  [DCLG_Test_7_FRPE_Phenolic_0_1]
    - Test_7_FRPE_Phenolic HRR1333 M009  [DCLG_Test_7_FRPE_Phenolic_HRR1333_M009_0_1]
    - Test_7_FRPE_Phenolic HRR1333 M010  [DCLG_Test_7_FRPE_Phenolic_HRR1333_M010_0_1]
    - Test_7_FRPE_Phenolic HRR1667 M009  [DCLG_Test_7_FRPE_Phenolic_HRR1667_M009_0_1]
    - Test_7_FRPE_Phenolic HRR1667 M010  [DCLG_Test_7_FRPE_Phenolic_HRR1667_M010_0_1]
    - Test_7_FRPE_Phenolic HRR2000 M009  [DCLG_Test_7_FRPE_Phenolic_HRR2000_M009_0_1]
    - Test_7_FRPE_Phenolic HRR2100 M010  [DCLG_Test_7_FRPE_Phenolic_HRR2100_M010_0_1]
    - Test_7_FRPE_Phenolic HRR2333 M010  [DCLG_Test_7_FRPE_Phenolic_HRR2333_M010_0_1]
  Valid: 9 samples
    - Test_1_PE_PIR HRR1333 M010  [DCLG_Test_1_PE_PIR_HRR1333_M010_0_1]
    - Test_1_PE_PIR HRR2333 M009  [DCLG_Test_1_new_version02_0_09]
    - Test_3_FRPE_PIR HRR1333 M010  [DCLG_Test_3_FRPE_PIR_HRR1333_M010_0_1]
    - Test_3_FRPE_PIR HRR1667 M009  [DCLG_Test_3_FRPE_PIR_HRR1667_M009_0_1]
    - Test_5_LCM_PIR HRR2333 M008  [DCLG_Test_5_LCM_PIR_08]
    - Test_5_LCM_PIR HRR1667 M009  [DCLG_Test_5_LCM_PIR_HRR1667_M009_0_1]
    - Test_5_LCM_PIR HRR2000 M010  [DCLG_Test_5_LCM_PIR_HRR2000_M010_0_1]
    - Test_7_FRPE_Phenolic HRR2000 M010  [DCLG_Test_7_FRPE_Phenolic_HRR2000_M010_0_1]
    - Test_7_FRPE_Phenolic HRR2100 M009  [DCLG_Test_7_FRPE_Phenolic_HRR2100_M009_0_1]
  Test:  8 samples
    - Test_1_PE_PIR HRR1333 M009  [DCLG_Test_1_PE_PIR_HRR1333_M009_0_1]
    - Test_1_PE_PIR HRR2100 M010  [DCLG_Test_1_PE_PIR_HRR2100_M010_0_1]
    - Test_3_FRPE_PIR HRR1667 M010  [DCLG_Test_3_FRPE_PIR_HRR1667_M010_0_1]
    - Test_3_FRPE_PIR HRR2000 M009  [DCLG_Test_3_FRPE_PIR_HRR2000_M009_0_1]
    - Test_3_FRPE_PIR HRR2100 M010  [DCLG_Test_3_FRPE_PIR_HRR2100_M010_0_1]
    - Test_5_LCM_PIR HRR2333 M010  [DCLG_Test_5_LCM_PIR_0_1]
    - Test_5_LCM_PIR HRR2000 M009  [DCLG_Test_5_LCM_PIR_HRR2000_M009_0_1]
    - Test_5_LCM_PIR HRR2333 M010  [DCLG_Test_5_LCM_PIR_HRR2333_M010_0_1]

  Input vector: 36 features
  Causal: q(t)/Q(t) channels; growth=0.05 decay=0.02 energy=0.01
  Anchor LOO error (train): mean|err|=175s
  Train: 32 real -> 128 augmented

--- Training 12 candidate members ---
  Params: 851,400
  [M 1] valid loss=12.3182  valid R2=0.6968  (770s elapsed)
  [M 2] valid loss=11.6066  valid R2=0.6283  (1101s elapsed)
  [M 3] valid loss=16.1327  valid R2=0.5398  (1327s elapsed)
  [M 4] valid loss=9.3782  valid R2=0.7175  (2018s elapsed)
  [M 5] valid loss=10.7190  valid R2=0.6763  (2491s elapsed)
  [M 6] valid loss=11.6478  valid R2=0.6262  (3379s elapsed)
  [M 7] valid loss=10.5072  valid R2=0.7157  (4235s elapsed)
  [M 8] valid loss=10.6903  valid R2=0.6454  (5094s elapsed)
  [M 9] valid loss=12.8205  valid R2=0.5242  (6128s elapsed)
  [M10] valid loss=11.1880  valid R2=0.6611  (6932s elapsed)
  [M11] valid loss=10.4012  valid R2=0.7248  (7511s elapsed)
  [M12] valid loss=16.6508  valid R2=0.5370  (7802s elapsed)

--- Greedy ensemble selection (max 5 members, by valid R²) ---
  + M11  -> valid R2=0.7248
  + M7  -> valid R2=0.7395
  + M1  -> valid R2=0.7462
  + M4  -> valid R2=0.7475
  Selected: ['M11', 'M7', 'M1', 'M4']  weights=['0.254', '0.251', '0.214', '0.281']
  Time: 7802s

  Valid: R2=0.7475  RMSE=105.5C  MAPE(T>100)=22.5%
    sim 0: R2=0.430
    sim 1: R2=0.809
    sim 2: R2=0.743
    sim 3: R2=0.827
    sim 4: R2=0.658
    sim 5: R2=0.552
    sim 6: R2=0.966
    sim 7: R2=0.954
    sim 8: R2=0.851

  Test: R2=0.9105  RMSE=64.4C  MAPE(T>100)=13.8%
    sim 0: R2=0.821
    sim 1: R2=0.895
    sim 2: R2=0.905
    sim 3: R2=0.962
    sim 4: R2=0.955
    sim 5: R2=0.933
    sim 6: R2=0.801
    sim 7: R2=0.933

  Saved -> D:\VS_projects\bs8414_KAN_surrogate\models_v5\best_model.pt
