  device: NVIDIA GeForce RTX 4090

  building dataset ...
  corpus: D:\Bs8414_05052026\Part1\_completed
  185 usable, 1 rejected
    - BS8414_DCLG_Test1_adv_debug: excluded: debug case; Core_MATERIAL HEAT_OF_REACTION=1500 vs 2300 in every other DCLG_Test1_adv deck, so it is a different system under the same name
  params (185, 16)  tc (185, 181, 16)  hrr (185, 181, 5)
  partial: BS8414_HPL_WC_noair_nogap (180/181 steps, padded+masked)

  split mode: hash
    train  142 sims  41 systems  8/8 geometries
    valid   20 sims  16 systems  8/8 geometries
    test    23 sims  20 systems  8/8 geometries

  target: 16 thermocouples (External_LV1 x8 + External_LV2 x8)
          5 HRR channels (HRR, Q_RADI, Q_CONV, Q_COND, Q_TOTAL)
  model:  KAN-Attention-LSTM (Part1)
  loss:   tc + 0.3 * hrr + 0.002 * reg

  === member 1/3 (seed 42) ===
    [sentinel] weights moved after epoch 0: |dW| = 3.3978e+00
    epoch    0  train 1.77903 (tc 1.37219 hrr 1.35607)  valid 1.50853 (tc 1.22189 hrr 0.95545)  lr 1.00e-03  *
    epoch    1  train 1.29379 (tc 1.08010 hrr 0.71226)  valid 1.37701 (tc 1.17130 hrr 0.68572)  lr 1.00e-03  *
    epoch    2  train 1.19134 (tc 1.01690 hrr 0.58139)  valid 1.29350 (tc 1.10089 hrr 0.64204)  lr 1.00e-03  *
    epoch    3  train 1.12254 (tc 0.95726 hrr 0.55087)  valid 1.25857 (tc 1.07460 hrr 0.61323)  lr 1.00e-03  *
    epoch    4  train 1.07133 (tc 0.91312 hrr 0.52732)  valid 1.19291 (tc 1.01322 hrr 0.59895)  lr 1.00e-03  *
    epoch    5  train 1.04212 (tc 0.88953 hrr 0.50859)  valid 1.18482 (tc 1.00954 hrr 0.58427)  lr 1.00e-03  *
    epoch    6  train 1.02285 (tc 0.87434 hrr 0.49499)  valid 1.16720 (tc 0.99240 hrr 0.58265)  lr 1.00e-03  *
    epoch    7  train 1.00032 (tc 0.85423 hrr 0.48694)  valid 1.15466 (tc 0.98250 hrr 0.57388)  lr 1.00e-03  *
    epoch    8  train 0.97210 (tc 0.82832 hrr 0.47924)  valid 1.13647 (tc 0.96832 hrr 0.56049)  lr 1.00e-03  *
    epoch    9  train 0.95419 (tc 0.81244 hrr 0.47244)  valid 1.11923 (tc 0.95030 hrr 0.56308)  lr 1.00e-03  *
    epoch   10  train 0.92852 (tc 0.78905 hrr 0.46487)  valid 1.08804 (tc 0.92262 hrr 0.55140)  lr 1.00e-03  *
    epoch   11  train 0.91062 (tc 0.77368 hrr 0.45641)  valid 1.07198 (tc 0.91086 hrr 0.53708)  lr 1.00e-03  *
    epoch   12  train 0.89366 (tc 0.75825 hrr 0.45131)  valid 1.05719 (tc 0.89517 hrr 0.54006)  lr 1.00e-03  *
    epoch   13  train 0.88254 (tc 0.74888 hrr 0.44548)  valid 1.04302 (tc 0.88425 hrr 0.52925)  lr 1.00e-03  *
    epoch   14  train 0.86408 (tc 0.73153 hrr 0.44178)  valid 1.02378 (tc 0.86732 hrr 0.52153)  lr 1.00e-03  *
    epoch   15  train 0.84661 (tc 0.71598 hrr 0.43539)  valid 1.00962 (tc 0.85422 hrr 0.51798)  lr 1.00e-03  *
    epoch   18  train 0.82226 (tc 0.69454 hrr 0.42570)  valid 0.97847 (tc 0.82308 hrr 0.51796)  lr 1.00e-03  *
    epoch   20  train 0.79729 (tc 0.67329 hrr 0.41329)  valid 0.96482 (tc 0.81683 hrr 0.49328)  lr 1.00e-03  *
    epoch   21  train 0.79650 (tc 0.67255 hrr 0.41311)  valid 0.95478 (tc 0.80716 hrr 0.49207)  lr 1.00e-03  *
    epoch   22  train 0.78410 (tc 0.66087 hrr 0.41072)  valid 0.94867 (tc 0.80242 hrr 0.48752)  lr 1.00e-03  *
    epoch   23  train 0.77389 (tc 0.65189 hrr 0.40661)  valid 0.94779 (tc 0.80156 hrr 0.48744)  lr 1.00e-03  *
    epoch   24  train 0.76584 (tc 0.64533 hrr 0.40165)  valid 0.93607 (tc 0.79069 hrr 0.48457)  lr 1.00e-03  *
    epoch   25  train 0.75445 (tc 0.63533 hrr 0.39701)  valid 0.92712 (tc 0.78426 hrr 0.47621)  lr 1.00e-03  *
    epoch   26  train 0.74492 (tc 0.62747 hrr 0.39146)  valid 0.92478 (tc 0.78319 hrr 0.47198)  lr 1.00e-03  *
    epoch   28  train 0.73988 (tc 0.62245 hrr 0.39140)  valid 0.91635 (tc 0.77522 hrr 0.47045)  lr 1.00e-03  *
    epoch   29  train 0.73079 (tc 0.61491 hrr 0.38623)  valid 0.91062 (tc 0.77101 hrr 0.46536)  lr 1.00e-03  *
    epoch   30  train 0.72375 (tc 0.60886 hrr 0.38293)  valid 0.90499 (tc 0.76518 hrr 0.46604)  lr 1.00e-03  *
    epoch   31  train 0.71417 (tc 0.60025 hrr 0.37969)  valid 0.90184 (tc 0.76346 hrr 0.46127)  lr 1.00e-03  *
    epoch   32  train 0.70848 (tc 0.59550 hrr 0.37653)  valid 0.89166 (tc 0.75539 hrr 0.45423)  lr 1.00e-03  *
    epoch   33  train 0.70551 (tc 0.59363 hrr 0.37288)  valid 0.88089 (tc 0.74414 hrr 0.45584)  lr 1.00e-03  *
    epoch   35  train 0.69428 (tc 0.58298 hrr 0.37095)  valid 0.86950 (tc 0.73452 hrr 0.44993)  lr 1.00e-03  *
    epoch   37  train 0.68624 (tc 0.57595 hrr 0.36758)  valid 0.85969 (tc 0.72562 hrr 0.44692)  lr 1.00e-03  *
    epoch   39  train 0.67237 (tc 0.56338 hrr 0.36324)  valid 0.84377 (tc 0.71084 hrr 0.44310)  lr 1.00e-03  *
    epoch   40  train 0.66567 (tc 0.55700 hrr 0.36216)  valid 0.83466 (tc 0.70395 hrr 0.43570)  lr 1.00e-03  *
    epoch   41  train 0.65648 (tc 0.54939 hrr 0.35693)  valid 0.83160 (tc 0.70108 hrr 0.43507)  lr 1.00e-03  *
    epoch   43  train 0.64677 (tc 0.53948 hrr 0.35757)  valid 0.82030 (tc 0.69031 hrr 0.43330)  lr 1.00e-03  *
    epoch   44  train 0.63921 (tc 0.53295 hrr 0.35414)  valid 0.81953 (tc 0.68745 hrr 0.44027)  lr 1.00e-03  *
    epoch   45  train 0.63143 (tc 0.52609 hrr 0.35106)  valid 0.80499 (tc 0.67671 hrr 0.42759)  lr 1.00e-03  *
    epoch   46  train 0.62572 (tc 0.52153 hrr 0.34725)  valid 0.79758 (tc 0.67012 hrr 0.42486)  lr 1.00e-03  *
    epoch   47  train 0.61869 (tc 0.51520 hrr 0.34490)  valid 0.79102 (tc 0.66418 hrr 0.42281)  lr 1.00e-03  *
    epoch   49  train 0.60436 (tc 0.50157 hrr 0.34258)  valid 0.77461 (tc 0.64800 hrr 0.42204)  lr 1.00e-03  *
    epoch   50  train 0.59829 (tc 0.49553 hrr 0.34250)  valid 0.77105 (tc 0.64474 hrr 0.42105)  lr 1.00e-03  *
    epoch   51  train 0.58808 (tc 0.48664 hrr 0.33807)  valid 0.76862 (tc 0.63996 hrr 0.42888)  lr 1.00e-03  *
    epoch   52  train 0.58023 (tc 0.47903 hrr 0.33728)  valid 0.75509 (tc 0.62821 hrr 0.42295)  lr 1.00e-03  *
    epoch   53  train 0.57051 (tc 0.46982 hrr 0.33557)  valid 0.75383 (tc 0.62679 hrr 0.42347)  lr 1.00e-03  *
    epoch   54  train 0.56218 (tc 0.46208 hrr 0.33363)  valid 0.73866 (tc 0.61273 hrr 0.41978)  lr 1.00e-03  *
    epoch   55  train 0.55599 (tc 0.45581 hrr 0.33388)  valid 0.73026 (tc 0.60472 hrr 0.41845)  lr 1.00e-03  *
    epoch   56  train 0.54903 (tc 0.44946 hrr 0.33183)  valid 0.71784 (tc 0.59243 hrr 0.41803)  lr 1.00e-03  *
    epoch   57  train 0.53979 (tc 0.44040 hrr 0.33125)  valid 0.71751 (tc 0.59225 hrr 0.41754)  lr 1.00e-03  *
    epoch   58  train 0.53304 (tc 0.43403 hrr 0.32999)  valid 0.70235 (tc 0.57772 hrr 0.41544)  lr 1.00e-03  *
    epoch   59  train 0.52567 (tc 0.42692 hrr 0.32912)  valid 0.70220 (tc 0.57762 hrr 0.41528)  lr 1.00e-03  *
    epoch   60  train 0.51866 (tc 0.42044 hrr 0.32736)  valid 0.69023 (tc 0.56631 hrr 0.41305)  lr 1.00e-03  *
    epoch   62  train 0.50967 (tc 0.41121 hrr 0.32813)  valid 0.68360 (tc 0.55749 hrr 0.42037)  lr 1.00e-03  *
    epoch   63  train 0.50477 (tc 0.40692 hrr 0.32613)  valid 0.67588 (tc 0.55189 hrr 0.41328)  lr 1.00e-03  *
    epoch   64  train 0.49968 (tc 0.40232 hrr 0.32448)  valid 0.66994 (tc 0.54743 hrr 0.40838)  lr 1.00e-03  *
    epoch   65  train 0.49409 (tc 0.39690 hrr 0.32391)  valid 0.66320 (tc 0.54073 hrr 0.40823)  lr 1.00e-03  *
    epoch   68  train 0.48896 (tc 0.39146 hrr 0.32495)  valid 0.65200 (tc 0.53149 hrr 0.40171)  lr 1.00e-03  *
    epoch   70  train 0.48800 (tc 0.38997 hrr 0.32670)  valid 0.65454 (tc 0.53086 hrr 0.41224)  lr 1.00e-03
    epoch   71  train 0.48293 (tc 0.38553 hrr 0.32462)  valid 0.64882 (tc 0.52683 hrr 0.40663)  lr 1.00e-03  *
    epoch   72  train 0.47705 (tc 0.38062 hrr 0.32138)  valid 0.63951 (tc 0.51767 hrr 0.40614)  lr 1.00e-03  *
    epoch   73  train 0.46827 (tc 0.37279 hrr 0.31822)  valid 0.63378 (tc 0.51232 hrr 0.40488)  lr 1.00e-03  *
    epoch   74  train 0.46395 (tc 0.36891 hrr 0.31674)  valid 0.63039 (tc 0.51178 hrr 0.39536)  lr 1.00e-03  *
    epoch   75  train 0.46021 (tc 0.36624 hrr 0.31319)  valid 0.62771 (tc 0.50891 hrr 0.39601)  lr 1.00e-03  *
    epoch   76  train 0.45617 (tc 0.36266 hrr 0.31167)  valid 0.62389 (tc 0.50559 hrr 0.39432)  lr 1.00e-03  *
    epoch   77  train 0.45372 (tc 0.36023 hrr 0.31159)  valid 0.61795 (tc 0.49940 hrr 0.39516)  lr 1.00e-03  *
    epoch   79  train 0.45126 (tc 0.35845 hrr 0.30933)  valid 0.61492 (tc 0.49734 hrr 0.39194)  lr 1.00e-03  *
    epoch   80  train 0.44832 (tc 0.35538 hrr 0.30975)  valid 0.61915 (tc 0.49907 hrr 0.40028)  lr 1.00e-03
    epoch   82  train 0.44813 (tc 0.35525 hrr 0.30954)  valid 0.61274 (tc 0.49428 hrr 0.39486)  lr 1.00e-03  *
    epoch   83  train 0.44378 (tc 0.35153 hrr 0.30743)  valid 0.60863 (tc 0.49032 hrr 0.39437)  lr 1.00e-03  *
    epoch   84  train 0.43958 (tc 0.34820 hrr 0.30454)  valid 0.60043 (tc 0.48473 hrr 0.38568)  lr 1.00e-03  *
    epoch   86  train 0.43475 (tc 0.34404 hrr 0.30231)  valid 0.59793 (tc 0.48154 hrr 0.38797)  lr 1.00e-03  *
    epoch   90  train 0.42660 (tc 0.33751 hrr 0.29692)  valid 0.59285 (tc 0.47600 hrr 0.38952)  lr 1.00e-03  *
    epoch   92  train 0.42382 (tc 0.33485 hrr 0.29649)  valid 0.59169 (tc 0.47597 hrr 0.38571)  lr 1.00e-03  *
    epoch   93  train 0.42163 (tc 0.33310 hrr 0.29503)  valid 0.58532 (tc 0.46967 hrr 0.38549)  lr 1.00e-03  *
    epoch   95  train 0.41841 (tc 0.33053 hrr 0.29289)  valid 0.58408 (tc 0.46971 hrr 0.38123)  lr 1.00e-03  *
    epoch   96  train 0.41653 (tc 0.32914 hrr 0.29125)  valid 0.58027 (tc 0.46606 hrr 0.38069)  lr 1.00e-03  *
    epoch   97  train 0.41487 (tc 0.32774 hrr 0.29036)  valid 0.57861 (tc 0.46503 hrr 0.37860)  lr 1.00e-03  *
    epoch   98  train 0.41296 (tc 0.32626 hrr 0.28894)  valid 0.57625 (tc 0.46374 hrr 0.37502)  lr 1.00e-03  *
    epoch   99  train 0.41125 (tc 0.32489 hrr 0.28781)  valid 0.57184 (tc 0.46124 hrr 0.36868)  lr 1.00e-03  *
    epoch  100  train 0.40976 (tc 0.32372 hrr 0.28673)  valid 0.57369 (tc 0.46130 hrr 0.37465)  lr 1.00e-03
    epoch  103  train 0.40551 (tc 0.32021 hrr 0.28425)  valid 0.57078 (tc 0.45935 hrr 0.37144)  lr 1.00e-03  *
    epoch  104  train 0.40452 (tc 0.31939 hrr 0.28372)  valid 0.56962 (tc 0.45725 hrr 0.37458)  lr 1.00e-03  *
    epoch  108  train 0.40494 (tc 0.31992 hrr 0.28335)  valid 0.56703 (tc 0.45665 hrr 0.36793)  lr 1.00e-03  *
    epoch  110  train 0.40193 (tc 0.31763 hrr 0.28094)  valid 0.56617 (tc 0.45539 hrr 0.36926)  lr 1.00e-03  *
    epoch  115  train 0.41285 (tc 0.32672 hrr 0.28707)  valid 0.56575 (tc 0.45417 hrr 0.37190)  lr 1.00e-03  *
    epoch  116  train 0.40317 (tc 0.31833 hrr 0.28274)  valid 0.56536 (tc 0.45484 hrr 0.36842)  lr 1.00e-03  *
    epoch  117  train 0.39908 (tc 0.31558 hrr 0.27826)  valid 0.56008 (tc 0.45184 hrr 0.36080)  lr 1.00e-03  *
    epoch  118  train 0.39741 (tc 0.31433 hrr 0.27687)  valid 0.55656 (tc 0.44980 hrr 0.35587)  lr 1.00e-03  *
    epoch  120  train 0.39259 (tc 0.31067 hrr 0.27302)  valid 0.55918 (tc 0.45183 hrr 0.35781)  lr 1.00e-03
    epoch  121  train 0.39102 (tc 0.30923 hrr 0.27256)  valid 0.55575 (tc 0.44843 hrr 0.35773)  lr 1.00e-03  *
    epoch  122  train 0.38940 (tc 0.30806 hrr 0.27105)  valid 0.55008 (tc 0.44473 hrr 0.35119)  lr 1.00e-03  *
    epoch  124  train 0.38710 (tc 0.30633 hrr 0.26918)  valid 0.54991 (tc 0.44594 hrr 0.34655)  lr 1.00e-03  *
    epoch  125  train 0.38502 (tc 0.30434 hrr 0.26890)  valid 0.54985 (tc 0.44272 hrr 0.35707)  lr 1.00e-03  *
    epoch  126  train 0.38501 (tc 0.30446 hrr 0.26842)  valid 0.54785 (tc 0.44428 hrr 0.34525)  lr 1.00e-03  *
    epoch  128  train 0.38822 (tc 0.30711 hrr 0.27031)  valid 0.54274 (tc 0.43860 hrr 0.34714)  lr 1.00e-03  *
    epoch  129  train 0.38385 (tc 0.30362 hrr 0.26740)  valid 0.53932 (tc 0.43636 hrr 0.34319)  lr 1.00e-03  *
    epoch  130  train 0.38069 (tc 0.30111 hrr 0.26520)  valid 0.54324 (tc 0.43925 hrr 0.34662)  lr 1.00e-03
    epoch  132  train 0.37688 (tc 0.29797 hrr 0.26300)  valid 0.53577 (tc 0.43356 hrr 0.34072)  lr 1.00e-03  *
    epoch  133  train 0.37667 (tc 0.29771 hrr 0.26313)  valid 0.53471 (tc 0.43370 hrr 0.33670)  lr 1.00e-03  *
    epoch  136  train 0.38201 (tc 0.30293 hrr 0.26353)  valid 0.53321 (tc 0.43050 hrr 0.34234)  lr 1.00e-03  *
    epoch  140  train 0.37265 (tc 0.29493 hrr 0.25901)  valid 0.52998 (tc 0.42821 hrr 0.33921)  lr 1.00e-03  *
    epoch  141  train 0.37029 (tc 0.29303 hrr 0.25750)  valid 0.52678 (tc 0.42620 hrr 0.33527)  lr 1.00e-03  *
    epoch  144  train 0.36680 (tc 0.29061 hrr 0.25393)  valid 0.52495 (tc 0.42345 hrr 0.33835)  lr 1.00e-03  *
    epoch  145  train 0.36622 (tc 0.29027 hrr 0.25309)  valid 0.52429 (tc 0.42296 hrr 0.33775)  lr 1.00e-03  *
    epoch  146  train 0.36504 (tc 0.28932 hrr 0.25234)  valid 0.52415 (tc 0.42339 hrr 0.33587)  lr 1.00e-03  *
    epoch  148  train 0.36263 (tc 0.28733 hrr 0.25096)  valid 0.52405 (tc 0.42281 hrr 0.33745)  lr 1.00e-03  *
    epoch  149  train 0.36336 (tc 0.28838 hrr 0.24989)  valid 0.52260 (tc 0.42192 hrr 0.33559)  lr 1.00e-03  *
    epoch  150  train 0.36335 (tc 0.28821 hrr 0.25042)  valid 0.52388 (tc 0.42198 hrr 0.33966)  lr 1.00e-03
    epoch  151  train 0.36223 (tc 0.28729 hrr 0.24974)  valid 0.51666 (tc 0.41765 hrr 0.33003)  lr 1.00e-03  *
    epoch  154  train 0.35861 (tc 0.28452 hrr 0.24689)  valid 0.51352 (tc 0.41636 hrr 0.32387)  lr 1.00e-03  *
    epoch  160  train 0.36173 (tc 0.28745 hrr 0.24753)  valid 0.52825 (tc 0.42685 hrr 0.33799)  lr 1.00e-03
    epoch  163  train 0.35379 (tc 0.28131 hrr 0.24156)  valid 0.51188 (tc 0.41290 hrr 0.32991)  lr 1.00e-03  *
    epoch  164  train 0.35270 (tc 0.28009 hrr 0.24196)  valid 0.50759 (tc 0.41054 hrr 0.32348)  lr 1.00e-03  *
    epoch  166  train 0.34901 (tc 0.27761 hrr 0.23795)  valid 0.50708 (tc 0.41144 hrr 0.31883)  lr 1.00e-03  *
    epoch  169  train 0.34805 (tc 0.27715 hrr 0.23627)  valid 0.50329 (tc 0.41144 hrr 0.30617)  lr 1.00e-03  *
    epoch  170  train 0.35077 (tc 0.27995 hrr 0.23601)  valid 0.51230 (tc 0.41779 hrr 0.31503)  lr 1.00e-03
    epoch  175  train 0.34547 (tc 0.27566 hrr 0.23265)  valid 0.50315 (tc 0.41147 hrr 0.30558)  lr 1.00e-03  *
    epoch  177  train 0.34317 (tc 0.27380 hrr 0.23120)  valid 0.50150 (tc 0.40762 hrr 0.31294)  lr 1.00e-03  *
    epoch  178  train 0.34256 (tc 0.27340 hrr 0.23045)  valid 0.50012 (tc 0.40603 hrr 0.31364)  lr 1.00e-03  *
    epoch  180  train 0.34336 (tc 0.27396 hrr 0.23127)  valid 0.50999 (tc 0.41407 hrr 0.31974)  lr 1.00e-03
    epoch  181  train 0.34225 (tc 0.27313 hrr 0.23033)  valid 0.49927 (tc 0.40716 hrr 0.30703)  lr 1.00e-03  *
    epoch  186  train 0.34605 (tc 0.27636 hrr 0.23224)  valid 0.49500 (tc 0.40261 hrr 0.30798)  lr 1.00e-03  *
    epoch  190  train 0.34195 (tc 0.27325 hrr 0.22894)  valid 0.49628 (tc 0.40169 hrr 0.31529)  lr 1.00e-03
    epoch  195  train 0.33499 (tc 0.26795 hrr 0.22341)  valid 0.49076 (tc 0.39821 hrr 0.30849)  lr 1.00e-03  *
    epoch  197  train 0.33590 (tc 0.26891 hrr 0.22325)  valid 0.48866 (tc 0.39764 hrr 0.30342)  lr 1.00e-03  *
    epoch  198  train 0.33510 (tc 0.26817 hrr 0.22303)  valid 0.48839 (tc 0.39726 hrr 0.30378)  lr 1.00e-03  *
    epoch  200  train 0.33258 (tc 0.26608 hrr 0.22160)  valid 0.48847 (tc 0.39716 hrr 0.30436)  lr 1.00e-03
    epoch  202  train 0.33097 (tc 0.26504 hrr 0.21970)  valid 0.48539 (tc 0.39506 hrr 0.30109)  lr 1.00e-03  *
    epoch  203  train 0.33028 (tc 0.26436 hrr 0.21967)  valid 0.48216 (tc 0.39261 hrr 0.29848)  lr 1.00e-03  *
    epoch  210  train 0.34786 (tc 0.27852 hrr 0.23106)  valid 0.51788 (tc 0.42261 hrr 0.31755)  lr 1.00e-03
    epoch  220  train 0.32483 (tc 0.26043 hrr 0.21458)  valid 0.49342 (tc 0.40052 hrr 0.30968)  lr 5.00e-04
    epoch  230  train 0.32128 (tc 0.25780 hrr 0.21154)  valid 0.49451 (tc 0.39946 hrr 0.31682)  lr 5.00e-04
    epoch  240  train 0.31808 (tc 0.25510 hrr 0.20987)  valid 0.49772 (tc 0.40118 hrr 0.32181)  lr 2.50e-04
    epoch  250  train 0.31508 (tc 0.25221 hrr 0.20949)  valid 0.48621 (tc 0.39125 hrr 0.31652)  lr 2.50e-04
    epoch  260  train 0.31349 (tc 0.25080 hrr 0.20893)  valid 0.48799 (tc 0.39315 hrr 0.31616)  lr 1.25e-04
    early stop at epoch 263 (best 0.48216 @ 203)
    saved models_part1_r2_postfix\part1_member0.pt  (1.4 min)

  === member 2/3 (seed 43) ===
    [sentinel] weights moved after epoch 0: |dW| = 3.3440e+00
    epoch    0  train 2.01042 (tc 1.57854 hrr 1.43956)  valid 1.69267 (tc 1.39796 hrr 0.98235)  lr 1.00e-03  *
    epoch    1  train 1.44044 (tc 1.21339 hrr 0.75680)  valid 1.54839 (tc 1.33758 hrr 0.70271)  lr 1.00e-03  *
    epoch    2  train 1.29305 (tc 1.11919 hrr 0.57948)  valid 1.38963 (tc 1.20577 hrr 0.61286)  lr 1.00e-03  *
    epoch    3  train 1.18016 (tc 1.01750 hrr 0.54217)  valid 1.29093 (tc 1.10896 hrr 0.60654)  lr 1.00e-03  *
    epoch    4  train 1.09314 (tc 0.93249 hrr 0.53548)  valid 1.23272 (tc 1.04951 hrr 0.61072)  lr 1.00e-03  *
    epoch    5  train 1.03279 (tc 0.87856 hrr 0.51404)  valid 1.16341 (tc 0.98403 hrr 0.59794)  lr 1.00e-03  *
    epoch    6  train 0.97809 (tc 0.82817 hrr 0.49968)  valid 1.11332 (tc 0.93961 hrr 0.57904)  lr 1.00e-03  *
    epoch    7  train 0.94358 (tc 0.79636 hrr 0.49070)  valid 1.09943 (tc 0.92633 hrr 0.57699)  lr 1.00e-03  *
    epoch    8  train 0.91277 (tc 0.76815 hrr 0.48205)  valid 1.06692 (tc 0.89439 hrr 0.57510)  lr 1.00e-03  *
    epoch    9  train 0.88951 (tc 0.74649 hrr 0.47668)  valid 1.05314 (tc 0.87831 hrr 0.58278)  lr 1.00e-03  *
    epoch   10  train 0.87665 (tc 0.73520 hrr 0.47145)  valid 1.03821 (tc 0.86905 hrr 0.56388)  lr 1.00e-03  *
    epoch   11  train 0.87410 (tc 0.73294 hrr 0.47049)  valid 1.03622 (tc 0.86780 hrr 0.56138)  lr 1.00e-03  *
    epoch   12  train 0.86617 (tc 0.72457 hrr 0.47198)  valid 1.03039 (tc 0.86403 hrr 0.55454)  lr 1.00e-03  *
    epoch   13  train 0.84843 (tc 0.71012 hrr 0.46098)  valid 1.02191 (tc 0.85584 hrr 0.55356)  lr 1.00e-03  *
    epoch   15  train 0.84015 (tc 0.70377 hrr 0.45455)  valid 1.01199 (tc 0.85031 hrr 0.53894)  lr 1.00e-03  *
    epoch   16  train 0.82485 (tc 0.69049 hrr 0.44779)  valid 0.98638 (tc 0.82467 hrr 0.53900)  lr 1.00e-03  *
    epoch   18  train 0.81486 (tc 0.67925 hrr 0.45198)  valid 0.98000 (tc 0.81987 hrr 0.53376)  lr 1.00e-03  *
    epoch   20  train 0.79299 (tc 0.66326 hrr 0.43241)  valid 0.96321 (tc 0.80791 hrr 0.51766)  lr 1.00e-03  *
    epoch   21  train 0.78721 (tc 0.65882 hrr 0.42792)  valid 0.95846 (tc 0.80520 hrr 0.51087)  lr 1.00e-03  *
    epoch   25  train 0.77496 (tc 0.64872 hrr 0.42076)  valid 0.95063 (tc 0.79762 hrr 0.51006)  lr 1.00e-03  *
    epoch   26  train 0.76581 (tc 0.64147 hrr 0.41439)  valid 0.93777 (tc 0.78616 hrr 0.50537)  lr 1.00e-03  *
    epoch   27  train 0.75323 (tc 0.63016 hrr 0.41016)  valid 0.92462 (tc 0.77628 hrr 0.49447)  lr 1.00e-03  *
    epoch   30  train 0.74011 (tc 0.62073 hrr 0.39789)  valid 0.92283 (tc 0.77679 hrr 0.48682)  lr 1.00e-03  *
    epoch   33  train 0.73736 (tc 0.61949 hrr 0.39284)  valid 0.90807 (tc 0.76268 hrr 0.48465)  lr 1.00e-03  *
    epoch   34  train 0.73001 (tc 0.61319 hrr 0.38936)  valid 0.90416 (tc 0.76451 hrr 0.46549)  lr 1.00e-03  *
    epoch   35  train 0.72957 (tc 0.61391 hrr 0.38549)  valid 0.89354 (tc 0.75270 hrr 0.46949)  lr 1.00e-03  *
    epoch   36  train 0.71978 (tc 0.60475 hrr 0.38339)  valid 0.87581 (tc 0.73925 hrr 0.45519)  lr 1.00e-03  *
    epoch   39  train 0.70716 (tc 0.59506 hrr 0.37365)  valid 0.87548 (tc 0.74063 hrr 0.44950)  lr 1.00e-03  *
    epoch   40  train 0.70594 (tc 0.59429 hrr 0.37210)  valid 0.88288 (tc 0.74442 hrr 0.46153)  lr 1.00e-03
    epoch   42  train 0.69818 (tc 0.58821 hrr 0.36650)  valid 0.86978 (tc 0.73460 hrr 0.45063)  lr 1.00e-03  *
    epoch   43  train 0.69584 (tc 0.58578 hrr 0.36681)  valid 0.86300 (tc 0.73077 hrr 0.44079)  lr 1.00e-03  *
    epoch   47  train 0.68685 (tc 0.57948 hrr 0.35785)  valid 0.85852 (tc 0.72630 hrr 0.44074)  lr 1.00e-03  *
    epoch   48  train 0.68134 (tc 0.57493 hrr 0.35465)  valid 0.85380 (tc 0.72399 hrr 0.43270)  lr 1.00e-03  *
    epoch   50  train 0.67043 (tc 0.56606 hrr 0.34785)  valid 0.85284 (tc 0.72355 hrr 0.43095)  lr 1.00e-03  *
    epoch   51  train 0.66574 (tc 0.56235 hrr 0.34458)  valid 0.84083 (tc 0.71200 hrr 0.42945)  lr 1.00e-03  *
    epoch   56  train 0.66136 (tc 0.55957 hrr 0.33923)  valid 0.82251 (tc 0.69833 hrr 0.41393)  lr 1.00e-03  *
    epoch   60  train 0.66286 (tc 0.56046 hrr 0.34127)  valid 0.82937 (tc 0.70588 hrr 0.41163)  lr 1.00e-03
    epoch   63  train 0.65016 (tc 0.55057 hrr 0.33192)  valid 0.82092 (tc 0.69664 hrr 0.41427)  lr 1.00e-03  *
    epoch   66  train 0.64350 (tc 0.54513 hrr 0.32787)  valid 0.79982 (tc 0.67993 hrr 0.39965)  lr 1.00e-03  *
    epoch   70  train 0.64384 (tc 0.54598 hrr 0.32614)  valid 0.83487 (tc 0.71009 hrr 0.41593)  lr 1.00e-03
    epoch   76  train 0.63836 (tc 0.54130 hrr 0.32347)  valid 0.79714 (tc 0.67598 hrr 0.40387)  lr 1.00e-03  *
    epoch   77  train 0.63645 (tc 0.54020 hrr 0.32077)  valid 0.78752 (tc 0.67167 hrr 0.38617)  lr 1.00e-03  *
    epoch   79  train 0.62376 (tc 0.52930 hrr 0.31481)  valid 0.77849 (tc 0.66316 hrr 0.38441)  lr 1.00e-03  *
    epoch   80  train 0.62208 (tc 0.52811 hrr 0.31317)  valid 0.78613 (tc 0.66841 hrr 0.39238)  lr 1.00e-03
    epoch   89  train 0.61487 (tc 0.52313 hrr 0.30575)  valid 0.77241 (tc 0.65693 hrr 0.38495)  lr 1.00e-03  *
    epoch   90  train 0.61024 (tc 0.51921 hrr 0.30339)  valid 0.77105 (tc 0.65726 hrr 0.37929)  lr 1.00e-03  *
    epoch   98  train 0.60476 (tc 0.51559 hrr 0.29719)  valid 0.75788 (tc 0.64742 hrr 0.36821)  lr 1.00e-03  *
    epoch  100  train 0.59687 (tc 0.50870 hrr 0.29383)  valid 0.75390 (tc 0.64372 hrr 0.36726)  lr 1.00e-03  *
    epoch  102  train 0.59348 (tc 0.50592 hrr 0.29182)  valid 0.74763 (tc 0.63847 hrr 0.36387)  lr 1.00e-03  *
    epoch  104  train 0.58734 (tc 0.50064 hrr 0.28893)  valid 0.74086 (tc 0.63331 hrr 0.35848)  lr 1.00e-03  *
    epoch  110  train 0.58537 (tc 0.49993 hrr 0.28476)  valid 0.75859 (tc 0.64788 hrr 0.36904)  lr 1.00e-03
    epoch  111  train 0.58376 (tc 0.49853 hrr 0.28406)  valid 0.74054 (tc 0.63278 hrr 0.35920)  lr 1.00e-03  *
    epoch  113  train 0.58367 (tc 0.49832 hrr 0.28448)  valid 0.73925 (tc 0.63239 hrr 0.35622)  lr 1.00e-03  *
    epoch  115  train 0.57825 (tc 0.49387 hrr 0.28120)  valid 0.73012 (tc 0.62366 hrr 0.35488)  lr 1.00e-03  *
    epoch  116  train 0.57751 (tc 0.49327 hrr 0.28075)  valid 0.72973 (tc 0.62418 hrr 0.35184)  lr 1.00e-03  *
    epoch  120  train 0.57136 (tc 0.48857 hrr 0.27590)  valid 0.73811 (tc 0.63113 hrr 0.35658)  lr 1.00e-03
    epoch  123  train 0.56859 (tc 0.48647 hrr 0.27367)  valid 0.72642 (tc 0.62246 hrr 0.34653)  lr 1.00e-03  *
    epoch  125  train 0.56460 (tc 0.48305 hrr 0.27179)  valid 0.72549 (tc 0.62144 hrr 0.34684)  lr 1.00e-03  *
    epoch  130  train 0.57956 (tc 0.49640 hrr 0.27714)  valid 0.72495 (tc 0.62271 hrr 0.34080)  lr 1.00e-03  *
    epoch  133  train 0.56575 (tc 0.48443 hrr 0.27103)  valid 0.71511 (tc 0.61292 hrr 0.34063)  lr 1.00e-03  *
    epoch  137  train 0.55591 (tc 0.47610 hrr 0.26600)  valid 0.71426 (tc 0.61062 hrr 0.34545)  lr 1.00e-03  *
    epoch  140  train 0.55599 (tc 0.47638 hrr 0.26531)  valid 0.72175 (tc 0.61704 hrr 0.34903)  lr 1.00e-03
    epoch  146  train 0.56045 (tc 0.48069 hrr 0.26580)  valid 0.70579 (tc 0.60522 hrr 0.33523)  lr 1.00e-03  *
    epoch  150  train 0.55302 (tc 0.47388 hrr 0.26375)  valid 0.70701 (tc 0.60773 hrr 0.33095)  lr 1.00e-03
    epoch  151  train 0.55240 (tc 0.47347 hrr 0.26302)  valid 0.70233 (tc 0.60200 hrr 0.33441)  lr 1.00e-03  *
    epoch  152  train 0.55075 (tc 0.47206 hrr 0.26223)  valid 0.69536 (tc 0.59655 hrr 0.32936)  lr 1.00e-03  *
    epoch  158  train 0.53528 (tc 0.45447 hrr 0.26930)  valid 0.68909 (tc 0.58423 hrr 0.34951)  lr 1.00e-03  *
    epoch  159  train 0.50700 (tc 0.42621 hrr 0.26926)  valid 0.63818 (tc 0.53762 hrr 0.33520)  lr 1.00e-03  *
    epoch  160  train 0.48969 (tc 0.40766 hrr 0.27335)  valid 0.61973 (tc 0.51533 hrr 0.34802)  lr 1.00e-03  *
    epoch  161  train 0.47166 (tc 0.39133 hrr 0.26769)  valid 0.61670 (tc 0.51295 hrr 0.34582)  lr 1.00e-03  *
    epoch  162  train 0.45643 (tc 0.37695 hrr 0.26487)  valid 0.60248 (tc 0.50012 hrr 0.34120)  lr 1.00e-03  *
    epoch  163  train 0.44484 (tc 0.36660 hrr 0.26076)  valid 0.58487 (tc 0.48319 hrr 0.33893)  lr 1.00e-03  *
    epoch  164  train 0.43350 (tc 0.35594 hrr 0.25845)  valid 0.57392 (tc 0.47335 hrr 0.33522)  lr 1.00e-03  *
    epoch  165  train 0.42657 (tc 0.34927 hrr 0.25761)  valid 0.56800 (tc 0.46768 hrr 0.33443)  lr 1.00e-03  *
    epoch  166  train 0.42088 (tc 0.34371 hrr 0.25715)  valid 0.55871 (tc 0.45865 hrr 0.33353)  lr 1.00e-03  *
    epoch  168  train 0.41289 (tc 0.33583 hrr 0.25680)  valid 0.54578 (tc 0.44596 hrr 0.33274)  lr 1.00e-03  *
    epoch  169  train 0.40898 (tc 0.33231 hrr 0.25550)  valid 0.54526 (tc 0.44450 hrr 0.33587)  lr 1.00e-03  *
    epoch  170  train 0.40536 (tc 0.32893 hrr 0.25470)  valid 0.54286 (tc 0.44231 hrr 0.33517)  lr 1.00e-03  *
    epoch  172  train 0.40083 (tc 0.32480 hrr 0.25337)  valid 0.53472 (tc 0.43614 hrr 0.32859)  lr 1.00e-03  *
    epoch  176  train 0.39527 (tc 0.31983 hrr 0.25140)  valid 0.52976 (tc 0.43165 hrr 0.32702)  lr 1.00e-03  *
    epoch  180  train 0.39298 (tc 0.31765 hrr 0.25105)  valid 0.53787 (tc 0.43820 hrr 0.33222)  lr 1.00e-03
    epoch  183  train 0.39547 (tc 0.32010 hrr 0.25118)  valid 0.52925 (tc 0.43120 hrr 0.32683)  lr 1.00e-03  *
    epoch  184  train 0.39403 (tc 0.31899 hrr 0.25009)  valid 0.52328 (tc 0.42717 hrr 0.32036)  lr 1.00e-03  *
    epoch  186  train 0.39139 (tc 0.31678 hrr 0.24864)  valid 0.51958 (tc 0.42392 hrr 0.31887)  lr 1.00e-03  *
    epoch  190  train 0.39539 (tc 0.31944 hrr 0.25309)  valid 0.53036 (tc 0.42992 hrr 0.33481)  lr 1.00e-03
    epoch  195  train 0.38885 (tc 0.31376 hrr 0.25025)  valid 0.51454 (tc 0.41784 hrr 0.32232)  lr 1.00e-03  *
    epoch  200  train 0.38464 (tc 0.31075 hrr 0.24624)  valid 0.51742 (tc 0.42073 hrr 0.32228)  lr 1.00e-03
    epoch  207  train 0.37984 (tc 0.30686 hrr 0.24318)  valid 0.51427 (tc 0.41773 hrr 0.32180)  lr 1.00e-03  *
    epoch  210  train 0.37743 (tc 0.30462 hrr 0.24262)  valid 0.50851 (tc 0.41314 hrr 0.31792)  lr 1.00e-03  *
    epoch  216  train 0.37554 (tc 0.30313 hrr 0.24129)  valid 0.50656 (tc 0.41174 hrr 0.31609)  lr 1.00e-03  *
    epoch  220  train 0.37408 (tc 0.30187 hrr 0.24064)  valid 0.51038 (tc 0.41549 hrr 0.31633)  lr 1.00e-03
    epoch  222  train 0.37199 (tc 0.29996 hrr 0.24002)  valid 0.50359 (tc 0.40958 hrr 0.31334)  lr 1.00e-03  *
    epoch  229  train 0.36820 (tc 0.29673 hrr 0.23817)  valid 0.50266 (tc 0.40741 hrr 0.31751)  lr 1.00e-03  *
    epoch  230  train 0.36751 (tc 0.29621 hrr 0.23761)  valid 0.50512 (tc 0.41064 hrr 0.31492)  lr 1.00e-03
    epoch  232  train 0.36686 (tc 0.29570 hrr 0.23713)  valid 0.50103 (tc 0.40664 hrr 0.31466)  lr 1.00e-03  *
    epoch  240  train 0.37970 (tc 0.30627 hrr 0.24470)  valid 0.53162 (tc 0.43070 hrr 0.33638)  lr 1.00e-03
    epoch  244  train 0.36749 (tc 0.29612 hrr 0.23784)  valid 0.49889 (tc 0.40451 hrr 0.31459)  lr 1.00e-03  *
    epoch  250  train 0.36465 (tc 0.29381 hrr 0.23608)  valid 0.50213 (tc 0.40714 hrr 0.31664)  lr 1.00e-03
    epoch  260  train 0.36772 (tc 0.29486 hrr 0.24279)  valid 0.50594 (tc 0.40855 hrr 0.32465)  lr 5.00e-04
    epoch  262  train 0.36144 (tc 0.29046 hrr 0.23653)  valid 0.49749 (tc 0.40358 hrr 0.31302)  lr 5.00e-04  *
    epoch  264  train 0.35948 (tc 0.28914 hrr 0.23441)  valid 0.49621 (tc 0.40305 hrr 0.31053)  lr 5.00e-04  *
    epoch  268  train 0.35774 (tc 0.28788 hrr 0.23282)  valid 0.49241 (tc 0.40007 hrr 0.30780)  lr 5.00e-04  *
    epoch  270  train 0.35619 (tc 0.28645 hrr 0.23239)  valid 0.50628 (tc 0.41104 hrr 0.31745)  lr 5.00e-04
    epoch  280  train 0.35389 (tc 0.28449 hrr 0.23128)  valid 0.50123 (tc 0.40790 hrr 0.31107)  lr 5.00e-04
    epoch  287  train 0.35177 (tc 0.28275 hrr 0.23001)  valid 0.49210 (tc 0.39908 hrr 0.31008)  lr 2.50e-04  *
    epoch  288  train 0.35156 (tc 0.28255 hrr 0.22996)  valid 0.49197 (tc 0.39904 hrr 0.30977)  lr 2.50e-04  *
    epoch  290  train 0.35128 (tc 0.28233 hrr 0.22979)  valid 0.49259 (tc 0.39932 hrr 0.31091)  lr 2.50e-04
    epoch  291  train 0.35107 (tc 0.28210 hrr 0.22984)  valid 0.49189 (tc 0.39856 hrr 0.31113)  lr 2.50e-04  *
    epoch  292  train 0.35114 (tc 0.28216 hrr 0.22984)  valid 0.49179 (tc 0.39856 hrr 0.31076)  lr 2.50e-04  *
    epoch  300  train 0.35009 (tc 0.28122 hrr 0.22949)  valid 0.49769 (tc 0.40416 hrr 0.31177)  lr 2.50e-04
    epoch  310  train 0.34883 (tc 0.28010 hrr 0.22901)  valid 0.49940 (tc 0.40583 hrr 0.31189)  lr 1.25e-04
    epoch  316  train 0.34846 (tc 0.27980 hrr 0.22879)  valid 0.49024 (tc 0.39750 hrr 0.30910)  lr 1.25e-04  *
    epoch  319  train 0.34856 (tc 0.27990 hrr 0.22880)  valid 0.49021 (tc 0.39741 hrr 0.30932)  lr 1.25e-04  *
    epoch  320  train 0.34861 (tc 0.28001 hrr 0.22860)  valid 0.48952 (tc 0.39689 hrr 0.30878)  lr 1.25e-04  *
    epoch  330  train 0.34779 (tc 0.27925 hrr 0.22841)  valid 0.49872 (tc 0.40521 hrr 0.31170)  lr 1.25e-04
    epoch  340  train 0.34734 (tc 0.27890 hrr 0.22808)  valid 0.49903 (tc 0.40567 hrr 0.31120)  lr 6.25e-05
    epoch  350  train 0.34673 (tc 0.27841 hrr 0.22767)  valid 0.49823 (tc 0.40514 hrr 0.31031)  lr 6.25e-05
    epoch  360  train 0.34662 (tc 0.27824 hrr 0.22785)  valid 0.49471 (tc 0.40218 hrr 0.30844)  lr 3.13e-05
    epoch  370  train 0.34645 (tc 0.27810 hrr 0.22778)  valid 0.49616 (tc 0.40359 hrr 0.30857)  lr 1.56e-05
    epoch  380  train 0.34623 (tc 0.27793 hrr 0.22760)  valid 0.49556 (tc 0.40307 hrr 0.30828)  lr 1.56e-05
    early stop at epoch 380 (best 0.48952 @ 320)
    saved models_part1_r2_postfix\part1_member1.pt  (1.8 min)

  === member 3/3 (seed 44) ===
    [sentinel] weights moved after epoch 0: |dW| = 3.4082e+00
    epoch    0  train 1.90020 (tc 1.47510 hrr 1.41696)  valid 1.62953 (tc 1.29178 hrr 1.12582)  lr 1.00e-03  *
    epoch    1  train 1.40083 (tc 1.13424 hrr 0.88858)  valid 1.47692 (tc 1.25179 hrr 0.75045)  lr 1.00e-03  *
    epoch    2  train 1.25232 (tc 1.06628 hrr 0.62010)  valid 1.37452 (tc 1.18337 hrr 0.63718)  lr 1.00e-03  *
    epoch    3  train 1.16653 (tc 1.00335 hrr 0.54391)  valid 1.26887 (tc 1.08745 hrr 0.60473)  lr 1.00e-03  *
    epoch    4  train 1.08151 (tc 0.92664 hrr 0.51617)  valid 1.20244 (tc 1.02930 hrr 0.57712)  lr 1.00e-03  *
    epoch    5  train 1.03265 (tc 0.88234 hrr 0.50096)  valid 1.15679 (tc 0.98312 hrr 0.57891)  lr 1.00e-03  *
    epoch    6  train 0.99035 (tc 0.84266 hrr 0.49227)  valid 1.14728 (tc 0.97548 hrr 0.57267)  lr 1.00e-03  *
    epoch    7  train 0.95474 (tc 0.81039 hrr 0.48113)  valid 1.11000 (tc 0.93962 hrr 0.56794)  lr 1.00e-03  *
    epoch    8  train 0.92659 (tc 0.78436 hrr 0.47406)  valid 1.07713 (tc 0.90881 hrr 0.56107)  lr 1.00e-03  *
    epoch    9  train 0.90145 (tc 0.76187 hrr 0.46521)  valid 1.05507 (tc 0.88941 hrr 0.55219)  lr 1.00e-03  *
    epoch   10  train 0.88292 (tc 0.74580 hrr 0.45702)  valid 1.05319 (tc 0.88867 hrr 0.54839)  lr 1.00e-03  *
    epoch   11  train 0.87626 (tc 0.74020 hrr 0.45348)  valid 1.02868 (tc 0.86860 hrr 0.53361)  lr 1.00e-03  *
    epoch   12  train 0.86424 (tc 0.72930 hrr 0.44976)  valid 1.01703 (tc 0.85771 hrr 0.53106)  lr 1.00e-03  *
    epoch   14  train 0.85487 (tc 0.72128 hrr 0.44525)  valid 1.01557 (tc 0.85517 hrr 0.53468)  lr 1.00e-03  *
    epoch   15  train 0.84742 (tc 0.71464 hrr 0.44254)  valid 1.00717 (tc 0.84717 hrr 0.53334)  lr 1.00e-03  *
    epoch   16  train 0.83001 (tc 0.69904 hrr 0.43654)  valid 0.98997 (tc 0.83545 hrr 0.51506)  lr 1.00e-03  *
    epoch   18  train 0.80457 (tc 0.67847 hrr 0.42030)  valid 0.97834 (tc 0.82612 hrr 0.50740)  lr 1.00e-03  *
    epoch   19  train 0.80080 (tc 0.67566 hrr 0.41708)  valid 0.97007 (tc 0.82026 hrr 0.49938)  lr 1.00e-03  *
    epoch   20  train 0.79406 (tc 0.66995 hrr 0.41368)  valid 0.96723 (tc 0.81816 hrr 0.49693)  lr 1.00e-03  *
    epoch   21  train 0.78527 (tc 0.66234 hrr 0.40970)  valid 0.95435 (tc 0.80799 hrr 0.48788)  lr 1.00e-03  *
    epoch   22  train 0.77794 (tc 0.65646 hrr 0.40486)  valid 0.95242 (tc 0.80680 hrr 0.48539)  lr 1.00e-03  *
    epoch   23  train 0.77063 (tc 0.64991 hrr 0.40236)  valid 0.94519 (tc 0.79966 hrr 0.48509)  lr 1.00e-03  *
    epoch   24  train 0.76097 (tc 0.64225 hrr 0.39568)  valid 0.93740 (tc 0.79380 hrr 0.47866)  lr 1.00e-03  *
    epoch   25  train 0.75368 (tc 0.63644 hrr 0.39075)  valid 0.92925 (tc 0.78803 hrr 0.47073)  lr 1.00e-03  *
    epoch   26  train 0.74338 (tc 0.62790 hrr 0.38489)  valid 0.92523 (tc 0.78335 hrr 0.47292)  lr 1.00e-03  *
    epoch   27  train 0.73751 (tc 0.62264 hrr 0.38283)  valid 0.92185 (tc 0.78179 hrr 0.46685)  lr 1.00e-03  *
    epoch   28  train 0.73210 (tc 0.61794 hrr 0.38049)  valid 0.91396 (tc 0.77409 hrr 0.46624)  lr 1.00e-03  *
    epoch   29  train 0.72893 (tc 0.61524 hrr 0.37891)  valid 0.90948 (tc 0.77143 hrr 0.46017)  lr 1.00e-03  *
    epoch   30  train 0.72405 (tc 0.61114 hrr 0.37630)  valid 0.90702 (tc 0.76758 hrr 0.46480)  lr 1.00e-03  *
    epoch   31  train 0.71732 (tc 0.60568 hrr 0.37209)  valid 0.90001 (tc 0.76215 hrr 0.45953)  lr 1.00e-03  *
    epoch   32  train 0.71003 (tc 0.59902 hrr 0.37000)  valid 0.89890 (tc 0.76238 hrr 0.45505)  lr 1.00e-03  *
    epoch   33  train 0.70664 (tc 0.59583 hrr 0.36931)  valid 0.89432 (tc 0.75698 hrr 0.45779)  lr 1.00e-03  *
    epoch   34  train 0.70825 (tc 0.59638 hrr 0.37287)  valid 0.88876 (tc 0.74937 hrr 0.46463)  lr 1.00e-03  *
    epoch   36  train 0.69479 (tc 0.58451 hrr 0.36752)  valid 0.87908 (tc 0.74208 hrr 0.45667)  lr 1.00e-03  *
    epoch   37  train 0.68409 (tc 0.57505 hrr 0.36340)  valid 0.87446 (tc 0.73756 hrr 0.45632)  lr 1.00e-03  *
    epoch   38  train 0.68021 (tc 0.57106 hrr 0.36380)  valid 0.87037 (tc 0.73386 hrr 0.45501)  lr 1.00e-03  *
    epoch   39  train 0.67481 (tc 0.56556 hrr 0.36410)  valid 0.85454 (tc 0.71942 hrr 0.45040)  lr 1.00e-03  *
    epoch   40  train 0.66412 (tc 0.55624 hrr 0.35955)  valid 0.84212 (tc 0.71001 hrr 0.44035)  lr 1.00e-03  *
    epoch   41  train 0.65550 (tc 0.54853 hrr 0.35653)  valid 0.83770 (tc 0.70543 hrr 0.44092)  lr 1.00e-03  *
    epoch   42  train 0.64508 (tc 0.53960 hrr 0.35155)  valid 0.83219 (tc 0.70066 hrr 0.43843)  lr 1.00e-03  *
    epoch   43  train 0.64014 (tc 0.53546 hrr 0.34887)  valid 0.82620 (tc 0.69486 hrr 0.43780)  lr 1.00e-03  *
    epoch   44  train 0.63209 (tc 0.52774 hrr 0.34778)  valid 0.82221 (tc 0.69034 hrr 0.43958)  lr 1.00e-03  *
    epoch   45  train 0.62551 (tc 0.52135 hrr 0.34718)  valid 0.81249 (tc 0.68020 hrr 0.44098)  lr 1.00e-03  *
    epoch   47  train 0.61369 (tc 0.51036 hrr 0.34439)  valid 0.79918 (tc 0.66823 hrr 0.43649)  lr 1.00e-03  *
    epoch   48  train 0.60896 (tc 0.50583 hrr 0.34370)  valid 0.78882 (tc 0.65990 hrr 0.42976)  lr 1.00e-03  *
    epoch   49  train 0.59921 (tc 0.49693 hrr 0.34090)  valid 0.77615 (tc 0.64916 hrr 0.42331)  lr 1.00e-03  *
    epoch   50  train 0.59488 (tc 0.49206 hrr 0.34270)  valid 0.77599 (tc 0.64576 hrr 0.43413)  lr 1.00e-03  *
    epoch   52  train 0.59134 (tc 0.48717 hrr 0.34717)  valid 0.76349 (tc 0.63525 hrr 0.42747)  lr 1.00e-03  *
    epoch   53  train 0.57916 (tc 0.47628 hrr 0.34287)  valid 0.75056 (tc 0.62120 hrr 0.43120)  lr 1.00e-03  *
    epoch   54  train 0.57497 (tc 0.47226 hrr 0.34234)  valid 0.73664 (tc 0.60963 hrr 0.42339)  lr 1.00e-03  *
    epoch   56  train 0.55566 (tc 0.45374 hrr 0.33971)  valid 0.72312 (tc 0.59890 hrr 0.41404)  lr 1.00e-03  *
    epoch   57  train 0.54414 (tc 0.44395 hrr 0.33393)  valid 0.71364 (tc 0.58761 hrr 0.42011)  lr 1.00e-03  *
    epoch   58  train 0.53630 (tc 0.43657 hrr 0.33239)  valid 0.69939 (tc 0.57555 hrr 0.41280)  lr 1.00e-03  *
    epoch   59  train 0.52878 (tc 0.42969 hrr 0.33023)  valid 0.69763 (tc 0.57329 hrr 0.41448)  lr 1.00e-03  *
    epoch   60  train 0.52146 (tc 0.42314 hrr 0.32767)  valid 0.68789 (tc 0.56328 hrr 0.41537)  lr 1.00e-03  *
    epoch   61  train 0.51520 (tc 0.41741 hrr 0.32592)  valid 0.68090 (tc 0.55807 hrr 0.40943)  lr 1.00e-03  *
    epoch   62  train 0.50959 (tc 0.41196 hrr 0.32538)  valid 0.67846 (tc 0.55481 hrr 0.41215)  lr 1.00e-03  *
    epoch   63  train 0.50508 (tc 0.40774 hrr 0.32440)  valid 0.66868 (tc 0.54542 hrr 0.41086)  lr 1.00e-03  *
    epoch   65  train 0.50210 (tc 0.40427 hrr 0.32603)  valid 0.66127 (tc 0.53910 hrr 0.40725)  lr 1.00e-03  *
    epoch   68  train 0.48791 (tc 0.39116 hrr 0.32247)  valid 0.64650 (tc 0.52586 hrr 0.40215)  lr 1.00e-03  *
    epoch   70  train 0.47628 (tc 0.38067 hrr 0.31865)  valid 0.63978 (tc 0.51922 hrr 0.40187)  lr 1.00e-03  *
    epoch   71  train 0.47217 (tc 0.37702 hrr 0.31714)  valid 0.63232 (tc 0.51128 hrr 0.40346)  lr 1.00e-03  *
    epoch   73  train 0.46465 (tc 0.37043 hrr 0.31403)  valid 0.62784 (tc 0.50745 hrr 0.40130)  lr 1.00e-03  *
    epoch   74  train 0.46174 (tc 0.36773 hrr 0.31333)  valid 0.62538 (tc 0.50464 hrr 0.40246)  lr 1.00e-03  *
    epoch   76  train 0.45590 (tc 0.36254 hrr 0.31115)  valid 0.61662 (tc 0.49783 hrr 0.39598)  lr 1.00e-03  *
    epoch   80  train 0.44703 (tc 0.35435 hrr 0.30888)  valid 0.60464 (tc 0.48728 hrr 0.39120)  lr 1.00e-03  *
    epoch   85  train 0.43647 (tc 0.34557 hrr 0.30296)  valid 0.60006 (tc 0.48222 hrr 0.39282)  lr 1.00e-03  *
    epoch   87  train 0.43524 (tc 0.34455 hrr 0.30225)  valid 0.59866 (tc 0.48120 hrr 0.39152)  lr 1.00e-03  *
    epoch   90  train 0.42930 (tc 0.33899 hrr 0.30096)  valid 0.60643 (tc 0.48602 hrr 0.40136)  lr 1.00e-03
    epoch   91  train 0.42672 (tc 0.33660 hrr 0.30033)  valid 0.59696 (tc 0.47971 hrr 0.39083)  lr 1.00e-03  *
    epoch   93  train 0.42513 (tc 0.33559 hrr 0.29840)  valid 0.59500 (tc 0.47794 hrr 0.39019)  lr 1.00e-03  *
    epoch   94  train 0.42395 (tc 0.33451 hrr 0.29805)  valid 0.58729 (tc 0.47111 hrr 0.38727)  lr 1.00e-03  *
    epoch   99  train 0.42008 (tc 0.33174 hrr 0.29441)  valid 0.58395 (tc 0.46751 hrr 0.38814)  lr 1.00e-03  *
    epoch  100  train 0.41709 (tc 0.32923 hrr 0.29280)  valid 0.60558 (tc 0.48469 hrr 0.40297)  lr 1.00e-03
    epoch  102  train 0.41490 (tc 0.32727 hrr 0.29206)  valid 0.57455 (tc 0.46092 hrr 0.37877)  lr 1.00e-03  *
    epoch  109  train 0.40335 (tc 0.31807 hrr 0.28420)  valid 0.57389 (tc 0.45938 hrr 0.38173)  lr 1.00e-03  *
    epoch  110  train 0.40173 (tc 0.31663 hrr 0.28362)  valid 0.56690 (tc 0.45417 hrr 0.37576)  lr 1.00e-03  *
    epoch  112  train 0.40126 (tc 0.31640 hrr 0.28280)  valid 0.56213 (tc 0.45079 hrr 0.37115)  lr 1.00e-03  *
    epoch  116  train 0.39849 (tc 0.31445 hrr 0.28006)  valid 0.55749 (tc 0.44800 hrr 0.36498)  lr 1.00e-03  *
    epoch  120  train 0.39418 (tc 0.31095 hrr 0.27737)  valid 0.56257 (tc 0.45102 hrr 0.37184)  lr 1.00e-03
    epoch  125  train 0.38672 (tc 0.30482 hrr 0.27294)  valid 0.55264 (tc 0.44336 hrr 0.36426)  lr 1.00e-03  *
    epoch  130  train 0.37926 (tc 0.29874 hrr 0.26834)  valid 0.55481 (tc 0.44424 hrr 0.36859)  lr 1.00e-03
    epoch  131  train 0.37793 (tc 0.29765 hrr 0.26755)  valid 0.54482 (tc 0.43683 hrr 0.35997)  lr 1.00e-03  *
    epoch  132  train 0.37843 (tc 0.29794 hrr 0.26824)  valid 0.54288 (tc 0.43509 hrr 0.35931)  lr 1.00e-03  *
    epoch  136  train 0.37751 (tc 0.29699 hrr 0.26834)  valid 0.54162 (tc 0.43451 hrr 0.35703)  lr 1.00e-03  *
    epoch  140  train 0.37140 (tc 0.29231 hrr 0.26358)  valid 0.54839 (tc 0.43881 hrr 0.36527)  lr 1.00e-03
    epoch  141  train 0.37008 (tc 0.29116 hrr 0.26300)  valid 0.53996 (tc 0.43196 hrr 0.36000)  lr 1.00e-03  *
    epoch  147  train 0.36638 (tc 0.28814 hrr 0.26076)  valid 0.52854 (tc 0.42303 hrr 0.35171)  lr 1.00e-03  *
    epoch  148  train 0.36537 (tc 0.28721 hrr 0.26047)  valid 0.51629 (tc 0.41261 hrr 0.34560)  lr 1.00e-03  *
    epoch  150  train 0.37199 (tc 0.29281 hrr 0.26388)  valid 0.53822 (tc 0.43024 hrr 0.35994)  lr 1.00e-03
    epoch  160  train 0.36159 (tc 0.28434 hrr 0.25743)  valid 0.51839 (tc 0.41411 hrr 0.34758)  lr 1.00e-03
    epoch  170  train 0.35195 (tc 0.27621 hrr 0.25239)  valid 0.53043 (tc 0.42426 hrr 0.35392)  lr 5.00e-04
    epoch  180  train 0.34826 (tc 0.27315 hrr 0.25032)  valid 0.52508 (tc 0.41924 hrr 0.35281)  lr 2.50e-04
    epoch  190  train 0.34532 (tc 0.27072 hrr 0.24859)  valid 0.53190 (tc 0.42391 hrr 0.35998)  lr 2.50e-04
    epoch  200  train 0.34379 (tc 0.26942 hrr 0.24784)  valid 0.53174 (tc 0.42334 hrr 0.36132)  lr 1.25e-04
    early stop at epoch 208 (best 0.51629 @ 148)
    saved models_part1_r2_postfix\part1_member2.pt  (0.9 min)

  done. 3 member(s) in models_part1_r2_postfix
  next: python evaluate_part1.py --model-dir models_part1_r2_postfix
