======================================================================
  BS8414 KAN-Attention-LSTM Surrogate — Training
======================================================================
Device: cuda
  Scanning for simulations...
  [training_data/] 63 folders, 63 with DEVC CSV
  Total: 63 discovered, 63 with output data

  Summary:
    Complete:   63 simulations
    Partial:    0 simulations (padded + masked)
    Total:      63 usable
    No output:  0
    Too short:  0 (< 30 timesteps)
    Bad params: 0
    Input:  (63, 16)
    Output: (63, 181, 24)

Data splits (deterministic, hash-based):
  Train: 41 samples
    - Test_1_PE_PIR HRR1333 M008  [DCLG_Test_1_PE_PIR_HRR1333_M008_0_1]
    - Test_1_PE_PIR HRR1667 M008  [DCLG_Test_1_PE_PIR_HRR1667_M008_0_1]
    - Test_1_PE_PIR HRR1667 M009  [DCLG_Test_1_PE_PIR_HRR1667_M009_0_1]
    - Test_1_PE_PIR HRR1667 M010  [DCLG_Test_1_PE_PIR_HRR1667_M010_0_1]
    - Test_1_PE_PIR HRR2000 M008  [DCLG_Test_1_PE_PIR_HRR2000_M008_0_1]
    - Test_1_PE_PIR HRR2000 M009  [DCLG_Test_1_PE_PIR_HRR2000_M009_0_1]
    - Test_1_PE_PIR HRR2000 M010  [DCLG_Test_1_PE_PIR_HRR2000_M010_0_1]
    - Test_1_PE_PIR HRR2100 M008  [DCLG_Test_1_PE_PIR_HRR2100_M008_0_1]
    - Test_1_PE_PIR HRR2100 M009  [DCLG_Test_1_PE_PIR_HRR2100_M009_0_1]
    - Test_1_PE_PIR HRR2333 M008  [DCLG_Test_1_new_version02_0_08]
    - Test_1_PE_PIR HRR2333 M010  [DCLG_Test_1_new_version02_0_1]
    - Test_3_FRPE_PIR HRR2333 M008  [DCLG_Test_3_FRPE_PIR_0_08]
    - Test_3_FRPE_PIR HRR2333 M009  [DCLG_Test_3_FRPE_PIR_0_09]
    - Test_3_FRPE_PIR HRR2333 M010  [DCLG_Test_3_FRPE_PIR_0_1]
    - Test_3_FRPE_PIR HRR1333 M009  [DCLG_Test_3_FRPE_PIR_HRR1333_M009_0_1]
    - Test_3_FRPE_PIR HRR2000 M010  [DCLG_Test_3_FRPE_PIR_HRR2000_M010_0_1]
    - Test_3_FRPE_PIR HRR2100 M008  [DCLG_Test_3_FRPE_PIR_HRR2100_M008_0_1]
    - Test_3_FRPE_PIR HRR2100 M009  [DCLG_Test_3_FRPE_PIR_HRR2100_M009_0_1]
    - Test_5_LCM_PIR HRR2333 M009  [DCLG_Test_5_LCM_PIR_0_09]
    - Test_5_LCM_PIR HRR1333 M008  [DCLG_Test_5_LCM_PIR_HRR1333_M008_0_1]
    - Test_5_LCM_PIR HRR1333 M009  [DCLG_Test_5_LCM_PIR_HRR1333_M009_0_1]
    - Test_5_LCM_PIR HRR1333 M010  [DCLG_Test_5_LCM_PIR_HRR1333_M010_0_1]
    - Test_5_LCM_PIR HRR1667 M008  [DCLG_Test_5_LCM_PIR_HRR1667_M008_0_1]
    - Test_5_LCM_PIR HRR1667 M010  [DCLG_Test_5_LCM_PIR_HRR1667_M010_0_1]
    - Test_5_LCM_PIR HRR2100 M008  [DCLG_Test_5_LCM_PIR_HRR2100_M008_0_1]
    - Test_5_LCM_PIR HRR2100 M009  [DCLG_Test_5_LCM_PIR_HRR2100_M009_0_1]
    - Test_5_LCM_PIR HRR2100 M010  [DCLG_Test_5_LCM_PIR_HRR2100_M010_0_1]
    - Test_7_FRPE_Phenolic HRR2333 M008  [DCLG_Test_7_FRPE_Phenolic_0_08]
    - Test_7_FRPE_Phenolic HRR2333 M009  [DCLG_Test_7_FRPE_Phenolic_0_09]
    - Test_7_FRPE_Phenolic HRR2333 M010  [DCLG_Test_7_FRPE_Phenolic_0_1]
    - Test_7_FRPE_Phenolic HRR1333 M008  [DCLG_Test_7_FRPE_Phenolic_HRR1333_M008_0_1]
    - Test_7_FRPE_Phenolic HRR1333 M009  [DCLG_Test_7_FRPE_Phenolic_HRR1333_M009_0_1]
    - Test_7_FRPE_Phenolic HRR1333 M010  [DCLG_Test_7_FRPE_Phenolic_HRR1333_M010_0_1]
    - Test_7_FRPE_Phenolic HRR1667 M008  [DCLG_Test_7_FRPE_Phenolic_HRR1667_M008_0_1]
    - Test_7_FRPE_Phenolic HRR1667 M009  [DCLG_Test_7_FRPE_Phenolic_HRR1667_M009_0_1]
    - Test_7_FRPE_Phenolic HRR1667 M010  [DCLG_Test_7_FRPE_Phenolic_HRR1667_M010_0_1]
    - Test_7_FRPE_Phenolic HRR2000 M008  [DCLG_Test_7_FRPE_Phenolic_HRR2000_M008_0_1]
    - Test_7_FRPE_Phenolic HRR2000 M009  [DCLG_Test_7_FRPE_Phenolic_HRR2000_M009_0_1]
    - Test_7_FRPE_Phenolic HRR2100 M008  [DCLG_Test_7_FRPE_Phenolic_HRR2100_M008_0_1]
    - Test_7_FRPE_Phenolic HRR2100 M010  [DCLG_Test_7_FRPE_Phenolic_HRR2100_M010_0_1]
    - Test_7_FRPE_Phenolic HRR2333 M010  [DCLG_Test_7_FRPE_Phenolic_HRR2333_M010_0_1]
  Valid: 13 samples
    - Test_1_PE_PIR HRR1333 M010  [DCLG_Test_1_PE_PIR_HRR1333_M010_0_1]
    - Test_1_PE_PIR HRR2333 M008  [DCLG_Test_1_PE_PIR_HRR2333_M008_0_1]
    - Test_1_PE_PIR HRR2333 M009  [DCLG_Test_1_new_version02_0_09]
    - Test_3_FRPE_PIR HRR1333 M010  [DCLG_Test_3_FRPE_PIR_HRR1333_M010_0_1]
    - Test_3_FRPE_PIR HRR1667 M008  [DCLG_Test_3_FRPE_PIR_HRR1667_M008_0_1]
    - Test_3_FRPE_PIR HRR1667 M009  [DCLG_Test_3_FRPE_PIR_HRR1667_M009_0_1]
    - Test_3_FRPE_PIR HRR2000 M008  [DCLG_Test_3_FRPE_PIR_HRR2000_M008_0_1]
    - Test_5_LCM_PIR HRR2333 M008  [DCLG_Test_5_LCM_PIR_08]
    - Test_5_LCM_PIR HRR1667 M009  [DCLG_Test_5_LCM_PIR_HRR1667_M009_0_1]
    - Test_5_LCM_PIR HRR2000 M008  [DCLG_Test_5_LCM_PIR_HRR2000_M008_0_1]
    - Test_5_LCM_PIR HRR2000 M010  [DCLG_Test_5_LCM_PIR_HRR2000_M010_0_1]
    - Test_7_FRPE_Phenolic HRR2000 M010  [DCLG_Test_7_FRPE_Phenolic_HRR2000_M010_0_1]
    - Test_7_FRPE_Phenolic HRR2100 M009  [DCLG_Test_7_FRPE_Phenolic_HRR2100_M009_0_1]
  Test:  9 samples
    - Test_1_PE_PIR HRR1333 M009  [DCLG_Test_1_PE_PIR_HRR1333_M009_0_1]
    - Test_1_PE_PIR HRR2100 M010  [DCLG_Test_1_PE_PIR_HRR2100_M010_0_1]
    - Test_3_FRPE_PIR HRR1333 M008  [DCLG_Test_3_FRPE_PIR_HRR1333_M008_0_1]
    - Test_3_FRPE_PIR HRR1667 M010  [DCLG_Test_3_FRPE_PIR_HRR1667_M010_0_1]
    - Test_3_FRPE_PIR HRR2000 M009  [DCLG_Test_3_FRPE_PIR_HRR2000_M009_0_1]
    - Test_3_FRPE_PIR HRR2100 M010  [DCLG_Test_3_FRPE_PIR_HRR2100_M010_0_1]
    - Test_5_LCM_PIR HRR2333 M010  [DCLG_Test_5_LCM_PIR_0_1]
    - Test_5_LCM_PIR HRR2000 M009  [DCLG_Test_5_LCM_PIR_HRR2000_M009_0_1]
    - Test_5_LCM_PIR HRR2333 M010  [DCLG_Test_5_LCM_PIR_HRR2333_M010_0_1]

  Train: 41 real -> 164 augmented

--- Training 5 Ensemble ---
  Params: 834,515
    [M1] Ep 100 T:10.1830 V(ema):12.8015
    [M1] Ep 200 T:4.7857 V(ema):9.9203
    [M1] Ep 300 T:5.6703 V(ema):9.6618
    [M1] Ep 400 T:3.7999 V(ema):12.7030
    [M1] Best valid: 9.5269
    [M2] Ep 100 T:9.2430 V(ema):12.4761
    [M2] Ep 200 T:4.1988 V(ema):10.1918
    [M2] Ep 300 T:4.8824 V(ema):11.1067
    [M2] Best valid: 9.9671
    [M3] Ep 100 T:10.6034 V(ema):12.6864
    [M3] Ep 200 T:4.5936 V(ema):9.6960
    [M3] Ep 300 T:5.2690 V(ema):10.1859
    [M3] Best valid: 9.6884
    [M4] Ep 100 T:10.2983 V(ema):12.6969
    [M4] Ep 200 T:5.5899 V(ema):10.7606
    [M4] Ep 300 T:7.2796 V(ema):11.6342
    [M4] Ep 400 T:4.4323 V(ema):11.7616
    [M4] Best valid: 10.5549
    [M5] Ep 100 T:9.9896 V(ema):13.0358
    [M5] Ep 200 T:5.1862 V(ema):9.6211
    [M5] Ep 300 T:5.3945 V(ema):9.0879
    [M5] Ep 400 T:4.3993 V(ema):10.0719
    [M5] Ep 500 T:3.6608 V(ema):10.6617
    [M5] Best valid: 9.0853

  Weights: ['0.204', '0.195', '0.201', '0.185', '0.214']
  Time: 2927s

======================================================================
  KAN-Attention-LSTM RESULTS
======================================================================
  Test R2:        0.8713
  Test RMSE:      76.8 C
  MAPE (T>100C):  16.3%
  Avg sensor R2:  0.7959
  Sensors R2>0.9: 6/24
======================================================================
